<?xml version="1.0" encoding="UTF-8"?>
<!DOCTYPE html PUBLIC "-//W3C//DTD XHTML 1.0 Strict//EN"
     "http://www.w3.org/TR/xhtml1/DTD/xhtml1-strict.dtd">
<html xmlns="http://www.w3.org/1999/xhtml">
<head>
    <title>Unit Test Report</title>
    <meta name="generator" content="subunit2html 0.1"/>
    <meta http-equiv="Content-Type" content="text/html; charset=UTF-8"/>
    
<style type="text/css" media="screen">
body        { font-family: verdana, arial, helvetica, sans-serif;
    font-size: 80%; }
table       { font-size: 100%; width: 100%;}
pre         { font-size: 80%; }

/* -- heading -------------------------------------------------------------- */
h1 {
        font-size: 16pt;
        color: gray;
}
.heading {
    margin-top: 0ex;
    margin-bottom: 1ex;
}

.heading .attribute {
    margin-top: 1ex;
    margin-bottom: 0;
}

.heading .description {
    margin-top: 4ex;
    margin-bottom: 6ex;
}

/* -- css div popup -------------------------------------------------------- */
a.popup_link {
}

a.popup_link:hover {
    color: red;
}

.popup_window {
    display: none;
    overflow-x: scroll;
    /*border: solid #627173 1px; */
    padding: 10px;
    background-color: #E6E6D6;
    font-family: "Ubuntu Mono", "Lucida Console", "Courier New", monospace;
    text-align: left;
    font-size: 8pt;
}

}
/* -- report --------------------------------------------------------------- */
#show_detail_line {
    margin-top: 3ex;
    margin-bottom: 1ex;
}
#result_table {
    width: 100%;
    border-collapse: collapse;
    border: 1px solid #777;
}
#header_row {
    font-weight: bold;
    color: white;
    background-color: #777;
}
#result_table td {
    border: 1px solid #777;
    padding: 2px;
}
#total_row  { font-weight: bold; }
.passClass  { background-color: #6c6; }
.failClass  { background-color: #c60; }
.errorClass { background-color: #c00; }
.passCase   { color: #6c6; }
.failCase   { color: #c60; font-weight: bold; }
.errorCase  { color: #c00; font-weight: bold; }
.hiddenRow  { display: none; }
.testcase   { margin-left: 2em; }
td.testname {width: 40%}
td.small {width: 40px}

/* -- ending --------------------------------------------------------------- */
#ending {
}

</style>

</head>
<body>
<script language="javascript" type="text/javascript"><!--
output_list = Array();

/* level - 0:Summary; 1:Failed; 2:All */
function showCase(level) {
    trs = document.getElementsByTagName("tr");
    for (var i = 0; i < trs.length; i++) {
        tr = trs[i];
        id = tr.id;
        if (id.substr(0,2) == 'ft') {
            if (level < 1) {
                tr.className = 'hiddenRow';
            }
            else {
                tr.className = '';
            }
        }
        if (id.substr(0,2) == 'pt') {
            if (level > 1) {
                tr.className = '';
            }
            else {
                tr.className = 'hiddenRow';
            }
        }
    }
}


function showClassDetail(cid, count) {
    var id_list = Array(count);
    var toHide = 1;
    for (var i = 0; i < count; i++) {
        tid0 = 't' + cid.substr(1) + '.' + (i+1);
        tid = 'f' + tid0;
        tr = document.getElementById(tid);
        if (!tr) {
            tid = 'p' + tid0;
            tr = document.getElementById(tid);
        }
        id_list[i] = tid;
        if (tr.className) {
            toHide = 0;
        }
    }
    for (var i = 0; i < count; i++) {
        tid = id_list[i];
        if (toHide) {
            document.getElementById('div_'+tid).style.display = 'none'
            document.getElementById(tid).className = 'hiddenRow';
        }
        else {
            document.getElementById(tid).className = '';
        }
    }
}


function showTestDetail(div_id){
    var details_div = document.getElementById(div_id)
    var displayState = details_div.style.display
    // alert(displayState)
    if (displayState != 'block' ) {
        displayState = 'block'
        details_div.style.display = 'block'
    }
    else {
        details_div.style.display = 'none'
    }
}


function html_escape(s) {
    s = s.replace(/&/g,'&amp;');
    s = s.replace(/</g,'&lt;');
    s = s.replace(/>/g,'&gt;');
    return s;
}

/* obsoleted by detail in <div>
function showOutput(id, name) {
    var w = window.open("", //url
                    name,
                    "resizable,scrollbars,status,width=800,height=450");
    d = w.document;
    d.write("<pre>");
    d.write(html_escape(output_list[id]));
    d.write("\n");
    d.write("<a href='javascript:window.close()'>close</a>\n");
    d.write("</pre>\n");
    d.close();
}
*/
--></script>

<div class='heading'>
<h1>Unit Test Report</h1>

<p class='attribute'><strong>Status:</strong> Pass 1 Failure 7 Skip 1</p>

<p class='description'></p>
</div>



<p id='show_detail_line'>Show
<a href='javascript:showCase(0)'>Summary</a>
<a href='javascript:showCase(1)'>Failed</a>
<a href='javascript:showCase(2)'>All</a>
</p>
<table id='result_table'>
<colgroup>
<col align='left' />
<col align='right' />
<col align='right' />
<col align='right' />
<col align='right' />
<col align='right' />
<col align='right' />
<col align='right' />
</colgroup>
<tr id='header_row'>
    <td>Test Group/Test case</td>
    <td>Count</td>
    <td>Pass</td>
    <td>Fail</td>
    <td>Error</td>
    <td>Skip</td>
    <td>View</td>
    <td> </td>
</tr>

<tr class='failClass'>
    <td class="testname">tempest.scenario.test_network_basic_ops.TestNetworkBasicOps</td>
    <td class="small">9</td>
    <td class="small">1</td>
    <td class="small">7</td>
    <td class="small">0</td>
    <td class="small">1</td>
    <td class="small"><a href="javascript:showClassDetail('c1',9)"
>Detail</a></td>
    <td> </td>
</tr>

<tr id='ft1.1' class='none'>
    <td class='failCase'><div class='testcase'>test_connectivity_between_vms_on_different_networks[compute,id-1546850e-fbaa-42f5-8b5f-03d8a6a95f15,network]</div></td>
    <td colspan='7' align='left'>

    <!--css div popup start-->
    <a class="popup_link" onfocus='this.blur();'
    href="javascript:showTestDetail('div_ft1.1')" >
        fail</a>

    <div id='div_ft1.1' class="popup_window">
        <div style='text-align: right; color:red;cursor:pointer'>
        <a onfocus='this.blur();'
onclick="document.getElementById('div_ft1.1').style.display = 'none' " >
           [x]</a>
        </div>
        <pre>
        
ft1.1: tempest.scenario.test_network_basic_ops.TestNetworkBasicOps.test_connectivity_between_vms_on_different_networks[compute,id-1546850e-fbaa-42f5-8b5f-03d8a6a95f15,network]_StringException: Empty attachments:
  stderr
  stdout

pythonlogging:'': {{{
2016-01-14 10:51:31,297 26669 INFO     [tempest_lib.common.rest_client] Request (TestNetworkBasicOps:test_connectivity_between_vms_on_different_networks): 201 POST http://10.66.8.130:9696/v2.0/security-groups 0.149s
2016-01-14 10:51:31,298 26669 DEBUG    [tempest_lib.common.rest_client] Request - Headers: {'Content-Type': 'application/json', 'Accept': 'application/json', 'X-Auth-Token': '&lt;omitted&gt;'}
        Body: {"security_group": {"tenant_id": "8709a4a0fb4c4bbcbf1413e152eb4c3c", "description": "tempest-secgroup-smoke-1070485398 description", "name": "tempest-secgroup-smoke-1070485398"}}
    Response - Headers: {'status': '201', 'content-length': '888', 'connection': 'close', 'date': 'Thu, 14 Jan 2016 16:51:31 GMT', 'content-type': 'application/json; charset=UTF-8', 'x-openstack-request-id': 'req-9d2bac85-b6f5-4dc6-bb33-14418c9ed947'}
        Body: {"security_group": {"tenant_id": "8709a4a0fb4c4bbcbf1413e152eb4c3c", "description": "tempest-secgroup-smoke-1070485398 description", "id": "a97d34c0-bceb-44e2-a6fd-7c985af0e2e4", "security_group_rules": [{"remote_group_id": null, "direction": "egress", "remote_ip_prefix": null, "protocol": null, "ethertype": "IPv4", "tenant_id": "8709a4a0fb4c4bbcbf1413e152eb4c3c", "port_range_max": null, "port_range_min": null, "id": "f36924eb-2f2a-4470-bb9a-ea612e24f40a", "security_group_id": "a97d34c0-bceb-44e2-a6fd-7c985af0e2e4"}, {"remote_group_id": null, "direction": "egress", "remote_ip_prefix": null, "protocol": null, "ethertype": "IPv6", "tenant_id": "8709a4a0fb4c4bbcbf1413e152eb4c3c", "port_range_max": null, "port_range_min": null, "id": "2f2c8bd9-658f-436f-8d2a-f5cad7f4b1dd", "security_group_id": "a97d34c0-bceb-44e2-a6fd-7c985af0e2e4"}], "name": "tempest-secgroup-smoke-1070485398"}}
2016-01-14 10:51:31,386 26669 INFO     [tempest_lib.common.rest_client] Request (TestNetworkBasicOps:test_connectivity_between_vms_on_different_networks): 201 POST http://10.66.8.130:9696/v2.0/security-group-rules 0.088s
2016-01-14 10:51:31,387 26669 DEBUG    [tempest_lib.common.rest_client] Request - Headers: {'Content-Type': 'application/json', 'Accept': 'application/json', 'X-Auth-Token': '&lt;omitted&gt;'}
        Body: {"security_group_rule": {"direction": "ingress", "protocol": "tcp", "tenant_id": "8709a4a0fb4c4bbcbf1413e152eb4c3c", "port_range_max": 22, "security_group_id": "a97d34c0-bceb-44e2-a6fd-7c985af0e2e4", "port_range_min": 22}}
    Response - Headers: {'status': '201', 'content-length': '340', 'connection': 'close', 'date': 'Thu, 14 Jan 2016 16:51:31 GMT', 'content-type': 'application/json; charset=UTF-8', 'x-openstack-request-id': 'req-1c610423-7ddd-4536-9136-dcc2ae3ac772'}
        Body: {"security_group_rule": {"remote_group_id": null, "direction": "ingress", "remote_ip_prefix": null, "protocol": "tcp", "ethertype": "IPv4", "tenant_id": "8709a4a0fb4c4bbcbf1413e152eb4c3c", "port_range_max": 22, "port_range_min": 22, "id": "7d0e4ba1-40a3-477d-99d4-512e57eaa490", "security_group_id": "a97d34c0-bceb-44e2-a6fd-7c985af0e2e4"}}
2016-01-14 10:51:31,558 26669 INFO     [tempest_lib.common.rest_client] Request (TestNetworkBasicOps:test_connectivity_between_vms_on_different_networks): 201 POST http://10.66.8.130:9696/v2.0/security-group-rules 0.170s
2016-01-14 10:51:31,558 26669 DEBUG    [tempest_lib.common.rest_client] Request - Headers: {'Content-Type': 'application/json', 'Accept': 'application/json', 'X-Auth-Token': '&lt;omitted&gt;'}
        Body: {"security_group_rule": {"direction": "egress", "protocol": "tcp", "tenant_id": "8709a4a0fb4c4bbcbf1413e152eb4c3c", "port_range_max": 22, "security_group_id": "a97d34c0-bceb-44e2-a6fd-7c985af0e2e4", "port_range_min": 22}}
    Response - Headers: {'status': '201', 'content-length': '339', 'connection': 'close', 'date': 'Thu, 14 Jan 2016 16:51:31 GMT', 'content-type': 'application/json; charset=UTF-8', 'x-openstack-request-id': 'req-a4acfbe3-0e4c-4cca-8a43-4dbbc0e65298'}
        Body: {"security_group_rule": {"remote_group_id": null, "direction": "egress", "remote_ip_prefix": null, "protocol": "tcp", "ethertype": "IPv4", "tenant_id": "8709a4a0fb4c4bbcbf1413e152eb4c3c", "port_range_max": 22, "port_range_min": 22, "id": "dad6b610-b2ba-411e-b631-8cc4bbbcde74", "security_group_id": "a97d34c0-bceb-44e2-a6fd-7c985af0e2e4"}}
2016-01-14 10:51:31,624 26669 INFO     [tempest_lib.common.rest_client] Request (TestNetworkBasicOps:test_connectivity_between_vms_on_different_networks): 201 POST http://10.66.8.130:9696/v2.0/security-group-rules 0.065s
2016-01-14 10:51:31,624 26669 DEBUG    [tempest_lib.common.rest_client] Request - Headers: {'Content-Type': 'application/json', 'Accept': 'application/json', 'X-Auth-Token': '&lt;omitted&gt;'}
        Body: {"security_group_rule": {"tenant_id": "8709a4a0fb4c4bbcbf1413e152eb4c3c", "direction": "ingress", "protocol": "icmp", "security_group_id": "a97d34c0-bceb-44e2-a6fd-7c985af0e2e4"}}
    Response - Headers: {'status': '201', 'content-length': '345', 'connection': 'close', 'date': 'Thu, 14 Jan 2016 16:51:31 GMT', 'content-type': 'application/json; charset=UTF-8', 'x-openstack-request-id': 'req-ac2b7048-5132-499a-ad4b-da4ff0e113d0'}
        Body: {"security_group_rule": {"remote_group_id": null, "direction": "ingress", "remote_ip_prefix": null, "protocol": "icmp", "ethertype": "IPv4", "tenant_id": "8709a4a0fb4c4bbcbf1413e152eb4c3c", "port_range_max": null, "port_range_min": null, "id": "7842d908-dc7e-46af-a265-309910e841d7", "security_group_id": "a97d34c0-bceb-44e2-a6fd-7c985af0e2e4"}}
2016-01-14 10:51:31,697 26669 INFO     [tempest_lib.common.rest_client] Request (TestNetworkBasicOps:test_connectivity_between_vms_on_different_networks): 201 POST http://10.66.8.130:9696/v2.0/security-group-rules 0.072s
2016-01-14 10:51:31,697 26669 DEBUG    [tempest_lib.common.rest_client] Request - Headers: {'Content-Type': 'application/json', 'Accept': 'application/json', 'X-Auth-Token': '&lt;omitted&gt;'}
        Body: {"security_group_rule": {"tenant_id": "8709a4a0fb4c4bbcbf1413e152eb4c3c", "direction": "egress", "protocol": "icmp", "security_group_id": "a97d34c0-bceb-44e2-a6fd-7c985af0e2e4"}}
    Response - Headers: {'status': '201', 'content-length': '344', 'connection': 'close', 'date': 'Thu, 14 Jan 2016 16:51:31 GMT', 'content-type': 'application/json; charset=UTF-8', 'x-openstack-request-id': 'req-91aeca0c-da65-4152-8787-9b302bc6fdda'}
        Body: {"security_group_rule": {"remote_group_id": null, "direction": "egress", "remote_ip_prefix": null, "protocol": "icmp", "ethertype": "IPv4", "tenant_id": "8709a4a0fb4c4bbcbf1413e152eb4c3c", "port_range_max": null, "port_range_min": null, "id": "11884812-9f47-4439-af48-aed36ae986c4", "security_group_id": "a97d34c0-bceb-44e2-a6fd-7c985af0e2e4"}}
2016-01-14 10:51:31,767 26669 INFO     [tempest_lib.common.rest_client] Request (TestNetworkBasicOps:test_connectivity_between_vms_on_different_networks): 201 POST http://10.66.8.130:9696/v2.0/security-group-rules 0.069s
2016-01-14 10:51:31,767 26669 DEBUG    [tempest_lib.common.rest_client] Request - Headers: {'Content-Type': 'application/json', 'Accept': 'application/json', 'X-Auth-Token': '&lt;omitted&gt;'}
        Body: {"security_group_rule": {"tenant_id": "8709a4a0fb4c4bbcbf1413e152eb4c3c", "direction": "ingress", "security_group_id": "a97d34c0-bceb-44e2-a6fd-7c985af0e2e4", "protocol": "icmp", "ethertype": "IPv6"}}
    Response - Headers: {'status': '201', 'content-length': '345', 'connection': 'close', 'date': 'Thu, 14 Jan 2016 16:51:31 GMT', 'content-type': 'application/json; charset=UTF-8', 'x-openstack-request-id': 'req-a48e80fe-c11a-485b-b9cb-2caf6858e005'}
        Body: {"security_group_rule": {"remote_group_id": null, "direction": "ingress", "remote_ip_prefix": null, "protocol": "icmp", "ethertype": "IPv6", "tenant_id": "8709a4a0fb4c4bbcbf1413e152eb4c3c", "port_range_max": null, "port_range_min": null, "id": "4bbb2bc2-ba31-4b69-be83-7cf1b5bf9c3e", "security_group_id": "a97d34c0-bceb-44e2-a6fd-7c985af0e2e4"}}
2016-01-14 10:51:31,826 26669 INFO     [tempest_lib.common.rest_client] Request (TestNetworkBasicOps:test_connectivity_between_vms_on_different_networks): 201 POST http://10.66.8.130:9696/v2.0/security-group-rules 0.058s
2016-01-14 10:51:31,826 26669 DEBUG    [tempest_lib.common.rest_client] Request - Headers: {'Content-Type': 'application/json', 'Accept': 'application/json', 'X-Auth-Token': '&lt;omitted&gt;'}
        Body: {"security_group_rule": {"tenant_id": "8709a4a0fb4c4bbcbf1413e152eb4c3c", "direction": "egress", "security_group_id": "a97d34c0-bceb-44e2-a6fd-7c985af0e2e4", "protocol": "icmp", "ethertype": "IPv6"}}
    Response - Headers: {'status': '201', 'content-length': '344', 'connection': 'close', 'date': 'Thu, 14 Jan 2016 16:51:31 GMT', 'content-type': 'application/json; charset=UTF-8', 'x-openstack-request-id': 'req-149fd93b-6592-4319-83c5-821656f0369d'}
        Body: {"security_group_rule": {"remote_group_id": null, "direction": "egress", "remote_ip_prefix": null, "protocol": "icmp", "ethertype": "IPv6", "tenant_id": "8709a4a0fb4c4bbcbf1413e152eb4c3c", "port_range_max": null, "port_range_min": null, "id": "b7305801-71e0-429d-9a89-21493b7f9b7a", "security_group_id": "a97d34c0-bceb-44e2-a6fd-7c985af0e2e4"}}
2016-01-14 10:51:31,999 26669 INFO     [tempest_lib.common.rest_client] Request (TestNetworkBasicOps:test_connectivity_between_vms_on_different_networks): 201 POST http://10.66.8.130:9696/v2.0/networks 0.172s
2016-01-14 10:51:31,999 26669 DEBUG    [tempest_lib.common.rest_client] Request - Headers: {'Content-Type': 'application/json', 'Accept': 'application/json', 'X-Auth-Token': '&lt;omitted&gt;'}
        Body: {"network": {"tenant_id": "8709a4a0fb4c4bbcbf1413e152eb4c3c", "name": "tempest-network-smoke--296690979"}}
    Response - Headers: {'status': '201', 'content-length': '353', 'connection': 'close', 'date': 'Thu, 14 Jan 2016 16:51:31 GMT', 'content-type': 'application/json; charset=UTF-8', 'x-openstack-request-id': 'req-1d57a273-922f-4050-93de-3e75217142e2'}
        Body: {"network": {"status": "ACTIVE", "subnets": [], "availability_zone_hints": [], "name": "tempest-network-smoke--296690979", "admin_state_up": true, "tenant_id": "8709a4a0fb4c4bbcbf1413e152eb4c3c", "mtu": 0, "router:external": false, "shared": false, "vlan_transparent": false, "port_security_enabled": true, "id": "21d611c5-50e0-44a8-b36b-7d1bd3c853c4"}}
2016-01-14 10:51:32,056 26669 INFO     [tempest_lib.common.rest_client] Request (TestNetworkBasicOps:test_connectivity_between_vms_on_different_networks): 201 POST http://10.66.8.130:9696/v2.0/routers 0.056s
2016-01-14 10:51:32,056 26669 DEBUG    [tempest_lib.common.rest_client] Request - Headers: {'Content-Type': 'application/json', 'Accept': 'application/json', 'X-Auth-Token': '&lt;omitted&gt;'}
        Body: {"router": {"tenant_id": "8709a4a0fb4c4bbcbf1413e152eb4c3c", "name": "tempest-router-smoke-993875354", "admin_state_up": true}}
    Response - Headers: {'status': '201', 'content-length': '238', 'connection': 'close', 'date': 'Thu, 14 Jan 2016 16:51:32 GMT', 'content-type': 'application/json; charset=UTF-8', 'x-openstack-request-id': 'req-153a9e8b-0d22-4e68-a620-f66d59a23a70'}
        Body: {"router": {"status": "ACTIVE", "external_gateway_info": null, "name": "tempest-router-smoke-993875354", "admin_state_up": true, "tenant_id": "8709a4a0fb4c4bbcbf1413e152eb4c3c", "routes": [], "id": "b7be7fa2-353f-4f92-9740-b2ac5e42b0ae"}}
2016-01-14 10:51:32,087 26669 INFO     [tempest_lib.common.rest_client] Request (TestNetworkBasicOps:test_connectivity_between_vms_on_different_networks): 200 GET http://10.66.8.130:9696/v2.0/routers/b7be7fa2-353f-4f92-9740-b2ac5e42b0ae 0.030s
2016-01-14 10:51:32,087 26669 DEBUG    [tempest_lib.common.rest_client] Request - Headers: {'Content-Type': 'application/json', 'Accept': 'application/json', 'X-Auth-Token': '&lt;omitted&gt;'}
        Body: None
    Response - Headers: {'status': '200', 'content-length': '238', 'content-location': 'http://10.66.8.130:9696/v2.0/routers/b7be7fa2-353f-4f92-9740-b2ac5e42b0ae', 'connection': 'close', 'date': 'Thu, 14 Jan 2016 16:51:32 GMT', 'content-type': 'application/json; charset=UTF-8', 'x-openstack-request-id': 'req-a3c5dd88-2a8d-43cc-86fa-12fa2c1f033f'}
        Body: {"router": {"status": "ACTIVE", "external_gateway_info": null, "name": "tempest-router-smoke-993875354", "admin_state_up": true, "tenant_id": "8709a4a0fb4c4bbcbf1413e152eb4c3c", "routes": [], "id": "b7be7fa2-353f-4f92-9740-b2ac5e42b0ae"}}
2016-01-14 10:51:32,507 26669 INFO     [tempest_lib.common.rest_client] Request (TestNetworkBasicOps:test_connectivity_between_vms_on_different_networks): 200 PUT http://10.66.8.130:9696/v2.0/routers/b7be7fa2-353f-4f92-9740-b2ac5e42b0ae 0.419s
2016-01-14 10:51:32,507 26669 DEBUG    [tempest_lib.common.rest_client] Request - Headers: {'Content-Type': 'application/json', 'Accept': 'application/json', 'X-Auth-Token': '&lt;omitted&gt;'}
        Body: {"router": {"external_gateway_info": {"network_id": "bccad72f-84de-4638-a956-43cb24154c04"}, "name": "tempest-router-smoke-993875354", "admin_state_up": true}}
    Response - Headers: {'status': '200', 'content-length': '500', 'connection': 'close', 'date': 'Thu, 14 Jan 2016 16:51:32 GMT', 'content-type': 'application/json; charset=UTF-8', 'x-openstack-request-id': 'req-c4c5c342-c3df-4313-b05d-acbb9f261826'}
        Body: {"router": {"status": "ACTIVE", "external_gateway_info": {"network_id": "bccad72f-84de-4638-a956-43cb24154c04", "enable_snat": true, "external_fixed_ips": [{"subnet_id": "202c99cc-47bf-4ae6-b656-548838a60c73", "ip_address": "172.24.4.3"}, {"subnet_id": "4e779ef7-540b-4c13-8442-f920120b7823", "ip_address": "2001:db8::4"}]}, "name": "tempest-router-smoke-993875354", "admin_state_up": true, "tenant_id": "8709a4a0fb4c4bbcbf1413e152eb4c3c", "routes": [], "id": "b7be7fa2-353f-4f92-9740-b2ac5e42b0ae"}}
2016-01-14 10:51:32,593 26669 INFO     [tempest_lib.common.rest_client] Request (TestNetworkBasicOps:test_connectivity_between_vms_on_different_networks): 200 GET http://10.66.8.130:9696/v2.0/subnets?tenant_id=8709a4a0fb4c4bbcbf1413e152eb4c3c&amp;cidr=10.100.0.0%2F28 0.085s
2016-01-14 10:51:32,594 26669 DEBUG    [tempest_lib.common.rest_client] Request - Headers: {'Content-Type': 'application/json', 'Accept': 'application/json', 'X-Auth-Token': '&lt;omitted&gt;'}
        Body: None
    Response - Headers: {'status': '200', 'content-length': '15', 'content-location': 'http://10.66.8.130:9696/v2.0/subnets?tenant_id=8709a4a0fb4c4bbcbf1413e152eb4c3c&amp;cidr=10.100.0.0%2F28', 'connection': 'close', 'date': 'Thu, 14 Jan 2016 16:51:32 GMT', 'content-type': 'application/json; charset=UTF-8', 'x-openstack-request-id': 'req-9e669b10-5054-4699-a4d8-e921772df4a8'}
        Body: {"subnets": []}
2016-01-14 10:51:32,930 26669 INFO     [tempest_lib.common.rest_client] Request (TestNetworkBasicOps:test_connectivity_between_vms_on_different_networks): 201 POST http://10.66.8.130:9696/v2.0/subnets 0.335s
2016-01-14 10:51:32,930 26669 DEBUG    [tempest_lib.common.rest_client] Request - Headers: {'Content-Type': 'application/json', 'Accept': 'application/json', 'X-Auth-Token': '&lt;omitted&gt;'}
        Body: {"subnet": {"ip_version": 4, "tenant_id": "8709a4a0fb4c4bbcbf1413e152eb4c3c", "cidr": "10.100.0.0/28", "network_id": "21d611c5-50e0-44a8-b36b-7d1bd3c853c4", "name": "tempest-subnet-smoke-462682559"}}
    Response - Headers: {'status': '201', 'content-length': '477', 'connection': 'close', 'date': 'Thu, 14 Jan 2016 16:51:32 GMT', 'content-type': 'application/json; charset=UTF-8', 'x-openstack-request-id': 'req-40e38fb6-c7c3-496f-8ae2-cfa935d36b27'}
        Body: {"subnet": {"name": "tempest-subnet-smoke-462682559", "enable_dhcp": true, "network_id": "21d611c5-50e0-44a8-b36b-7d1bd3c853c4", "tenant_id": "8709a4a0fb4c4bbcbf1413e152eb4c3c", "dns_nameservers": [], "gateway_ip": "10.100.0.1", "ipv6_ra_mode": null, "allocation_pools": [{"start": "10.100.0.2", "end": "10.100.0.14"}], "host_routes": [], "ip_version": 4, "ipv6_address_mode": null, "cidr": "10.100.0.0/28", "id": "2e20681c-6901-487c-8f14-89f2d09975d0", "subnetpool_id": null}}
2016-01-14 10:51:33,300 26669 INFO     [tempest_lib.common.rest_client] Request (TestNetworkBasicOps:test_connectivity_between_vms_on_different_networks): 200 PUT http://10.66.8.130:9696/v2.0/routers/b7be7fa2-353f-4f92-9740-b2ac5e42b0ae/add_router_interface 0.370s
2016-01-14 10:51:33,300 26669 DEBUG    [tempest_lib.common.rest_client] Request - Headers: {'Content-Type': 'application/json', 'Accept': 'application/json', 'X-Auth-Token': '&lt;omitted&gt;'}
        Body: {"subnet_id": "2e20681c-6901-487c-8f14-89f2d09975d0"}
    Response - Headers: {'status': '200', 'content-length': '255', 'connection': 'close', 'date': 'Thu, 14 Jan 2016 16:51:33 GMT', 'content-type': 'application/json; charset=UTF-8', 'x-openstack-request-id': 'req-4e5fe76e-2d4c-46c2-b228-baf25b8be21e'}
        Body: {"subnet_id": "2e20681c-6901-487c-8f14-89f2d09975d0", "tenant_id": "8709a4a0fb4c4bbcbf1413e152eb4c3c", "subnet_ids": ["2e20681c-6901-487c-8f14-89f2d09975d0"], "port_id": "1d62ea0d-b9ac-4c0a-afca-15b687971020", "id": "b7be7fa2-353f-4f92-9740-b2ac5e42b0ae"}
2016-01-14 10:51:33,965 26669 INFO     [tempest_lib.common.rest_client] Request (TestNetworkBasicOps:test_connectivity_between_vms_on_different_networks): 200 GET http://10.66.8.130:9696/v2.0/networks 0.664s
2016-01-14 10:51:33,965 26669 DEBUG    [tempest_lib.common.rest_client] Request - Headers: {'Content-Type': 'application/json', 'Accept': 'application/json', 'X-Auth-Token': '&lt;omitted&gt;'}
        Body: None
    Response - Headers: {'status': '200', 'content-length': '1587', 'content-location': 'http://10.66.8.130:9696/v2.0/networks', 'connection': 'close', 'date': 'Thu, 14 Jan 2016 16:51:33 GMT', 'content-type': 'application/json; charset=UTF-8', 'x-openstack-request-id': 'req-19ccf169-870a-4e95-9263-e4cd344ffd6b'}
        Body: {"networks": [{"status": "ACTIVE", "subnets": ["2e20681c-6901-487c-8f14-89f2d09975d0"], "availability_zone_hints": [], "availability_zones": ["nova"], "name": "tempest-network-smoke--296690979", "provider:physical_network": null, "admin_state_up": true, "tenant_id": "8709a4a0fb4c4bbcbf1413e152eb4c3c", "mtu": 0, "router:external": false, "port_security_enabled": true, "vlan_transparent": false, "shared": false, "provider:network_type": "vxlan", "id": "21d611c5-50e0-44a8-b36b-7d1bd3c853c4", "provider:segmentation_id": 1015}, {"status": "ACTIVE", "subnets": ["4e779ef7-540b-4c13-8442-f920120b7823", "202c99cc-47bf-4ae6-b656-548838a60c73"], "availability_zone_hints": [], "availability_zones": ["nova"], "name": "public", "provider:physical_network": null, "admin_state_up": true, "tenant_id": "c6353a05d2424c9c9dcf312eaefa5ce3", "mtu": 0, "router:external": true, "port_security_enabled": true, "vlan_transparent": false, "shared": false, "provider:network_type": "vxlan", "id": "bccad72f-84de-4638-a956-43cb24154c04", "provider:segmentation_id": 1101}, {"status": "ACTIVE", "subnets": ["7460de37-ffd9-4de1-8cfa-ce2262d8bdfd", "276bd220-d1b9-4c03-a7f4-f3e93d17cc5c"], "availability_zone_hints": [], "availability_zones": ["nova"], "name": "private", "provider:physical_network": null, "admin_state_up": true, "tenant_id": "99fecf4f353e4d53a3739783ef13e70f", "mtu": 0, "router:external": false, "port_security_enabled": true, "vlan_transparent": false, "shared": false, "provider:network_type": "vxlan", "id": "f0d54758-327a-49e9-9b7d-cc7e529c11c9", "provider:segmentation_id": 1045}]}
2016-01-14 10:51:34,002 26669 INFO     [tempest_lib.common.rest_client] Request (TestNetworkBasicOps:test_connectivity_between_vms_on_different_networks): 200 GET http://10.66.8.130:9696/v2.0/subnets 0.036s
2016-01-14 10:51:34,002 26669 DEBUG    [tempest_lib.common.rest_client] Request - Headers: {'Content-Type': 'application/json', 'Accept': 'application/json', 'X-Auth-Token': '&lt;omitted&gt;'}
        Body: None
    Response - Headers: {'status': '200', 'content-length': '2407', 'content-location': 'http://10.66.8.130:9696/v2.0/subnets', 'connection': 'close', 'date': 'Thu, 14 Jan 2016 16:51:34 GMT', 'content-type': 'application/json; charset=UTF-8', 'x-openstack-request-id': 'req-de7b12f2-3d08-4eef-9ab3-757d397972ef'}
        Body: {"subnets": [{"name": "tempest-subnet-smoke-462682559", "enable_dhcp": true, "network_id": "21d611c5-50e0-44a8-b36b-7d1bd3c853c4", "tenant_id": "8709a4a0fb4c4bbcbf1413e152eb4c3c", "dns_nameservers": [], "gateway_ip": "10.100.0.1", "ipv6_ra_mode": null, "allocation_pools": [{"start": "10.100.0.2", "end": "10.100.0.14"}], "host_routes": [], "ip_version": 4, "ipv6_address_mode": null, "cidr": "10.100.0.0/28", "id": "2e20681c-6901-487c-8f14-89f2d09975d0", "subnetpool_id": null}, {"name": "ipv6-public-subnet", "enable_dhcp": false, "network_id": "bccad72f-84de-4638-a956-43cb24154c04", "tenant_id": "c6353a05d2424c9c9dcf312eaefa5ce3", "dns_nameservers": [], "gateway_ip": "2001:db8::2", "ipv6_ra_mode": null, "allocation_pools": [{"start": "2001:db8::1", "end": "2001:db8::1"}, {"start": "2001:db8::3", "end": "2001:db8::ffff:ffff:ffff:ffff"}], "host_routes": [], "ip_version": 6, "ipv6_address_mode": null, "cidr": "2001:db8::/64", "id": "4e779ef7-540b-4c13-8442-f920120b7823", "subnetpool_id": null}, {"name": "private-subnet", "enable_dhcp": true, "network_id": "f0d54758-327a-49e9-9b7d-cc7e529c11c9", "tenant_id": "99fecf4f353e4d53a3739783ef13e70f", "dns_nameservers": [], "gateway_ip": "10.0.0.1", "ipv6_ra_mode": null, "allocation_pools": [{"start": "10.0.0.2", "end": "10.0.0.254"}], "host_routes": [], "ip_version": 4, "ipv6_address_mode": null, "cidr": "10.0.0.0/24", "id": "7460de37-ffd9-4de1-8cfa-ce2262d8bdfd", "subnetpool_id": null}, {"name": "public-subnet", "enable_dhcp": false, "network_id": "bccad72f-84de-4638-a956-43cb24154c04", "tenant_id": "c6353a05d2424c9c9dcf312eaefa5ce3", "dns_nameservers": [], "gateway_ip": "172.24.4.1", "ipv6_ra_mode": null, "allocation_pools": [{"start": "172.24.4.2", "end": "172.24.4.254"}], "host_routes": [], "ip_version": 4, "ipv6_address_mode": null, "cidr": "172.24.4.0/24", "id": "202c99cc-47bf-4ae6-b656-548838a60c73", "subnetpool_id": null}, {"name": "ipv6-private-subnet", "enable_dhcp": true, "network_id": "f0d54758-327a-49e9-9b7d-cc7e529c11c9", "tenant_id": "99fecf4f353e4d53a3739783ef13e70f", "dns_nameservers": [], "gateway_ip": "fddb:bee0:88ee::1", "ipv6_ra_mode": "slaac", "allocation_pools": [{"start": "fddb:bee0:88ee::2", "end": "fddb:bee0:88ee:0:ffff:ffff:ffff:ffff"}], "host_routes": [], "ip_version": 6, "ipv6_address_mode": "slaac", "cidr": "fddb:bee0:88ee::/64", "id": "276bd220-d1b9-4c03-a7f4-f3e93d17cc5c", "subnetpool_id": null}]}
2016-01-14 10:51:34,042 26669 INFO     [tempest_lib.common.rest_client] Request (TestNetworkBasicOps:test_connectivity_between_vms_on_different_networks): 200 GET http://10.66.8.130:9696/v2.0/routers 0.039s
2016-01-14 10:51:34,043 26669 DEBUG    [tempest_lib.common.rest_client] Request - Headers: {'Content-Type': 'application/json', 'Accept': 'application/json', 'X-Auth-Token': '&lt;omitted&gt;'}
        Body: None
    Response - Headers: {'status': '200', 'content-length': '1014', 'content-location': 'http://10.66.8.130:9696/v2.0/routers', 'connection': 'close', 'date': 'Thu, 14 Jan 2016 16:51:34 GMT', 'content-type': 'application/json; charset=UTF-8', 'x-openstack-request-id': 'req-f0f1536c-8bc8-4243-a195-8aa4295d02b6'}
        Body: {"routers": [{"status": "ACTIVE", "external_gateway_info": {"network_id": "bccad72f-84de-4638-a956-43cb24154c04", "enable_snat": true, "external_fixed_ips": [{"subnet_id": "202c99cc-47bf-4ae6-b656-548838a60c73", "ip_address": "172.24.4.3"}, {"subnet_id": "4e779ef7-540b-4c13-8442-f920120b7823", "ip_address": "2001:db8::4"}]}, "name": "tempest-router-smoke-993875354", "admin_state_up": true, "tenant_id": "8709a4a0fb4c4bbcbf1413e152eb4c3c", "distributed": false, "routes": [], "id": "b7be7fa2-353f-4f92-9740-b2ac5e42b0ae"}, {"status": "ACTIVE", "external_gateway_info": {"network_id": "bccad72f-84de-4638-a956-43cb24154c04", "enable_snat": true, "external_fixed_ips": [{"subnet_id": "202c99cc-47bf-4ae6-b656-548838a60c73", "ip_address": "172.24.4.2"}, {"subnet_id": "4e779ef7-540b-4c13-8442-f920120b7823", "ip_address": "2001:db8::3"}]}, "name": "router1", "admin_state_up": true, "tenant_id": "99fecf4f353e4d53a3739783ef13e70f", "distributed": false, "routes": [], "id": "ec95dfa8-8765-48ac-a6d9-be87a00a31b7"}]}
2016-01-14 10:51:34,471 26669 INFO     [tempest_lib.common.rest_client] Request (TestNetworkBasicOps:test_connectivity_between_vms_on_different_networks): 200 POST http://10.66.8.130:8774/v2.1/8709a4a0fb4c4bbcbf1413e152eb4c3c/os-keypairs 0.427s
2016-01-14 10:51:34,471 26669 DEBUG    [tempest_lib.common.rest_client] Request - Headers: {'Content-Type': 'application/json', 'Accept': 'application/json', 'X-Auth-Token': '&lt;omitted&gt;'}
        Body: {"keypair": {"name": "tempest-TestNetworkBasicOps-1577898069"}}
    Response - Headers: {'status': '200', 'content-length': '2321', 'x-compute-request-id': 'req-2b7219ef-491b-4fc2-b8f9-3d3a5b93243c', 'vary': 'X-OpenStack-Nova-API-Version', 'connection': 'close', 'x-openstack-nova-api-version': '2.1', 'date': 'Thu, 14 Jan 2016 16:51:34 GMT', 'content-type': 'application/json'}
        Body: {"keypair": {"public_key": "ssh-rsa AAAAB3NzaC1yc2EAAAADAQABAAABAQCuExXQI83MabXJUyarZWcAmlldg6eIWNUmDC3BcxXYVKZYVeNzBEBRum8m/BydgzUBpoWB2hYevWmYo2odt6TgLTyAqngiE1j8rF4SfEznatrevkMvwxatwketj3j/T2iUtoHhGD8FqCF+KzKwxjSJ9st/KFxRuSfejXUFGqdY71fkAsH9hkRZ2KIez4nPmaUYBCUKEL6vsmnkVG0z3lF79XURvVfd4l0DkLUzNJeHBeEbdPYCXZCUCBNCGfL1JANHqOenCuTGkeXfAAoRILqg4Y3ChGpa2mBlJ4nl27hOSYwaD3PgcycxvCdksdMi8zZ6Dh4Bb8KZoPWQDweeN9GJ Generated-by-Nova", "private_key": "-----BEGIN RSA PRIVATE KEY-----\nMIIEpwIBAAKCAQEArhMV0CPNzGm1yVMmq2VnAJpZXYOniFjVJgwtwXMV2FSmWFXj\ncwRAUbpvJvwcnYM1AaaFgdoWHr1pmKNqHbek4C08gKp4IhNY/KxeEnxM52ra3r5D\nL8MWrcJHrY94/09olLaB4Rg/BaghfisysMY0ifbLfyhcUbkn3o11BRqnWO9X5ALB\n/YZEWdiiHs+Jz5mlGAQlChC+r7Jp5FRtM95Re/V1Eb1X3eJdA5C1MzSXhwXhG3T2\nAl2QlAgTQhny9SQDR6jnpwrkxpHl3wAKESC6oOGNwoRqWtpgZSeJ5du4TkmMGg9z\n4HMnMbwnZLHTIvM2eg4eAW/CmaD1kA8HnjfRiQIDAQABAoIBAC4kaPfPRdIVg1Zm\ncC2mp3MFdwLOzy3ZPkbjm41X0EaTybRIsA3g5pvDa4tN8Nff28EgPut4v7xOQRtw\n1cQi1dWGqC8DAO0na8MufZEw2cHOFU5N6MlUUUKl6RIcodorVnF1H2BnaO068AXd\ntYYeQ/b+MFr4e+A90E+x937u3cU43IqiTWMQLLBXJ/eqZBSNZN02Yx3hdo5MafcS\ntil95Yx3wC3nb6N3JVFh9uSQ1XgHaKO2iV7m8yOObKdzaWz/J+uHS249e2ircm72\nWBQRyKcu+S3V8jmhjssQfajhyEdhpJ/t/bcu3PVIIcUewy3PihLtuEiM57CHM7F1\nRya5IAECggCBANBRLajyijlHM2Rv6V10Bzq7rXffNebFqODKIRnrL7P6D9U5Ih9s\nHN6AyYpfQB5wuo31iYRXYxmGeZfrgtIH4lHEt17898Tho56X/aESoiID0WBhmkqB\n7mHsX3Zqf9L2h8mZw+zk/UD7pfg8OxDtJsJRa8ykCuRYd2IB91kPYtKJAoIAgQDV\n62KvNzrDzNs6/TPtEN3JKl0n1DJP3yXEO2+MooOZZ8PW0VyZA2J0TjWRaibmeiKG\nU2D3GWDh0zyLZxgWmvXRL0CnaUe9EexJmYWE1vlAPXWO3MWTzJr/K4O/Z8wcYXRd\nRMfRphlaVOYoXGMRAwGu5BVkE3V8vNikG+ahWqlHAQKCAIB+Y2JCiLTYP5ysqUF7\nE7R3K/r5KZH4a6Akkj43DXwpw+PrR/it+9ggHx8oNtYeIeLt0jUW+DYF/JK1W4xJ\nhcMIPUPL+8sPxp6Q0EJvgXChFpPn2A/WeLJ68wCQRdk705ta81Ht3pjQ3l06GMD1\nag0EBIZU6Io7NHlqGytI+47HkQKCAIAvDVIsdfpv/Mwvwme8ehw+VhodW5ghZ1S4\nP9Z+WXSWtnMl+fDjGxJ5wIYZ0P5zbWPQpeBLGYLsyPilNOzgc/8jnsAa0pZb6OhP\nG/x5RouWbK5B2R+ALd3dyGV3IU6M44ajyTAmVeF3s/rX39JOeJnTLQnjdEBASo1g\nM17cGMPpAQKCAIAVx9X9AyFuPJNwi1j5KcGVfZxdLHnqlrU8VzdPCl/8Pmej22ML\n3XvUUXNCYtfTAaS8qM3sQTMJm3SkZByrFS1KEmsdps+MgxQ3go5ur8p2zWTPvcAx\n3jpclbF7+55CxF6sOn2wGJcfeHvGfIhiputjHBhNoBNFMN2FgEa4lifkEA==\n-----END RSA PRIVATE KEY-----\n", "user_id": "bdac9533303443c48fa4e43c9d025e2f", "name": "tempest-TestNetworkBasicOps-1577898069", "fingerprint": "f9:a1:e1:86:27:14:ca:f7:76:64:2f:69:76:3e:a2:2c"}}
2016-01-14 10:51:34,529 26669 INFO     [tempest_lib.common.rest_client] Request (TestNetworkBasicOps:test_connectivity_between_vms_on_different_networks): 200 POST http://10.66.8.130:5000/v2.0/tokens
2016-01-14 10:51:34,530 26669 DEBUG    [tempest_lib.common.rest_client] Request - Headers: {'Content-Type': 'application/json', 'Accept': 'application/json'}
        Body: &lt;omitted&gt;
    Response - Headers: {'status': '200', 'content-length': '2303', 'vary': 'X-Auth-Token', 'server': 'Apache/2.4.12 (Ubuntu)', 'connection': 'close', 'date': 'Thu, 14 Jan 2016 16:51:34 GMT', 'content-type': 'application/json', 'x-openstack-request-id': 'req-9557d5af-9b48-4e62-af6f-6f12d714166d'}
        Body: {"access": {"token": {"issued_at": "2016-01-14T16:51:34.524095", "expires": "2016-01-14T17:51:34Z", "id": "4c80984b55294b0aa23a7c8e2bfbc817", "tenant": {"description": "tempest-TestNetworkBasicOps-2003229877-desc", "enabled": true, "id": "8709a4a0fb4c4bbcbf1413e152eb4c3c", "name": "tempest-TestNetworkBasicOps-2003229877"}, "audit_ids": ["oUYTEj0PRLa-nYyEUCVuWA"]}, "serviceCatalog": [{"endpoints": [{"adminURL": "http://10.66.8.130:9292", "region": "RegionOne", "internalURL": "http://10.66.8.130:9292", "id": "529f3c5f0913440fa3e175b42dcf3bc8", "publicURL": "http://10.66.8.130:9292"}], "endpoints_links": [], "type": "image", "name": "glance"}, {"endpoints": [{"adminURL": "http://10.66.8.130:8774/v2.1/8709a4a0fb4c4bbcbf1413e152eb4c3c", "region": "RegionOne", "internalURL": "http://10.66.8.130:8774/v2.1/8709a4a0fb4c4bbcbf1413e152eb4c3c", "id": "4ddb733aaf4249efae1198806e9c3048", "publicURL": "http://10.66.8.130:8774/v2.1/8709a4a0fb4c4bbcbf1413e152eb4c3c"}], "endpoints_links": [], "type": "compute", "name": "nova"}, {"endpoints": [{"adminURL": "http://10.66.8.130:9696/", "region": "RegionOne", "internalURL": "http://10.66.8.130:9696/", "id": "05ba783b7ac441eab81751929ad046ed", "publicURL": "http://10.66.8.130:9696/"}], "endpoints_links": [], "type": "network", "name": "neutron"}, {"endpoints": [{"adminURL": "http://10.66.8.130:35357/v2.0", "region": "RegionOne", "internalURL": "http://10.66.8.130:5000/v2.0", "id": "64a54b3a8f9b441faecd7fcba72c4bd9", "publicURL": "http://10.66.8.130:5000/v2.0"}], "endpoints_links": [], "type": "identity", "name": "keystone"}, {"endpoints": [{"adminURL": "http://10.66.8.130:8774/v2/8709a4a0fb4c4bbcbf1413e152eb4c3c", "region": "RegionOne", "internalURL": "http://10.66.8.130:8774/v2/8709a4a0fb4c4bbcbf1413e152eb4c3c", "id": "3dc7c2ff194640cd98246411318a67cc", "publicURL": "http://10.66.8.130:8774/v2/8709a4a0fb4c4bbcbf1413e152eb4c3c"}], "endpoints_links": [], "type": "compute_legacy", "name": "nova_legacy"}], "user": {"username": "tempest-TestNetworkBasicOps-907692789", "roles_links": [], "id": "bdac9533303443c48fa4e43c9d025e2f", "roles": [{"name": "_member_"}, {"name": "Member"}], "name": "tempest-TestNetworkBasicOps-907692789"}, "metadata": {"is_admin": 0, "roles": ["9fe2ff9ee4384b1894a90878d3e92bab", "c449f8b918cd403d85f57950743f7485"]}}}
2016-01-14 10:51:34,532 26669 DEBUG    [tempest.common.fixed_network] (TestNetworkBasicOps:test_connectivity_between_vms_on_different_networks) No valid network provided or created, defaulting to fixed_network_name
2016-01-14 10:51:34,697 26669 INFO     [tempest_lib.common.rest_client] Request (TestNetworkBasicOps:test_connectivity_between_vms_on_different_networks): 200 GET http://10.66.8.130:8774/v2.1/8709a4a0fb4c4bbcbf1413e152eb4c3c/os-networks 0.165s
2016-01-14 10:51:34,697 26669 DEBUG    [tempest_lib.common.rest_client] Request - Headers: {'Content-Type': 'application/json', 'Accept': 'application/json', 'X-Auth-Token': '&lt;omitted&gt;'}
        Body: None
    Response - Headers: {'status': '200', 'content-length': '478', 'content-location': 'http://10.66.8.130:8774/v2.1/8709a4a0fb4c4bbcbf1413e152eb4c3c/os-networks', 'x-compute-request-id': 'req-cc736143-c605-4a76-bb6a-b0789a30e8f8', 'vary': 'X-OpenStack-Nova-API-Version', 'connection': 'close', 'x-openstack-nova-api-version': '2.1', 'date': 'Thu, 14 Jan 2016 16:51:34 GMT', 'content-type': 'application/json'}
        Body: {"networks": [{"cidr_v6": null, "dns2": null, "dns1": null, "gateway": null, "broadcast": null, "netmask": null, "gateway_v6": null, "cidr": null, "label": "tempest-network-smoke--296690979", "id": "21d611c5-50e0-44a8-b36b-7d1bd3c853c4", "netmask_v6": null}, {"cidr_v6": null, "dns2": null, "dns1": null, "gateway": null, "broadcast": null, "netmask": null, "gateway_v6": null, "cidr": null, "label": "public", "id": "bccad72f-84de-4638-a956-43cb24154c04", "netmask_v6": null}]}
2016-01-14 10:51:34,697 26669 WARNING  [tempest.common.fixed_network] (TestNetworkBasicOps:test_connectivity_between_vms_on_different_networks) Network with name: private not found
2016-01-14 10:51:34,697 26669 INFO     [tempest.common.fixed_network] (TestNetworkBasicOps:test_connectivity_between_vms_on_different_networks) Found network {} available for tenant
2016-01-14 10:51:35,858 26669 INFO     [tempest_lib.common.rest_client] Request (TestNetworkBasicOps:test_connectivity_between_vms_on_different_networks): 202 POST http://10.66.8.130:8774/v2.1/8709a4a0fb4c4bbcbf1413e152eb4c3c/servers 1.160s
2016-01-14 10:51:35,858 26669 DEBUG    [tempest_lib.common.rest_client] Request - Headers: {'Content-Type': 'application/json', 'Accept': 'application/json', 'X-Auth-Token': '&lt;omitted&gt;'}
        Body: {"server": {"name": "tempest.common.compute-instance-649683953", "imageRef": "540c6ce7-3649-4f51-8e03-8908fc0f35ef", "key_name": "tempest-TestNetworkBasicOps-1577898069", "flavorRef": "42", "networks": [{"uuid": "21d611c5-50e0-44a8-b36b-7d1bd3c853c4"}], "security_groups": [{"name": "tempest-secgroup-smoke-1070485398"}]}}
    Response - Headers: {'status': '202', 'content-length': '466', 'x-compute-request-id': 'req-ddd3d238-0843-49fa-a7e9-5601ab4c5b75', 'vary': 'X-OpenStack-Nova-API-Version', 'connection': 'close', 'location': 'http://10.66.8.130:8774/v2.1/8709a4a0fb4c4bbcbf1413e152eb4c3c/servers/487b34d1-a98d-43f3-87f2-e2ed1c91ab57', 'x-openstack-nova-api-version': '2.1', 'date': 'Thu, 14 Jan 2016 16:51:35 GMT', 'content-type': 'application/json'}
        Body: {"server": {"security_groups": [{"name": "tempest-secgroup-smoke-1070485398"}], "OS-DCF:diskConfig": "MANUAL", "id": "487b34d1-a98d-43f3-87f2-e2ed1c91ab57", "links": [{"href": "http://10.66.8.130:8774/v2.1/8709a4a0fb4c4bbcbf1413e152eb4c3c/servers/487b34d1-a98d-43f3-87f2-e2ed1c91ab57", "rel": "self"}, {"href": "http://10.66.8.130:8774/8709a4a0fb4c4bbcbf1413e152eb4c3c/servers/487b34d1-a98d-43f3-87f2-e2ed1c91ab57", "rel": "bookmark"}], "adminPass": "QcgWjKNWG5ad"}}
2016-01-14 10:51:35,948 26669 INFO     [tempest_lib.common.rest_client] Request (TestNetworkBasicOps:test_connectivity_between_vms_on_different_networks): 200 GET http://10.66.8.130:8774/v2.1/8709a4a0fb4c4bbcbf1413e152eb4c3c/servers/487b34d1-a98d-43f3-87f2-e2ed1c91ab57 0.088s
2016-01-14 10:51:35,948 26669 DEBUG    [tempest_lib.common.rest_client] Request - Headers: {'Content-Type': 'application/json', 'Accept': 'application/json', 'X-Auth-Token': '&lt;omitted&gt;'}
        Body: None
    Response - Headers: {'status': '200', 'content-length': '1363', 'content-location': 'http://10.66.8.130:8774/v2.1/8709a4a0fb4c4bbcbf1413e152eb4c3c/servers/487b34d1-a98d-43f3-87f2-e2ed1c91ab57', 'x-compute-request-id': 'req-436079c5-c198-40be-83b7-2ed94fca60e8', 'vary': 'X-OpenStack-Nova-API-Version', 'connection': 'close', 'x-openstack-nova-api-version': '2.1', 'date': 'Thu, 14 Jan 2016 16:51:35 GMT', 'content-type': 'application/json'}
        Body: {"server": {"status": "BUILD", "updated": "2016-01-14T16:51:35Z", "hostId": "", "addresses": {}, "links": [{"href": "http://10.66.8.130:8774/v2.1/8709a4a0fb4c4bbcbf1413e152eb4c3c/servers/487b34d1-a98d-43f3-87f2-e2ed1c91ab57", "rel": "self"}, {"href": "http://10.66.8.130:8774/8709a4a0fb4c4bbcbf1413e152eb4c3c/servers/487b34d1-a98d-43f3-87f2-e2ed1c91ab57", "rel": "bookmark"}], "key_name": "tempest-TestNetworkBasicOps-1577898069", "image": {"id": "540c6ce7-3649-4f51-8e03-8908fc0f35ef", "links": [{"href": "http://10.66.8.130:8774/8709a4a0fb4c4bbcbf1413e152eb4c3c/images/540c6ce7-3649-4f51-8e03-8908fc0f35ef", "rel": "bookmark"}]}, "OS-EXT-STS:task_state": "scheduling", "OS-EXT-STS:vm_state": "building", "OS-SRV-USG:launched_at": null, "flavor": {"id": "42", "links": [{"href": "http://10.66.8.130:8774/8709a4a0fb4c4bbcbf1413e152eb4c3c/flavors/42", "rel": "bookmark"}]}, "id": "487b34d1-a98d-43f3-87f2-e2ed1c91ab57", "OS-SRV-USG:terminated_at": null, "OS-EXT-AZ:availability_zone": "", "user_id": "bdac9533303443c48fa4e43c9d025e2f", "name": "tempest.common.compute-instance-649683953", "created": "2016-01-14T16:51:36Z", "tenant_id": "8709a4a0fb4c4bbcbf1413e152eb4c3c", "OS-DCF:diskConfig": "MANUAL", "os-extended-volumes:volumes_attached": [], "accessIPv4": "", "accessIPv6": "", "progress": 0, "OS-EXT-STS:power_state": 0, "config_drive": "", "metadata": {}}}
2016-01-14 10:51:37,180 26669 INFO     [tempest_lib.common.rest_client] Request (TestNetworkBasicOps:test_connectivity_between_vms_on_different_networks): 200 GET http://10.66.8.130:8774/v2.1/8709a4a0fb4c4bbcbf1413e152eb4c3c/servers/487b34d1-a98d-43f3-87f2-e2ed1c91ab57 0.226s
2016-01-14 10:51:37,180 26669 DEBUG    [tempest_lib.common.rest_client] Request - Headers: {'Content-Type': 'application/json', 'Accept': 'application/json', 'X-Auth-Token': '&lt;omitted&gt;'}
        Body: None
    Response - Headers: {'status': '200', 'content-length': '1489', 'content-location': 'http://10.66.8.130:8774/v2.1/8709a4a0fb4c4bbcbf1413e152eb4c3c/servers/487b34d1-a98d-43f3-87f2-e2ed1c91ab57', 'x-compute-request-id': 'req-b235d11b-90d7-44da-a967-f9ff29eb931a', 'vary': 'X-OpenStack-Nova-API-Version', 'connection': 'close', 'x-openstack-nova-api-version': '2.1', 'date': 'Thu, 14 Jan 2016 16:51:37 GMT', 'content-type': 'application/json'}
        Body: {"server": {"status": "BUILD", "updated": "2016-01-14T16:51:37Z", "hostId": "525ac11ba422bec1129a1548f8149c0eb000baea110d12153fca14a7", "addresses": {}, "links": [{"href": "http://10.66.8.130:8774/v2.1/8709a4a0fb4c4bbcbf1413e152eb4c3c/servers/487b34d1-a98d-43f3-87f2-e2ed1c91ab57", "rel": "self"}, {"href": "http://10.66.8.130:8774/8709a4a0fb4c4bbcbf1413e152eb4c3c/servers/487b34d1-a98d-43f3-87f2-e2ed1c91ab57", "rel": "bookmark"}], "key_name": "tempest-TestNetworkBasicOps-1577898069", "image": {"id": "540c6ce7-3649-4f51-8e03-8908fc0f35ef", "links": [{"href": "http://10.66.8.130:8774/8709a4a0fb4c4bbcbf1413e152eb4c3c/images/540c6ce7-3649-4f51-8e03-8908fc0f35ef", "rel": "bookmark"}]}, "OS-EXT-STS:task_state": "spawning", "OS-EXT-STS:vm_state": "building", "OS-SRV-USG:launched_at": null, "flavor": {"id": "42", "links": [{"href": "http://10.66.8.130:8774/8709a4a0fb4c4bbcbf1413e152eb4c3c/flavors/42", "rel": "bookmark"}]}, "id": "487b34d1-a98d-43f3-87f2-e2ed1c91ab57", "security_groups": [{"name": "tempest-secgroup-smoke-1070485398"}], "OS-SRV-USG:terminated_at": null, "OS-EXT-AZ:availability_zone": "nova", "user_id": "bdac9533303443c48fa4e43c9d025e2f", "name": "tempest.common.compute-instance-649683953", "created": "2016-01-14T16:51:36Z", "tenant_id": "8709a4a0fb4c4bbcbf1413e152eb4c3c", "OS-DCF:diskConfig": "MANUAL", "os-extended-volumes:volumes_attached": [], "accessIPv4": "", "accessIPv6": "", "progress": 0, "OS-EXT-STS:power_state": 0, "config_drive": "", "metadata": {}}}
2016-01-14 10:51:37,187 26669 INFO     [tempest.common.waiters] State transition "BUILD/scheduling" ==&gt; "BUILD/spawning" after 2 second wait
2016-01-14 10:51:38,528 26669 INFO     [tempest_lib.common.rest_client] Request (TestNetworkBasicOps:test_connectivity_between_vms_on_different_networks): 200 GET http://10.66.8.130:8774/v2.1/8709a4a0fb4c4bbcbf1413e152eb4c3c/servers/487b34d1-a98d-43f3-87f2-e2ed1c91ab57 0.338s
2016-01-14 10:51:38,529 26669 DEBUG    [tempest_lib.common.rest_client] Request - Headers: {'Content-Type': 'application/json', 'Accept': 'application/json', 'X-Auth-Token': '&lt;omitted&gt;'}
        Body: None
    Response - Headers: {'status': '200', 'content-length': '1489', 'content-location': 'http://10.66.8.130:8774/v2.1/8709a4a0fb4c4bbcbf1413e152eb4c3c/servers/487b34d1-a98d-43f3-87f2-e2ed1c91ab57', 'x-compute-request-id': 'req-91193d37-9bdc-4965-9c52-615dffc535ae', 'vary': 'X-OpenStack-Nova-API-Version', 'connection': 'close', 'x-openstack-nova-api-version': '2.1', 'date': 'Thu, 14 Jan 2016 16:51:38 GMT', 'content-type': 'application/json'}
        Body: {"server": {"status": "BUILD", "updated": "2016-01-14T16:51:37Z", "hostId": "525ac11ba422bec1129a1548f8149c0eb000baea110d12153fca14a7", "addresses": {}, "links": [{"href": "http://10.66.8.130:8774/v2.1/8709a4a0fb4c4bbcbf1413e152eb4c3c/servers/487b34d1-a98d-43f3-87f2-e2ed1c91ab57", "rel": "self"}, {"href": "http://10.66.8.130:8774/8709a4a0fb4c4bbcbf1413e152eb4c3c/servers/487b34d1-a98d-43f3-87f2-e2ed1c91ab57", "rel": "bookmark"}], "key_name": "tempest-TestNetworkBasicOps-1577898069", "image": {"id": "540c6ce7-3649-4f51-8e03-8908fc0f35ef", "links": [{"href": "http://10.66.8.130:8774/8709a4a0fb4c4bbcbf1413e152eb4c3c/images/540c6ce7-3649-4f51-8e03-8908fc0f35ef", "rel": "bookmark"}]}, "OS-EXT-STS:task_state": "spawning", "OS-EXT-STS:vm_state": "building", "OS-SRV-USG:launched_at": null, "flavor": {"id": "42", "links": [{"href": "http://10.66.8.130:8774/8709a4a0fb4c4bbcbf1413e152eb4c3c/flavors/42", "rel": "bookmark"}]}, "id": "487b34d1-a98d-43f3-87f2-e2ed1c91ab57", "security_groups": [{"name": "tempest-secgroup-smoke-1070485398"}], "OS-SRV-USG:terminated_at": null, "OS-EXT-AZ:availability_zone": "nova", "user_id": "bdac9533303443c48fa4e43c9d025e2f", "name": "tempest.common.compute-instance-649683953", "created": "2016-01-14T16:51:36Z", "tenant_id": "8709a4a0fb4c4bbcbf1413e152eb4c3c", "OS-DCF:diskConfig": "MANUAL", "os-extended-volumes:volumes_attached": [], "accessIPv4": "", "accessIPv6": "", "progress": 0, "OS-EXT-STS:power_state": 0, "config_drive": "", "metadata": {}}}
2016-01-14 10:51:39,899 26669 INFO     [tempest_lib.common.rest_client] Request (TestNetworkBasicOps:test_connectivity_between_vms_on_different_networks): 200 GET http://10.66.8.130:8774/v2.1/8709a4a0fb4c4bbcbf1413e152eb4c3c/servers/487b34d1-a98d-43f3-87f2-e2ed1c91ab57 0.359s
2016-01-14 10:51:39,899 26669 DEBUG    [tempest_lib.common.rest_client] Request - Headers: {'Content-Type': 'application/json', 'Accept': 'application/json', 'X-Auth-Token': '&lt;omitted&gt;'}
        Body: None
    Response - Headers: {'status': '200', 'content-length': '1489', 'content-location': 'http://10.66.8.130:8774/v2.1/8709a4a0fb4c4bbcbf1413e152eb4c3c/servers/487b34d1-a98d-43f3-87f2-e2ed1c91ab57', 'x-compute-request-id': 'req-6118c31d-268e-4e15-8318-5a0e02bb0aff', 'vary': 'X-OpenStack-Nova-API-Version', 'connection': 'close', 'x-openstack-nova-api-version': '2.1', 'date': 'Thu, 14 Jan 2016 16:51:39 GMT', 'content-type': 'application/json'}
        Body: {"server": {"status": "BUILD", "updated": "2016-01-14T16:51:37Z", "hostId": "525ac11ba422bec1129a1548f8149c0eb000baea110d12153fca14a7", "addresses": {}, "links": [{"href": "http://10.66.8.130:8774/v2.1/8709a4a0fb4c4bbcbf1413e152eb4c3c/servers/487b34d1-a98d-43f3-87f2-e2ed1c91ab57", "rel": "self"}, {"href": "http://10.66.8.130:8774/8709a4a0fb4c4bbcbf1413e152eb4c3c/servers/487b34d1-a98d-43f3-87f2-e2ed1c91ab57", "rel": "bookmark"}], "key_name": "tempest-TestNetworkBasicOps-1577898069", "image": {"id": "540c6ce7-3649-4f51-8e03-8908fc0f35ef", "links": [{"href": "http://10.66.8.130:8774/8709a4a0fb4c4bbcbf1413e152eb4c3c/images/540c6ce7-3649-4f51-8e03-8908fc0f35ef", "rel": "bookmark"}]}, "OS-EXT-STS:task_state": "spawning", "OS-EXT-STS:vm_state": "building", "OS-SRV-USG:launched_at": null, "flavor": {"id": "42", "links": [{"href": "http://10.66.8.130:8774/8709a4a0fb4c4bbcbf1413e152eb4c3c/flavors/42", "rel": "bookmark"}]}, "id": "487b34d1-a98d-43f3-87f2-e2ed1c91ab57", "security_groups": [{"name": "tempest-secgroup-smoke-1070485398"}], "OS-SRV-USG:terminated_at": null, "OS-EXT-AZ:availability_zone": "nova", "user_id": "bdac9533303443c48fa4e43c9d025e2f", "name": "tempest.common.compute-instance-649683953", "created": "2016-01-14T16:51:36Z", "tenant_id": "8709a4a0fb4c4bbcbf1413e152eb4c3c", "OS-DCF:diskConfig": "MANUAL", "os-extended-volumes:volumes_attached": [], "accessIPv4": "", "accessIPv6": "", "progress": 0, "OS-EXT-STS:power_state": 0, "config_drive": "", "metadata": {}}}
2016-01-14 10:51:41,043 26669 INFO     [tempest_lib.common.rest_client] Request (TestNetworkBasicOps:test_connectivity_between_vms_on_different_networks): 200 GET http://10.66.8.130:8774/v2.1/8709a4a0fb4c4bbcbf1413e152eb4c3c/servers/487b34d1-a98d-43f3-87f2-e2ed1c91ab57 0.137s
2016-01-14 10:51:41,043 26669 DEBUG    [tempest_lib.common.rest_client] Request - Headers: {'Content-Type': 'application/json', 'Accept': 'application/json', 'X-Auth-Token': '&lt;omitted&gt;'}
        Body: None
    Response - Headers: {'status': '200', 'content-length': '1660', 'content-location': 'http://10.66.8.130:8774/v2.1/8709a4a0fb4c4bbcbf1413e152eb4c3c/servers/487b34d1-a98d-43f3-87f2-e2ed1c91ab57', 'x-compute-request-id': 'req-ed5c1611-1de8-4538-8e37-fb8c330a16da', 'vary': 'X-OpenStack-Nova-API-Version', 'connection': 'close', 'x-openstack-nova-api-version': '2.1', 'date': 'Thu, 14 Jan 2016 16:51:41 GMT', 'content-type': 'application/json'}
        Body: {"server": {"status": "ACTIVE", "updated": "2016-01-14T16:51:41Z", "hostId": "525ac11ba422bec1129a1548f8149c0eb000baea110d12153fca14a7", "addresses": {"tempest-network-smoke--296690979": [{"OS-EXT-IPS-MAC:mac_addr": "fa:16:3e:b2:80:cf", "version": 4, "addr": "10.100.0.3", "OS-EXT-IPS:type": "fixed"}]}, "links": [{"href": "http://10.66.8.130:8774/v2.1/8709a4a0fb4c4bbcbf1413e152eb4c3c/servers/487b34d1-a98d-43f3-87f2-e2ed1c91ab57", "rel": "self"}, {"href": "http://10.66.8.130:8774/8709a4a0fb4c4bbcbf1413e152eb4c3c/servers/487b34d1-a98d-43f3-87f2-e2ed1c91ab57", "rel": "bookmark"}], "key_name": "tempest-TestNetworkBasicOps-1577898069", "image": {"id": "540c6ce7-3649-4f51-8e03-8908fc0f35ef", "links": [{"href": "http://10.66.8.130:8774/8709a4a0fb4c4bbcbf1413e152eb4c3c/images/540c6ce7-3649-4f51-8e03-8908fc0f35ef", "rel": "bookmark"}]}, "OS-EXT-STS:task_state": null, "OS-EXT-STS:vm_state": "active", "OS-SRV-USG:launched_at": "2016-01-14T16:51:40.000000", "flavor": {"id": "42", "links": [{"href": "http://10.66.8.130:8774/8709a4a0fb4c4bbcbf1413e152eb4c3c/flavors/42", "rel": "bookmark"}]}, "id": "487b34d1-a98d-43f3-87f2-e2ed1c91ab57", "security_groups": [{"name": "tempest-secgroup-smoke-1070485398"}], "OS-SRV-USG:terminated_at": null, "OS-EXT-AZ:availability_zone": "nova", "user_id": "bdac9533303443c48fa4e43c9d025e2f", "name": "tempest.common.compute-instance-649683953", "created": "2016-01-14T16:51:36Z", "tenant_id": "8709a4a0fb4c4bbcbf1413e152eb4c3c", "OS-DCF:diskConfig": "MANUAL", "os-extended-volumes:volumes_attached": [], "accessIPv4": "", "accessIPv6": "", "progress": 0, "OS-EXT-STS:power_state": 1, "config_drive": "True", "metadata": {}}}
2016-01-14 10:51:41,051 26669 INFO     [tempest.common.waiters] State transition "BUILD/spawning" ==&gt; "ACTIVE/None" after 6 second wait
2016-01-14 10:51:41,286 26669 INFO     [tempest_lib.common.rest_client] Request (TestNetworkBasicOps:test_connectivity_between_vms_on_different_networks): 200 GET http://10.66.8.130:8774/v2.1/8709a4a0fb4c4bbcbf1413e152eb4c3c/servers/487b34d1-a98d-43f3-87f2-e2ed1c91ab57 0.234s
2016-01-14 10:51:41,286 26669 DEBUG    [tempest_lib.common.rest_client] Request - Headers: {'Content-Type': 'application/json', 'Accept': 'application/json', 'X-Auth-Token': '&lt;omitted&gt;'}
        Body: None
    Response - Headers: {'status': '200', 'content-length': '1660', 'content-location': 'http://10.66.8.130:8774/v2.1/8709a4a0fb4c4bbcbf1413e152eb4c3c/servers/487b34d1-a98d-43f3-87f2-e2ed1c91ab57', 'x-compute-request-id': 'req-71aef7fd-904c-46a0-90bd-e176b0f1a416', 'vary': 'X-OpenStack-Nova-API-Version', 'connection': 'close', 'x-openstack-nova-api-version': '2.1', 'date': 'Thu, 14 Jan 2016 16:51:41 GMT', 'content-type': 'application/json'}
        Body: {"server": {"status": "ACTIVE", "updated": "2016-01-14T16:51:41Z", "hostId": "525ac11ba422bec1129a1548f8149c0eb000baea110d12153fca14a7", "addresses": {"tempest-network-smoke--296690979": [{"OS-EXT-IPS-MAC:mac_addr": "fa:16:3e:b2:80:cf", "version": 4, "addr": "10.100.0.3", "OS-EXT-IPS:type": "fixed"}]}, "links": [{"href": "http://10.66.8.130:8774/v2.1/8709a4a0fb4c4bbcbf1413e152eb4c3c/servers/487b34d1-a98d-43f3-87f2-e2ed1c91ab57", "rel": "self"}, {"href": "http://10.66.8.130:8774/8709a4a0fb4c4bbcbf1413e152eb4c3c/servers/487b34d1-a98d-43f3-87f2-e2ed1c91ab57", "rel": "bookmark"}], "key_name": "tempest-TestNetworkBasicOps-1577898069", "image": {"id": "540c6ce7-3649-4f51-8e03-8908fc0f35ef", "links": [{"href": "http://10.66.8.130:8774/8709a4a0fb4c4bbcbf1413e152eb4c3c/images/540c6ce7-3649-4f51-8e03-8908fc0f35ef", "rel": "bookmark"}]}, "OS-EXT-STS:task_state": null, "OS-EXT-STS:vm_state": "active", "OS-SRV-USG:launched_at": "2016-01-14T16:51:40.000000", "flavor": {"id": "42", "links": [{"href": "http://10.66.8.130:8774/8709a4a0fb4c4bbcbf1413e152eb4c3c/flavors/42", "rel": "bookmark"}]}, "id": "487b34d1-a98d-43f3-87f2-e2ed1c91ab57", "security_groups": [{"name": "tempest-secgroup-smoke-1070485398"}], "OS-SRV-USG:terminated_at": null, "OS-EXT-AZ:availability_zone": "nova", "user_id": "bdac9533303443c48fa4e43c9d025e2f", "name": "tempest.common.compute-instance-649683953", "created": "2016-01-14T16:51:36Z", "tenant_id": "8709a4a0fb4c4bbcbf1413e152eb4c3c", "OS-DCF:diskConfig": "MANUAL", "os-extended-volumes:volumes_attached": [], "accessIPv4": "", "accessIPv6": "", "progress": 0, "OS-EXT-STS:power_state": 1, "config_drive": "True", "metadata": {}}}
2016-01-14 10:51:41,294 26669 INFO     [tempest.scenario.manager] Tenant networks not configured to be reachable.
2016-01-14 10:51:41,325 26669 INFO     [tempest_lib.common.rest_client] Request (TestNetworkBasicOps:test_connectivity_between_vms_on_different_networks): 200 GET http://10.66.8.130:9696/v2.0/ports?status=ACTIVE&amp;fixed_ip=None&amp;device_id=487b34d1-a98d-43f3-87f2-e2ed1c91ab57 0.031s
2016-01-14 10:51:41,326 26669 DEBUG    [tempest_lib.common.rest_client] Request - Headers: {'Content-Type': 'application/json', 'Accept': 'application/json', 'X-Auth-Token': '&lt;omitted&gt;'}
        Body: None
    Response - Headers: {'status': '200', 'content-length': '890', 'content-location': 'http://10.66.8.130:9696/v2.0/ports?status=ACTIVE&amp;fixed_ip=None&amp;device_id=487b34d1-a98d-43f3-87f2-e2ed1c91ab57', 'connection': 'close', 'date': 'Thu, 14 Jan 2016 16:51:41 GMT', 'content-type': 'application/json; charset=UTF-8', 'x-openstack-request-id': 'req-932c9212-3bc7-4f1e-933f-1d375c036027'}
        Body: {"ports": [{"status": "ACTIVE", "binding:host_id": "ankur-ThinkPad-X240", "allowed_address_pairs": [], "extra_dhcp_opts": [], "dns_assignment": [{"hostname": "host-10-100-0-3", "ip_address": "10.100.0.3", "fqdn": "host-10-100-0-3.openstacklocal."}], "device_owner": "compute:None", "port_security_enabled": true, "binding:profile": {}, "fixed_ips": [{"subnet_id": "2e20681c-6901-487c-8f14-89f2d09975d0", "ip_address": "10.100.0.3"}], "id": "5a02b4e6-b091-4c66-8312-f99d34633a49", "security_groups": ["a97d34c0-bceb-44e2-a6fd-7c985af0e2e4"], "device_id": "487b34d1-a98d-43f3-87f2-e2ed1c91ab57", "name": "", "admin_state_up": true, "network_id": "21d611c5-50e0-44a8-b36b-7d1bd3c853c4", "dns_name": "", "binding:vif_details": {"port_filter": true}, "binding:vnic_type": "normal", "binding:vif_type": "ovs", "tenant_id": "8709a4a0fb4c4bbcbf1413e152eb4c3c", "mac_address": "fa:16:3e:b2:80:cf"}]}
2016-01-14 10:51:41,829 26669 INFO     [tempest_lib.common.rest_client] Request (TestNetworkBasicOps:test_connectivity_between_vms_on_different_networks): 201 POST http://10.66.8.130:9696/v2.0/floatingips 0.502s
2016-01-14 10:51:41,829 26669 DEBUG    [tempest_lib.common.rest_client] Request - Headers: {'Content-Type': 'application/json', 'Accept': 'application/json', 'X-Auth-Token': '&lt;omitted&gt;'}
        Body: {"floatingip": {"floating_network_id": "bccad72f-84de-4638-a956-43cb24154c04", "tenant_id": "8709a4a0fb4c4bbcbf1413e152eb4c3c", "fixed_ip_address": "10.100.0.3", "port_id": "5a02b4e6-b091-4c66-8312-f99d34633a49"}}
    Response - Headers: {'status': '201', 'content-length': '369', 'connection': 'close', 'date': 'Thu, 14 Jan 2016 16:51:41 GMT', 'content-type': 'application/json; charset=UTF-8', 'x-openstack-request-id': 'req-3d8e0204-8f28-4bd4-8d55-bf01b381fc4f'}
        Body: {"floatingip": {"floating_network_id": "bccad72f-84de-4638-a956-43cb24154c04", "router_id": "b7be7fa2-353f-4f92-9740-b2ac5e42b0ae", "fixed_ip_address": "10.100.0.3", "floating_ip_address": "172.24.4.4", "tenant_id": "8709a4a0fb4c4bbcbf1413e152eb4c3c", "status": "ACTIVE", "port_id": "5a02b4e6-b091-4c66-8312-f99d34633a49", "id": "236c2b55-2f94-42a8-8b98-e603b93cabd8"}}
2016-01-14 10:51:41,840 26669 INFO     [tempest_lib.common.rest_client] Request (TestNetworkBasicOps:test_connectivity_between_vms_on_different_networks): 200 GET http://10.66.8.130:9696/v2.0/floatingips/236c2b55-2f94-42a8-8b98-e603b93cabd8 0.011s
2016-01-14 10:51:41,840 26669 DEBUG    [tempest_lib.common.rest_client] Request - Headers: {'Content-Type': 'application/json', 'Accept': 'application/json', 'X-Auth-Token': '&lt;omitted&gt;'}
        Body: None
    Response - Headers: {'status': '200', 'content-length': '369', 'content-location': 'http://10.66.8.130:9696/v2.0/floatingips/236c2b55-2f94-42a8-8b98-e603b93cabd8', 'connection': 'close', 'date': 'Thu, 14 Jan 2016 16:51:41 GMT', 'content-type': 'application/json; charset=UTF-8', 'x-openstack-request-id': 'req-07c048fa-9de2-42e8-952e-1c6bd7806081'}
        Body: {"floatingip": {"floating_network_id": "bccad72f-84de-4638-a956-43cb24154c04", "router_id": "b7be7fa2-353f-4f92-9740-b2ac5e42b0ae", "fixed_ip_address": "10.100.0.3", "floating_ip_address": "172.24.4.4", "tenant_id": "8709a4a0fb4c4bbcbf1413e152eb4c3c", "status": "ACTIVE", "port_id": "5a02b4e6-b091-4c66-8312-f99d34633a49", "id": "236c2b55-2f94-42a8-8b98-e603b93cabd8"}}
2016-01-14 10:51:41,841 26669 INFO     [tempest.scenario.manager] FloatingIP: &lt;"FloatingIP" addr="172.24.4.4" id="236c2b55-2f94-42a8-8b98-e603b93cabd8"&gt; is at status: ACTIVE
2016-01-14 10:51:41,841 26669 DEBUG    [tempest.scenario.manager] checking network connections to IP 172.24.4.4 with user: cirros
2016-01-14 10:51:41,841 26669 DEBUG    [tempest.scenario.manager] TestNetworkBasicOps:test_connectivity_between_vms_on_different_networks begins to ping 172.24.4.4 in 120 sec and the expected result is reachable
2016-01-14 10:53:43,125 26669 DEBUG    [tempest.scenario.manager] TestNetworkBasicOps:test_connectivity_between_vms_on_different_networks finishes ping 172.24.4.4 in 120 sec and the ping result is unexpected
2016-01-14 10:53:43,125 26669 ERROR    [tempest.scenario.manager] Public network connectivity check failed
2016-01-14 10:53:43.125 26669 ERROR tempest.scenario.manager Traceback (most recent call last):
2016-01-14 10:53:43.125 26669 ERROR tempest.scenario.manager   File "tempest/scenario/manager.py", line 607, in check_public_network_connectivity
2016-01-14 10:53:43.125 26669 ERROR tempest.scenario.manager     should_connect=should_connect)
2016-01-14 10:53:43.125 26669 ERROR tempest.scenario.manager   File "tempest/scenario/manager.py", line 591, in check_vm_connectivity
2016-01-14 10:53:43.125 26669 ERROR tempest.scenario.manager     msg=msg)
2016-01-14 10:53:43.125 26669 ERROR tempest.scenario.manager   File "/usr/local/lib/python2.7/dist-packages/unittest2/case.py", line 702, in assertTrue
2016-01-14 10:53:43.125 26669 ERROR tempest.scenario.manager     raise self.failureException(msg)
2016-01-14 10:53:43.125 26669 ERROR tempest.scenario.manager AssertionError: False is not true : Timed out waiting for 172.24.4.4 to become reachable
2016-01-14 10:53:43.125 26669 ERROR tempest.scenario.manager 
2016-01-14 10:53:43,497 26669 INFO     [tempest_lib.common.rest_client] Request (TestNetworkBasicOps:test_connectivity_between_vms_on_different_networks): 200 POST http://10.66.8.130:8774/v2.1/8709a4a0fb4c4bbcbf1413e152eb4c3c/servers/487b34d1-a98d-43f3-87f2-e2ed1c91ab57/action 0.365s
2016-01-14 10:53:43,498 26669 DEBUG    [tempest_lib.common.rest_client] Request - Headers: {'Content-Type': 'application/json', 'Accept': 'application/json', 'X-Auth-Token': '&lt;omitted&gt;'}
        Body: {"os-getConsoleOutput": {}}
    Response - Headers: {'status': '200', 'content-length': '24404', 'x-compute-request-id': 'req-e1092c3b-29aa-48ae-8e20-243b27f33c3e', 'vary': 'X-OpenStack-Nova-API-Version', 'connection': 'close', 'x-openstack-nova-api-version': '2.1', 'date': 'Thu, 14 Jan 2016 16:53:43 GMT', 'content-type': 'application/json'}
        Body: {"output": "[    0.000000] Initializing cgroup subsys cpuset\n[    0.000000] Initializing cgroup subsys cpu\n[    0.000000] Linux version 3.2.0-80-virtual (buildd@batsu) (gcc version 4.6.3 (Ubuntu/Linaro 4.6.3-1ubuntu5) ) #116-Ubuntu SMP Mon Mar 23 17:28:52 UTC 2015 (Ubuntu 3.2.0-80.116-virtual 3.2.68)\n[    0.000000] Command line: root=/dev/vda console=tty0 console=ttyS0\n[    0.000000] KERNEL supported cpus:\n[    0.000000]   Intel GenuineIntel\n[    0.000000]   AMD AuthenticAMD\n[    0.000000]   Centaur CentaurHauls\n[    0.000000] BIOS-provided physical RAM map:\n[    0.000000]  BIOS-e820: 0000000000000000 - 000000000009fc00 (usable)\n[    0.000000]  BIOS-e820: 000000000009fc00 - 00000000000a0000 (reserved)\n[    0.000000]  BIOS-e820: 00000000000f0000 - 0000000000100000 (reserved)\n[    0.000000]  BIOS-e820: 0000000000100000 - 0000000003fe0000 (usable)\n[    0.000000]  BIOS-e820: 0000000003fe0000 - 0000000004000000 (reserved)\n[    0.000000]  BIOS-e820: 00000000feffc000 - 00000000ff000000 (reserved)\n[    0.000000]  BIOS-e820: 00000000fffc0000 - 0000000100000000 (reserved)\n[    0.000000] NX (Execute Disable) protection: active\n[    0.000000] SMBIOS 2.8 present.\n[    0.000000] No AGP bridge found\n[    0.000000] last_pfn = 0x3fe0 max_arch_pfn = 0x400000000\n[    0.000000] PAT not supported by CPU.\n[    0.000000] found SMP MP-table at [ffff8800000f6620] f6620\n[    0.000000] init_memory_mapping: 0000000000000000-0000000003fe0000\n[    0.000000] RAMDISK: 03c4e000 - 03fe0000\n[    0.000000] ACPI: RSDP 00000000000f6410 00014 (v00 BOCHS )\n[    0.000000] ACPI: RSDT 0000000003fe1671 00030 (v01 BOCHS  BXPCRSDT 00000001 BXPC 00000001)\n[    0.000000] ACPI: FACP 0000000003fe0bda 00074 (v01 BOCHS  BXPCFACP 00000001 BXPC 00000001)\n[    0.000000] ACPI: DSDT 0000000003fe0040 00B9A (v01 BOCHS  BXPCDSDT 00000001 BXPC 00000001)\n[    0.000000] ACPI: FACS 0000000003fe0000 00040\n[    0.000000] ACPI: SSDT 0000000003fe0c4e 009AB (v01 BOCHS  BXPCSSDT 00000001 BXPC 00000001)\n[    0.000000] ACPI: APIC 0000000003fe15f9 00078 (v01 BOCHS  BXPCAPIC 00000001 BXPC 00000001)\n[    0.000000] No NUMA configuration found\n[    0.000000] Faking a node at 0000000000000000-0000000003fe0000\n[    0.000000] Initmem setup node 0 0000000000000000-0000000003fe0000\n[    0.000000]   NODE_DATA [0000000003c46000 - 0000000003c4afff]\n[    0.000000] kvm-clock: Using msrs 4b564d01 and 4b564d00\n[    0.000000] kvm-clock: cpu 0, msr 0:1cf76c1, boot clock\n[    0.000000] Zone PFN ranges:\n[    0.000000]   DMA      0x00000010 -&gt; 0x00001000\n[    0.000000]   DMA32    0x00001000 -&gt; 0x00100000\n[    0.000000]   Normal   empty\n[    0.000000] Movable zone start PFN for each node\n[    0.000000] early_node_map[2] active PFN ranges\n[    0.000000]     0: 0x00000010 -&gt; 0x0000009f\n[    0.000000]     0: 0x00000100 -&gt; 0x00003fe0\n[    0.000000] ACPI: PM-Timer IO Port: 0x608\n[    0.000000] ACPI: LAPIC (acpi_id[0x00] lapic_id[0x00] enabled)\n[    0.000000] ACPI: LAPIC_NMI (acpi_id[0xff] dfl dfl lint[0x1])\n[    0.000000] ACPI: IOAPIC (id[0x00] address[0xfec00000] gsi_base[0])\n[    0.000000] IOAPIC[0]: apic_id 0, version 17, address 0xfec00000, GSI 0-23\n[    0.000000] ACPI: INT_SRC_OVR (bus 0 bus_irq 0 global_irq 2 dfl dfl)\n[    0.000000] ACPI: INT_SRC_OVR (bus 0 bus_irq 5 global_irq 5 high level)\n[    0.000000] ACPI: INT_SRC_OVR (bus 0 bus_irq 9 global_irq 9 high level)\n[    0.000000] ACPI: INT_SRC_OVR (bus 0 bus_irq 10 global_irq 10 high level)\n[    0.000000] ACPI: INT_SRC_OVR (bus 0 bus_irq 11 global_irq 11 high level)\n[    0.000000] Using ACPI (MADT) for SMP configuration information\n[    0.000000] SMP: Allowing 1 CPUs, 0 hotplug CPUs\n[    0.000000] PM: Registered nosave memory: 000000000009f000 - 00000000000a0000\n[    0.000000] PM: Registered nosave memory: 00000000000a0000 - 00000000000f0000\n[    0.000000] PM: Registered nosave memory: 00000000000f0000 - 0000000000100000\n[    0.000000] Allocating PCI resources starting at 4000000 (gap: 4000000:faffc000)\n[    0.000000] Booting paravirtualized kernel on KVM\n[    0.000000] setup_percpu: NR_CPUS:64 nr_cpum
2016-01-14 10:53:43,499 26669 DEBUG    [tempest.scenario.manager] Console output for 487b34d1-a98d-43f3-87f2-e2ed1c91ab57
body=
[    0.000000] Initializing cgroup subsys cpuset
[    0.000000] Initializing cgroup subsys cpu
[    0.000000] Linux version 3.2.0-80-virtual (buildd@batsu) (gcc version 4.6.3 (Ubuntu/Linaro 4.6.3-1ubuntu5) ) #116-Ubuntu SMP Mon Mar 23 17:28:52 UTC 2015 (Ubuntu 3.2.0-80.116-virtual 3.2.68)
[    0.000000] Command line: root=/dev/vda console=tty0 console=ttyS0
[    0.000000] KERNEL supported cpus:
[    0.000000]   Intel GenuineIntel
[    0.000000]   AMD AuthenticAMD
[    0.000000]   Centaur CentaurHauls
[    0.000000] BIOS-provided physical RAM map:
[    0.000000]  BIOS-e820: 0000000000000000 - 000000000009fc00 (usable)
[    0.000000]  BIOS-e820: 000000000009fc00 - 00000000000a0000 (reserved)
[    0.000000]  BIOS-e820: 00000000000f0000 - 0000000000100000 (reserved)
[    0.000000]  BIOS-e820: 0000000000100000 - 0000000003fe0000 (usable)
[    0.000000]  BIOS-e820: 0000000003fe0000 - 0000000004000000 (reserved)
[    0.000000]  BIOS-e820: 00000000feffc000 - 00000000ff000000 (reserved)
[    0.000000]  BIOS-e820: 00000000fffc0000 - 0000000100000000 (reserved)
[    0.000000] NX (Execute Disable) protection: active
[    0.000000] SMBIOS 2.8 present.
[    0.000000] No AGP bridge found
[    0.000000] last_pfn = 0x3fe0 max_arch_pfn = 0x400000000
[    0.000000] PAT not supported by CPU.
[    0.000000] found SMP MP-table at [ffff8800000f6620] f6620
[    0.000000] init_memory_mapping: 0000000000000000-0000000003fe0000
[    0.000000] RAMDISK: 03c4e000 - 03fe0000
[    0.000000] ACPI: RSDP 00000000000f6410 00014 (v00 BOCHS )
[    0.000000] ACPI: RSDT 0000000003fe1671 00030 (v01 BOCHS  BXPCRSDT 00000001 BXPC 00000001)
[    0.000000] ACPI: FACP 0000000003fe0bda 00074 (v01 BOCHS  BXPCFACP 00000001 BXPC 00000001)
[    0.000000] ACPI: DSDT 0000000003fe0040 00B9A (v01 BOCHS  BXPCDSDT 00000001 BXPC 00000001)
[    0.000000] ACPI: FACS 0000000003fe0000 00040
[    0.000000] ACPI: SSDT 0000000003fe0c4e 009AB (v01 BOCHS  BXPCSSDT 00000001 BXPC 00000001)
[    0.000000] ACPI: APIC 0000000003fe15f9 00078 (v01 BOCHS  BXPCAPIC 00000001 BXPC 00000001)
[    0.000000] No NUMA configuration found
[    0.000000] Faking a node at 0000000000000000-0000000003fe0000
[    0.000000] Initmem setup node 0 0000000000000000-0000000003fe0000
[    0.000000]   NODE_DATA [0000000003c46000 - 0000000003c4afff]
[    0.000000] kvm-clock: Using msrs 4b564d01 and 4b564d00
[    0.000000] kvm-clock: cpu 0, msr 0:1cf76c1, boot clock
[    0.000000] Zone PFN ranges:
[    0.000000]   DMA      0x00000010 -&gt; 0x00001000
[    0.000000]   DMA32    0x00001000 -&gt; 0x00100000
[    0.000000]   Normal   empty
[    0.000000] Movable zone start PFN for each node
[    0.000000] early_node_map[2] active PFN ranges
[    0.000000]     0: 0x00000010 -&gt; 0x0000009f
[    0.000000]     0: 0x00000100 -&gt; 0x00003fe0
[    0.000000] ACPI: PM-Timer IO Port: 0x608
[    0.000000] ACPI: LAPIC (acpi_id[0x00] lapic_id[0x00] enabled)
[    0.000000] ACPI: LAPIC_NMI (acpi_id[0xff] dfl dfl lint[0x1])
[    0.000000] ACPI: IOAPIC (id[0x00] address[0xfec00000] gsi_base[0])
[    0.000000] IOAPIC[0]: apic_id 0, version 17, address 0xfec00000, GSI 0-23
[    0.000000] ACPI: INT_SRC_OVR (bus 0 bus_irq 0 global_irq 2 dfl dfl)
[    0.000000] ACPI: INT_SRC_OVR (bus 0 bus_irq 5 global_irq 5 high level)
[    0.000000] ACPI: INT_SRC_OVR (bus 0 bus_irq 9 global_irq 9 high level)
[    0.000000] ACPI: INT_SRC_OVR (bus 0 bus_irq 10 global_irq 10 high level)
[    0.000000] ACPI: INT_SRC_OVR (bus 0 bus_irq 11 global_irq 11 high level)
[    0.000000] Using ACPI (MADT) for SMP configuration information
[    0.000000] SMP: Allowing 1 CPUs, 0 hotplug CPUs
[    0.000000] PM: Registered nosave memory: 000000000009f000 - 00000000000a0000
[    0.000000] PM: Registered nosave memory: 00000000000a0000 - 00000000000f0000
[    0.000000] PM: Registered nosave memory: 00000000000f0000 - 0000000000100000
[    0.000000] Allocating PCI resources starting at 4000000 (gap: 4000000:faffc000)
[    0.000000] Booting paravirtualized kernel on KVM
[    0.000000] setup_percpu: NR_CPUS:64 nr_cpumask_bits:64 nr_cpu_ids:1 nr_node_ids:1
[    0.000000] PERCPU: Embedded 27 pages/cpu @ffff880003a00000 s78848 r8192 d23552 u2097152
[    0.000000] kvm-clock: cpu 0, msr 0:3a126c1, primary cpu clock
[    0.000000] KVM setup async PF for cpu 0
[    0.000000] kvm-stealtime: cpu 0, msr 3a0cd40
[    0.000000] Built 1 zonelists in Node order, mobility grouping on.  Total pages: 15978
[    0.000000] Policy zone: DMA32
[    0.000000] Kernel command line: root=/dev/vda console=tty0 console=ttyS0
[    0.000000] PID hash table entries: 256 (order: -1, 2048 bytes)
[    0.000000] Checking aperture...
[    0.000000] No AGP bridge found
[    0.000000] Memory: 43372k/65408k available (6576k kernel code, 452k absent, 21584k reserved, 6620k data, 928k init)
[    0.000000] SLUB: Genslabs=15, HWalign=64, Order=0-3, MinObjects=0, CPUs=1, Nodes=1
[    0.000000] Hierarchical RCU implementation.
[    0.000000] 	RCU dyntick-idle grace-period acceleration is enabled.
[    0.000000] NR_IRQS:4352 nr_irqs:256 16
[    0.000000] Console: colour VGA+ 80x25
[    0.000000] console [tty0] enabled
[    0.000000] console [ttyS0] enabled
[    0.000000] allocated 1048576 bytes of page_cgroup
[    0.000000] please try 'cgroup_disable=memory' option if you don't want memory cgroups
[    0.000000] Detected 2494.226 MHz processor.
[    0.008000] Calibrating delay loop (skipped) preset value.. 4988.45 BogoMIPS (lpj=9976904)
[    0.008000] pid_max: default: 32768 minimum: 301
[    0.008000] Security Framework initialized
[    0.008000] AppArmor: AppArmor initialized
[    0.008009] Yama: becoming mindful.
[    0.008647] Dentry cache hash table entries: 8192 (order: 4, 65536 bytes)
[    0.009786] Inode-cache hash table entries: 4096 (order: 3, 32768 bytes)
[    0.010951] Mount-cache hash table entries: 256
[    0.012286] Initializing cgroup subsys cpuacct
[    0.013287] Initializing cgroup subsys memory
[    0.014230] Initializing cgroup subsys devices
[    0.015162] Initializing cgroup subsys freezer
[    0.016021] Initializing cgroup subsys blkio
[    0.017005] Initializing cgroup subsys perf_event
[    0.018194] mce: CPU supports 10 MCE banks
[    0.019426] SMP alternatives: switching to UP code
[    0.042917] Freeing SMP alternatives: 24k freed
[    0.043904] ACPI: Core revision 20110623
[    0.045159] ftrace: allocating 26610 entries in 105 pages
[    0.048246] Enabling x2apic
[    0.048957] Enabled x2apic
[    0.049797] Switched APIC routing to physical x2apic.
[    0.052622] ..TIMER: vector=0x30 apic1=0 pin1=2 apic2=-1 pin2=-1
[    0.053685] CPU0: Intel QEMU Virtual CPU version 2.3.0 stepping 03
[    0.056003] Performance Events: Broken PMU hardware detected, using software events only.
[    0.056003] NMI watchdog disabled (cpu0): hardware events not enabled
[    0.056003] Brought up 1 CPUs
[    0.056003] Total of 1 processors activated (4988.45 BogoMIPS).
[    0.058558] devtmpfs: initialized
[    0.060234] EVM: security.selinux
[    0.060844] EVM: security.SMACK64
[    0.061516] EVM: security.capability
[    0.062881] print_constraints: dummy: 
[    0.063490] RTC time: 16:51:41, date: 01/14/16
[    0.064061] NET: Registered protocol family 16
[    0.064765] ACPI: bus type pci registered
[    0.065447] PCI: Using configuration type 1 for base access
[    0.066982] bio: create slab &lt;bio-0&gt; at 0
[    0.067653] ACPI: Added _OSI(Module Device)
[    0.068007] ACPI: Added _OSI(Processor Device)
[    0.068619] ACPI: Added _OSI(3.0 _SCP Extensions)
[    0.069203] ACPI: Added _OSI(Processor Aggregator Device)
[    0.070681] ACPI: Interpreter enabled
[    0.071168] ACPI: (supports S0 S3 S4 S5)
[    0.072009] ACPI: Using IOAPIC for interrupt routing
[    0.074490] ACPI: No dock devices found.
[    0.075058] HEST: Table not found.
[    0.075514] PCI: Using host bridge windows from ACPI; if necessary, use "pci=nocrs" and report a bug
[    0.076023] ACPI: PCI Root Bridge [PCI0] (domain 0000 [bus 00-ff])
[    0.076817] pci_root PNP0A03:00: host bridge window [io  0x0000-0x0cf7]
[    0.077584] pci_root PNP0A03:00: host bridge window [io  0x0d00-0xffff]
[    0.078355] pci_root PNP0A03:00: host bridge window [mem 0x000a0000-0x000bffff]
[    0.080007] pci_root PNP0A03:00: host bridge window [mem 0x04000000-0xfebfffff]
[    0.094352] pci 0000:00:01.3: quirk: [io  0x0600-0x063f] claimed by PIIX4 ACPI
[    0.095724] pci 0000:00:01.3: quirk: [io  0x0700-0x070f] claimed by PIIX4 SMB
[    0.163050]  pci0000:00: Unable to request _OSC control (_OSC support mask: 0x1e)
[    0.165896] ACPI: PCI Interrupt Link [LNKA] (IRQs 5 *10 11)
[    0.167003] ACPI: PCI Interrupt Link [LNKB] (IRQs 5 *10 11)
[    0.168060] ACPI: PCI Interrupt Link [LNKC] (IRQs 5 10 *11)
[    0.169081] ACPI: PCI Interrupt Link [LNKD] (IRQs 5 10 *11)
[    0.170073] ACPI: PCI Interrupt Link [LNKS] (IRQs *9)
[    0.171079] vgaarb: device added: PCI:0000:00:02.0,decodes=io+mem,owns=io+mem,locks=none
[    0.172013] vgaarb: loaded
[    0.172426] vgaarb: bridge control possible 0000:00:02.0
[    0.173171] i2c-core: driver [aat2870] using legacy suspend method
[    0.173919] i2c-core: driver [aat2870] using legacy resume method
[    0.174811] SCSI subsystem initialized
[    0.175539] usbcore: registered new interface driver usbfs
[    0.176042] usbcore: registered new interface driver hub
[    0.176901] usbcore: registered new device driver usb
[    0.177641] PCI: Using ACPI for IRQ routing
[    0.178437] NetLabel: Initializing
[    0.178895] NetLabel:  domain hash size = 128
[    0.179471] NetLabel:  protocols = UNLABELED CIPSOv4
[    0.180031] NetLabel:  unlabeled traffic allowed by default
[    0.180773] Switching to clocksource kvm-clock
[    0.195657] AppArmor: AppArmor Filesystem Enabled
[    0.196426] pnp: PnP ACPI init
[    0.196940] ACPI: bus type pnp registered
[    0.198049] pnp: PnP ACPI: found 10 devices
[    0.198644] ACPI: ACPI bus type pnp unregistered
[    0.204998] NET: Registered protocol family 2
[    0.207286] IP route cache hash table entries: 512 (order: 0, 4096 bytes)
[    0.208278] TCP established hash table entries: 2048 (order: 3, 32768 bytes)
[    0.209161] TCP bind hash table entries: 2048 (order: 3, 32768 bytes)
[    0.209949] TCP: Hash tables configured (established 2048 bind 2048)
[    0.210688] TCP reno registered
[    0.211145] UDP hash table entries: 128 (order: 0, 4096 bytes)
[    0.211832] UDP-Lite hash table entries: 128 (order: 0, 4096 bytes)
[    0.213519] NET: Registered protocol family 1
[    0.214100] pci 0000:00:00.0: Limiting direct PCI/PCI transfers
[    0.214873] pci 0000:00:01.0: PIIX3: Enabling Passive Release
[    0.215593] pci 0000:00:01.0: Activating ISA DMA hang workarounds
[    0.216422] ACPI: PCI Interrupt Link [LNKD] enabled at IRQ 11
[    0.217116] pci 0000:00:01.2: PCI INT D -&gt; Link[LNKD] -&gt; GSI 11 (level, high) -&gt; IRQ 11
[    0.218499] pci 0000:00:01.2: PCI INT D disabled
[    0.219420] audit: initializing netlink socket (disabled)
[    0.220132] type=2000 audit(1452790301.220:1): initialized
[    0.238522] Trying to unpack rootfs image as initramfs...
[    0.264047] HugeTLB registered 2 MB page size, pre-allocated 0 pages
[    0.266138] VFS: Disk quotas dquot_6.5.2
[    0.266721] Dquot-cache hash table entries: 512 (order 0, 4096 bytes)
[    0.272239] fuse init (API version 7.17)
[    0.272910] msgmni has been set to 84
[    0.288202] Block layer SCSI generic (bsg) driver version 0.4 loaded (major 253)
[    0.289226] io scheduler noop registered
[    0.289749] io scheduler deadline registered (default)
[    0.290459] io scheduler cfq registered
[    0.291090] pci_hotplug: PCI Hot Plug PCI Core version: 0.5
[    0.291754] pciehp: PCI Express Hot Plug Controller Driver version: 0.4
[    0.292626] input: Power Button as /devices/LNXSYSTM:00/LNXPWRBN:00/input/input0
[    0.294019] ACPI: Power Button [PWRF]
[    0.300627] ERST: Table is not found!
[    0.301174] GHES: HEST is not enabled!
[    0.301853] ACPI: PCI Interrupt Link [LNKC] enabled at IRQ 10
[    0.302572] virtio-pci 0000:00:03.0: PCI INT A -&gt; Link[LNKC] -&gt; GSI 10 (level, high) -&gt; IRQ 10
[    0.304214] virtio-pci 0000:00:04.0: PCI INT A -&gt; Link[LNKD] -&gt; GSI 11 (level, high) -&gt; IRQ 11
[    0.312272] ACPI: PCI Interrupt Link [LNKA] enabled at IRQ 10
[    0.312968] virtio-pci 0000:00:05.0: PCI INT A -&gt; Link[LNKA] -&gt; GSI 10 (level, high) -&gt; IRQ 10
[    0.314689] Serial: 8250/16550 driver, 32 ports, IRQ sharing enabled
[    0.338282] serial8250: ttyS0 at I/O 0x3f8 (irq = 4) is a 16550A
[    0.346623] Freeing initrd memory: 3656k freed
[    0.370627] serial8250: ttyS1 at I/O 0x2f8 (irq = 3) is a 16550A
[    0.395026] 00:05: ttyS0 at I/O 0x3f8 (irq = 4) is a 16550A
[    0.418505] 00:06: ttyS1 at I/O 0x2f8 (irq = 3) is a 16550A
[    0.419398] Linux agpgart interface v0.103
[    0.420746] brd: module loaded
[    0.421653] loop: module loaded
[    0.423581]  vda: unknown partition table
[    0.425578] scsi0 : ata_piix
[    0.426329] scsi1 : ata_piix
[    0.426893] ata1: PATA max MWDMA2 cmd 0x1f0 ctl 0x3f6 bmdma 0xc0a0 irq 14
[    0.427706] ata2: PATA max MWDMA2 cmd 0x170 ctl 0x376 bmdma 0xc0a8 irq 15
[    0.428746] Fixed MDIO Bus: probed
[    0.429279] tun: Universal TUN/TAP device driver, 1.6
[    0.429900] tun: (C) 1999-2004 Max Krasnyansky &lt;maxk@qualcomm.com&gt;
[    0.431619] PPP generic driver version 2.4.2
[    0.432265] ehci_hcd: USB 2.0 'Enhanced' Host Controller (EHCI) Driver
[    0.433036] ohci_hcd: USB 1.1 'Open' Host Controller (OHCI) Driver
[    0.433792] uhci_hcd: USB Universal Host Controller Interface driver
[    0.434533] uhci_hcd 0000:00:01.2: PCI INT D -&gt; Link[LNKD] -&gt; GSI 11 (level, high) -&gt; IRQ 11
[    0.436351] uhci_hcd 0000:00:01.2: UHCI Host Controller
[    0.437254] uhci_hcd 0000:00:01.2: new USB bus registered, assigned bus number 1
[    0.438256] uhci_hcd 0000:00:01.2: irq 11, io base 0x0000c040
[    0.439102] hub 1-0:1.0: USB hub found
[    0.439624] hub 1-0:1.0: 2 ports detected
[    0.440424] usbcore: registered new interface driver libusual
[    0.441601] i8042: PNP: PS/2 Controller [PNP0303:KBD,PNP0f13:MOU] at 0x60,0x64 irq 1,12
[    0.445065] serio: i8042 KBD port at 0x60,0x64 irq 1
[    0.446155] serio: i8042 AUX port at 0x60,0x64 irq 12
[    0.447445] mousedev: PS/2 mouse device common for all mice
[    0.448916] input: AT Translated Set 2 keyboard as /devices/platform/i8042/serio0/input/input1
[    0.450982] rtc_cmos 00:01: RTC can wake from S4
[    0.452238] rtc_cmos 00:01: rtc core: registered rtc_cmos as rtc0
[    0.453612] rtc0: alarms up to one day, 114 bytes nvram
[    0.454778] device-mapper: uevent: version 1.0.3
[    0.455958] device-mapper: ioctl: 4.22.0-ioctl (2011-10-19) initialised: dm-devel@redhat.com
[    0.457840] cpuidle: using governor ladder
[    0.458779] cpuidle: using governor menu
[    0.459722] EFI Variables Facility v0.08 2004-May-17
[    0.461031] TCP cubic registered
[    0.461914] NET: Registered protocol family 10
[    0.463428] NET: Registered protocol family 17
[    0.464382] Registering the dns_resolver key type
[    0.465632] registered taskstats version 1
[    0.469760]   Magic number: 0:58:894
[    0.470716] rtc_cmos 00:01: setting system clock to 2016-01-14 16:51:42 UTC (1452790302)
[    0.472521] BIOS EDD facility v0.16 2004-Jun-25, 0 devices found
[    0.473749] EDD information not available.
[    0.592498] ata2.01: ATAPI: QEMU DVD-ROM, 2.3.0, max UDMA/100
[    0.594008] ata2.01: configured for MWDMA2
[    0.594958] scsi 1:0:1:0: CD-ROM            QEMU     QEMU DVD-ROM     2.3. PQ: 0 ANSI: 5
[    0.596352] sr0: scsi3-mmc drive: 4x/4x cd/rw xa/form2 tray
[    0.597084] cdrom: Uniform CD-ROM driver Revision: 3.20
[    0.597950] sr 1:0:1:0: Attached scsi generic sg0 type 5
[    0.599709] Freeing unused kernel memory: 928k freed
[    0.600600] Write protecting the kernel read-only data: 12288k
[    0.604761] Freeing unused kernel memory: 1596k freed
[    0.610280] Freeing unused kernel memory: 1184k freed

info: initramfs: up at 0.61
modprobe: module virtio_blk not found in modules.dep
modprobe: module virtio_net not found in modules.dep
info: copying initramfs to /dev/vda
info: initramfs loading root from /dev/vda
info: /etc/init.d/rc.sysinit: up at 1.01
info: container: none
Starting logging: OK
modprobe: module virtio_blk not found in modules.dep
modprobe: module virtio_net not found in modules.dep
WARN: /etc/rc3.d/S10-load-modules failed
Initializing random number generator... done.
Starting acpid: OK
cirros-ds 'local' up at 1.04
found datasource (configdrive, local)
Starting network...
udhcpc (v1.20.1) started
Sending discover...
Sending select for 10.100.0.3...
Lease of 10.100.0.3 obtained, lease time 86400
route: SIOCADDRT: File exists
WARN: failed: route add -net "0.0.0.0/0" gw "10.100.0.1"
Starting dropbear sshd: generating rsa key... generating dsa key... OK
no userdata for datasource
=== system information ===
Platform: OpenStack Foundation OpenStack Nova
Container: none
Arch: x86_64
CPU(s): 1 @ 2494.226 MHz
Cores/Sockets/Threads: 1/1/1
Virt-type: VT-x
RAM Size: 49MB
Disks:
NAME MAJ:MIN     SIZE LABEL         MOUNTPOINT
vda  253:0   25165824 cirros-rootfs /
sr0   11:0     428032 config-2      
=== sshd host keys ===
-----BEGIN SSH HOST KEY KEYS-----
ssh-rsa AAAAB3NzaC1yc2EAAAADAQABAAAAgwDUAaF7d+84FbCJlBalPc7l6VM6nFGtuv39dENO7WG7mZAGQkS8Yo7Ygbkk/GMkKI9Hv0kSNVStM+8ujYZN6kRd14yevzSBSNNJcsXX8VykCgvXOFIIDdIXKEq+yZZoTXp8Qxny+1aBm5nyU01KnLWmSWFHB5bdFbnfr5VgXPN+RQS9 root@tempest
ssh-dss AAAAB3NzaC1kc3MAAACBAKHWVK/yKt7WVv4LSM2aiw2AbXGWSUmZEn/gTieVtY/8FJetOmQq9AneBzYYvyT6HfwtrgnXKT1EW249GHU3ybnSfsrKVb695rtHPV2sCzRZtl1pHHHP3EBNfYjUjsHcPaKo3UyL3rAufPtocbxhI7o5JCumtJ7jYrR3EwGrZWnbAAAAFQCfnlDdLTN+5Ghjo5WD9IX6HdJH3QAAAIACyw4tEfhy0oLMkB4ErUy1YIsmRDv15uMdsAiUVnKZ8+3/cgRg4dmZGHdPtct0C7xV++HT2EWB2WxuXzPlFkZv21su7L7itQc++NziIPfn0HHBu8977D5AiXz0a5LgsG9Ftz4kOp4klQ2FfBoW+KYL6Tn2mMfbKraOuZUk8TJCdwAAAIAvpp07YSX3L14PghVbZIEt2rGX9UI+qfnTNShb1Evr3aN4PkUBXqHJ3QTFeEI/JpMNkGk9+2Em9ddfl28xOhEwn2GdUhSn9m0RASwSGr+Nt2jk0LbNGy8H66Yi83HfwEWpMTFOdua47/UU7b3UVCL2cSJZzZHtfCQjX+AsWEiyFQ== root@tempest
-----END SSH HOST KEY KEYS-----
=== network info ===
if-info: lo,up,127.0.0.1,8,::1
if-info: eth0,up,10.100.0.3,28,fe80::f816:3eff:feb2:80cf
ip-route:default via 10.100.0.1 dev eth0 
ip-route:10.100.0.0/28 dev eth0  src 10.100.0.3 
ip-route:169.254.169.254 via 10.100.0.1 dev eth0 
=== datasource: configdrive local ===
instance-id: 487b34d1-a98d-43f3-87f2-e2ed1c91ab57
name: tempest.common.compute-instance-649683953
availability-zone: nova
local-hostname: tempest.common.compute-instance-649683953.novalocal
launch-index: 0
=== cirros: current=0.3.4 uptime=1.25 ===
=== pinging gateway failed, debugging connection ===
############ debug start ##############
### /etc/init.d/sshd start
Starting dropbear sshd: OK
### ifconfig -a
eth0      Link encap:Ethernet  HWaddr FA:16:3E:B2:80:CF  
          inet addr:10.100.0.3  Bcast:10.100.0.15  Mask:255.255.255.240
          inet6 addr: fe80::f816:3eff:feb2:80cf/64 Scope:Link
          UP BROADCAST RUNNING MULTICAST  MTU:1500  Metric:1
          RX packets:29 errors:0 dropped:3 overruns:0 frame:0
          TX packets:8 errors:0 dropped:0 overruns:0 carrier:0
          collisions:0 txqueuelen:1000 
          RX bytes:5014 (4.8 KiB)  TX bytes:1113 (1.0 KiB)

lo        Link encap:Local Loopback  
          inet addr:127.0.0.1  Mask:255.0.0.0
          inet6 addr: ::1/128 Scope:Host
          UP LOOPBACK RUNNING  MTU:16436  Metric:1
          RX packets:0 errors:0 dropped:0 overruns:0 frame:0
          TX packets:0 errors:0 dropped:0 overruns:0 carrier:0
          collisions:0 txqueuelen:0 
          RX bytes:0 (0.0 B)  TX bytes:0 (0.0 B)

### route -n
Kernel IP routing table
Destination     Gateway         Genmask         Flags Metric Ref    Use Iface
0.0.0.0         10.100.0.1      0.0.0.0         UG    0      0        0 eth0
10.100.0.0      0.0.0.0         255.255.255.240 U     0      0        0 eth0
169.254.169.254 10.100.0.1      255.255.255.255 UGH   0      0        0 eth0
### cat /etc/resolv.conf
search openstacklocal
nameserver 10.100.0.2
### ping -c 5 10.100.0.1
PING 10.100.0.1 (10.100.0.1): 56 data bytes

--- 10.100.0.1 ping statistics ---
5 packets transmitted, 0 packets received, 100% packet loss
### pinging nameservers
#### ping -c 5 10.100.0.2
PING 10.100.0.2 (10.100.0.2): 56 data bytes
64 bytes from 10.100.0.2: seq=0 ttl=64 time=0.316 ms
64 bytes from 10.100.0.2: seq=1 ttl=64 time=0.181 ms
64 bytes from 10.100.0.2: seq=2 ttl=64 time=0.197 ms
64 bytes from 10.100.0.2: seq=3 ttl=64 time=0.136 ms
64 bytes from 10.100.0.2: seq=4 ttl=64 time=0.128 ms

--- 10.100.0.2 ping statistics ---
5 packets transmitted, 5 packets received, 0% packet loss
round-trip min/avg/max = 0.128/0.191/0.316 ms
### uname -a
Linux tempest 3.2.0-80-virtual #116-Ubuntu SMP Mon Mar 23 17:28:52 UTC 2015 x86_64 GNU/Linux
### lsmod
Module                  Size  Used by    Not tainted
nls_iso8859_1          12713  0 
nls_cp437              16991  0 
vfat                   17585  0 
fat                    61512  1 vfat
isofs                  40259  0 
ip_tables              27473  0 
x_tables               29891  1 ip_tables
pcnet32                42119  0 
8139cp                 27360  0 
ne2k_pci               13691  0 
8390                   18856  1 ne2k_pci
e1000                 108589  0 
acpiphp                24231  0 
### dmesg | tail
[    0.640358] ISO 9660 Extensions: Microsoft Joliet Level 3
[    0.645424] ISO 9660 Extensions: RRIP_1991A
[    0.706788] kjournald starting.  Commit interval 5 seconds
[    0.751967] EXT3-fs (vda): using internal journal
[    0.751972] EXT3-fs (vda): mounted filesystem with ordered data mode
[    1.014737] EXT3-fs (vda): using internal journal
[    1.071281] ISO 9660 Extensions: Microsoft Joliet Level 3
[    1.072836] ISO 9660 Extensions: RRIP_1991A
[    1.236065] Refined TSC clocksource calibration: 2494.222 MHz.
[   11.944095] eth0: no IPv6 routers present
### tail -n 25 /var/log/messages
Jan 14 16:51:43 cirros syslog.info syslogd started: BusyBox v1.20.1
Jan 14 16:51:43 cirros kern.notice kernel: klogd started: BusyBox v1.20.1 (2015-05-07 14:44:59 UTC)
Jan 14 16:51:43 cirros kern.info kernel: [    0.000000] Initializing cgroup subsys cpuset
Jan 14 16:51:43 cirros kern.info kernel: [    0.000000] Initializing cgroup subsys cpu
Jan 14 16:51:43 cirros kern.notice kernel: [    0.000000] Linux version 3.2.0-80-virtual (buildd@batsu) (gcc version 4.6.3 (Ubuntu/Linaro 4.6.3-1ubuntu5) ) #116-Ubuntu SMP Mon Mar 23 17:28:52 UTC 2015 (Ubuntu 3.2.0-80.116-virtual 3.2.68)
Jan 14 16:51:43 cirros kern.info kernel: [    0.000000] Command line: root=/dev/vda console=tty0 console=ttyS0
Jan 14 16:51:43 cirros kern.info kernel: [    0.000000] KERNEL supported cpus:
Jan 14 16:51:43 cirros kern.info kernel: [    0.000000]   Intel GenuineIntel
Jan 14 16:51:43 cirros kern.info kernel: [    0.000000]   AMD AuthenticAMD
Jan 14 16:51:43 cirros kern.info kernel: [    0.000000]   Centaur CentaurHauls
Jan 14 16:51:43 cirros kern.info kernel: [    0.000000] BIOS-provided physical RAM map:
Jan 14 16:51:43 cirros kern.info kernel: [    0.000000]  BIOS-e820: 0000000000000000 - 000000000009fc00 (usable)
Jan 14 16:51:43 cirros kern.debug kernel: [    1.071281] ISO 9660 Extensions: Microsoft Joliet Level 3
Jan 14 16:51:43 cirros kern.debug kernel: [    1.072836] ISO 9660 Extensions: RRIP_1991A
Jan 14 16:51:43 cirros auth.notice su: + /dev/console root:cirros
Jan 14 16:51:43 cirros authpriv.info dropbear[293]: Running in background
Jan 14 16:51:43 cirros kern.info kernel: [    1.236065] Refined TSC clocksource calibration: 2494.222 MHz.
Jan 14 16:51:53 cirros kern.debug kernel: [   11.944095] eth0: no IPv6 routers present
############ debug end   ##############
  ____               ____  ____
 / __/ __ ____ ____ / __ \/ __/
/ /__ / // __// __// /_/ /\ \ 
\___//_//_/  /_/   \____/___/ 
   http://cirros-cloud.net


login as 'cirros' user. default password: 'cubswin:)'. use 'sudo' for root.
tempest login: 
2016-01-14 10:53:43,644 26669 INFO     [tempest_lib.common.rest_client] Request (TestNetworkBasicOps:_run_cleanups): 204 DELETE http://10.66.8.130:9696/v2.0/floatingips/236c2b55-2f94-42a8-8b98-e603b93cabd8 0.138s
2016-01-14 10:53:43,644 26669 DEBUG    [tempest_lib.common.rest_client] Request - Headers: {'Content-Type': 'application/json', 'Accept': 'application/json', 'X-Auth-Token': '&lt;omitted&gt;'}
        Body: None
    Response - Headers: {'date': 'Thu, 14 Jan 2016 16:53:43 GMT', 'status': '204', 'connection': 'close', 'content-length': '0', 'x-openstack-request-id': 'req-a990c523-737a-44f4-9f8a-822c49fd1b5f'}
        Body: 
2016-01-14 10:53:43,774 26669 INFO     [tempest_lib.common.rest_client] Request (TestNetworkBasicOps:_run_cleanups): 204 DELETE http://10.66.8.130:8774/v2.1/8709a4a0fb4c4bbcbf1413e152eb4c3c/servers/487b34d1-a98d-43f3-87f2-e2ed1c91ab57 0.129s
2016-01-14 10:53:43,774 26669 DEBUG    [tempest_lib.common.rest_client] Request - Headers: {'Content-Type': 'application/json', 'Accept': 'application/json', 'X-Auth-Token': '&lt;omitted&gt;'}
        Body: None
    Response - Headers: {'status': '204', 'content-length': '0', 'x-compute-request-id': 'req-dbb4e3ef-61db-454d-9682-5d47d89ab10e', 'vary': 'X-OpenStack-Nova-API-Version', 'connection': 'close', 'x-openstack-nova-api-version': '2.1', 'date': 'Thu, 14 Jan 2016 16:53:43 GMT', 'content-type': 'application/json'}
        Body: 
2016-01-14 10:53:43,927 26669 INFO     [tempest_lib.common.rest_client] Request (TestNetworkBasicOps:_run_cleanups): 200 GET http://10.66.8.130:8774/v2.1/8709a4a0fb4c4bbcbf1413e152eb4c3c/servers/487b34d1-a98d-43f3-87f2-e2ed1c91ab57 0.152s
2016-01-14 10:53:43,927 26669 DEBUG    [tempest_lib.common.rest_client] Request - Headers: {'Content-Type': 'application/json', 'Accept': 'application/json', 'X-Auth-Token': '&lt;omitted&gt;'}
        Body: None
    Response - Headers: {'status': '200', 'content-length': '1783', 'content-location': 'http://10.66.8.130:8774/v2.1/8709a4a0fb4c4bbcbf1413e152eb4c3c/servers/487b34d1-a98d-43f3-87f2-e2ed1c91ab57', 'x-compute-request-id': 'req-da918ce2-d637-4c9f-8705-d026ad365aee', 'vary': 'X-OpenStack-Nova-API-Version', 'connection': 'close', 'x-openstack-nova-api-version': '2.1', 'date': 'Thu, 14 Jan 2016 16:53:43 GMT', 'content-type': 'application/json'}
        Body: {"server": {"status": "ACTIVE", "updated": "2016-01-14T16:53:44Z", "hostId": "525ac11ba422bec1129a1548f8149c0eb000baea110d12153fca14a7", "addresses": {"tempest-network-smoke--296690979": [{"OS-EXT-IPS-MAC:mac_addr": "fa:16:3e:b2:80:cf", "version": 4, "addr": "10.100.0.3", "OS-EXT-IPS:type": "fixed"}, {"OS-EXT-IPS-MAC:mac_addr": "fa:16:3e:b2:80:cf", "version": 4, "addr": "172.24.4.4", "OS-EXT-IPS:type": "floating"}]}, "links": [{"href": "http://10.66.8.130:8774/v2.1/8709a4a0fb4c4bbcbf1413e152eb4c3c/servers/487b34d1-a98d-43f3-87f2-e2ed1c91ab57", "rel": "self"}, {"href": "http://10.66.8.130:8774/8709a4a0fb4c4bbcbf1413e152eb4c3c/servers/487b34d1-a98d-43f3-87f2-e2ed1c91ab57", "rel": "bookmark"}], "key_name": "tempest-TestNetworkBasicOps-1577898069", "image": {"id": "540c6ce7-3649-4f51-8e03-8908fc0f35ef", "links": [{"href": "http://10.66.8.130:8774/8709a4a0fb4c4bbcbf1413e152eb4c3c/images/540c6ce7-3649-4f51-8e03-8908fc0f35ef", "rel": "bookmark"}]}, "OS-EXT-STS:task_state": "deleting", "OS-EXT-STS:vm_state": "active", "OS-SRV-USG:launched_at": "2016-01-14T16:51:40.000000", "flavor": {"id": "42", "links": [{"href": "http://10.66.8.130:8774/8709a4a0fb4c4bbcbf1413e152eb4c3c/flavors/42", "rel": "bookmark"}]}, "id": "487b34d1-a98d-43f3-87f2-e2ed1c91ab57", "security_groups": [{"name": "tempest-secgroup-smoke-1070485398"}], "OS-SRV-USG:terminated_at": null, "OS-EXT-AZ:availability_zone": "nova", "user_id": "bdac9533303443c48fa4e43c9d025e2f", "name": "tempest.common.compute-instance-649683953", "created": "2016-01-14T16:51:36Z", "tenant_id": "8709a4a0fb4c4bbcbf1413e152eb4c3c", "OS-DCF:diskConfig": "MANUAL", "os-extended-volumes:volumes_attached": [], "accessIPv4": "", "accessIPv6": "", "progress": 0, "OS-EXT-STS:power_state": 1, "config_drive": "True", "metadata": {}}}
2016-01-14 10:53:44,981 26669 INFO     [tempest_lib.common.rest_client] Request (TestNetworkBasicOps:_run_cleanups): 404 GET http://10.66.8.130:8774/v2.1/8709a4a0fb4c4bbcbf1413e152eb4c3c/servers/487b34d1-a98d-43f3-87f2-e2ed1c91ab57 0.048s
2016-01-14 10:53:44,981 26669 DEBUG    [tempest_lib.common.rest_client] Request - Headers: {'Content-Type': 'application/json', 'Accept': 'application/json', 'X-Auth-Token': '&lt;omitted&gt;'}
        Body: None
    Response - Headers: {'status': '404', 'content-length': '111', 'x-compute-request-id': 'req-9e4f835f-ced8-4547-a9ec-8e445205992c', 'vary': 'X-OpenStack-Nova-API-Version', 'connection': 'close', 'x-openstack-nova-api-version': '2.1', 'date': 'Thu, 14 Jan 2016 16:53:44 GMT', 'content-type': 'application/json; charset=UTF-8'}
        Body: {"itemNotFound": {"message": "Instance 487b34d1-a98d-43f3-87f2-e2ed1c91ab57 could not be found.", "code": 404}}
2016-01-14 10:53:44,990 26669 INFO     [tempest_lib.common.rest_client] Request (TestNetworkBasicOps:_run_cleanups): 202 DELETE http://10.66.8.130:8774/v2.1/8709a4a0fb4c4bbcbf1413e152eb4c3c/os-keypairs/tempest-TestNetworkBasicOps-1577898069 0.008s
2016-01-14 10:53:44,990 26669 DEBUG    [tempest_lib.common.rest_client] Request - Headers: {'Content-Type': 'application/json', 'Accept': 'application/json', 'X-Auth-Token': '&lt;omitted&gt;'}
        Body: None
    Response - Headers: {'status': '202', 'content-length': '0', 'x-compute-request-id': 'req-c13fc601-912c-461c-9221-9b0b2415f817', 'vary': 'X-OpenStack-Nova-API-Version', 'connection': 'close', 'x-openstack-nova-api-version': '2.1', 'date': 'Thu, 14 Jan 2016 16:53:44 GMT', 'content-type': 'application/json'}
        Body: 
2016-01-14 10:53:45,301 26669 INFO     [tempest_lib.common.rest_client] Request (TestNetworkBasicOps:_run_cleanups): 200 PUT http://10.66.8.130:9696/v2.0/routers/b7be7fa2-353f-4f92-9740-b2ac5e42b0ae/remove_router_interface 0.310s
2016-01-14 10:53:45,301 26669 DEBUG    [tempest_lib.common.rest_client] Request - Headers: {'Content-Type': 'application/json', 'Accept': 'application/json', 'X-Auth-Token': '&lt;omitted&gt;'}
        Body: {"subnet_id": "2e20681c-6901-487c-8f14-89f2d09975d0"}
    Response - Headers: {'status': '200', 'content-length': '255', 'connection': 'close', 'date': 'Thu, 14 Jan 2016 16:53:45 GMT', 'content-type': 'application/json; charset=UTF-8', 'x-openstack-request-id': 'req-dc3628ea-fee1-449d-86ef-979f0f524f19'}
        Body: {"subnet_id": "2e20681c-6901-487c-8f14-89f2d09975d0", "tenant_id": "8709a4a0fb4c4bbcbf1413e152eb4c3c", "subnet_ids": ["2e20681c-6901-487c-8f14-89f2d09975d0"], "port_id": "1d62ea0d-b9ac-4c0a-afca-15b687971020", "id": "b7be7fa2-353f-4f92-9740-b2ac5e42b0ae"}
2016-01-14 10:53:45,607 26669 INFO     [tempest_lib.common.rest_client] Request (TestNetworkBasicOps:_run_cleanups): 204 DELETE http://10.66.8.130:9696/v2.0/subnets/2e20681c-6901-487c-8f14-89f2d09975d0 0.306s
2016-01-14 10:53:45,608 26669 DEBUG    [tempest_lib.common.rest_client] Request - Headers: {'Content-Type': 'application/json', 'Accept': 'application/json', 'X-Auth-Token': '&lt;omitted&gt;'}
        Body: None
    Response - Headers: {'date': 'Thu, 14 Jan 2016 16:53:45 GMT', 'status': '204', 'connection': 'close', 'content-length': '0', 'x-openstack-request-id': 'req-4ab4cc26-11bc-4402-bcaf-5dc517487807'}
        Body: 
2016-01-14 10:53:45,666 26669 INFO     [tempest_lib.common.rest_client] Request (TestNetworkBasicOps:_run_cleanups): 200 GET http://10.66.8.130:9696/v2.0/routers/b7be7fa2-353f-4f92-9740-b2ac5e42b0ae 0.057s
2016-01-14 10:53:45,666 26669 DEBUG    [tempest_lib.common.rest_client] Request - Headers: {'Content-Type': 'application/json', 'Accept': 'application/json', 'X-Auth-Token': '&lt;omitted&gt;'}
        Body: None
    Response - Headers: {'status': '200', 'content-length': '500', 'content-location': 'http://10.66.8.130:9696/v2.0/routers/b7be7fa2-353f-4f92-9740-b2ac5e42b0ae', 'connection': 'close', 'date': 'Thu, 14 Jan 2016 16:53:45 GMT', 'content-type': 'application/json; charset=UTF-8', 'x-openstack-request-id': 'req-73fbb889-1e88-4045-ab97-8ff8df1a8c0b'}
        Body: {"router": {"status": "ACTIVE", "external_gateway_info": {"network_id": "bccad72f-84de-4638-a956-43cb24154c04", "enable_snat": true, "external_fixed_ips": [{"subnet_id": "202c99cc-47bf-4ae6-b656-548838a60c73", "ip_address": "172.24.4.3"}, {"subnet_id": "4e779ef7-540b-4c13-8442-f920120b7823", "ip_address": "2001:db8::4"}]}, "name": "tempest-router-smoke-993875354", "admin_state_up": true, "tenant_id": "8709a4a0fb4c4bbcbf1413e152eb4c3c", "routes": [], "id": "b7be7fa2-353f-4f92-9740-b2ac5e42b0ae"}}
