<?xml version="1.0" encoding="UTF-8"?>
<!DOCTYPE html PUBLIC "-//W3C//DTD XHTML 1.0 Strict//EN"
     "http://www.w3.org/TR/xhtml1/DTD/xhtml1-strict.dtd">
<html xmlns="http://www.w3.org/1999/xhtml">
<head>
    <title>Unit Test Report</title>
    <meta name="generator" content="subunit2html 0.1"/>
    <meta http-equiv="Content-Type" content="text/html; charset=UTF-8"/>
    
<style type="text/css" media="screen">
body        { font-family: verdana, arial, helvetica, sans-serif;
    font-size: 80%; }
table       { font-size: 100%; width: 100%;}
pre         { font-size: 80%; }

/* -- heading -------------------------------------------------------------- */
h1 {
        font-size: 16pt;
        color: gray;
}
.heading {
    margin-top: 0ex;
    margin-bottom: 1ex;
}

.heading .attribute {
    margin-top: 1ex;
    margin-bottom: 0;
}

.heading .description {
    margin-top: 4ex;
    margin-bottom: 6ex;
}

/* -- css div popup -------------------------------------------------------- */
a.popup_link {
}

a.popup_link:hover {
    color: red;
}

.popup_window {
    display: none;
    overflow-x: scroll;
    /*border: solid #627173 1px; */
    padding: 10px;
    background-color: #E6E6D6;
    font-family: "Ubuntu Mono", "Lucida Console", "Courier New", monospace;
    text-align: left;
    font-size: 8pt;
}

}
/* -- report --------------------------------------------------------------- */
#show_detail_line {
    margin-top: 3ex;
    margin-bottom: 1ex;
}
#result_table {
    width: 100%;
    border-collapse: collapse;
    border: 1px solid #777;
}
#header_row {
    font-weight: bold;
    color: white;
    background-color: #777;
}
#result_table td {
    border: 1px solid #777;
    padding: 2px;
}
#total_row  { font-weight: bold; }
.passClass  { background-color: #6c6; }
.failClass  { background-color: #c60; }
.errorClass { background-color: #c00; }
.passCase   { color: #6c6; }
.failCase   { color: #c60; font-weight: bold; }
.errorCase  { color: #c00; font-weight: bold; }
.hiddenRow  { display: none; }
.testcase   { margin-left: 2em; }
td.testname {width: 40%}
td.small {width: 40px}

/* -- ending --------------------------------------------------------------- */
#ending {
}

</style>

</head>
<body>
<script language="javascript" type="text/javascript"><!--
output_list = Array();

/* level - 0:Summary; 1:Failed; 2:All */
function showCase(level) {
    trs = document.getElementsByTagName("tr");
    for (var i = 0; i < trs.length; i++) {
        tr = trs[i];
        id = tr.id;
        if (id.substr(0,2) == 'ft') {
            if (level < 1) {
                tr.className = 'hiddenRow';
            }
            else {
                tr.className = '';
            }
        }
        if (id.substr(0,2) == 'pt') {
            if (level > 1) {
                tr.className = '';
            }
            else {
                tr.className = 'hiddenRow';
            }
        }
    }
}


function showClassDetail(cid, count) {
    var id_list = Array(count);
    var toHide = 1;
    for (var i = 0; i < count; i++) {
        tid0 = 't' + cid.substr(1) + '.' + (i+1);
        tid = 'f' + tid0;
        tr = document.getElementById(tid);
        if (!tr) {
            tid = 'p' + tid0;
            tr = document.getElementById(tid);
        }
        id_list[i] = tid;
        if (tr.className) {
            toHide = 0;
        }
    }
    for (var i = 0; i < count; i++) {
        tid = id_list[i];
        if (toHide) {
            document.getElementById('div_'+tid).style.display = 'none'
            document.getElementById(tid).className = 'hiddenRow';
        }
        else {
            document.getElementById(tid).className = '';
        }
    }
}


function showTestDetail(div_id){
    var details_div = document.getElementById(div_id)
    var displayState = details_div.style.display
    // alert(displayState)
    if (displayState != 'block' ) {
        displayState = 'block'
        details_div.style.display = 'block'
    }
    else {
        details_div.style.display = 'none'
    }
}


function html_escape(s) {
    s = s.replace(/&/g,'&amp;');
    s = s.replace(/</g,'&lt;');
    s = s.replace(/>/g,'&gt;');
    return s;
}

/* obsoleted by detail in <div>
function showOutput(id, name) {
    var w = window.open("", //url
                    name,
                    "resizable,scrollbars,status,width=800,height=450");
    d = w.document;
    d.write("<pre>");
    d.write(html_escape(output_list[id]));
    d.write("\n");
    d.write("<a href='javascript:window.close()'>close</a>\n");
    d.write("</pre>\n");
    d.close();
}
*/
--></script>

<div class='heading'>
<h1>Unit Test Report</h1>

<p class='attribute'><strong>Status:</strong> Pass 8 Failure 1</p>

<p class='description'></p>
</div>



<p id='show_detail_line'>Show
<a href='javascript:showCase(0)'>Summary</a>
<a href='javascript:showCase(1)'>Failed</a>
<a href='javascript:showCase(2)'>All</a>
</p>
<table id='result_table'>
<colgroup>
<col align='left' />
<col align='right' />
<col align='right' />
<col align='right' />
<col align='right' />
<col align='right' />
<col align='right' />
<col align='right' />
</colgroup>
<tr id='header_row'>
    <td>Test Group/Test case</td>
    <td>Count</td>
    <td>Pass</td>
    <td>Fail</td>
    <td>Error</td>
    <td>Skip</td>
    <td>View</td>
    <td> </td>
</tr>

<tr class='failClass'>
    <td class="testname">tempest.scenario.test_network_basic_ops.TestNetworkBasicOps</td>
    <td class="small">9</td>
    <td class="small">8</td>
    <td class="small">1</td>
    <td class="small">0</td>
    <td class="small">0</td>
    <td class="small"><a href="javascript:showClassDetail('c1',9)"
>Detail</a></td>
    <td> </td>
</tr>

<tr id='pt1.1' class='hiddenRow'>
    <td class='none'><div class='testcase'>test_connectivity_between_vms_on_different_networks[compute,id-1546850e-fbaa-42f5-8b5f-03d8a6a95f15,network]</div></td>
    <td colspan='7' align='left'>

    <!--css div popup start-->
    <a class="popup_link" onfocus='this.blur();'
    href="javascript:showTestDetail('div_pt1.1')" >
        pass</a>

    <div id='div_pt1.1' class="popup_window">
        <div style='text-align: right; color:red;cursor:pointer'>
        <a onfocus='this.blur();'
onclick="document.getElementById('div_pt1.1').style.display = 'none' " >
           [x]</a>
        </div>
        <pre>
        
pt1.1: tempest.scenario.test_network_basic_ops.TestNetworkBasicOps.test_connectivity_between_vms_on_different_networks[compute,id-1546850e-fbaa-42f5-8b5f-03d8a6a95f15,network]

        </pre>
    </div>
    <!--css div popup end-->

    </td>
</tr>

<tr id='pt1.2' class='hiddenRow'>
    <td class='none'><div class='testcase'>test_hotplug_nic[compute,id-c5adff73-e961-41f1-b4a9-343614f18cfa,network]</div></td>
    <td colspan='7' align='left'>

    <!--css div popup start-->
    <a class="popup_link" onfocus='this.blur();'
    href="javascript:showTestDetail('div_pt1.2')" >
        pass</a>

    <div id='div_pt1.2' class="popup_window">
        <div style='text-align: right; color:red;cursor:pointer'>
        <a onfocus='this.blur();'
onclick="document.getElementById('div_pt1.2').style.display = 'none' " >
           [x]</a>
        </div>
        <pre>
        
pt1.2: tempest.scenario.test_network_basic_ops.TestNetworkBasicOps.test_hotplug_nic[compute,id-c5adff73-e961-41f1-b4a9-343614f18cfa,network]

        </pre>
    </div>
    <!--css div popup end-->

    </td>
</tr>

<tr id='pt1.3' class='hiddenRow'>
    <td class='none'><div class='testcase'>test_network_basic_ops[compute,id-f323b3ba-82f8-4db7-8ea6-6a895869ec49,network,smoke]</div></td>
    <td colspan='7' align='left'>

    <!--css div popup start-->
    <a class="popup_link" onfocus='this.blur();'
    href="javascript:showTestDetail('div_pt1.3')" >
        pass</a>

    <div id='div_pt1.3' class="popup_window">
        <div style='text-align: right; color:red;cursor:pointer'>
        <a onfocus='this.blur();'
onclick="document.getElementById('div_pt1.3').style.display = 'none' " >
           [x]</a>
        </div>
        <pre>
        
pt1.3: tempest.scenario.test_network_basic_ops.TestNetworkBasicOps.test_network_basic_ops[compute,id-f323b3ba-82f8-4db7-8ea6-6a895869ec49,network,smoke]

        </pre>
    </div>
    <!--css div popup end-->

    </td>
</tr>

<tr id='pt1.4' class='hiddenRow'>
    <td class='none'><div class='testcase'>test_port_security_macspoofing_port[compute,id-7c0bb1a2-d053-49a4-98f9-ca1a1d849f63,network]</div></td>
    <td colspan='7' align='left'>

    <!--css div popup start-->
    <a class="popup_link" onfocus='this.blur();'
    href="javascript:showTestDetail('div_pt1.4')" >
        pass</a>

    <div id='div_pt1.4' class="popup_window">
        <div style='text-align: right; color:red;cursor:pointer'>
        <a onfocus='this.blur();'
onclick="document.getElementById('div_pt1.4').style.display = 'none' " >
           [x]</a>
        </div>
        <pre>
        
pt1.4: tempest.scenario.test_network_basic_ops.TestNetworkBasicOps.test_port_security_macspoofing_port[compute,id-7c0bb1a2-d053-49a4-98f9-ca1a1d849f63,network]

        </pre>
    </div>
    <!--css div popup end-->

    </td>
</tr>

<tr id='pt1.5' class='hiddenRow'>
    <td class='none'><div class='testcase'>test_preserve_preexisting_port[compute,id-759462e1-8535-46b0-ab3a-33aa45c55aaa,network]</div></td>
    <td colspan='7' align='left'>

    <!--css div popup start-->
    <a class="popup_link" onfocus='this.blur();'
    href="javascript:showTestDetail('div_pt1.5')" >
        pass</a>

    <div id='div_pt1.5' class="popup_window">
        <div style='text-align: right; color:red;cursor:pointer'>
        <a onfocus='this.blur();'
onclick="document.getElementById('div_pt1.5').style.display = 'none' " >
           [x]</a>
        </div>
        <pre>
        
pt1.5: tempest.scenario.test_network_basic_ops.TestNetworkBasicOps.test_preserve_preexisting_port[compute,id-759462e1-8535-46b0-ab3a-33aa45c55aaa,network]

        </pre>
    </div>
    <!--css div popup end-->

    </td>
</tr>

<tr id='pt1.6' class='hiddenRow'>
    <td class='none'><div class='testcase'>test_router_rescheduling[compute,id-2e788c46-fb3f-4ac9-8f82-0561555bea73,network]</div></td>
    <td colspan='7' align='left'>

    <!--css div popup start-->
    <a class="popup_link" onfocus='this.blur();'
    href="javascript:showTestDetail('div_pt1.6')" >
        pass</a>

    <div id='div_pt1.6' class="popup_window">
        <div style='text-align: right; color:red;cursor:pointer'>
        <a onfocus='this.blur();'
onclick="document.getElementById('div_pt1.6').style.display = 'none' " >
           [x]</a>
        </div>
        <pre>
        
pt1.6: tempest.scenario.test_network_basic_ops.TestNetworkBasicOps.test_router_rescheduling[compute,id-2e788c46-fb3f-4ac9-8f82-0561555bea73,network]

        </pre>
    </div>
    <!--css div popup end-->

    </td>
</tr>

<tr id='pt1.7' class='hiddenRow'>
    <td class='none'><div class='testcase'>test_subnet_details[compute,id-d8bb918e-e2df-48b2-97cd-b73c95450980,network]</div></td>
    <td colspan='7' align='left'>

    <!--css div popup start-->
    <a class="popup_link" onfocus='this.blur();'
    href="javascript:showTestDetail('div_pt1.7')" >
        pass</a>

    <div id='div_pt1.7' class="popup_window">
        <div style='text-align: right; color:red;cursor:pointer'>
        <a onfocus='this.blur();'
onclick="document.getElementById('div_pt1.7').style.display = 'none' " >
           [x]</a>
        </div>
        <pre>
        
pt1.7: tempest.scenario.test_network_basic_ops.TestNetworkBasicOps.test_subnet_details[compute,id-d8bb918e-e2df-48b2-97cd-b73c95450980,network]

        </pre>
    </div>
    <!--css div popup end-->

    </td>
</tr>

<tr id='ft1.8' class='none'>
    <td class='failCase'><div class='testcase'>test_update_instance_port_admin_state[compute,id-f5dfcc22-45fd-409f-954c-5bd500d7890b,network]</div></td>
    <td colspan='7' align='left'>

    <!--css div popup start-->
    <a class="popup_link" onfocus='this.blur();'
    href="javascript:showTestDetail('div_ft1.8')" >
        fail</a>

    <div id='div_ft1.8' class="popup_window">
        <div style='text-align: right; color:red;cursor:pointer'>
        <a onfocus='this.blur();'
onclick="document.getElementById('div_ft1.8').style.display = 'none' " >
           [x]</a>
        </div>
        <pre>
        
ft1.8: tempest.scenario.test_network_basic_ops.TestNetworkBasicOps.test_update_instance_port_admin_state[compute,id-f5dfcc22-45fd-409f-954c-5bd500d7890b,network]_StringException: Empty attachments:
  stderr
  stdout

pythonlogging:'': {{{
2016-02-24 15:41:16,307 31936 INFO     [tempest_lib.common.rest_client] Request (TestNetworkBasicOps:test_update_instance_port_admin_state): 201 POST http://10.4.1.3:9696/v2.0/security-groups 0.103s
2016-02-24 15:41:16,308 31936 DEBUG    [tempest_lib.common.rest_client] Request - Headers: {'Content-Type': 'application/json', 'Accept': 'application/json', 'X-Auth-Token': '&lt;omitted&gt;'}
        Body: {"security_group": {"tenant_id": "f19c7e7ff9cc4f6492fd555997b79a0e", "description": "tempest-secgroup-smoke-1920153641 description", "name": "tempest-secgroup-smoke-1920153641"}}
    Response - Headers: {'status': '201', 'content-length': '888', 'connection': 'close', 'date': 'Wed, 24 Feb 2016 15:41:16 GMT', 'content-type': 'application/json; charset=UTF-8', 'x-openstack-request-id': 'req-eeaf9842-3ad5-4b2e-b3b5-55fce07e20b2'}
        Body: {"security_group": {"tenant_id": "f19c7e7ff9cc4f6492fd555997b79a0e", "description": "tempest-secgroup-smoke-1920153641 description", "id": "4ba9924a-13c7-46ec-9d26-e0d2c8742d5d", "security_group_rules": [{"remote_group_id": null, "direction": "egress", "remote_ip_prefix": null, "protocol": null, "ethertype": "IPv4", "tenant_id": "f19c7e7ff9cc4f6492fd555997b79a0e", "port_range_max": null, "port_range_min": null, "id": "30a97181-d747-48e1-9eef-d4faeaed5ce9", "security_group_id": "4ba9924a-13c7-46ec-9d26-e0d2c8742d5d"}, {"remote_group_id": null, "direction": "egress", "remote_ip_prefix": null, "protocol": null, "ethertype": "IPv6", "tenant_id": "f19c7e7ff9cc4f6492fd555997b79a0e", "port_range_max": null, "port_range_min": null, "id": "7001acef-1966-4c60-9f5e-f38fd638b735", "security_group_id": "4ba9924a-13c7-46ec-9d26-e0d2c8742d5d"}], "name": "tempest-secgroup-smoke-1920153641"}}
2016-02-24 15:41:16,419 31936 INFO     [tempest_lib.common.rest_client] Request (TestNetworkBasicOps:test_update_instance_port_admin_state): 201 POST http://10.4.1.3:9696/v2.0/security-group-rules 0.110s
2016-02-24 15:41:16,420 31936 DEBUG    [tempest_lib.common.rest_client] Request - Headers: {'Content-Type': 'application/json', 'Accept': 'application/json', 'X-Auth-Token': '&lt;omitted&gt;'}
        Body: {"security_group_rule": {"direction": "ingress", "protocol": "tcp", "tenant_id": "f19c7e7ff9cc4f6492fd555997b79a0e", "port_range_max": 22, "security_group_id": "4ba9924a-13c7-46ec-9d26-e0d2c8742d5d", "port_range_min": 22}}
    Response - Headers: {'status': '201', 'content-length': '340', 'connection': 'close', 'date': 'Wed, 24 Feb 2016 15:41:16 GMT', 'content-type': 'application/json; charset=UTF-8', 'x-openstack-request-id': 'req-d63d6354-ecc5-45d7-83de-1e7c2d0b7e66'}
        Body: {"security_group_rule": {"remote_group_id": null, "direction": "ingress", "remote_ip_prefix": null, "protocol": "tcp", "ethertype": "IPv4", "tenant_id": "f19c7e7ff9cc4f6492fd555997b79a0e", "port_range_max": 22, "port_range_min": 22, "id": "efd8e0a8-c150-4c18-a0dc-04540d600fdf", "security_group_id": "4ba9924a-13c7-46ec-9d26-e0d2c8742d5d"}}
2016-02-24 15:41:16,532 31936 INFO     [tempest_lib.common.rest_client] Request (TestNetworkBasicOps:test_update_instance_port_admin_state): 201 POST http://10.4.1.3:9696/v2.0/security-group-rules 0.110s
2016-02-24 15:41:16,532 31936 DEBUG    [tempest_lib.common.rest_client] Request - Headers: {'Content-Type': 'application/json', 'Accept': 'application/json', 'X-Auth-Token': '&lt;omitted&gt;'}
        Body: {"security_group_rule": {"direction": "egress", "protocol": "tcp", "tenant_id": "f19c7e7ff9cc4f6492fd555997b79a0e", "port_range_max": 22, "security_group_id": "4ba9924a-13c7-46ec-9d26-e0d2c8742d5d", "port_range_min": 22}}
    Response - Headers: {'status': '201', 'content-length': '339', 'connection': 'close', 'date': 'Wed, 24 Feb 2016 15:41:16 GMT', 'content-type': 'application/json; charset=UTF-8', 'x-openstack-request-id': 'req-38faa702-7d76-4173-864f-4e7b1e331475'}
        Body: {"security_group_rule": {"remote_group_id": null, "direction": "egress", "remote_ip_prefix": null, "protocol": "tcp", "ethertype": "IPv4", "tenant_id": "f19c7e7ff9cc4f6492fd555997b79a0e", "port_range_max": 22, "port_range_min": 22, "id": "4f3f85c0-0f50-4b1a-8f8e-0f0f9aa8eaf5", "security_group_id": "4ba9924a-13c7-46ec-9d26-e0d2c8742d5d"}}
2016-02-24 15:41:16,635 31936 INFO     [tempest_lib.common.rest_client] Request (TestNetworkBasicOps:test_update_instance_port_admin_state): 201 POST http://10.4.1.3:9696/v2.0/security-group-rules 0.102s
2016-02-24 15:41:16,636 31936 DEBUG    [tempest_lib.common.rest_client] Request - Headers: {'Content-Type': 'application/json', 'Accept': 'application/json', 'X-Auth-Token': '&lt;omitted&gt;'}
        Body: {"security_group_rule": {"tenant_id": "f19c7e7ff9cc4f6492fd555997b79a0e", "direction": "ingress", "protocol": "icmp", "security_group_id": "4ba9924a-13c7-46ec-9d26-e0d2c8742d5d"}}
    Response - Headers: {'status': '201', 'content-length': '345', 'connection': 'close', 'date': 'Wed, 24 Feb 2016 15:41:16 GMT', 'content-type': 'application/json; charset=UTF-8', 'x-openstack-request-id': 'req-653a9705-593d-4f88-8ae5-95e720d005cd'}
        Body: {"security_group_rule": {"remote_group_id": null, "direction": "ingress", "remote_ip_prefix": null, "protocol": "icmp", "ethertype": "IPv4", "tenant_id": "f19c7e7ff9cc4f6492fd555997b79a0e", "port_range_max": null, "port_range_min": null, "id": "58571dee-33d9-4a87-84e7-8d82f2bbd3e0", "security_group_id": "4ba9924a-13c7-46ec-9d26-e0d2c8742d5d"}}
2016-02-24 15:41:16,745 31936 INFO     [tempest_lib.common.rest_client] Request (TestNetworkBasicOps:test_update_instance_port_admin_state): 201 POST http://10.4.1.3:9696/v2.0/security-group-rules 0.107s
2016-02-24 15:41:16,745 31936 DEBUG    [tempest_lib.common.rest_client] Request - Headers: {'Content-Type': 'application/json', 'Accept': 'application/json', 'X-Auth-Token': '&lt;omitted&gt;'}
        Body: {"security_group_rule": {"tenant_id": "f19c7e7ff9cc4f6492fd555997b79a0e", "direction": "egress", "protocol": "icmp", "security_group_id": "4ba9924a-13c7-46ec-9d26-e0d2c8742d5d"}}
    Response - Headers: {'status': '201', 'content-length': '344', 'connection': 'close', 'date': 'Wed, 24 Feb 2016 15:41:16 GMT', 'content-type': 'application/json; charset=UTF-8', 'x-openstack-request-id': 'req-b60b5dfc-9876-4540-be90-71a524ac6982'}
        Body: {"security_group_rule": {"remote_group_id": null, "direction": "egress", "remote_ip_prefix": null, "protocol": "icmp", "ethertype": "IPv4", "tenant_id": "f19c7e7ff9cc4f6492fd555997b79a0e", "port_range_max": null, "port_range_min": null, "id": "d5076736-3702-41d6-a59a-de98dfddbd9f", "security_group_id": "4ba9924a-13c7-46ec-9d26-e0d2c8742d5d"}}
2016-02-24 15:41:16,859 31936 INFO     [tempest_lib.common.rest_client] Request (TestNetworkBasicOps:test_update_instance_port_admin_state): 201 POST http://10.4.1.3:9696/v2.0/security-group-rules 0.112s
2016-02-24 15:41:16,859 31936 DEBUG    [tempest_lib.common.rest_client] Request - Headers: {'Content-Type': 'application/json', 'Accept': 'application/json', 'X-Auth-Token': '&lt;omitted&gt;'}
        Body: {"security_group_rule": {"tenant_id": "f19c7e7ff9cc4f6492fd555997b79a0e", "direction": "ingress", "security_group_id": "4ba9924a-13c7-46ec-9d26-e0d2c8742d5d", "protocol": "icmp", "ethertype": "IPv6"}}
    Response - Headers: {'status': '201', 'content-length': '345', 'connection': 'close', 'date': 'Wed, 24 Feb 2016 15:41:16 GMT', 'content-type': 'application/json; charset=UTF-8', 'x-openstack-request-id': 'req-90045ddb-7cb1-4b19-ab1e-318d49dcbc35'}
        Body: {"security_group_rule": {"remote_group_id": null, "direction": "ingress", "remote_ip_prefix": null, "protocol": "icmp", "ethertype": "IPv6", "tenant_id": "f19c7e7ff9cc4f6492fd555997b79a0e", "port_range_max": null, "port_range_min": null, "id": "41607e17-b3f8-4ed6-b463-deebdc951f2f", "security_group_id": "4ba9924a-13c7-46ec-9d26-e0d2c8742d5d"}}
2016-02-24 15:41:16,974 31936 INFO     [tempest_lib.common.rest_client] Request (TestNetworkBasicOps:test_update_instance_port_admin_state): 201 POST http://10.4.1.3:9696/v2.0/security-group-rules 0.113s
2016-02-24 15:41:16,974 31936 DEBUG    [tempest_lib.common.rest_client] Request - Headers: {'Content-Type': 'application/json', 'Accept': 'application/json', 'X-Auth-Token': '&lt;omitted&gt;'}
        Body: {"security_group_rule": {"tenant_id": "f19c7e7ff9cc4f6492fd555997b79a0e", "direction": "egress", "security_group_id": "4ba9924a-13c7-46ec-9d26-e0d2c8742d5d", "protocol": "icmp", "ethertype": "IPv6"}}
    Response - Headers: {'status': '201', 'content-length': '344', 'connection': 'close', 'date': 'Wed, 24 Feb 2016 15:41:16 GMT', 'content-type': 'application/json; charset=UTF-8', 'x-openstack-request-id': 'req-db6d9787-bb8f-4ef7-8675-06baad2ac30e'}
        Body: {"security_group_rule": {"remote_group_id": null, "direction": "egress", "remote_ip_prefix": null, "protocol": "icmp", "ethertype": "IPv6", "tenant_id": "f19c7e7ff9cc4f6492fd555997b79a0e", "port_range_max": null, "port_range_min": null, "id": "0198def3-6c97-4e07-ad00-c80d024a914f", "security_group_id": "4ba9924a-13c7-46ec-9d26-e0d2c8742d5d"}}
2016-02-24 15:41:17,124 31936 INFO     [tempest_lib.common.rest_client] Request (TestNetworkBasicOps:test_update_instance_port_admin_state): 201 POST http://10.4.1.3:9696/v2.0/networks 0.147s
2016-02-24 15:41:17,125 31936 DEBUG    [tempest_lib.common.rest_client] Request - Headers: {'Content-Type': 'application/json', 'Accept': 'application/json', 'X-Auth-Token': '&lt;omitted&gt;'}
        Body: {"network": {"tenant_id": "f19c7e7ff9cc4f6492fd555997b79a0e", "name": "tempest-network-smoke--1126246167"}}
    Response - Headers: {'status': '201', 'content-length': '299', 'connection': 'close', 'date': 'Wed, 24 Feb 2016 15:41:17 GMT', 'content-type': 'application/json; charset=UTF-8', 'x-openstack-request-id': 'req-9897fb00-ca5f-47a4-b4c1-d86947cead3a'}
        Body: {"network": {"status": "ACTIVE", "subnets": [], "name": "tempest-network-smoke--1126246167", "admin_state_up": true, "tenant_id": "f19c7e7ff9cc4f6492fd555997b79a0e", "mtu": 1450, "router:external": false, "shared": false, "port_security_enabled": true, "id": "0cae6d61-673d-4882-8778-9163a200b0db"}}
2016-02-24 15:41:17,282 31936 INFO     [tempest_lib.common.rest_client] Request (TestNetworkBasicOps:test_update_instance_port_admin_state): 201 POST http://10.4.1.3:9696/v2.0/routers 0.155s
2016-02-24 15:41:17,283 31936 DEBUG    [tempest_lib.common.rest_client] Request - Headers: {'Content-Type': 'application/json', 'Accept': 'application/json', 'X-Auth-Token': '&lt;omitted&gt;'}
        Body: {"router": {"tenant_id": "f19c7e7ff9cc4f6492fd555997b79a0e", "name": "tempest-router-smoke-2016184068", "admin_state_up": true}}
    Response - Headers: {'status': '201', 'content-length': '239', 'connection': 'close', 'date': 'Wed, 24 Feb 2016 15:41:17 GMT', 'content-type': 'application/json; charset=UTF-8', 'x-openstack-request-id': 'req-7387096f-c22c-4365-bb74-5de488161520'}
        Body: {"router": {"status": "ACTIVE", "external_gateway_info": null, "name": "tempest-router-smoke-2016184068", "admin_state_up": true, "tenant_id": "f19c7e7ff9cc4f6492fd555997b79a0e", "routes": [], "id": "0ae822ea-07d1-42a2-a74e-5b9aa0c59389"}}
2016-02-24 15:41:17,335 31936 INFO     [tempest_lib.common.rest_client] Request (TestNetworkBasicOps:test_update_instance_port_admin_state): 200 GET http://10.4.1.3:9696/v2.0/routers/0ae822ea-07d1-42a2-a74e-5b9aa0c59389 0.050s
2016-02-24 15:41:17,336 31936 DEBUG    [tempest_lib.common.rest_client] Request - Headers: {'Content-Type': 'application/json', 'Accept': 'application/json', 'X-Auth-Token': '&lt;omitted&gt;'}
        Body: None
    Response - Headers: {'status': '200', 'content-length': '239', 'content-location': 'http://10.4.1.3:9696/v2.0/routers/0ae822ea-07d1-42a2-a74e-5b9aa0c59389', 'connection': 'close', 'date': 'Wed, 24 Feb 2016 15:41:17 GMT', 'content-type': 'application/json; charset=UTF-8', 'x-openstack-request-id': 'req-d0ce2361-55a3-4211-bfc3-324a673b929d'}
        Body: {"router": {"status": "ACTIVE", "external_gateway_info": null, "name": "tempest-router-smoke-2016184068", "admin_state_up": true, "tenant_id": "f19c7e7ff9cc4f6492fd555997b79a0e", "routes": [], "id": "0ae822ea-07d1-42a2-a74e-5b9aa0c59389"}}
2016-02-24 15:41:17,868 31936 INFO     [tempest_lib.common.rest_client] Request (TestNetworkBasicOps:test_update_instance_port_admin_state): 200 PUT http://10.4.1.3:9696/v2.0/routers/0ae822ea-07d1-42a2-a74e-5b9aa0c59389 0.531s
2016-02-24 15:41:17,869 31936 DEBUG    [tempest_lib.common.rest_client] Request - Headers: {'Content-Type': 'application/json', 'Accept': 'application/json', 'X-Auth-Token': '&lt;omitted&gt;'}
        Body: {"router": {"external_gateway_info": {"network_id": "0d407ac2-5621-45ba-8c2a-c0707ac68dfc"}, "name": "tempest-router-smoke-2016184068", "admin_state_up": true}}
    Response - Headers: {'status': '200', 'content-length': '503', 'connection': 'close', 'date': 'Wed, 24 Feb 2016 15:41:17 GMT', 'content-type': 'application/json; charset=UTF-8', 'x-openstack-request-id': 'req-ffe087d1-fe62-4530-aa3b-d1fbd68a87f6'}
        Body: {"router": {"status": "ACTIVE", "external_gateway_info": {"network_id": "0d407ac2-5621-45ba-8c2a-c0707ac68dfc", "enable_snat": true, "external_fixed_ips": [{"subnet_id": "f8a89f9f-b76a-49cc-b673-c682a17173ae", "ip_address": "172.24.4.17"}, {"subnet_id": "6126d7a4-6a70-4112-a62c-a5754577137e", "ip_address": "2001:db8::12"}]}, "name": "tempest-router-smoke-2016184068", "admin_state_up": true, "tenant_id": "f19c7e7ff9cc4f6492fd555997b79a0e", "routes": [], "id": "0ae822ea-07d1-42a2-a74e-5b9aa0c59389"}}
2016-02-24 15:41:17,903 31936 INFO     [tempest_lib.common.rest_client] Request (TestNetworkBasicOps:test_update_instance_port_admin_state): 200 GET http://10.4.1.3:9696/v2.0/subnets?tenant_id=f19c7e7ff9cc4f6492fd555997b79a0e&amp;cidr=10.100.0.0%2F28 0.033s
2016-02-24 15:41:17,903 31936 DEBUG    [tempest_lib.common.rest_client] Request - Headers: {'Content-Type': 'application/json', 'Accept': 'application/json', 'X-Auth-Token': '&lt;omitted&gt;'}
        Body: None
    Response - Headers: {'status': '200', 'content-length': '15', 'content-location': 'http://10.4.1.3:9696/v2.0/subnets?tenant_id=f19c7e7ff9cc4f6492fd555997b79a0e&amp;cidr=10.100.0.0%2F28', 'connection': 'close', 'date': 'Wed, 24 Feb 2016 15:41:17 GMT', 'content-type': 'application/json; charset=UTF-8', 'x-openstack-request-id': 'req-d57c9708-5ef1-4c76-b013-37b482217e5d'}
        Body: {"subnets": []}
2016-02-24 15:41:18,172 31936 INFO     [tempest_lib.common.rest_client] Request (TestNetworkBasicOps:test_update_instance_port_admin_state): 201 POST http://10.4.1.3:9696/v2.0/subnets 0.268s
2016-02-24 15:41:18,173 31936 DEBUG    [tempest_lib.common.rest_client] Request - Headers: {'Content-Type': 'application/json', 'Accept': 'application/json', 'X-Auth-Token': '&lt;omitted&gt;'}
        Body: {"subnet": {"ip_version": 4, "tenant_id": "f19c7e7ff9cc4f6492fd555997b79a0e", "cidr": "10.100.0.0/28", "network_id": "0cae6d61-673d-4882-8778-9163a200b0db", "name": "tempest-subnet-smoke-1277695528"}}
    Response - Headers: {'status': '201', 'content-length': '478', 'connection': 'close', 'date': 'Wed, 24 Feb 2016 15:41:18 GMT', 'content-type': 'application/json; charset=UTF-8', 'x-openstack-request-id': 'req-65f0d54c-b750-4e30-957a-9db94d08daad'}
        Body: {"subnet": {"name": "tempest-subnet-smoke-1277695528", "enable_dhcp": true, "network_id": "0cae6d61-673d-4882-8778-9163a200b0db", "tenant_id": "f19c7e7ff9cc4f6492fd555997b79a0e", "dns_nameservers": [], "gateway_ip": "10.100.0.1", "ipv6_ra_mode": null, "allocation_pools": [{"start": "10.100.0.2", "end": "10.100.0.14"}], "host_routes": [], "ip_version": 4, "ipv6_address_mode": null, "cidr": "10.100.0.0/28", "id": "c963a762-3d27-49f4-9c84-751d9157c7a4", "subnetpool_id": null}}
2016-02-24 15:41:18,799 31936 INFO     [tempest_lib.common.rest_client] Request (TestNetworkBasicOps:test_update_instance_port_admin_state): 200 PUT http://10.4.1.3:9696/v2.0/routers/0ae822ea-07d1-42a2-a74e-5b9aa0c59389/add_router_interface 0.625s
2016-02-24 15:41:18,799 31936 DEBUG    [tempest_lib.common.rest_client] Request - Headers: {'Content-Type': 'application/json', 'Accept': 'application/json', 'X-Auth-Token': '&lt;omitted&gt;'}
        Body: {"subnet_id": "c963a762-3d27-49f4-9c84-751d9157c7a4"}
    Response - Headers: {'status': '200', 'content-length': '255', 'connection': 'close', 'date': 'Wed, 24 Feb 2016 15:41:18 GMT', 'content-type': 'application/json; charset=UTF-8', 'x-openstack-request-id': 'req-6bb2f1a8-8d5a-4bfd-9bab-24fcf1df8b48'}
        Body: {"subnet_id": "c963a762-3d27-49f4-9c84-751d9157c7a4", "tenant_id": "f19c7e7ff9cc4f6492fd555997b79a0e", "subnet_ids": ["c963a762-3d27-49f4-9c84-751d9157c7a4"], "port_id": "2cfa19c4-881d-45a9-b181-81ef09b9a6c8", "id": "0ae822ea-07d1-42a2-a74e-5b9aa0c59389"}
2016-02-24 15:41:18,872 31936 INFO     [tempest_lib.common.rest_client] Request (TestNetworkBasicOps:test_update_instance_port_admin_state): 200 GET http://10.4.1.3:9696/v2.0/networks 0.072s
2016-02-24 15:41:18,873 31936 DEBUG    [tempest_lib.common.rest_client] Request - Headers: {'Content-Type': 'application/json', 'Accept': 'application/json', 'X-Auth-Token': '&lt;omitted&gt;'}
        Body: None
    Response - Headers: {'status': '200', 'content-length': '1327', 'content-location': 'http://10.4.1.3:9696/v2.0/networks', 'connection': 'close', 'date': 'Wed, 24 Feb 2016 15:41:18 GMT', 'content-type': 'application/json; charset=UTF-8', 'x-openstack-request-id': 'req-302805b6-1d88-44df-9222-c236f254ce79'}
        Body: {"networks": [{"status": "ACTIVE", "subnets": ["6126d7a4-6a70-4112-a62c-a5754577137e", "f8a89f9f-b76a-49cc-b673-c682a17173ae"], "name": "public", "provider:physical_network": null, "admin_state_up": true, "tenant_id": "e9f47f78fe164033b48ad19563c63dc1", "mtu": 1450, "router:external": true, "shared": false, "port_security_enabled": true, "provider:network_type": "vxlan", "id": "0d407ac2-5621-45ba-8c2a-c0707ac68dfc", "provider:segmentation_id": 1033}, {"status": "ACTIVE", "subnets": ["fe4158d0-fee1-493e-9743-b9d423d2a46e", "47633491-50e6-4264-9b03-26d4b53e6838"], "name": "private", "provider:physical_network": null, "admin_state_up": true, "tenant_id": "390556f64b694d8492b0eafa0fae7f7d", "mtu": 1450, "router:external": false, "shared": false, "port_security_enabled": true, "provider:network_type": "vxlan", "id": "3ba211bb-37a9-4a45-9488-80bbadca0cc7", "provider:segmentation_id": 1099}, {"status": "ACTIVE", "subnets": ["c963a762-3d27-49f4-9c84-751d9157c7a4"], "name": "tempest-network-smoke--1126246167", "provider:physical_network": null, "admin_state_up": true, "tenant_id": "f19c7e7ff9cc4f6492fd555997b79a0e", "mtu": 1450, "router:external": false, "shared": false, "port_security_enabled": true, "provider:network_type": "vxlan", "id": "0cae6d61-673d-4882-8778-9163a200b0db", "provider:segmentation_id": 1080}]}
2016-02-24 15:41:18,911 31936 INFO     [tempest_lib.common.rest_client] Request (TestNetworkBasicOps:test_update_instance_port_admin_state): 200 GET http://10.4.1.3:9696/v2.0/subnets 0.038s
2016-02-24 15:41:18,912 31936 DEBUG    [tempest_lib.common.rest_client] Request - Headers: {'Content-Type': 'application/json', 'Accept': 'application/json', 'X-Auth-Token': '&lt;omitted&gt;'}
        Body: None
    Response - Headers: {'status': '200', 'content-length': '2404', 'content-location': 'http://10.4.1.3:9696/v2.0/subnets', 'connection': 'close', 'date': 'Wed, 24 Feb 2016 15:41:18 GMT', 'content-type': 'application/json; charset=UTF-8', 'x-openstack-request-id': 'req-1782637b-eb74-4fe0-828e-d673bc564a4c'}
        Body: {"subnets": [{"name": "ipv6-private-subnet", "enable_dhcp": true, "network_id": "3ba211bb-37a9-4a45-9488-80bbadca0cc7", "tenant_id": "390556f64b694d8492b0eafa0fae7f7d", "dns_nameservers": [], "gateway_ip": "fd40:699:f323::1", "ipv6_ra_mode": "slaac", "allocation_pools": [{"start": "fd40:699:f323::2", "end": "fd40:699:f323:0:ffff:ffff:ffff:ffff"}], "host_routes": [], "ip_version": 6, "ipv6_address_mode": "slaac", "cidr": "fd40:699:f323::/64", "id": "fe4158d0-fee1-493e-9743-b9d423d2a46e", "subnetpool_id": null}, {"name": "ipv6-public-subnet", "enable_dhcp": false, "network_id": "0d407ac2-5621-45ba-8c2a-c0707ac68dfc", "tenant_id": "e9f47f78fe164033b48ad19563c63dc1", "dns_nameservers": [], "gateway_ip": "2001:db8::2", "ipv6_ra_mode": null, "allocation_pools": [{"start": "2001:db8::3", "end": "2001:db8::ffff:ffff:ffff:ffff"}, {"start": "2001:db8::1", "end": "2001:db8::1"}], "host_routes": [], "ip_version": 6, "ipv6_address_mode": null, "cidr": "2001:db8::/64", "id": "6126d7a4-6a70-4112-a62c-a5754577137e", "subnetpool_id": null}, {"name": "tempest-subnet-smoke-1277695528", "enable_dhcp": true, "network_id": "0cae6d61-673d-4882-8778-9163a200b0db", "tenant_id": "f19c7e7ff9cc4f6492fd555997b79a0e", "dns_nameservers": [], "gateway_ip": "10.100.0.1", "ipv6_ra_mode": null, "allocation_pools": [{"start": "10.100.0.2", "end": "10.100.0.14"}], "host_routes": [], "ip_version": 4, "ipv6_address_mode": null, "cidr": "10.100.0.0/28", "id": "c963a762-3d27-49f4-9c84-751d9157c7a4", "subnetpool_id": null}, {"name": "public-subnet", "enable_dhcp": false, "network_id": "0d407ac2-5621-45ba-8c2a-c0707ac68dfc", "tenant_id": "e9f47f78fe164033b48ad19563c63dc1", "dns_nameservers": [], "gateway_ip": "172.24.4.1", "ipv6_ra_mode": null, "allocation_pools": [{"start": "172.24.4.2", "end": "172.24.4.254"}], "host_routes": [], "ip_version": 4, "ipv6_address_mode": null, "cidr": "172.24.4.0/24", "id": "f8a89f9f-b76a-49cc-b673-c682a17173ae", "subnetpool_id": null}, {"name": "private-subnet", "enable_dhcp": true, "network_id": "3ba211bb-37a9-4a45-9488-80bbadca0cc7", "tenant_id": "390556f64b694d8492b0eafa0fae7f7d", "dns_nameservers": [], "gateway_ip": "10.0.0.1", "ipv6_ra_mode": null, "allocation_pools": [{"start": "10.0.0.2", "end": "10.0.0.254"}], "host_routes": [], "ip_version": 4, "ipv6_address_mode": null, "cidr": "10.0.0.0/24", "id": "47633491-50e6-4264-9b03-26d4b53e6838", "subnetpool_id": null}]}
2016-02-24 15:41:18,953 31936 INFO     [tempest_lib.common.rest_client] Request (TestNetworkBasicOps:test_update_instance_port_admin_state): 200 GET http://10.4.1.3:9696/v2.0/routers 0.040s
2016-02-24 15:41:18,954 31936 DEBUG    [tempest_lib.common.rest_client] Request - Headers: {'Content-Type': 'application/json', 'Accept': 'application/json', 'X-Auth-Token': '&lt;omitted&gt;'}
        Body: None
    Response - Headers: {'status': '200', 'content-length': '1043', 'content-location': 'http://10.4.1.3:9696/v2.0/routers', 'connection': 'close', 'date': 'Wed, 24 Feb 2016 15:41:18 GMT', 'content-type': 'application/json; charset=UTF-8', 'x-openstack-request-id': 'req-e50ce336-a0ab-4c97-a2f8-7f93b6989a28'}
        Body: {"routers": [{"status": "ACTIVE", "external_gateway_info": {"network_id": "0d407ac2-5621-45ba-8c2a-c0707ac68dfc", "enable_snat": true, "external_fixed_ips": [{"subnet_id": "f8a89f9f-b76a-49cc-b673-c682a17173ae", "ip_address": "172.24.4.17"}, {"subnet_id": "6126d7a4-6a70-4112-a62c-a5754577137e", "ip_address": "2001:db8::12"}]}, "name": "tempest-router-smoke-2016184068", "admin_state_up": true, "tenant_id": "f19c7e7ff9cc4f6492fd555997b79a0e", "distributed": false, "routes": [], "ha": false, "id": "0ae822ea-07d1-42a2-a74e-5b9aa0c59389"}, {"status": "ACTIVE", "external_gateway_info": {"network_id": "0d407ac2-5621-45ba-8c2a-c0707ac68dfc", "enable_snat": true, "external_fixed_ips": [{"subnet_id": "f8a89f9f-b76a-49cc-b673-c682a17173ae", "ip_address": "172.24.4.2"}, {"subnet_id": "6126d7a4-6a70-4112-a62c-a5754577137e", "ip_address": "2001:db8::3"}]}, "name": "router1", "admin_state_up": true, "tenant_id": "390556f64b694d8492b0eafa0fae7f7d", "distributed": false, "routes": [], "ha": false, "id": "e89776c1-55d9-4169-bd61-d1268e87ff05"}]}
2016-02-24 15:41:19,097 31936 INFO     [tempest_lib.common.rest_client] Request (TestNetworkBasicOps:test_update_instance_port_admin_state): 200 POST http://10.4.1.3:8774/v2.1/f19c7e7ff9cc4f6492fd555997b79a0e/os-keypairs 0.142s
2016-02-24 15:41:19,098 31936 DEBUG    [tempest_lib.common.rest_client] Request - Headers: {'Content-Type': 'application/json', 'Accept': 'application/json', 'X-Auth-Token': '&lt;omitted&gt;'}
        Body: {"keypair": {"name": "tempest-TestNetworkBasicOps-1826215773"}}
    Response - Headers: {'status': '200', 'content-length': '2321', 'x-compute-request-id': 'req-c5a6c93f-1082-4b3a-898e-0441cb114453', 'vary': 'X-OpenStack-Nova-API-Version', 'connection': 'close', 'x-openstack-nova-api-version': '2.1', 'date': 'Wed, 24 Feb 2016 15:41:19 GMT', 'content-type': 'application/json'}
        Body: {"keypair": {"public_key": "ssh-rsa AAAAB3NzaC1yc2EAAAADAQABAAABAQDG1dLf3kAiwBVCkJ8zLWC3SCWd2mAC6U/09ICjMwBI6v0LDxjeEhkIq3GjuJHovOxajw0AkBc3U0bibMtbSGfDE118n1WnmrnrjjWeqO+THOEes9+lSgbRoODUmvAfKeylPQQeVRBfoLDT01mdHi8nFYRYtUw+Dd8w6r34tMkdvHpdd3iha2rpoZwSRzzqlz7QvpW/QK4lSqlFjO/UImkZx8+gu4vfLJVF2qli4g0137N83z4aDsjaoxLnLWWshdv0dchWIfKRipyhVrNyCeazyo45Z2m4ApGzroQd5eNSr3+/OFMfg5a431NUK5GdMsrIzxP1YpwPKHZutPk5UOrn Generated-by-Nova", "private_key": "-----BEGIN RSA PRIVATE KEY-----\nMIIEqAIBAAKCAQEAxtXS395AIsAVQpCfMy1gt0glndpgAulP9PSAozMASOr9Cw8Y\n3hIZCKtxo7iR6LzsWo8NAJAXN1NG4mzLW0hnwxNdfJ9Vp5q56441nqjvkxzhHrPf\npUoG0aDg1JrwHynspT0EHlUQX6Cw09NZnR4vJxWEWLVMPg3fMOq9+LTJHbx6XXd4\noWtq6aGcEkc86pc+0L6Vv0CuJUqpRYzv1CJpGcfPoLuL3yyVRdqpYuINNd+zfN8+\nGg7I2qMS5y1lrIXb9HXIViHykYqcoVazcgnms8qOOWdpuAKRs66EHeXjUq9/vzhT\nH4OWuN9TVCuRnTLKyM8T9WKcDyh2brT5OVDq5wIDAQABAoIBAAQ57UaG4dQbQxhs\nHIYo88JRjUMiriHBtcpeHBHb9qiWHhTLGFs4BUIy6rJxLODGizuNiNg3N9ccNQiB\nCX2CN3plAfqxJE/wsPz5w9gAfT8iQQK3DgzkWuq/waejN3FiIb6NYnYGlteBgeCu\nwFvflV7+TRbZm6pB/zl589nCdffkzQ8kgRHIn7Vss6pucf8XqcRJE3LZLHTY6CMw\ngJ63hmGeH7ti5W1ZQbiKkkI/NB+BvfIqh/vU38WkUCAO8Zrvpudbn1XIxzaH3gK/\nHBtlbe+tm7yINg4H0gi6m2tY+yMyXz+1b+HMSnU7alhgZRUn4V2UWiukgYZC/IAy\navgT0GkCggCBAM2fcJQw6bhzT+2YfJP61uMlI3G0tQyz+kKW5youTGlOTadkT94w\nDaAthW/zhryKmczNAjJtr9QrzWrqE9zotfVZ21psmsgXAVeyaEms46LSQNRUcktI\nZ4bk/GjR1ScHaDNeNZlMdnMhr5wjHt9w8jUtVMJc7eMqWlt/F8hCXDyFAoIAgQD3\njKviXXNFqGobbjF+79BfWvUOXpm5snzgsRpSMjbUw9l5APINkfVpR1NsX9WkVyDh\nAb1omOqyy9sHTNiKEsndmNpBjCYh99tRUTq1BnmjbL15jAT/4n0TKP7l055WcxBz\ngiXm/XjI5JRRmgiRixZnZSHI3fuVSK91UfL78jerewKCAIBOIiK+POPi0fZyOzpD\nZNKY13jjcR5G6HDVMtA+R/+DGF0LmWN781iKICIPS0NMi4Irv07xaJqijc5trOrF\nS6wwwedHMfOSyqMY9tMIA+kv6qL1y+zuTGICcSq0jd9oCDmBI3BMgzCTSR6YvwOx\nNhLjQAlwHa3LX0GceOvJjeXMnQKCAIBZCYu5O4t+fnjLrPK4iWEVKw4BQR1hoUUx\nPAIPlmgKVvcdgq2NG/Z9C16CGGYrWftFcu7BdF7WOGRrV8R6xQ8+WQAHm3ULuq5z\nrRfEjLOriC0OTsJtlvUNsy0bVOYaigBcy27+iiSrfSurvg9e6fwA7GseaFlY9G/H\nbtZKsHA9iQKCAIEAlvQaXmnd3KoGQlN1+kqn3tCB+9j4MrrhFHPFORyeub2qSf3q\nDGw/tZ2fcb16YYxyD/jA7RhwShSwNkRIpI/JJx8unm8Oxfu7RhkYcOD2nKSeCtOB\nAFK929aXXg4/epEKiCDfWX3kAq8zCWYV2k1mQgElmAvboa6Mw6D78rH7NSM=\n-----END RSA PRIVATE KEY-----\n", "user_id": "edd305cd0def48e38f9ab103276927ac", "name": "tempest-TestNetworkBasicOps-1826215773", "fingerprint": "8c:ff:53:97:0a:39:42:fc:91:ca:87:97:42:1f:e0:1d"}}
2016-02-24 15:41:19,215 31936 INFO     [tempest_lib.common.rest_client] Request (TestNetworkBasicOps:test_update_instance_port_admin_state): 200 POST http://10.4.1.3:5000/v2.0/tokens
2016-02-24 15:41:19,216 31936 DEBUG    [tempest_lib.common.rest_client] Request - Headers: {'Content-Type': 'application/json', 'Accept': 'application/json'}
        Body: &lt;omitted&gt;
    Response - Headers: {'status': '200', 'content-length': '2510', 'vary': 'X-Auth-Token', 'server': 'Apache/2.4.7 (Ubuntu)', 'connection': 'close', 'date': 'Wed, 24 Feb 2016 15:41:19 GMT', 'content-type': 'application/json', 'x-openstack-request-id': 'req-0423550f-fe1a-44fb-900f-499ada4195bf'}
        Body: {"access": {"token": {"issued_at": "2016-02-24T15:41:19.203641", "expires": "2016-02-24T16:41:19Z", "id": "444f6c991dec41159d9bbec3401e5a57", "tenant": {"description": "tempest-TestNetworkBasicOps-2043719220-desc", "enabled": true, "id": "f19c7e7ff9cc4f6492fd555997b79a0e", "name": "tempest-TestNetworkBasicOps-2043719220"}, "audit_ids": ["f2Oh07s8TVer_i83phZOyA"]}, "serviceCatalog": [{"endpoints": [{"adminURL": "http://10.4.1.3:8774/v2.1/f19c7e7ff9cc4f6492fd555997b79a0e", "region": "RegionOne", "internalURL": "http://10.4.1.3:8774/v2.1/f19c7e7ff9cc4f6492fd555997b79a0e", "id": "10dd1f143fca4633bf70bc8c5f3f0570", "publicURL": "http://10.4.1.3:8774/v2.1/f19c7e7ff9cc4f6492fd555997b79a0e"}], "endpoints_links": [], "type": "compute", "name": "nova"}, {"endpoints": [{"adminURL": "http://10.4.1.3:9696/", "region": "RegionOne", "internalURL": "http://10.4.1.3:9696/", "id": "7896dd64eac2427ba6939b7ab4432782", "publicURL": "http://10.4.1.3:9696/"}], "endpoints_links": [], "type": "network", "name": "neutron"}, {"endpoints": [{"adminURL": "http://10.4.1.3:9292", "region": "RegionOne", "internalURL": "http://10.4.1.3:9292", "id": "2d82df52ee5f44d3ac6a50c601772547", "publicURL": "http://10.4.1.3:9292"}], "endpoints_links": [], "type": "image", "name": "glance"}, {"endpoints": [{"adminURL": "http://10.4.1.3:8774/v2/f19c7e7ff9cc4f6492fd555997b79a0e", "region": "RegionOne", "internalURL": "http://10.4.1.3:8774/v2/f19c7e7ff9cc4f6492fd555997b79a0e", "id": "07a68d799a764a0a97f948c28015d68e", "publicURL": "http://10.4.1.3:8774/v2/f19c7e7ff9cc4f6492fd555997b79a0e"}], "endpoints_links": [], "type": "compute_legacy", "name": "nova_legacy"}, {"endpoints": [{"adminURL": "http://10.4.1.3:8773/", "region": "RegionOne", "internalURL": "http://10.4.1.3:8773/", "id": "1a8a888de25d46abacc5b44f640cb7c2", "publicURL": "http://10.4.1.3:8773/"}], "endpoints_links": [], "type": "ec2", "name": "ec2"}, {"endpoints": [{"adminURL": "http://10.4.1.3:35357/v2.0", "region": "RegionOne", "internalURL": "http://10.4.1.3:5000/v2.0", "id": "6d244df1abe54fa48475e0b4a4f46d45", "publicURL": "http://10.4.1.3:5000/v2.0"}], "endpoints_links": [], "type": "identity", "name": "keystone"}], "user": {"username": "tempest-TestNetworkBasicOps-166391283", "roles_links": [], "id": "edd305cd0def48e38f9ab103276927ac", "roles": [{"name": "Member"}, {"name": "_member_"}], "name": "tempest-TestNetworkBasicOps-166391283"}, "metadata": {"is_admin": 0, "roles": ["9632be0244664ab8818c4b8a9c5ad414", "9fe2ff9ee4384b1894a90878d3e92bab"]}}}
2016-02-24 15:41:19,222 31936 DEBUG    [tempest.common.fixed_network] (TestNetworkBasicOps:test_update_instance_port_admin_state) No valid network provided or created, defaulting to fixed_network_name
2016-02-24 15:41:19,439 31936 INFO     [tempest_lib.common.rest_client] Request (TestNetworkBasicOps:test_update_instance_port_admin_state): 200 GET http://10.4.1.3:8774/v2.1/f19c7e7ff9cc4f6492fd555997b79a0e/os-networks 0.215s
2016-02-24 15:41:19,440 31936 DEBUG    [tempest_lib.common.rest_client] Request - Headers: {'Content-Type': 'application/json', 'Accept': 'application/json', 'X-Auth-Token': '&lt;omitted&gt;'}
        Body: None
    Response - Headers: {'status': '200', 'content-length': '479', 'content-location': 'http://10.4.1.3:8774/v2.1/f19c7e7ff9cc4f6492fd555997b79a0e/os-networks', 'x-compute-request-id': 'req-c9692ce1-1b78-441d-90c7-d3c47f56034a', 'vary': 'X-OpenStack-Nova-API-Version', 'connection': 'close', 'x-openstack-nova-api-version': '2.1', 'date': 'Wed, 24 Feb 2016 15:41:19 GMT', 'content-type': 'application/json'}
        Body: {"networks": [{"cidr_v6": null, "dns2": null, "dns1": null, "gateway": null, "broadcast": null, "netmask": null, "gateway_v6": null, "cidr": null, "label": "public", "id": "0d407ac2-5621-45ba-8c2a-c0707ac68dfc", "netmask_v6": null}, {"cidr_v6": null, "dns2": null, "dns1": null, "gateway": null, "broadcast": null, "netmask": null, "gateway_v6": null, "cidr": null, "label": "tempest-network-smoke--1126246167", "id": "0cae6d61-673d-4882-8778-9163a200b0db", "netmask_v6": null}]}
2016-02-24 15:41:19,441 31936 WARNING  [tempest.common.fixed_network] (TestNetworkBasicOps:test_update_instance_port_admin_state) Network with name: private not found
2016-02-24 15:41:19,441 31936 INFO     [tempest.common.fixed_network] (TestNetworkBasicOps:test_update_instance_port_admin_state) Found network {} available for tenant
2016-02-24 15:41:19,957 31936 INFO     [tempest_lib.common.rest_client] Request (TestNetworkBasicOps:test_update_instance_port_admin_state): 202 POST http://10.4.1.3:8774/v2.1/f19c7e7ff9cc4f6492fd555997b79a0e/servers 0.514s
2016-02-24 15:41:19,958 31936 DEBUG    [tempest_lib.common.rest_client] Request - Headers: {'Content-Type': 'application/json', 'Accept': 'application/json', 'X-Auth-Token': '&lt;omitted&gt;'}
        Body: {"server": {"name": "tempest-server-smoke-898399337", "imageRef": "78967761-bbfb-4626-9e86-548b75fa16ad", "key_name": "tempest-TestNetworkBasicOps-1826215773", "flavorRef": "42", "networks": [{"uuid": "0cae6d61-673d-4882-8778-9163a200b0db"}], "security_groups": [{"name": "tempest-secgroup-smoke-1920153641"}]}}
    Response - Headers: {'status': '202', 'content-length': '460', 'x-compute-request-id': 'req-5f25e787-a4c6-403b-9400-b4bb455c694c', 'vary': 'X-OpenStack-Nova-API-Version', 'connection': 'close', 'location': 'http://10.4.1.3:8774/v2.1/f19c7e7ff9cc4f6492fd555997b79a0e/servers/998e3a65-ec12-4769-a5ba-bf686214274b', 'x-openstack-nova-api-version': '2.1', 'date': 'Wed, 24 Feb 2016 15:41:19 GMT', 'content-type': 'application/json'}
        Body: {"server": {"security_groups": [{"name": "tempest-secgroup-smoke-1920153641"}], "OS-DCF:diskConfig": "MANUAL", "id": "998e3a65-ec12-4769-a5ba-bf686214274b", "links": [{"href": "http://10.4.1.3:8774/v2.1/f19c7e7ff9cc4f6492fd555997b79a0e/servers/998e3a65-ec12-4769-a5ba-bf686214274b", "rel": "self"}, {"href": "http://10.4.1.3:8774/f19c7e7ff9cc4f6492fd555997b79a0e/servers/998e3a65-ec12-4769-a5ba-bf686214274b", "rel": "bookmark"}], "adminPass": "gF8r8gkgnLcH"}}
2016-02-24 15:41:20,173 31936 INFO     [tempest_lib.common.rest_client] Request (TestNetworkBasicOps:test_update_instance_port_admin_state): 200 GET http://10.4.1.3:8774/v2.1/f19c7e7ff9cc4f6492fd555997b79a0e/servers/998e3a65-ec12-4769-a5ba-bf686214274b 0.212s
2016-02-24 15:41:20,173 31936 DEBUG    [tempest_lib.common.rest_client] Request - Headers: {'Content-Type': 'application/json', 'Accept': 'application/json', 'X-Auth-Token': '&lt;omitted&gt;'}
        Body: None
    Response - Headers: {'status': '200', 'content-length': '1340', 'content-location': 'http://10.4.1.3:8774/v2.1/f19c7e7ff9cc4f6492fd555997b79a0e/servers/998e3a65-ec12-4769-a5ba-bf686214274b', 'x-compute-request-id': 'req-6d6dcfb0-9fd5-4b16-b587-b79f12def332', 'vary': 'X-OpenStack-Nova-API-Version', 'connection': 'close', 'x-openstack-nova-api-version': '2.1', 'date': 'Wed, 24 Feb 2016 15:41:20 GMT', 'content-type': 'application/json'}
        Body: {"server": {"status": "BUILD", "updated": "2016-02-24T15:41:20Z", "hostId": "", "addresses": {}, "links": [{"href": "http://10.4.1.3:8774/v2.1/f19c7e7ff9cc4f6492fd555997b79a0e/servers/998e3a65-ec12-4769-a5ba-bf686214274b", "rel": "self"}, {"href": "http://10.4.1.3:8774/f19c7e7ff9cc4f6492fd555997b79a0e/servers/998e3a65-ec12-4769-a5ba-bf686214274b", "rel": "bookmark"}], "key_name": "tempest-TestNetworkBasicOps-1826215773", "image": {"id": "78967761-bbfb-4626-9e86-548b75fa16ad", "links": [{"href": "http://10.4.1.3:8774/f19c7e7ff9cc4f6492fd555997b79a0e/images/78967761-bbfb-4626-9e86-548b75fa16ad", "rel": "bookmark"}]}, "OS-EXT-STS:task_state": "scheduling", "OS-EXT-STS:vm_state": "building", "OS-SRV-USG:launched_at": null, "flavor": {"id": "42", "links": [{"href": "http://10.4.1.3:8774/f19c7e7ff9cc4f6492fd555997b79a0e/flavors/42", "rel": "bookmark"}]}, "id": "998e3a65-ec12-4769-a5ba-bf686214274b", "OS-SRV-USG:terminated_at": null, "OS-EXT-AZ:availability_zone": "", "user_id": "edd305cd0def48e38f9ab103276927ac", "name": "tempest-server-smoke-898399337", "created": "2016-02-24T15:41:19Z", "tenant_id": "f19c7e7ff9cc4f6492fd555997b79a0e", "OS-DCF:diskConfig": "MANUAL", "os-extended-volumes:volumes_attached": [], "accessIPv4": "", "accessIPv6": "", "progress": 0, "OS-EXT-STS:power_state": 0, "config_drive": "", "metadata": {}}}
2016-02-24 15:41:21,432 31936 INFO     [tempest_lib.common.rest_client] Request (TestNetworkBasicOps:test_update_instance_port_admin_state): 200 GET http://10.4.1.3:8774/v2.1/f19c7e7ff9cc4f6492fd555997b79a0e/servers/998e3a65-ec12-4769-a5ba-bf686214274b 0.248s
2016-02-24 15:41:21,432 31936 DEBUG    [tempest_lib.common.rest_client] Request - Headers: {'Content-Type': 'application/json', 'Accept': 'application/json', 'X-Auth-Token': '&lt;omitted&gt;'}
        Body: None
    Response - Headers: {'status': '200', 'content-length': '1466', 'content-location': 'http://10.4.1.3:8774/v2.1/f19c7e7ff9cc4f6492fd555997b79a0e/servers/998e3a65-ec12-4769-a5ba-bf686214274b', 'x-compute-request-id': 'req-4aaca0b3-0599-4662-845f-5a4102ef835f', 'vary': 'X-OpenStack-Nova-API-Version', 'connection': 'close', 'x-openstack-nova-api-version': '2.1', 'date': 'Wed, 24 Feb 2016 15:41:21 GMT', 'content-type': 'application/json'}
        Body: {"server": {"status": "BUILD", "updated": "2016-02-24T15:41:20Z", "hostId": "605dc2455126542518ac2657198ce0fbc4ed13750f9afd2bbe25a844", "addresses": {}, "links": [{"href": "http://10.4.1.3:8774/v2.1/f19c7e7ff9cc4f6492fd555997b79a0e/servers/998e3a65-ec12-4769-a5ba-bf686214274b", "rel": "self"}, {"href": "http://10.4.1.3:8774/f19c7e7ff9cc4f6492fd555997b79a0e/servers/998e3a65-ec12-4769-a5ba-bf686214274b", "rel": "bookmark"}], "key_name": "tempest-TestNetworkBasicOps-1826215773", "image": {"id": "78967761-bbfb-4626-9e86-548b75fa16ad", "links": [{"href": "http://10.4.1.3:8774/f19c7e7ff9cc4f6492fd555997b79a0e/images/78967761-bbfb-4626-9e86-548b75fa16ad", "rel": "bookmark"}]}, "OS-EXT-STS:task_state": "spawning", "OS-EXT-STS:vm_state": "building", "OS-SRV-USG:launched_at": null, "flavor": {"id": "42", "links": [{"href": "http://10.4.1.3:8774/f19c7e7ff9cc4f6492fd555997b79a0e/flavors/42", "rel": "bookmark"}]}, "id": "998e3a65-ec12-4769-a5ba-bf686214274b", "security_groups": [{"name": "tempest-secgroup-smoke-1920153641"}], "OS-SRV-USG:terminated_at": null, "OS-EXT-AZ:availability_zone": "nova", "user_id": "edd305cd0def48e38f9ab103276927ac", "name": "tempest-server-smoke-898399337", "created": "2016-02-24T15:41:19Z", "tenant_id": "f19c7e7ff9cc4f6492fd555997b79a0e", "OS-DCF:diskConfig": "MANUAL", "os-extended-volumes:volumes_attached": [], "accessIPv4": "", "accessIPv6": "", "progress": 0, "OS-EXT-STS:power_state": 0, "config_drive": "", "metadata": {}}}
2016-02-24 15:41:21,441 31936 INFO     [tempest.common.waiters] State transition "BUILD/scheduling" ==&gt; "BUILD/spawning" after 1 second wait
2016-02-24 15:41:22,631 31936 INFO     [tempest_lib.common.rest_client] Request (TestNetworkBasicOps:test_update_instance_port_admin_state): 200 GET http://10.4.1.3:8774/v2.1/f19c7e7ff9cc4f6492fd555997b79a0e/servers/998e3a65-ec12-4769-a5ba-bf686214274b 0.186s
2016-02-24 15:41:22,631 31936 DEBUG    [tempest_lib.common.rest_client] Request - Headers: {'Content-Type': 'application/json', 'Accept': 'application/json', 'X-Auth-Token': '&lt;omitted&gt;'}
        Body: None
    Response - Headers: {'status': '200', 'content-length': '1466', 'content-location': 'http://10.4.1.3:8774/v2.1/f19c7e7ff9cc4f6492fd555997b79a0e/servers/998e3a65-ec12-4769-a5ba-bf686214274b', 'x-compute-request-id': 'req-ea358f6f-63c0-4028-93f7-fe52e7814d28', 'vary': 'X-OpenStack-Nova-API-Version', 'connection': 'close', 'x-openstack-nova-api-version': '2.1', 'date': 'Wed, 24 Feb 2016 15:41:22 GMT', 'content-type': 'application/json'}
        Body: {"server": {"status": "BUILD", "updated": "2016-02-24T15:41:20Z", "hostId": "605dc2455126542518ac2657198ce0fbc4ed13750f9afd2bbe25a844", "addresses": {}, "links": [{"href": "http://10.4.1.3:8774/v2.1/f19c7e7ff9cc4f6492fd555997b79a0e/servers/998e3a65-ec12-4769-a5ba-bf686214274b", "rel": "self"}, {"href": "http://10.4.1.3:8774/f19c7e7ff9cc4f6492fd555997b79a0e/servers/998e3a65-ec12-4769-a5ba-bf686214274b", "rel": "bookmark"}], "key_name": "tempest-TestNetworkBasicOps-1826215773", "image": {"id": "78967761-bbfb-4626-9e86-548b75fa16ad", "links": [{"href": "http://10.4.1.3:8774/f19c7e7ff9cc4f6492fd555997b79a0e/images/78967761-bbfb-4626-9e86-548b75fa16ad", "rel": "bookmark"}]}, "OS-EXT-STS:task_state": "spawning", "OS-EXT-STS:vm_state": "building", "OS-SRV-USG:launched_at": null, "flavor": {"id": "42", "links": [{"href": "http://10.4.1.3:8774/f19c7e7ff9cc4f6492fd555997b79a0e/flavors/42", "rel": "bookmark"}]}, "id": "998e3a65-ec12-4769-a5ba-bf686214274b", "security_groups": [{"name": "tempest-secgroup-smoke-1920153641"}], "OS-SRV-USG:terminated_at": null, "OS-EXT-AZ:availability_zone": "nova", "user_id": "edd305cd0def48e38f9ab103276927ac", "name": "tempest-server-smoke-898399337", "created": "2016-02-24T15:41:19Z", "tenant_id": "f19c7e7ff9cc4f6492fd555997b79a0e", "OS-DCF:diskConfig": "MANUAL", "os-extended-volumes:volumes_attached": [], "accessIPv4": "", "accessIPv6": "", "progress": 0, "OS-EXT-STS:power_state": 0, "config_drive": "", "metadata": {}}}
2016-02-24 15:41:23,820 31936 INFO     [tempest_lib.common.rest_client] Request (TestNetworkBasicOps:test_update_instance_port_admin_state): 200 GET http://10.4.1.3:8774/v2.1/f19c7e7ff9cc4f6492fd555997b79a0e/servers/998e3a65-ec12-4769-a5ba-bf686214274b 0.173s
2016-02-24 15:41:23,820 31936 DEBUG    [tempest_lib.common.rest_client] Request - Headers: {'Content-Type': 'application/json', 'Accept': 'application/json', 'X-Auth-Token': '&lt;omitted&gt;'}
        Body: None
    Response - Headers: {'status': '200', 'content-length': '1638', 'content-location': 'http://10.4.1.3:8774/v2.1/f19c7e7ff9cc4f6492fd555997b79a0e/servers/998e3a65-ec12-4769-a5ba-bf686214274b', 'x-compute-request-id': 'req-9825dd58-4be3-4ff4-9387-8719092cb475', 'vary': 'X-OpenStack-Nova-API-Version', 'connection': 'close', 'x-openstack-nova-api-version': '2.1', 'date': 'Wed, 24 Feb 2016 15:41:23 GMT', 'content-type': 'application/json'}
        Body: {"server": {"status": "ACTIVE", "updated": "2016-02-24T15:41:22Z", "hostId": "605dc2455126542518ac2657198ce0fbc4ed13750f9afd2bbe25a844", "addresses": {"tempest-network-smoke--1126246167": [{"OS-EXT-IPS-MAC:mac_addr": "fa:16:3e:9f:c7:ab", "version": 4, "addr": "10.100.0.3", "OS-EXT-IPS:type": "fixed"}]}, "links": [{"href": "http://10.4.1.3:8774/v2.1/f19c7e7ff9cc4f6492fd555997b79a0e/servers/998e3a65-ec12-4769-a5ba-bf686214274b", "rel": "self"}, {"href": "http://10.4.1.3:8774/f19c7e7ff9cc4f6492fd555997b79a0e/servers/998e3a65-ec12-4769-a5ba-bf686214274b", "rel": "bookmark"}], "key_name": "tempest-TestNetworkBasicOps-1826215773", "image": {"id": "78967761-bbfb-4626-9e86-548b75fa16ad", "links": [{"href": "http://10.4.1.3:8774/f19c7e7ff9cc4f6492fd555997b79a0e/images/78967761-bbfb-4626-9e86-548b75fa16ad", "rel": "bookmark"}]}, "OS-EXT-STS:task_state": null, "OS-EXT-STS:vm_state": "active", "OS-SRV-USG:launched_at": "2016-02-24T15:41:22.000000", "flavor": {"id": "42", "links": [{"href": "http://10.4.1.3:8774/f19c7e7ff9cc4f6492fd555997b79a0e/flavors/42", "rel": "bookmark"}]}, "id": "998e3a65-ec12-4769-a5ba-bf686214274b", "security_groups": [{"name": "tempest-secgroup-smoke-1920153641"}], "OS-SRV-USG:terminated_at": null, "OS-EXT-AZ:availability_zone": "nova", "user_id": "edd305cd0def48e38f9ab103276927ac", "name": "tempest-server-smoke-898399337", "created": "2016-02-24T15:41:19Z", "tenant_id": "f19c7e7ff9cc4f6492fd555997b79a0e", "OS-DCF:diskConfig": "MANUAL", "os-extended-volumes:volumes_attached": [], "accessIPv4": "", "accessIPv6": "", "progress": 0, "OS-EXT-STS:power_state": 1, "config_drive": "True", "metadata": {}}}
2016-02-24 15:41:23,829 31936 INFO     [tempest.common.waiters] State transition "BUILD/spawning" ==&gt; "ACTIVE/None" after 3 second wait
2016-02-24 15:41:23,991 31936 INFO     [tempest_lib.common.rest_client] Request (TestNetworkBasicOps:test_update_instance_port_admin_state): 200 GET http://10.4.1.3:8774/v2.1/f19c7e7ff9cc4f6492fd555997b79a0e/servers/998e3a65-ec12-4769-a5ba-bf686214274b 0.161s
2016-02-24 15:41:23,992 31936 DEBUG    [tempest_lib.common.rest_client] Request - Headers: {'Content-Type': 'application/json', 'Accept': 'application/json', 'X-Auth-Token': '&lt;omitted&gt;'}
        Body: None
    Response - Headers: {'status': '200', 'content-length': '1638', 'content-location': 'http://10.4.1.3:8774/v2.1/f19c7e7ff9cc4f6492fd555997b79a0e/servers/998e3a65-ec12-4769-a5ba-bf686214274b', 'x-compute-request-id': 'req-767749c7-a3a3-45d8-a10e-c2b5ce38b851', 'vary': 'X-OpenStack-Nova-API-Version', 'connection': 'close', 'x-openstack-nova-api-version': '2.1', 'date': 'Wed, 24 Feb 2016 15:41:23 GMT', 'content-type': 'application/json'}
        Body: {"server": {"status": "ACTIVE", "updated": "2016-02-24T15:41:22Z", "hostId": "605dc2455126542518ac2657198ce0fbc4ed13750f9afd2bbe25a844", "addresses": {"tempest-network-smoke--1126246167": [{"OS-EXT-IPS-MAC:mac_addr": "fa:16:3e:9f:c7:ab", "version": 4, "addr": "10.100.0.3", "OS-EXT-IPS:type": "fixed"}]}, "links": [{"href": "http://10.4.1.3:8774/v2.1/f19c7e7ff9cc4f6492fd555997b79a0e/servers/998e3a65-ec12-4769-a5ba-bf686214274b", "rel": "self"}, {"href": "http://10.4.1.3:8774/f19c7e7ff9cc4f6492fd555997b79a0e/servers/998e3a65-ec12-4769-a5ba-bf686214274b", "rel": "bookmark"}], "key_name": "tempest-TestNetworkBasicOps-1826215773", "image": {"id": "78967761-bbfb-4626-9e86-548b75fa16ad", "links": [{"href": "http://10.4.1.3:8774/f19c7e7ff9cc4f6492fd555997b79a0e/images/78967761-bbfb-4626-9e86-548b75fa16ad", "rel": "bookmark"}]}, "OS-EXT-STS:task_state": null, "OS-EXT-STS:vm_state": "active", "OS-SRV-USG:launched_at": "2016-02-24T15:41:22.000000", "flavor": {"id": "42", "links": [{"href": "http://10.4.1.3:8774/f19c7e7ff9cc4f6492fd555997b79a0e/flavors/42", "rel": "bookmark"}]}, "id": "998e3a65-ec12-4769-a5ba-bf686214274b", "security_groups": [{"name": "tempest-secgroup-smoke-1920153641"}], "OS-SRV-USG:terminated_at": null, "OS-EXT-AZ:availability_zone": "nova", "user_id": "edd305cd0def48e38f9ab103276927ac", "name": "tempest-server-smoke-898399337", "created": "2016-02-24T15:41:19Z", "tenant_id": "f19c7e7ff9cc4f6492fd555997b79a0e", "OS-DCF:diskConfig": "MANUAL", "os-extended-volumes:volumes_attached": [], "accessIPv4": "", "accessIPv6": "", "progress": 0, "OS-EXT-STS:power_state": 1, "config_drive": "True", "metadata": {}}}
2016-02-24 15:41:24,000 31936 INFO     [tempest.scenario.manager] Tenant networks not configured to be reachable.
2016-02-24 15:41:24,031 31936 INFO     [tempest_lib.common.rest_client] Request (TestNetworkBasicOps:test_update_instance_port_admin_state): 200 GET http://10.4.1.3:9696/v2.0/ports?fixed_ip=None&amp;device_id=998e3a65-ec12-4769-a5ba-bf686214274b 0.030s
2016-02-24 15:41:24,031 31936 DEBUG    [tempest_lib.common.rest_client] Request - Headers: {'Content-Type': 'application/json', 'Accept': 'application/json', 'X-Auth-Token': '&lt;omitted&gt;'}
        Body: None
    Response - Headers: {'status': '200', 'content-length': '895', 'content-location': 'http://10.4.1.3:9696/v2.0/ports?fixed_ip=None&amp;device_id=998e3a65-ec12-4769-a5ba-bf686214274b', 'connection': 'close', 'date': 'Wed, 24 Feb 2016 15:41:24 GMT', 'content-type': 'application/json; charset=UTF-8', 'x-openstack-request-id': 'req-29b25fbb-4ea0-4bff-a85d-0321b5a4c082'}
        Body: {"ports": [{"status": "ACTIVE", "binding:host_id": "vagrant-ubuntu-trusty-64", "allowed_address_pairs": [], "extra_dhcp_opts": [], "dns_assignment": [{"hostname": "host-10-100-0-3", "ip_address": "10.100.0.3", "fqdn": "host-10-100-0-3.openstacklocal."}], "device_owner": "compute:None", "port_security_enabled": true, "binding:profile": {}, "fixed_ips": [{"subnet_id": "c963a762-3d27-49f4-9c84-751d9157c7a4", "ip_address": "10.100.0.3"}], "id": "3ed26fab-7b17-4f02-8486-5a684c8028bc", "security_groups": ["4ba9924a-13c7-46ec-9d26-e0d2c8742d5d"], "device_id": "998e3a65-ec12-4769-a5ba-bf686214274b", "name": "", "admin_state_up": true, "network_id": "0cae6d61-673d-4882-8778-9163a200b0db", "dns_name": "", "binding:vif_details": {"port_filter": true}, "binding:vnic_type": "normal", "binding:vif_type": "ovs", "tenant_id": "f19c7e7ff9cc4f6492fd555997b79a0e", "mac_address": "fa:16:3e:9f:c7:ab"}]}
2016-02-24 15:41:24,527 31936 INFO     [tempest_lib.common.rest_client] Request (TestNetworkBasicOps:test_update_instance_port_admin_state): 201 POST http://10.4.1.3:9696/v2.0/floatingips 0.495s
2016-02-24 15:41:24,528 31936 DEBUG    [tempest_lib.common.rest_client] Request - Headers: {'Content-Type': 'application/json', 'Accept': 'application/json', 'X-Auth-Token': '&lt;omitted&gt;'}
        Body: {"floatingip": {"floating_network_id": "0d407ac2-5621-45ba-8c2a-c0707ac68dfc", "tenant_id": "f19c7e7ff9cc4f6492fd555997b79a0e", "fixed_ip_address": "10.100.0.3", "port_id": "3ed26fab-7b17-4f02-8486-5a684c8028bc"}}
    Response - Headers: {'status': '201', 'content-length': '368', 'connection': 'close', 'date': 'Wed, 24 Feb 2016 15:41:24 GMT', 'content-type': 'application/json; charset=UTF-8', 'x-openstack-request-id': 'req-db5b66d6-0d46-454d-9ee4-f2bd25622f37'}
        Body: {"floatingip": {"floating_network_id": "0d407ac2-5621-45ba-8c2a-c0707ac68dfc", "router_id": "0ae822ea-07d1-42a2-a74e-5b9aa0c59389", "fixed_ip_address": "10.100.0.3", "floating_ip_address": "172.24.4.18", "tenant_id": "f19c7e7ff9cc4f6492fd555997b79a0e", "status": "DOWN", "port_id": "3ed26fab-7b17-4f02-8486-5a684c8028bc", "id": "e2db0a4e-e03d-44b2-bec7-039664d76016"}}
2016-02-24 15:41:24,581 31936 INFO     [tempest_lib.common.rest_client] Request (TestNetworkBasicOps:test_update_instance_port_admin_state): 200 GET http://10.4.1.3:9696/v2.0/ports?device_id=998e3a65-ec12-4769-a5ba-bf686214274b 0.052s
2016-02-24 15:41:24,581 31936 DEBUG    [tempest_lib.common.rest_client] Request - Headers: {'Content-Type': 'application/json', 'Accept': 'application/json', 'X-Auth-Token': '&lt;omitted&gt;'}
        Body: None
    Response - Headers: {'status': '200', 'content-length': '895', 'content-location': 'http://10.4.1.3:9696/v2.0/ports?device_id=998e3a65-ec12-4769-a5ba-bf686214274b', 'connection': 'close', 'date': 'Wed, 24 Feb 2016 15:41:24 GMT', 'content-type': 'application/json; charset=UTF-8', 'x-openstack-request-id': 'req-b8187298-cc69-4dba-b352-694631eebcdf'}
        Body: {"ports": [{"status": "ACTIVE", "binding:host_id": "vagrant-ubuntu-trusty-64", "allowed_address_pairs": [], "extra_dhcp_opts": [], "dns_assignment": [{"hostname": "host-10-100-0-3", "ip_address": "10.100.0.3", "fqdn": "host-10-100-0-3.openstacklocal."}], "device_owner": "compute:None", "port_security_enabled": true, "binding:profile": {}, "fixed_ips": [{"subnet_id": "c963a762-3d27-49f4-9c84-751d9157c7a4", "ip_address": "10.100.0.3"}], "id": "3ed26fab-7b17-4f02-8486-5a684c8028bc", "security_groups": ["4ba9924a-13c7-46ec-9d26-e0d2c8742d5d"], "device_id": "998e3a65-ec12-4769-a5ba-bf686214274b", "name": "", "admin_state_up": true, "network_id": "0cae6d61-673d-4882-8778-9163a200b0db", "dns_name": "", "binding:vif_details": {"port_filter": true}, "binding:vnic_type": "normal", "binding:vif_type": "ovs", "tenant_id": "f19c7e7ff9cc4f6492fd555997b79a0e", "mac_address": "fa:16:3e:9f:c7:ab"}]}
2016-02-24 15:41:24,599 31936 INFO     [tempest_lib.common.rest_client] Request (TestNetworkBasicOps:test_update_instance_port_admin_state): 200 GET http://10.4.1.3:9696/v2.0/floatingips/e2db0a4e-e03d-44b2-bec7-039664d76016 0.017s
2016-02-24 15:41:24,599 31936 DEBUG    [tempest_lib.common.rest_client] Request - Headers: {'Content-Type': 'application/json', 'Accept': 'application/json', 'X-Auth-Token': '&lt;omitted&gt;'}
        Body: None
    Response - Headers: {'status': '200', 'content-length': '368', 'content-location': 'http://10.4.1.3:9696/v2.0/floatingips/e2db0a4e-e03d-44b2-bec7-039664d76016', 'connection': 'close', 'date': 'Wed, 24 Feb 2016 15:41:24 GMT', 'content-type': 'application/json; charset=UTF-8', 'x-openstack-request-id': 'req-508bcaea-dc25-4027-be9e-96a14f19d0ab'}
        Body: {"floatingip": {"floating_network_id": "0d407ac2-5621-45ba-8c2a-c0707ac68dfc", "router_id": "0ae822ea-07d1-42a2-a74e-5b9aa0c59389", "fixed_ip_address": "10.100.0.3", "floating_ip_address": "172.24.4.18", "tenant_id": "f19c7e7ff9cc4f6492fd555997b79a0e", "status": "DOWN", "port_id": "3ed26fab-7b17-4f02-8486-5a684c8028bc", "id": "e2db0a4e-e03d-44b2-bec7-039664d76016"}}
2016-02-24 15:41:25,613 31936 INFO     [tempest_lib.common.rest_client] Request (TestNetworkBasicOps:test_update_instance_port_admin_state): 200 GET http://10.4.1.3:9696/v2.0/floatingips/e2db0a4e-e03d-44b2-bec7-039664d76016 0.012s
2016-02-24 15:41:25,613 31936 DEBUG    [tempest_lib.common.rest_client] Request - Headers: {'Content-Type': 'application/json', 'Accept': 'application/json', 'X-Auth-Token': '&lt;omitted&gt;'}
        Body: None
    Response - Headers: {'status': '200', 'content-length': '370', 'content-location': 'http://10.4.1.3:9696/v2.0/floatingips/e2db0a4e-e03d-44b2-bec7-039664d76016', 'connection': 'close', 'date': 'Wed, 24 Feb 2016 15:41:25 GMT', 'content-type': 'application/json; charset=UTF-8', 'x-openstack-request-id': 'req-73e8f3a1-60b7-40b7-836f-d5a0b32ed433'}
        Body: {"floatingip": {"floating_network_id": "0d407ac2-5621-45ba-8c2a-c0707ac68dfc", "router_id": "0ae822ea-07d1-42a2-a74e-5b9aa0c59389", "fixed_ip_address": "10.100.0.3", "floating_ip_address": "172.24.4.18", "tenant_id": "f19c7e7ff9cc4f6492fd555997b79a0e", "status": "ACTIVE", "port_id": "3ed26fab-7b17-4f02-8486-5a684c8028bc", "id": "e2db0a4e-e03d-44b2-bec7-039664d76016"}}
2016-02-24 15:41:25,614 31936 INFO     [tempest.scenario.manager] FloatingIP: &lt;"FloatingIP" addr="172.24.4.18" id="e2db0a4e-e03d-44b2-bec7-039664d76016"&gt; is at status: ACTIVE
2016-02-24 15:41:25,614 31936 DEBUG    [tempest.scenario.manager] checking network connections to IP 172.24.4.18 with user: cirros
2016-02-24 15:41:25,614 31936 DEBUG    [tempest.scenario.manager] TestNetworkBasicOps:test_update_instance_port_admin_state begins to ping 172.24.4.18 in 120 sec and the expected result is reachable
2016-02-24 15:41:43,708 31936 DEBUG    [tempest.scenario.manager] TestNetworkBasicOps:test_update_instance_port_admin_state finishes ping 172.24.4.18 in 120 sec and the ping result is expected
2016-02-24 15:41:43,710 31936 INFO     [tempest_lib.common.ssh] Creating ssh connection to '172.24.4.18' as 'cirros' with public key authentication
2016-02-24 15:41:43,716 31936 WARNING  [tempest_lib.common.ssh] Failed to establish authenticated ssh connection to cirros@172.24.4.18 ([Errno None] Unable to connect to port 22 on  or 172.24.4.18). Number attempts: 1. Retry after 2 seconds.
2016-02-24 15:41:46,225 31936 WARNING  [tempest_lib.common.ssh] Failed to establish authenticated ssh connection to cirros@172.24.4.18 ([Errno None] Unable to connect to port 22 on  or 172.24.4.18). Number attempts: 2. Retry after 3 seconds.
2016-02-24 15:41:49,781 31936 INFO     [paramiko.transport] Connected (version 2.0, client dropbear_2012.55)
2016-02-24 15:41:49,954 31936 INFO     [paramiko.transport] Authentication (publickey) successful!
2016-02-24 15:41:49,962 31936 INFO     [tempest_lib.common.ssh] ssh connection to cirros@172.24.4.18 successfully created
2016-02-24 15:41:50,310 31936 INFO     [tempest_lib.common.rest_client] Request (TestNetworkBasicOps:test_update_instance_port_admin_state): 200 PUT http://10.4.1.3:9696/v2.0/ports/3ed26fab-7b17-4f02-8486-5a684c8028bc 0.231s
2016-02-24 15:41:50,311 31936 DEBUG    [tempest_lib.common.rest_client] Request - Headers: {'Content-Type': 'application/json', 'Accept': 'application/json', 'X-Auth-Token': '&lt;omitted&gt;'}
        Body: {"port": {"admin_state_up": false}}
    Response - Headers: {'status': '200', 'content-length': '750', 'connection': 'close', 'date': 'Wed, 24 Feb 2016 15:41:50 GMT', 'content-type': 'application/json; charset=UTF-8', 'x-openstack-request-id': 'req-ff566f67-8b2c-42c9-a991-b3c034d831b6'}
        Body: {"port": {"status": "ACTIVE", "name": "", "allowed_address_pairs": [], "admin_state_up": false, "network_id": "0cae6d61-673d-4882-8778-9163a200b0db", "dns_name": "", "extra_dhcp_opts": [], "mac_address": "fa:16:3e:9f:c7:ab", "dns_assignment": [{"hostname": "host-10-100-0-3", "ip_address": "10.100.0.3", "fqdn": "host-10-100-0-3.openstacklocal."}], "binding:vnic_type": "normal", "device_owner": "compute:None", "tenant_id": "f19c7e7ff9cc4f6492fd555997b79a0e", "port_security_enabled": true, "fixed_ips": [{"subnet_id": "c963a762-3d27-49f4-9c84-751d9157c7a4", "ip_address": "10.100.0.3"}], "id": "3ed26fab-7b17-4f02-8486-5a684c8028bc", "security_groups": ["4ba9924a-13c7-46ec-9d26-e0d2c8742d5d"], "device_id": "998e3a65-ec12-4769-a5ba-bf686214274b"}}
2016-02-24 15:41:50,312 31936 DEBUG    [tempest.scenario.manager] checking network connections to IP 172.24.4.18 with user: cirros
2016-02-24 15:41:50,312 31936 DEBUG    [tempest.scenario.manager] TestNetworkBasicOps:test_update_instance_port_admin_state begins to ping 172.24.4.18 in 120 sec and the expected result is unreachable
2016-02-24 15:43:50,897 31936 DEBUG    [tempest.scenario.manager] TestNetworkBasicOps:test_update_instance_port_admin_state finishes ping 172.24.4.18 in 120 sec and the ping result is unexpected
2016-02-24 15:43:50,899 31936 ERROR    [tempest.scenario.manager] Public network connectivity check failed: after updating admin_state_up of instance port to False
2016-02-24 15:43:50.899 31936 ERROR tempest.scenario.manager Traceback (most recent call last):
2016-02-24 15:43:50.899 31936 ERROR tempest.scenario.manager   File "tempest/scenario/manager.py", line 598, in check_public_network_connectivity
2016-02-24 15:43:50.899 31936 ERROR tempest.scenario.manager     should_connect=should_connect)
2016-02-24 15:43:50.899 31936 ERROR tempest.scenario.manager   File "tempest/scenario/manager.py", line 582, in check_vm_connectivity
2016-02-24 15:43:50.899 31936 ERROR tempest.scenario.manager     msg=msg)
2016-02-24 15:43:50.899 31936 ERROR tempest.scenario.manager   File "/usr/local/lib/python2.7/dist-packages/unittest2/case.py", line 702, in assertTrue
2016-02-24 15:43:50.899 31936 ERROR tempest.scenario.manager     raise self.failureException(msg)
2016-02-24 15:43:50.899 31936 ERROR tempest.scenario.manager AssertionError: False is not true : ip address 172.24.4.18 is reachable
2016-02-24 15:43:50.899 31936 ERROR tempest.scenario.manager 
2016-02-24 15:43:51,263 31936 INFO     [tempest_lib.common.rest_client] Request (TestNetworkBasicOps:test_update_instance_port_admin_state): 200 POST http://10.4.1.3:8774/v2.1/f19c7e7ff9cc4f6492fd555997b79a0e/servers/998e3a65-ec12-4769-a5ba-bf686214274b/action 0.359s
2016-02-24 15:43:51,263 31936 DEBUG    [tempest_lib.common.rest_client] Request - Headers: {'Content-Type': 'application/json', 'Accept': 'application/json', 'X-Auth-Token': '&lt;omitted&gt;'}
        Body: {"os-getConsoleOutput": {}}
    Response - Headers: {'status': '200', 'content-length': '19827', 'x-compute-request-id': 'req-53ee2ab9-c7b1-4389-b070-2e214eace547', 'vary': 'X-OpenStack-Nova-API-Version', 'connection': 'close', 'x-openstack-nova-api-version': '2.1', 'date': 'Wed, 24 Feb 2016 15:43:51 GMT', 'content-type': 'application/json'}
        Body: {"output": "[    0.000000] Initializing cgroup subsys cpuset\n[    0.000000] Initializing cgroup subsys cpu\n[    0.000000] Linux version 3.2.0-80-virtual (buildd@batsu) (gcc version 4.6.3 (Ubuntu/Linaro 4.6.3-1ubuntu5) ) #116-Ubuntu SMP Mon Mar 23 17:28:52 UTC 2015 (Ubuntu 3.2.0-80.116-virtual 3.2.68)\n[    0.000000] Command line: root=/dev/vda console=tty0 console=ttyS0 no_timer_check\n[    0.000000] KERNEL supported cpus:\n[    0.000000]   Intel GenuineIntel\n[    0.000000]   AMD AuthenticAMD\n[    0.000000]   Centaur CentaurHauls\n[    0.000000] BIOS-provided physical RAM map:\n[    0.000000]  BIOS-e820: 0000000000000000 - 000000000009fc00 (usable)\n[    0.000000]  BIOS-e820: 000000000009fc00 - 00000000000a0000 (reserved)\n[    0.000000]  BIOS-e820: 00000000000f0000 - 0000000000100000 (reserved)\n[    0.000000]  BIOS-e820: 0000000000100000 - 0000000003ffe000 (usable)\n[    0.000000]  BIOS-e820: 0000000003ffe000 - 0000000004000000 (reserved)\n[    0.000000]  BIOS-e820: 00000000fffc0000 - 0000000100000000 (reserved)\n[    0.000000] NX (Execute Disable) protection: active\n[    0.000000] SMBIOS 2.4 present.\n[    0.000000] No AGP bridge found\n[    0.000000] last_pfn = 0x3ffe max_arch_pfn = 0x400000000\n[    0.000000] x86 PAT enabled: cpu 0, old 0x7040600070406, new 0x7010600070106\n[    0.000000] found SMP MP-table at [ffff8800000f0b00] f0b00\n[    0.000000] init_memory_mapping: 0000000000000000-0000000003ffe000\n[    0.000000] RAMDISK: 03c5e000 - 03ff0000\n[    0.000000] ACPI: RSDP 00000000000f0950 00014 (v00 BOCHS )\n[    0.000000] ACPI: RSDT 0000000003fffbc1 00034 (v01 BOCHS  BXPCRSDT 00000001 BXPC 00000001)\n[    0.000000] ACPI: FACP 0000000003fff1c0 00074 (v01 BOCHS  BXPCFACP 00000001 BXPC 00000001)\n[    0.000000] ACPI: DSDT 0000000003ffe040 01180 (v01 BOCHS  BXPCDSDT 00000001 BXPC 00000001)\n[    0.000000] ACPI: FACS 0000000003ffe000 00040\n[    0.000000] ACPI: SSDT 0000000003fff234 008DD (v01 BOCHS  BXPCSSDT 00000001 BXPC 00000001)\n[    0.000000] ACPI: APIC 0000000003fffb11 00078 (v01 BOCHS  BXPCAPIC 00000001 BXPC 00000001)\n[    0.000000] ACPI: HPET 0000000003fffb89 00038 (v01 BOCHS  BXPCHPET 00000001 BXPC 00000001)\n[    0.000000] No NUMA configuration found\n[    0.000000] Faking a node at 0000000000000000-0000000003ffe000\n[    0.000000] Initmem setup node 0 0000000000000000-0000000003ffe000\n[    0.000000]   NODE_DATA [0000000003ff6000 - 0000000003ffafff]\n[    0.000000] Zone PFN ranges:\n[    0.000000]   DMA      0x00000010 -&gt; 0x00001000\n[    0.000000]   DMA32    0x00001000 -&gt; 0x00100000\n[    0.000000]   Normal   empty\n[    0.000000] Movable zone start PFN for each node\n[    0.000000] early_node_map[2] active PFN ranges\n[    0.000000]     0: 0x00000010 -&gt; 0x0000009f\n[    0.000000]     0: 0x00000100 -&gt; 0x00003ffe\n[    0.000000] ACPI: PM-Timer IO Port: 0xb008\n[    0.000000] ACPI: LAPIC (acpi_id[0x00] lapic_id[0x00] enabled)\n[    0.000000] ACPI: LAPIC_NMI (acpi_id[0xff] dfl dfl lint[0x1])\n[    0.000000] ACPI: IOAPIC (id[0x00] address[0xfec00000] gsi_base[0])\n[    0.000000] IOAPIC[0]: apic_id 0, version 17, address 0xfec00000, GSI 0-23\n[    0.000000] ACPI: INT_SRC_OVR (bus 0 bus_irq 0 global_irq 2 dfl dfl)\n[    0.000000] ACPI: INT_SRC_OVR (bus 0 bus_irq 5 global_irq 5 high level)\n[    0.000000] ACPI: INT_SRC_OVR (bus 0 bus_irq 9 global_irq 9 high level)\n[    0.000000] ACPI: INT_SRC_OVR (bus 0 bus_irq 10 global_irq 10 high level)\n[    0.000000] ACPI: INT_SRC_OVR (bus 0 bus_irq 11 global_irq 11 high level)\n[    0.000000] Using ACPI (MADT) for SMP configuration information\n[    0.000000] ACPI: HPET id: 0x8086a201 base: 0xfed00000\n[    0.000000] SMP: Allowing 1 CPUs, 0 hotplug CPUs\n[    0.000000] PM: Registered nosave memory: 000000000009f000 - 00000000000a0000\n[    0.000000] PM: Registered nosave memory: 00000000000a0000 - 00000000000f0000\n[    0.000000] PM: Registered nosave memory: 00000000000f0000 - 0000000000100000\n[    0.000000] Allocating PCI resources starting at 4000000 (gap: 4000000:fbfc0000)\n[    0.000000] Booting paravirtualized kernel on bare hardware\n[    0.000000] setup_pe
2016-02-24 15:43:51,266 31936 DEBUG    [tempest.scenario.manager] Console output for 998e3a65-ec12-4769-a5ba-bf686214274b
body=
[    0.000000] Initializing cgroup subsys cpuset
[    0.000000] Initializing cgroup subsys cpu
[    0.000000] Linux version 3.2.0-80-virtual (buildd@batsu) (gcc version 4.6.3 (Ubuntu/Linaro 4.6.3-1ubuntu5) ) #116-Ubuntu SMP Mon Mar 23 17:28:52 UTC 2015 (Ubuntu 3.2.0-80.116-virtual 3.2.68)
[    0.000000] Command line: root=/dev/vda console=tty0 console=ttyS0 no_timer_check
[    0.000000] KERNEL supported cpus:
[    0.000000]   Intel GenuineIntel
[    0.000000]   AMD AuthenticAMD
[    0.000000]   Centaur CentaurHauls
[    0.000000] BIOS-provided physical RAM map:
[    0.000000]  BIOS-e820: 0000000000000000 - 000000000009fc00 (usable)
[    0.000000]  BIOS-e820: 000000000009fc00 - 00000000000a0000 (reserved)
[    0.000000]  BIOS-e820: 00000000000f0000 - 0000000000100000 (reserved)
[    0.000000]  BIOS-e820: 0000000000100000 - 0000000003ffe000 (usable)
[    0.000000]  BIOS-e820: 0000000003ffe000 - 0000000004000000 (reserved)
[    0.000000]  BIOS-e820: 00000000fffc0000 - 0000000100000000 (reserved)
[    0.000000] NX (Execute Disable) protection: active
[    0.000000] SMBIOS 2.4 present.
[    0.000000] No AGP bridge found
[    0.000000] last_pfn = 0x3ffe max_arch_pfn = 0x400000000
[    0.000000] x86 PAT enabled: cpu 0, old 0x7040600070406, new 0x7010600070106
[    0.000000] found SMP MP-table at [ffff8800000f0b00] f0b00
[    0.000000] init_memory_mapping: 0000000000000000-0000000003ffe000
[    0.000000] RAMDISK: 03c5e000 - 03ff0000
[    0.000000] ACPI: RSDP 00000000000f0950 00014 (v00 BOCHS )
[    0.000000] ACPI: RSDT 0000000003fffbc1 00034 (v01 BOCHS  BXPCRSDT 00000001 BXPC 00000001)
[    0.000000] ACPI: FACP 0000000003fff1c0 00074 (v01 BOCHS  BXPCFACP 00000001 BXPC 00000001)
[    0.000000] ACPI: DSDT 0000000003ffe040 01180 (v01 BOCHS  BXPCDSDT 00000001 BXPC 00000001)
[    0.000000] ACPI: FACS 0000000003ffe000 00040
[    0.000000] ACPI: SSDT 0000000003fff234 008DD (v01 BOCHS  BXPCSSDT 00000001 BXPC 00000001)
[    0.000000] ACPI: APIC 0000000003fffb11 00078 (v01 BOCHS  BXPCAPIC 00000001 BXPC 00000001)
[    0.000000] ACPI: HPET 0000000003fffb89 00038 (v01 BOCHS  BXPCHPET 00000001 BXPC 00000001)
[    0.000000] No NUMA configuration found
[    0.000000] Faking a node at 0000000000000000-0000000003ffe000
[    0.000000] Initmem setup node 0 0000000000000000-0000000003ffe000
[    0.000000]   NODE_DATA [0000000003ff6000 - 0000000003ffafff]
[    0.000000] Zone PFN ranges:
[    0.000000]   DMA      0x00000010 -&gt; 0x00001000
[    0.000000]   DMA32    0x00001000 -&gt; 0x00100000
[    0.000000]   Normal   empty
[    0.000000] Movable zone start PFN for each node
[    0.000000] early_node_map[2] active PFN ranges
[    0.000000]     0: 0x00000010 -&gt; 0x0000009f
[    0.000000]     0: 0x00000100 -&gt; 0x00003ffe
[    0.000000] ACPI: PM-Timer IO Port: 0xb008
[    0.000000] ACPI: LAPIC (acpi_id[0x00] lapic_id[0x00] enabled)
[    0.000000] ACPI: LAPIC_NMI (acpi_id[0xff] dfl dfl lint[0x1])
[    0.000000] ACPI: IOAPIC (id[0x00] address[0xfec00000] gsi_base[0])
[    0.000000] IOAPIC[0]: apic_id 0, version 17, address 0xfec00000, GSI 0-23
[    0.000000] ACPI: INT_SRC_OVR (bus 0 bus_irq 0 global_irq 2 dfl dfl)
[    0.000000] ACPI: INT_SRC_OVR (bus 0 bus_irq 5 global_irq 5 high level)
[    0.000000] ACPI: INT_SRC_OVR (bus 0 bus_irq 9 global_irq 9 high level)
[    0.000000] ACPI: INT_SRC_OVR (bus 0 bus_irq 10 global_irq 10 high level)
[    0.000000] ACPI: INT_SRC_OVR (bus 0 bus_irq 11 global_irq 11 high level)
[    0.000000] Using ACPI (MADT) for SMP configuration information
[    0.000000] ACPI: HPET id: 0x8086a201 base: 0xfed00000
[    0.000000] SMP: Allowing 1 CPUs, 0 hotplug CPUs
[    0.000000] PM: Registered nosave memory: 000000000009f000 - 00000000000a0000
[    0.000000] PM: Registered nosave memory: 00000000000a0000 - 00000000000f0000
[    0.000000] PM: Registered nosave memory: 00000000000f0000 - 0000000000100000
[    0.000000] Allocating PCI resources starting at 4000000 (gap: 4000000:fbfc0000)
[    0.000000] Booting paravirtualized kernel on bare hardware
[    0.000000] setup_percpu: NR_CPUS:64 nr_cpumask_bits:64 nr_cpu_ids:1 nr_node_ids:1
[    0.000000] PERCPU: Embedded 27 pages/cpu @ffff880003a00000 s78848 r8192 d23552 u2097152
[    0.000000] Built 1 zonelists in Node order, mobility grouping on.  Total pages: 16008
[    0.000000] Policy zone: DMA32
[    0.000000] Kernel command line: root=/dev/vda console=tty0 console=ttyS0 no_timer_check
[    0.000000] PID hash table entries: 256 (order: -1, 2048 bytes)
[    0.000000] Checking aperture...
[    0.000000] No AGP bridge found
[    0.000000] Memory: 43492k/65528k available (6576k kernel code, 452k absent, 21584k reserved, 6620k data, 928k init)
[    0.000000] SLUB: Genslabs=15, HWalign=64, Order=0-3, MinObjects=0, CPUs=1, Nodes=1
[    0.000000] Hierarchical RCU implementation.
[    0.000000] 	RCU dyntick-idle grace-period acceleration is enabled.
[    0.000000] NR_IRQS:4352 nr_irqs:256 16
[    0.000000] Console: colour VGA+ 80x25
[    0.000000] console [tty0] enabled
[    0.000000] console [ttyS0] enabled
[    0.000000] allocated 1048576 bytes of page_cgroup
[    0.000000] please try 'cgroup_disable=memory' option if you don't want memory cgroups
[    0.000000] Fast TSC calibration failed
[    0.000000] TSC: Unable to calibrate against PIT
[    0.000000] TSC: using HPET reference calibration
[    0.000000] Detected 2291.266 MHz processor.
[    0.033066] Calibrating delay loop (skipped), value calculated using timer frequency.. 4582.53 BogoMIPS (lpj=9165064)
[    0.036908] pid_max: default: 32768 minimum: 301
[    0.045554] Security Framework initialized
[    0.049646] AppArmor: AppArmor initialized
[    0.050276] Yama: becoming mindful.
[    0.059015] Dentry cache hash table entries: 8192 (order: 4, 65536 bytes)
[    0.060961] Inode-cache hash table entries: 4096 (order: 3, 32768 bytes)
[    0.065302] Mount-cache hash table entries: 256
[    0.084920] Initializing cgroup subsys cpuacct
[    0.085597] Initializing cgroup subsys memory
[    0.088269] Initializing cgroup subsys devices
[    0.089084] Initializing cgroup subsys freezer
[    0.089758] Initializing cgroup subsys blkio
[    0.090511] Initializing cgroup subsys perf_event
[    0.096117] mce: CPU supports 10 MCE banks
[    0.097615] SMP alternatives: switching to UP code
[    0.490902] Freeing SMP alternatives: 24k freed
[    0.492597] ACPI: Core revision 20110623
[    0.540500] ftrace: allocating 26610 entries in 105 pages
[    0.566302] ..TIMER: vector=0x30 apic1=0 pin1=2 apic2=-1 pin2=-1
[    0.568133] CPU0: AMD QEMU Virtual CPU version 2.0.0 stepping 03
[    0.572035] Performance Events: Broken PMU hardware detected, using software events only.
[    0.581165] NMI watchdog disabled (cpu0): hardware events not enabled
[    0.582786] Brought up 1 CPUs
[    0.583299] Total of 1 processors activated (4582.53 BogoMIPS).
[    0.606641] devtmpfs: initialized
[    0.641988] EVM: security.selinux
[    0.642492] EVM: security.SMACK64
[    0.643005] EVM: security.capability
[    0.662449] print_constraints: dummy: 
[    0.664298] RTC time: 15:41:26, date: 02/24/16
[    0.666803] NET: Registered protocol family 16
[    0.674855] ACPI: bus type pci registered
[    0.679003] PCI: Using configuration type 1 for base access
[    0.706409] bio: create slab &lt;bio-0&gt; at 0
[    0.710535] ACPI: Added _OSI(Module Device)
[    0.711080] ACPI: Added _OSI(Processor Device)
[    0.712243] ACPI: Added _OSI(3.0 _SCP Extensions)
[    0.713017] ACPI: Added _OSI(Processor Aggregator Device)
[    0.781120] ACPI: Interpreter enabled
[    0.781789] ACPI: (supports S0 S3 S4 S5)
[    0.784692] ACPI: Using IOAPIC for interrupt routing
[    0.853490] ACPI: No dock devices found.
[    0.854085] HEST: Table not found.
[    0.854702] PCI: Using host bridge windows from ACPI; if necessary, use "pci=nocrs" and report a bug
[    0.861850] ACPI: PCI Root Bridge [PCI0] (domain 0000 [bus 00-ff])
[    0.867184] pci_root PNP0A03:00: host bridge window [io  0x0000-0x0cf7]
[    0.868151] pci_root PNP0A03:00: host bridge window [io  0x0d00-0xadff]
[    0.869193] pci_root PNP0A03:00: host bridge window [io  0xae0f-0xaeff]
[    0.869982] pci_root PNP0A03:00: host bridge window [io  0xaf20-0xafdf]
[    0.870947] pci_root PNP0A03:00: host bridge window [io  0xafe4-0xffff]
[    0.872161] pci_root PNP0A03:00: host bridge window [mem 0x000a0000-0x000bffff]
[    0.873029] pci_root PNP0A03:00: host bridge window [mem 0x04000000-0xfebfffff]
[    0.894606] pci 0000:00:01.3: quirk: [io  0xb000-0xb03f] claimed by PIIX4 ACPI
[    0.896170] pci 0000:00:01.3: quirk: [io  0xb100-0xb10f] claimed by PIIX4 SMB
[    0.968224]  pci0000:00: Unable to request _OSC control (_OSC support mask: 0x1e)
[    1.022990] ACPI: PCI Interrupt Link [LNKA] (IRQs 5 *10 11)
[    1.025702] ACPI: PCI Interrupt Link [LNKB] (IRQs 5 *10 11)
[    1.029415] ACPI: PCI Interrupt Link [LNKC] (IRQs 5 10 *11)
[    1.030420] ACPI: PCI Interrupt Link [LNKD] (IRQs 5 10 *11)
[    1.032910] ACPI: PCI Interrupt Link [LNKS] (IRQs *9)
[    1.041060] vgaarb: device added: PCI:0000:00:02.0,decodes=io+mem,owns=io+mem,locks=none
[    1.042148] vgaarb: loaded
[    1.042539] vgaarb: bridge control possible 0000:00:02.0
[    1.046499] i2c-core: driver [aat2870] using legacy suspend method
[    1.047203] i2c-core: driver [aat2870] using legacy resume method
[    1.049568] SCSI subsystem initialized
[    1.053710] usbcore: registered new interface driver usbfs
[    1.054844] usbcore: registered new interface driver hub
[    1.056603] usbcore: registered new device driver usb
[    1.060376] PCI: Using ACPI for IRQ routing
[    1.070815] NetLabel: Initializing
[    1.071260] NetLabel:  domain hash size = 128
[    1.072134] NetLabel:  protocols = UNLABELED CIPSOv4
[    1.074090] NetLabel:  unlabeled traffic allowed by default
[    1.076977] HPET: 3 timers in total, 0 timers will be used for per-cpu timer
[    1.078125] hpet0: at MMIO 0xfed00000, IRQs 2, 8, 0
[    1.079002] hpet0: 3 comparators, 64-bit 100.000000 MHz counter
[    1.101608] Switching to clocksource hpet
[    1.322336] AppArmor: AppArmor Filesystem Enabled
[    1.323789] pnp: PnP ACPI init
[    1.325391] ACPI: bus type pnp registered
[    1.345762] pnp: PnP ACPI: found 9 devices
[    1.346329] ACPI: ACPI bus type pnp unregistered
[    1.402412] NET: Registered protocol family 2
[    1.444318] IP route cache hash table entries: 512 (order: 0, 4096 bytes)
[    1.454475] TCP established hash table entries: 2048 (order: 3, 32768 bytes)
[    1.458093] TCP bind hash table entries: 2048 (order: 3, 32768 bytes)
[    1.459806] TCP: Hash tables configured (established 2048 bind 2048)
[    1.462949] TCP reno registered
[    1.464244] UDP hash table entries: 128 (order: 0, 4096 bytes)
[    1.467815] UDP-Lite hash table entries: 128 (order: 0, 4096 bytes)
[    1.471608] NET: Registered protocol family 1
[    1.473125] pci 0000:00:00.0: Limiting direct PCI/PCI transfers
[    1.474004] pci 0000:00:01.0: PIIX3: Enabling Passive Release
[    1.474979] pci 0000:00:01.0: Activating ISA DMA hang workarounds
[    1.480118] ACPI: PCI Interrupt Link [LNKD] enabled at IRQ 11
[    1.481786] pci 0000:00:01.2: PCI INT D -&gt; Link[LNKD] -&gt; GSI 11 (level, high) -&gt; IRQ 11
[    1.484052] pci 0000:00:01.2: PCI INT D disabled
[    1.501462] Trying to unpack rootfs image as initramfs...
[    1.516382] audit: initializing netlink socket (disabled)
[    1.518972] type=2000 audit(1456328486.516:1): initialized
[    1.770503] HugeTLB registered 2 MB page size, pre-allocated 0 pages
[    1.843730] VFS: Disk quotas dquot_6.5.2
[    1.845953] Dquot-cache hash table entries: 512 (order 0, 4096 bytes)
[    1.862216] fuse init (API version 7.17)
[    1.874365] msgmni has been set to 84
[    1.907427] Block layer SCSI generic (bsg) driver version 0.4 loaded (major 253)
[    1.910260] io scheduler noop registered
[    1.910876] io scheduler deadline registered (default)
[    1.911995] io scheduler cfq registered
[    1.915731] pci_hotplug: PCI Hot Plug PCI Core version: 0.5
[    1.918650] pciehp: PCI Express Hot Plug Controller Driver version: 0.4
[    1.925251] input: Power Button as /devices/LNXSYSTM:00/LNXPWRBN:00/input/input0
[    1.927182] ACPI: Power Button [PWRF]
[    1.986012] ERST: Table is not found!
[    1.986502] GHES: HEST is not enabled!
[    1.995852] ACPI: PCI Interrupt Link [LNKC] enabled at IRQ 10
[    1.997501] virtio-pci 0000:00:03.0: PCI INT A -&gt; Link[LNKC] -&gt; GSI 10 (level, high) -&gt; IRQ 10
[    2.000041] virtio-pci 0000:00:04.0: PCI INT A -&gt; Link[LNKD] -&gt; GSI 11 (level, high) -&gt; IRQ 11
[    2.018037] ACPI: PCI Interrupt Link [LNKA] enabled at IRQ 10
[    2.018729] virtio-pci 0000:00:05.0: PCI INT A -&gt; Link[LNKA] -&gt; GSI 10 (level, high) -&gt; IRQ 10
[    2.025039] Serial: 8250/16550 driver, 32 ports, IRQ sharing enabled
[    2.069119] serial8250: ttyS0 at I/O 0x3f8 (irq = 4) is a 16550A
[    2.161712] serial8250: ttyS1 at I/O 0x2f8 (irq = 3) is a 16550A
[    2.292664] 00:05: ttyS0 at I/O 0x3f8 (irq = 4) is a 16550A
[    2.375150] 00:06: ttyS1 at I/O 0x2f8 (irq = 3) is a 16550A
[    2.427038] Linux agpgart interface v0.103
[    2.489856] Refined TSC clocksource calibration: 2291.306 MHz.
[    2.490861] Switching to clocksource tsc
[    2.503054] brd: module loaded
[    2.531582] loop: module loaded
[    2.587151]  vda: unknown partition table
[    2.641037] scsi0 : ata_piix
[    2.650117] scsi1 : ata_piix
[    2.651307] ata1: PATA max MWDMA2 cmd 0x1f0 ctl 0x3f6 bmdma 0xc0a0 irq 14
[    2.652043] ata2: PATA max MWDMA2 cmd 0x170 ctl 0x376 bmdma 0xc0a8 irq 15
[    2.662295] Fixed MDIO Bus: probed
[    2.663328] tun: Universal TUN/TAP device driver, 1.6
[    2.663916] tun: (C) 1999-2004 Max Krasnyansky &lt;maxk@qualcomm.com&gt;
[    2.678286] PPP generic driver version 2.4.2
[    2.705532] ehci_hcd: USB 2.0 'Enhanced' Host Controller (EHCI) Driver
[    2.707041] ohci_hcd: USB 1.1 'Open' Host Controller (OHCI) Driver
[    2.707931] uhci_hcd: USB Universal Host Controller Interface driver
[    2.710322] uhci_hcd 0000:00:01.2: PCI INT D -&gt; Link[LNKD] -&gt; GSI 11 (level, high) -&gt; IRQ 11
[    2.713863] uhci_hcd 0000:00:01.2: UHCI Host Controller
[    2.725530] uhci_hcd 0000:00:01.2: new USB bus registered, assigned bus number 1
[    2.729024] uhci_hcd 0000:00:01.2: irq 11, io base 0x0000c040
[    2.757532] hub 1-0:1.0: USB hub found
[    2.759142] hub 1-0:1.0: 2 ports detected
[    2.767028] usbcore: registered new interface driver libusual
[    2.769161] i8042: PNP: PS/2 Controller [PNP0303:KBD,PNP0f13:MOU] at 0x60,0x64 irq 1,12
[    2.776554] serio: i8042 KBD port at 0x60,0x64 irq 1
[    2.779582] serio: i8042 AUX port at 0x60,0x64 irq 12
[    2.811713] mousedev: PS/2 mouse device common for all mice
[    2.830130] input: AT Translated Set 2 keyboard as /devices/platform/i8042/serio0/input/input1
[    2.835524] rtc_cmos 00:01: RTC can wake from S4
[    2.852075] rtc_cmos 00:01: rtc core: registered rtc_cmos as rtc0
[    2.856397] rtc0: alarms up to one day, 114 bytes nvram, hpet irqs
[    2.860018] device-mapper: uevent: version 1.0.3
[    2.875677] device-mapper: ioctl: 4.22.0-ioctl (2011-10-19) initialised: dm-devel@redhat.com
[    2.878562] cpuidle: using governor ladder
[    2.879581] cpuidle: using governor menu
[    2.880164] EFI Variables Facility v0.08 2004-May-17
[    2.894184] TCP cubic registered
[    2.898208] NET: Registered protocol family 10
[    2.933936] NET: Registered protocol family 17
[    2.934677] Registering the dns_resolver key type
[    2.967682] ata2.01: ATAPI: QEMU DVD-ROM, 2.0.0, max UDMA/100
[    2.980898] ata2.01: configured for MWDMA2
[    3.027630] scsi 1:0:1:0: CD-ROM            QEMU     QEMU DVD-ROM     2.0. PQ: 0 ANSI: 5
[    3.060990] sr0: scsi3-mmc drive: 4x/4x cd/rw xa/form2 tray
[    3.062833] cdrom: Uniform CD-ROM driver Revision: 3.20
[    3.079544] sr 1:0:1:0: Attached scsi generic sg0 type 5
[    3.103675] registered taskstats version 1
[    3.236796] Freeing initrd memory: 3656k freed
[    3.758461]   Magic number: 4:502:690
[    3.764696] mem mem: hash matches
[    3.767911] rtc_cmos 00:01: setting system clock to 2016-02-24 15:41:29 UTC (1456328489)
[    3.771071] powernow-k8: Processor cpuid 663 not supported
[    3.780232] BIOS EDD facility v0.16 2004-Jun-25, 0 devices found
[    3.783270] EDD information not available.
[    3.865125] Freeing unused kernel memory: 928k freed
[    3.871359] Write protecting the kernel read-only data: 12288k
[    3.955076] Freeing unused kernel memory: 1596k freed
[    4.021694] Freeing unused kernel memory: 1184k freed

info: initramfs: up at 4.20
modprobe: module virtio_blk not found in modules.dep
modprobe: module virtio_net not found in modules.dep
info: copying initramfs to /dev/vda
info: initramfs loading root from /dev/vda
info: /etc/init.d/rc.sysinit: up at 8.66
info: container: none
Starting logging: OK
modprobe: module virtio_blk not found in modules.dep
modprobe: module virtio_net not found in modules.dep
WARN: /etc/rc3.d/S10-load-modules failed
Initializing random number generator... done.
Starting acpid: OK
cirros-ds 'local' up at 11.35
found datasource (configdrive, local)
Starting network...
udhcpc (v1.20.1) started
Sending discover...
Sending select for 10.100.0.3...
Lease of 10.100.0.3 obtained, lease time 86400
route: SIOCADDRT: File exists
WARN: failed: route add -net "0.0.0.0/0" gw "10.100.0.1"
Starting dropbear sshd: generating rsa key... generating dsa key... OK
no userdata for datasource
=== system information ===
Platform: OpenStack Foundation OpenStack Nova
Container: none
Arch: x86_64
CPU(s): 1 @ 2291.266 MHz
Cores/Sockets/Threads: 1/1/1
Virt-type: AMD-V
RAM Size: 49MB
Disks:
NAME MAJ:MIN     SIZE LABEL         MOUNTPOINT
vda  253:0   25165824 cirros-rootfs /
sr0   11:0     428032 config-2      
=== sshd host keys ===
-----BEGIN SSH HOST KEY KEYS-----
ssh-rsa AAAAB3NzaC1yc2EAAAADAQABAAAAgwC75HkW9jImc1DZfOyqytExiJGmkVDVkD2M64qml/PQcHzHW5JFo0/fvuYiYfc8SN8CdZ0e5QPiSMDAvsKetp4TZDueTlINwPYzbVVjDS2J+uwzmKkh5VVTAUZhRt9PkGlLqX9/9RPJNlRMBcZWAkk1FhP2cVLvyH8dwdSqLWDkR4ND root@tempest-server-smoke-898399337
ssh-dss AAAAB3NzaC1kc3MAAACBAKKIRgD47q2OVwMfYqzofMBJLa3es1nsHjxmQn+pqyehF37pMlI+Wu+Qd0leECwFDxbrOMFwAnbebL4Bj3JPbhCAKD4nKOx3u2QDG2ZR7E3f2tLU8q2uFO8n4Ach/75eQCa1g4x+ZLQIzPpE0DW3Jnjf5VGv1e/Z5PQZEByLtasxAAAAFQDHU8qzbBpZAruGcI+Z2DPAqSXJBQAAAIAG65uUBaL0pTLnzD3OP2Elc5v6pC5aSo2hu5U5ABv85BJEtKF07b5Ce+cfK4pFIa2owfNsGsmxxajqmBKRWQVdRH1evtBm5OFkWq5fzLGXv3I7C13RlYrjWuLoTN4pS/E9566RA+YBl40+sTWtIFtCf3twe+XocE5ma9QegLMYrgAAAIBiuEgpfocZOG7Yr1dr02iLA7cYDVlEVH7Nz/gif/3gHfNQMQX/g/1NXVFRYc/PCTryfTKydyRFpJdlIaxiFp1Xq+/O59TJdJxrbgXNygImjapnSEE2cyN+WP/fuHKbvgqvjZ+2hbK510I/vjDrdQgsXURfhI2qyDp90Eh1Dp5BuA== root@tempest-server-smoke-898399337
-----END SSH HOST KEY KEYS-----
=== network info ===
if-info: lo,up,127.0.0.1,8,::1
if-info: eth0,up,10.100.0.3,28,fe80::f816:3eff:fe9f:c7ab
ip-route:default via 10.100.0.1 dev eth0 
ip-route:10.100.0.0/28 dev eth0  src 10.100.0.3 
ip-route:169.254.169.254 via 10.100.0.1 dev eth0 
=== datasource: configdrive local ===
instance-id: 998e3a65-ec12-4769-a5ba-bf686214274b
name: tempest-server-smoke-898399337
availability-zone: nova
local-hostname: tempest-server-smoke-898399337.novalocal
launch-index: 0
=== cirros: current=0.3.4 uptime=22.01 ===
  ____               ____  ____
 / __/ __ ____ ____ / __ \/ __/
/ /__ / // __// __// /_/ /\ \ 
\___//_//_/  /_/   \____/___/ 
   http://cirros-cloud.net


login as 'cirros' user. default password: 'cubswin:)'. use 'sudo' for root.
tempest-server-smoke-898399337 login: 
2016-02-24 15:43:51,511 31936 INFO     [tempest_lib.common.rest_client] Request (TestNetworkBasicOps:_run_cleanups): 204 DELETE http://10.4.1.3:9696/v2.0/floatingips/e2db0a4e-e03d-44b2-bec7-039664d76016 0.239s
2016-02-24 15:43:51,512 31936 DEBUG    [tempest_lib.common.rest_client] Request - Headers: {'Content-Type': 'application/json', 'Accept': 'application/json', 'X-Auth-Token': '&lt;omitted&gt;'}
        Body: None
    Response - Headers: {'date': 'Wed, 24 Feb 2016 15:43:51 GMT', 'status': '204', 'connection': 'close', 'content-length': '0', 'x-openstack-request-id': 'req-3fc48e08-a610-4213-9916-a2a8b4515280'}
        Body: 
2016-02-24 15:43:51,750 31936 INFO     [tempest_lib.common.rest_client] Request (TestNetworkBasicOps:_run_cleanups): 204 DELETE http://10.4.1.3:8774/v2.1/f19c7e7ff9cc4f6492fd555997b79a0e/servers/998e3a65-ec12-4769-a5ba-bf686214274b 0.237s
2016-02-24 15:43:51,751 31936 DEBUG    [tempest_lib.common.rest_client] Request - Headers: {'Content-Type': 'application/json', 'Accept': 'application/json', 'X-Auth-Token': '&lt;omitted&gt;'}
        Body: None
    Response - Headers: {'status': '204', 'content-length': '0', 'x-compute-request-id': 'req-b697efc8-3a25-4112-8c1c-142493dc0b48', 'vary': 'X-OpenStack-Nova-API-Version', 'connection': 'close', 'x-openstack-nova-api-version': '2.1', 'date': 'Wed, 24 Feb 2016 15:43:51 GMT', 'content-type': 'application/json'}
        Body: 
2016-02-24 15:43:51,952 31936 INFO     [tempest_lib.common.rest_client] Request (TestNetworkBasicOps:_run_cleanups): 200 GET http://10.4.1.3:8774/v2.1/f19c7e7ff9cc4f6492fd555997b79a0e/servers/998e3a65-ec12-4769-a5ba-bf686214274b 0.200s
2016-02-24 15:43:51,953 31936 DEBUG    [tempest_lib.common.rest_client] Request - Headers: {'Content-Type': 'application/json', 'Accept': 'application/json', 'X-Auth-Token': '&lt;omitted&gt;'}
        Body: None
    Response - Headers: {'status': '200', 'content-length': '1762', 'content-location': 'http://10.4.1.3:8774/v2.1/f19c7e7ff9cc4f6492fd555997b79a0e/servers/998e3a65-ec12-4769-a5ba-bf686214274b', 'x-compute-request-id': 'req-a77e2d8e-3c14-4c5a-bcc3-1b285e36ce8e', 'vary': 'X-OpenStack-Nova-API-Version', 'connection': 'close', 'x-openstack-nova-api-version': '2.1', 'date': 'Wed, 24 Feb 2016 15:43:51 GMT', 'content-type': 'application/json'}
        Body: {"server": {"status": "ACTIVE", "updated": "2016-02-24T15:43:51Z", "hostId": "605dc2455126542518ac2657198ce0fbc4ed13750f9afd2bbe25a844", "addresses": {"tempest-network-smoke--1126246167": [{"OS-EXT-IPS-MAC:mac_addr": "fa:16:3e:9f:c7:ab", "version": 4, "addr": "10.100.0.3", "OS-EXT-IPS:type": "fixed"}, {"OS-EXT-IPS-MAC:mac_addr": "fa:16:3e:9f:c7:ab", "version": 4, "addr": "172.24.4.18", "OS-EXT-IPS:type": "floating"}]}, "links": [{"href": "http://10.4.1.3:8774/v2.1/f19c7e7ff9cc4f6492fd555997b79a0e/servers/998e3a65-ec12-4769-a5ba-bf686214274b", "rel": "self"}, {"href": "http://10.4.1.3:8774/f19c7e7ff9cc4f6492fd555997b79a0e/servers/998e3a65-ec12-4769-a5ba-bf686214274b", "rel": "bookmark"}], "key_name": "tempest-TestNetworkBasicOps-1826215773", "image": {"id": "78967761-bbfb-4626-9e86-548b75fa16ad", "links": [{"href": "http://10.4.1.3:8774/f19c7e7ff9cc4f6492fd555997b79a0e/images/78967761-bbfb-4626-9e86-548b75fa16ad", "rel": "bookmark"}]}, "OS-EXT-STS:task_state": "deleting", "OS-EXT-STS:vm_state": "active", "OS-SRV-USG:launched_at": "2016-02-24T15:41:22.000000", "flavor": {"id": "42", "links": [{"href": "http://10.4.1.3:8774/f19c7e7ff9cc4f6492fd555997b79a0e/flavors/42", "rel": "bookmark"}]}, "id": "998e3a65-ec12-4769-a5ba-bf686214274b", "security_groups": [{"name": "tempest-secgroup-smoke-1920153641"}], "OS-SRV-USG:terminated_at": null, "OS-EXT-AZ:availability_zone": "nova", "user_id": "edd305cd0def48e38f9ab103276927ac", "name": "tempest-server-smoke-898399337", "created": "2016-02-24T15:41:19Z", "tenant_id": "f19c7e7ff9cc4f6492fd555997b79a0e", "OS-DCF:diskConfig": "MANUAL", "os-extended-volumes:volumes_attached": [], "accessIPv4": "", "accessIPv6": "", "progress": 0, "OS-EXT-STS:power_state": 1, "config_drive": "True", "metadata": {}}}
2016-02-24 15:43:53,119 31936 INFO     [tempest_lib.common.rest_client] Request (TestNetworkBasicOps:_run_cleanups): 200 GET http://10.4.1.3:8774/v2.1/f19c7e7ff9cc4f6492fd555997b79a0e/servers/998e3a65-ec12-4769-a5ba-bf686214274b 0.152s
2016-02-24 15:43:53,120 31936 DEBUG    [tempest_lib.common.rest_client] Request - Headers: {'Content-Type': 'application/json', 'Accept': 'application/json', 'X-Auth-Token': '&lt;omitted&gt;'}
        Body: None
