<?xml version="1.0" encoding="UTF-8"?>
<!DOCTYPE html PUBLIC "-//W3C//DTD XHTML 1.0 Strict//EN"
     "http://www.w3.org/TR/xhtml1/DTD/xhtml1-strict.dtd">
<html xmlns="http://www.w3.org/1999/xhtml">
<head>
    <title>Unit Test Report</title>
    <meta name="generator" content="subunit2html 0.1"/>
    <meta http-equiv="Content-Type" content="text/html; charset=UTF-8"/>
    
<style type="text/css" media="screen">
body        { font-family: verdana, arial, helvetica, sans-serif;
    font-size: 80%; }
table       { font-size: 100%; width: 100%;}
pre         { font-size: 80%; }

/* -- heading -------------------------------------------------------------- */
h1 {
        font-size: 16pt;
        color: gray;
}
.heading {
    margin-top: 0ex;
    margin-bottom: 1ex;
}

.heading .attribute {
    margin-top: 1ex;
    margin-bottom: 0;
}

.heading .description {
    margin-top: 4ex;
    margin-bottom: 6ex;
}

/* -- css div popup -------------------------------------------------------- */
a.popup_link {
}

a.popup_link:hover {
    color: red;
}

.popup_window {
    display: none;
    overflow-x: scroll;
    /*border: solid #627173 1px; */
    padding: 10px;
    background-color: #E6E6D6;
    font-family: "Ubuntu Mono", "Lucida Console", "Courier New", monospace;
    text-align: left;
    font-size: 8pt;
}

}
/* -- report --------------------------------------------------------------- */
#show_detail_line {
    margin-top: 3ex;
    margin-bottom: 1ex;
}
#result_table {
    width: 100%;
    border-collapse: collapse;
    border: 1px solid #777;
}
#header_row {
    font-weight: bold;
    color: white;
    background-color: #777;
}
#result_table td {
    border: 1px solid #777;
    padding: 2px;
}
#total_row  { font-weight: bold; }
.passClass  { background-color: #6c6; }
.failClass  { background-color: #c60; }
.errorClass { background-color: #c00; }
.passCase   { color: #6c6; }
.failCase   { color: #c60; font-weight: bold; }
.errorCase  { color: #c00; font-weight: bold; }
.hiddenRow  { display: none; }
.testcase   { margin-left: 2em; }
td.testname {width: 40%}
td.small {width: 40px}

/* -- ending --------------------------------------------------------------- */
#ending {
}

</style>

</head>
<body>
<script language="javascript" type="text/javascript"><!--
output_list = Array();

/* level - 0:Summary; 1:Failed; 2:All */
function showCase(level) {
    trs = document.getElementsByTagName("tr");
    for (var i = 0; i < trs.length; i++) {
        tr = trs[i];
        id = tr.id;
        if (id.substr(0,2) == 'ft') {
            if (level < 1) {
                tr.className = 'hiddenRow';
            }
            else {
                tr.className = '';
            }
        }
        if (id.substr(0,2) == 'pt') {
            if (level > 1) {
                tr.className = '';
            }
            else {
                tr.className = 'hiddenRow';
            }
        }
    }
}


function showClassDetail(cid, count) {
    var id_list = Array(count);
    var toHide = 1;
    for (var i = 0; i < count; i++) {
        tid0 = 't' + cid.substr(1) + '.' + (i+1);
        tid = 'f' + tid0;
        tr = document.getElementById(tid);
        if (!tr) {
            tid = 'p' + tid0;
            tr = document.getElementById(tid);
        }
        id_list[i] = tid;
        if (tr.className) {
            toHide = 0;
        }
    }
    for (var i = 0; i < count; i++) {
        tid = id_list[i];
        if (toHide) {
            document.getElementById('div_'+tid).style.display = 'none'
            document.getElementById(tid).className = 'hiddenRow';
        }
        else {
            document.getElementById(tid).className = '';
        }
    }
}


function showTestDetail(div_id){
    var details_div = document.getElementById(div_id)
    var displayState = details_div.style.display
    // alert(displayState)
    if (displayState != 'block' ) {
        displayState = 'block'
        details_div.style.display = 'block'
    }
    else {
        details_div.style.display = 'none'
    }
}


function html_escape(s) {
    s = s.replace(/&/g,'&amp;');
    s = s.replace(/</g,'&lt;');
    s = s.replace(/>/g,'&gt;');
    return s;
}

/* obsoleted by detail in <div>
function showOutput(id, name) {
    var w = window.open("", //url
                    name,
                    "resizable,scrollbars,status,width=800,height=450");
    d = w.document;
    d.write("<pre>");
    d.write(html_escape(output_list[id]));
    d.write("\n");
    d.write("<a href='javascript:window.close()'>close</a>\n");
    d.write("</pre>\n");
    d.close();
}
*/
--></script>

<div class='heading'>
<h1>Unit Test Report</h1>

<p class='attribute'><strong>Status:</strong> Pass 7 Failure 1 Skip 1</p>

<p class='description'></p>
</div>



<p id='show_detail_line'>Show
<a href='javascript:showCase(0)'>Summary</a>
<a href='javascript:showCase(1)'>Failed</a>
<a href='javascript:showCase(2)'>All</a>
</p>
<table id='result_table'>
<colgroup>
<col align='left' />
<col align='right' />
<col align='right' />
<col align='right' />
<col align='right' />
<col align='right' />
<col align='right' />
<col align='right' />
</colgroup>
<tr id='header_row'>
    <td>Test Group/Test case</td>
    <td>Count</td>
    <td>Pass</td>
    <td>Fail</td>
    <td>Error</td>
    <td>Skip</td>
    <td>View</td>
    <td> </td>
</tr>

<tr class='failClass'>
    <td class="testname">tempest.scenario.test_network_basic_ops.TestNetworkBasicOps</td>
    <td class="small">9</td>
    <td class="small">7</td>
    <td class="small">1</td>
    <td class="small">0</td>
    <td class="small">1</td>
    <td class="small"><a href="javascript:showClassDetail('c1',9)"
>Detail</a></td>
    <td> </td>
</tr>

<tr id='pt1.1' class='hiddenRow'>
    <td class='none'><div class='testcase'>test_connectivity_between_vms_on_different_networks[compute,id-1546850e-fbaa-42f5-8b5f-03d8a6a95f15,network]</div></td>
    <td colspan='7' align='left'>

    <!--css div popup start-->
    <a class="popup_link" onfocus='this.blur();'
    href="javascript:showTestDetail('div_pt1.1')" >
        pass</a>

    <div id='div_pt1.1' class="popup_window">
        <div style='text-align: right; color:red;cursor:pointer'>
        <a onfocus='this.blur();'
onclick="document.getElementById('div_pt1.1').style.display = 'none' " >
           [x]</a>
        </div>
        <pre>
        
pt1.1: tempest.scenario.test_network_basic_ops.TestNetworkBasicOps.test_connectivity_between_vms_on_different_networks[compute,id-1546850e-fbaa-42f5-8b5f-03d8a6a95f15,network]

        </pre>
    </div>
    <!--css div popup end-->

    </td>
</tr>

<tr id='pt1.2' class='hiddenRow'>
    <td class='none'><div class='testcase'>test_hotplug_nic[compute,id-c5adff73-e961-41f1-b4a9-343614f18cfa,network]</div></td>
    <td colspan='7' align='left'>

    <!--css div popup start-->
    <a class="popup_link" onfocus='this.blur();'
    href="javascript:showTestDetail('div_pt1.2')" >
        pass</a>

    <div id='div_pt1.2' class="popup_window">
        <div style='text-align: right; color:red;cursor:pointer'>
        <a onfocus='this.blur();'
onclick="document.getElementById('div_pt1.2').style.display = 'none' " >
           [x]</a>
        </div>
        <pre>
        
pt1.2: tempest.scenario.test_network_basic_ops.TestNetworkBasicOps.test_hotplug_nic[compute,id-c5adff73-e961-41f1-b4a9-343614f18cfa,network]

        </pre>
    </div>
    <!--css div popup end-->

    </td>
</tr>

<tr id='pt1.3' class='hiddenRow'>
    <td class='none'><div class='testcase'>test_network_basic_ops[compute,id-f323b3ba-82f8-4db7-8ea6-6a895869ec49,network,smoke]</div></td>
    <td colspan='7' align='left'>

    <!--css div popup start-->
    <a class="popup_link" onfocus='this.blur();'
    href="javascript:showTestDetail('div_pt1.3')" >
        pass</a>

    <div id='div_pt1.3' class="popup_window">
        <div style='text-align: right; color:red;cursor:pointer'>
        <a onfocus='this.blur();'
onclick="document.getElementById('div_pt1.3').style.display = 'none' " >
           [x]</a>
        </div>
        <pre>
        
pt1.3: tempest.scenario.test_network_basic_ops.TestNetworkBasicOps.test_network_basic_ops[compute,id-f323b3ba-82f8-4db7-8ea6-6a895869ec49,network,smoke]

        </pre>
    </div>
    <!--css div popup end-->

    </td>
</tr>

<tr id='pt1.4' class='hiddenRow'>
    <td class='none'><div class='testcase'>test_port_security_macspoofing_port[compute,id-7c0bb1a2-d053-49a4-98f9-ca1a1d849f63,network]</div></td>
    <td colspan='7' align='left'>

    <!--css div popup start-->
    <a class="popup_link" onfocus='this.blur();'
    href="javascript:showTestDetail('div_pt1.4')" >
        pass</a>

    <div id='div_pt1.4' class="popup_window">
        <div style='text-align: right; color:red;cursor:pointer'>
        <a onfocus='this.blur();'
onclick="document.getElementById('div_pt1.4').style.display = 'none' " >
           [x]</a>
        </div>
        <pre>
        
pt1.4: tempest.scenario.test_network_basic_ops.TestNetworkBasicOps.test_port_security_macspoofing_port[compute,id-7c0bb1a2-d053-49a4-98f9-ca1a1d849f63,network]

        </pre>
    </div>
    <!--css div popup end-->

    </td>
</tr>

<tr id='pt1.5' class='hiddenRow'>
    <td class='none'><div class='testcase'>test_preserve_preexisting_port[compute,id-759462e1-8535-46b0-ab3a-33aa45c55aaa,network]</div></td>
    <td colspan='7' align='left'>

    <!--css div popup start-->
    <a class="popup_link" onfocus='this.blur();'
    href="javascript:showTestDetail('div_pt1.5')" >
        pass</a>

    <div id='div_pt1.5' class="popup_window">
        <div style='text-align: right; color:red;cursor:pointer'>
        <a onfocus='this.blur();'
onclick="document.getElementById('div_pt1.5').style.display = 'none' " >
           [x]</a>
        </div>
        <pre>
        
pt1.5: tempest.scenario.test_network_basic_ops.TestNetworkBasicOps.test_preserve_preexisting_port[compute,id-759462e1-8535-46b0-ab3a-33aa45c55aaa,network]

        </pre>
    </div>
    <!--css div popup end-->

    </td>
</tr>

<tr id='pt1.6' class='hiddenRow'>
    <td class='none'><div class='testcase'>test_router_rescheduling[compute,id-2e788c46-fb3f-4ac9-8f82-0561555bea73,network]</div></td>
    <td colspan='7' align='left'>

    <!--css div popup start-->
    <a class="popup_link" onfocus='this.blur();'
    href="javascript:showTestDetail('div_pt1.6')" >
        skip</a>

    <div id='div_pt1.6' class="popup_window">
        <div style='text-align: right; color:red;cursor:pointer'>
        <a onfocus='this.blur();'
onclick="document.getElementById('div_pt1.6').style.display = 'none' " >
           [x]</a>
        </div>
        <pre>
        
pt1.6: tempest.scenario.test_network_basic_ops.TestNetworkBasicOps.test_router_rescheduling[compute,id-2e788c46-fb3f-4ac9-8f82-0561555bea73,network]

        </pre>
    </div>
    <!--css div popup end-->

    </td>
</tr>

<tr id='pt1.7' class='hiddenRow'>
    <td class='none'><div class='testcase'>test_subnet_details[compute,id-d8bb918e-e2df-48b2-97cd-b73c95450980,network]</div></td>
    <td colspan='7' align='left'>

    <!--css div popup start-->
    <a class="popup_link" onfocus='this.blur();'
    href="javascript:showTestDetail('div_pt1.7')" >
        pass</a>

    <div id='div_pt1.7' class="popup_window">
        <div style='text-align: right; color:red;cursor:pointer'>
        <a onfocus='this.blur();'
onclick="document.getElementById('div_pt1.7').style.display = 'none' " >
           [x]</a>
        </div>
        <pre>
        
pt1.7: tempest.scenario.test_network_basic_ops.TestNetworkBasicOps.test_subnet_details[compute,id-d8bb918e-e2df-48b2-97cd-b73c95450980,network]

        </pre>
    </div>
    <!--css div popup end-->

    </td>
</tr>

<tr id='ft1.8' class='none'>
    <td class='failCase'><div class='testcase'>test_update_instance_port_admin_state[compute,id-f5dfcc22-45fd-409f-954c-5bd500d7890b,network]</div></td>
    <td colspan='7' align='left'>

    <!--css div popup start-->
    <a class="popup_link" onfocus='this.blur();'
    href="javascript:showTestDetail('div_ft1.8')" >
        fail</a>

    <div id='div_ft1.8' class="popup_window">
        <div style='text-align: right; color:red;cursor:pointer'>
        <a onfocus='this.blur();'
onclick="document.getElementById('div_ft1.8').style.display = 'none' " >
           [x]</a>
        </div>
        <pre>
        
ft1.8: tempest.scenario.test_network_basic_ops.TestNetworkBasicOps.test_update_instance_port_admin_state[compute,id-f5dfcc22-45fd-409f-954c-5bd500d7890b,network]_StringException: Empty attachments:
  stderr
  stdout

pythonlogging:'': {{{
2016-02-24 22:15:57,298 32064 INFO     [tempest_lib.common.rest_client] Request (TestNetworkBasicOps:test_update_instance_port_admin_state): 201 POST http://10.4.1.3:9696/v2.0/security-groups 0.312s
2016-02-24 22:15:57,299 32064 DEBUG    [tempest_lib.common.rest_client] Request - Headers: {'Content-Type': 'application/json', 'Accept': 'application/json', 'X-Auth-Token': '&lt;omitted&gt;'}
        Body: {"security_group": {"tenant_id": "1b1baaf359bc46cd8ee489eb1ae6690b", "description": "tempest-secgroup-smoke-1923955547 description", "name": "tempest-secgroup-smoke-1923955547"}}
    Response - Headers: {'status': '201', 'content-length': '888', 'connection': 'close', 'date': 'Wed, 24 Feb 2016 22:15:57 GMT', 'content-type': 'application/json; charset=UTF-8', 'x-openstack-request-id': 'req-e3a50ee8-435b-400b-88e0-8c3e2f71837a'}
        Body: {"security_group": {"tenant_id": "1b1baaf359bc46cd8ee489eb1ae6690b", "description": "tempest-secgroup-smoke-1923955547 description", "id": "fa707c0b-15d7-4f15-8863-2f167cfbffb0", "security_group_rules": [{"remote_group_id": null, "direction": "egress", "remote_ip_prefix": null, "protocol": null, "ethertype": "IPv4", "tenant_id": "1b1baaf359bc46cd8ee489eb1ae6690b", "port_range_max": null, "port_range_min": null, "id": "ec65ac02-2e43-40da-97f4-3f25bfa86b6c", "security_group_id": "fa707c0b-15d7-4f15-8863-2f167cfbffb0"}, {"remote_group_id": null, "direction": "egress", "remote_ip_prefix": null, "protocol": null, "ethertype": "IPv6", "tenant_id": "1b1baaf359bc46cd8ee489eb1ae6690b", "port_range_max": null, "port_range_min": null, "id": "3df1c739-f32f-41a4-88b4-9f7700c3062c", "security_group_id": "fa707c0b-15d7-4f15-8863-2f167cfbffb0"}], "name": "tempest-secgroup-smoke-1923955547"}}
2016-02-24 22:15:57,623 32064 INFO     [tempest_lib.common.rest_client] Request (TestNetworkBasicOps:test_update_instance_port_admin_state): 201 POST http://10.4.1.3:9696/v2.0/security-group-rules 0.322s
2016-02-24 22:15:57,624 32064 DEBUG    [tempest_lib.common.rest_client] Request - Headers: {'Content-Type': 'application/json', 'Accept': 'application/json', 'X-Auth-Token': '&lt;omitted&gt;'}
        Body: {"security_group_rule": {"direction": "ingress", "protocol": "tcp", "tenant_id": "1b1baaf359bc46cd8ee489eb1ae6690b", "port_range_max": 22, "security_group_id": "fa707c0b-15d7-4f15-8863-2f167cfbffb0", "port_range_min": 22}}
    Response - Headers: {'status': '201', 'content-length': '340', 'connection': 'close', 'date': 'Wed, 24 Feb 2016 22:15:57 GMT', 'content-type': 'application/json; charset=UTF-8', 'x-openstack-request-id': 'req-df449634-81d4-4f23-aa38-9c4652a8d27d'}
        Body: {"security_group_rule": {"remote_group_id": null, "direction": "ingress", "remote_ip_prefix": null, "protocol": "tcp", "ethertype": "IPv4", "tenant_id": "1b1baaf359bc46cd8ee489eb1ae6690b", "port_range_max": 22, "port_range_min": 22, "id": "44c28780-ba82-4a18-8d6a-024c385ae250", "security_group_id": "fa707c0b-15d7-4f15-8863-2f167cfbffb0"}}
2016-02-24 22:15:57,955 32064 INFO     [tempest_lib.common.rest_client] Request (TestNetworkBasicOps:test_update_instance_port_admin_state): 201 POST http://10.4.1.3:9696/v2.0/security-group-rules 0.329s
2016-02-24 22:15:57,956 32064 DEBUG    [tempest_lib.common.rest_client] Request - Headers: {'Content-Type': 'application/json', 'Accept': 'application/json', 'X-Auth-Token': '&lt;omitted&gt;'}
        Body: {"security_group_rule": {"direction": "egress", "protocol": "tcp", "tenant_id": "1b1baaf359bc46cd8ee489eb1ae6690b", "port_range_max": 22, "security_group_id": "fa707c0b-15d7-4f15-8863-2f167cfbffb0", "port_range_min": 22}}
    Response - Headers: {'status': '201', 'content-length': '339', 'connection': 'close', 'date': 'Wed, 24 Feb 2016 22:15:57 GMT', 'content-type': 'application/json; charset=UTF-8', 'x-openstack-request-id': 'req-5a7c24a0-c7ae-4c27-a59f-6d1969a6a457'}
        Body: {"security_group_rule": {"remote_group_id": null, "direction": "egress", "remote_ip_prefix": null, "protocol": "tcp", "ethertype": "IPv4", "tenant_id": "1b1baaf359bc46cd8ee489eb1ae6690b", "port_range_max": 22, "port_range_min": 22, "id": "b095fbb9-fa82-41cb-b326-cc628579ec73", "security_group_id": "fa707c0b-15d7-4f15-8863-2f167cfbffb0"}}
2016-02-24 22:15:58,275 32064 INFO     [tempest_lib.common.rest_client] Request (TestNetworkBasicOps:test_update_instance_port_admin_state): 201 POST http://10.4.1.3:9696/v2.0/security-group-rules 0.318s
2016-02-24 22:15:58,276 32064 DEBUG    [tempest_lib.common.rest_client] Request - Headers: {'Content-Type': 'application/json', 'Accept': 'application/json', 'X-Auth-Token': '&lt;omitted&gt;'}
        Body: {"security_group_rule": {"tenant_id": "1b1baaf359bc46cd8ee489eb1ae6690b", "direction": "ingress", "protocol": "icmp", "security_group_id": "fa707c0b-15d7-4f15-8863-2f167cfbffb0"}}
    Response - Headers: {'status': '201', 'content-length': '345', 'connection': 'close', 'date': 'Wed, 24 Feb 2016 22:15:58 GMT', 'content-type': 'application/json; charset=UTF-8', 'x-openstack-request-id': 'req-70a8afa4-4111-4264-956f-b8d1997b130a'}
        Body: {"security_group_rule": {"remote_group_id": null, "direction": "ingress", "remote_ip_prefix": null, "protocol": "icmp", "ethertype": "IPv4", "tenant_id": "1b1baaf359bc46cd8ee489eb1ae6690b", "port_range_max": null, "port_range_min": null, "id": "54ced68b-624b-4883-8ce3-9c00f91ccaba", "security_group_id": "fa707c0b-15d7-4f15-8863-2f167cfbffb0"}}
2016-02-24 22:15:58,607 32064 INFO     [tempest_lib.common.rest_client] Request (TestNetworkBasicOps:test_update_instance_port_admin_state): 201 POST http://10.4.1.3:9696/v2.0/security-group-rules 0.330s
2016-02-24 22:15:58,608 32064 DEBUG    [tempest_lib.common.rest_client] Request - Headers: {'Content-Type': 'application/json', 'Accept': 'application/json', 'X-Auth-Token': '&lt;omitted&gt;'}
        Body: {"security_group_rule": {"tenant_id": "1b1baaf359bc46cd8ee489eb1ae6690b", "direction": "egress", "protocol": "icmp", "security_group_id": "fa707c0b-15d7-4f15-8863-2f167cfbffb0"}}
    Response - Headers: {'status': '201', 'content-length': '344', 'connection': 'close', 'date': 'Wed, 24 Feb 2016 22:15:58 GMT', 'content-type': 'application/json; charset=UTF-8', 'x-openstack-request-id': 'req-32c6c3ea-b4fe-4ce1-bd5b-257a7c5c0f2a'}
        Body: {"security_group_rule": {"remote_group_id": null, "direction": "egress", "remote_ip_prefix": null, "protocol": "icmp", "ethertype": "IPv4", "tenant_id": "1b1baaf359bc46cd8ee489eb1ae6690b", "port_range_max": null, "port_range_min": null, "id": "3f23eb17-4e65-48f4-a78d-6ef25cc7c6dc", "security_group_id": "fa707c0b-15d7-4f15-8863-2f167cfbffb0"}}
2016-02-24 22:15:58,950 32064 INFO     [tempest_lib.common.rest_client] Request (TestNetworkBasicOps:test_update_instance_port_admin_state): 201 POST http://10.4.1.3:9696/v2.0/security-group-rules 0.339s
2016-02-24 22:15:58,950 32064 DEBUG    [tempest_lib.common.rest_client] Request - Headers: {'Content-Type': 'application/json', 'Accept': 'application/json', 'X-Auth-Token': '&lt;omitted&gt;'}
        Body: {"security_group_rule": {"tenant_id": "1b1baaf359bc46cd8ee489eb1ae6690b", "direction": "ingress", "security_group_id": "fa707c0b-15d7-4f15-8863-2f167cfbffb0", "protocol": "icmp", "ethertype": "IPv6"}}
    Response - Headers: {'status': '201', 'content-length': '345', 'connection': 'close', 'date': 'Wed, 24 Feb 2016 22:15:58 GMT', 'content-type': 'application/json; charset=UTF-8', 'x-openstack-request-id': 'req-b76a4b39-a47c-4fa1-bf8f-ebdfa491a680'}
        Body: {"security_group_rule": {"remote_group_id": null, "direction": "ingress", "remote_ip_prefix": null, "protocol": "icmp", "ethertype": "IPv6", "tenant_id": "1b1baaf359bc46cd8ee489eb1ae6690b", "port_range_max": null, "port_range_min": null, "id": "58bf3427-d574-4126-a886-99b7bf0c031b", "security_group_id": "fa707c0b-15d7-4f15-8863-2f167cfbffb0"}}
2016-02-24 22:15:59,295 32064 INFO     [tempest_lib.common.rest_client] Request (TestNetworkBasicOps:test_update_instance_port_admin_state): 201 POST http://10.4.1.3:9696/v2.0/security-group-rules 0.343s
2016-02-24 22:15:59,295 32064 DEBUG    [tempest_lib.common.rest_client] Request - Headers: {'Content-Type': 'application/json', 'Accept': 'application/json', 'X-Auth-Token': '&lt;omitted&gt;'}
        Body: {"security_group_rule": {"tenant_id": "1b1baaf359bc46cd8ee489eb1ae6690b", "direction": "egress", "security_group_id": "fa707c0b-15d7-4f15-8863-2f167cfbffb0", "protocol": "icmp", "ethertype": "IPv6"}}
    Response - Headers: {'status': '201', 'content-length': '344', 'connection': 'close', 'date': 'Wed, 24 Feb 2016 22:15:59 GMT', 'content-type': 'application/json; charset=UTF-8', 'x-openstack-request-id': 'req-1fca3e4d-a16c-4300-b1bd-cb31de52390f'}
        Body: {"security_group_rule": {"remote_group_id": null, "direction": "egress", "remote_ip_prefix": null, "protocol": "icmp", "ethertype": "IPv6", "tenant_id": "1b1baaf359bc46cd8ee489eb1ae6690b", "port_range_max": null, "port_range_min": null, "id": "6666dfa8-ad7c-4990-bd7c-17bd490842ee", "security_group_id": "fa707c0b-15d7-4f15-8863-2f167cfbffb0"}}
2016-02-24 22:15:59,782 32064 INFO     [tempest_lib.common.rest_client] Request (TestNetworkBasicOps:test_update_instance_port_admin_state): 201 POST http://10.4.1.3:9696/v2.0/networks 0.485s
2016-02-24 22:15:59,782 32064 DEBUG    [tempest_lib.common.rest_client] Request - Headers: {'Content-Type': 'application/json', 'Accept': 'application/json', 'X-Auth-Token': '&lt;omitted&gt;'}
        Body: {"network": {"tenant_id": "1b1baaf359bc46cd8ee489eb1ae6690b", "name": "tempest-network-smoke--131685515"}}
    Response - Headers: {'status': '201', 'content-length': '411', 'connection': 'close', 'date': 'Wed, 24 Feb 2016 22:15:59 GMT', 'content-type': 'application/json; charset=UTF-8', 'x-openstack-request-id': 'req-29eda26f-918c-42bc-856a-8df8231cc255'}
        Body: {"network": {"status": "ACTIVE", "subnets": [], "availability_zone_hints": [], "availability_zones": [], "name": "tempest-network-smoke--131685515", "admin_state_up": true, "shared": false, "tenant_id": "1b1baaf359bc46cd8ee489eb1ae6690b", "ipv6_address_scope": null, "mtu": 1450, "router:external": false, "ipv4_address_scope": null, "port_security_enabled": true, "id": "3dac8670-44e9-42e2-ba8f-be5f6d174214"}}
2016-02-24 22:16:00,084 32064 INFO     [tempest_lib.common.rest_client] Request (TestNetworkBasicOps:test_update_instance_port_admin_state): 201 POST http://10.4.1.3:9696/v2.0/routers 0.300s
2016-02-24 22:16:00,084 32064 DEBUG    [tempest_lib.common.rest_client] Request - Headers: {'Content-Type': 'application/json', 'Accept': 'application/json', 'X-Auth-Token': '&lt;omitted&gt;'}
        Body: {"router": {"tenant_id": "1b1baaf359bc46cd8ee489eb1ae6690b", "name": "tempest-router-smoke-1499280232", "admin_state_up": true}}
    Response - Headers: {'status': '201', 'content-length': '296', 'connection': 'close', 'date': 'Wed, 24 Feb 2016 22:16:00 GMT', 'content-type': 'application/json; charset=UTF-8', 'x-openstack-request-id': 'req-1b3c5221-fd82-4425-bed6-1a10a078aa39'}
        Body: {"router": {"status": "ACTIVE", "external_gateway_info": null, "availability_zone_hints": [], "availability_zones": [], "name": "tempest-router-smoke-1499280232", "admin_state_up": true, "tenant_id": "1b1baaf359bc46cd8ee489eb1ae6690b", "routes": [], "id": "9f8b4b15-d691-4836-a4f7-fe4e55071aa9"}}
2016-02-24 22:16:00,343 32064 INFO     [tempest_lib.common.rest_client] Request (TestNetworkBasicOps:test_update_instance_port_admin_state): 200 GET http://10.4.1.3:9696/v2.0/routers/9f8b4b15-d691-4836-a4f7-fe4e55071aa9 0.257s
2016-02-24 22:16:00,344 32064 DEBUG    [tempest_lib.common.rest_client] Request - Headers: {'Content-Type': 'application/json', 'Accept': 'application/json', 'X-Auth-Token': '&lt;omitted&gt;'}
        Body: None
    Response - Headers: {'status': '200', 'content-length': '296', 'content-location': 'http://10.4.1.3:9696/v2.0/routers/9f8b4b15-d691-4836-a4f7-fe4e55071aa9', 'connection': 'close', 'date': 'Wed, 24 Feb 2016 22:16:00 GMT', 'content-type': 'application/json; charset=UTF-8', 'x-openstack-request-id': 'req-eef109ed-250e-407c-a426-5f93c29f5418'}
        Body: {"router": {"status": "ACTIVE", "external_gateway_info": null, "availability_zone_hints": [], "availability_zones": [], "name": "tempest-router-smoke-1499280232", "admin_state_up": true, "tenant_id": "1b1baaf359bc46cd8ee489eb1ae6690b", "routes": [], "id": "9f8b4b15-d691-4836-a4f7-fe4e55071aa9"}}
2016-02-24 22:16:01,474 32064 INFO     [tempest_lib.common.rest_client] Request (TestNetworkBasicOps:test_update_instance_port_admin_state): 200 PUT http://10.4.1.3:9696/v2.0/routers/9f8b4b15-d691-4836-a4f7-fe4e55071aa9 1.128s
2016-02-24 22:16:01,475 32064 DEBUG    [tempest_lib.common.rest_client] Request - Headers: {'Content-Type': 'application/json', 'Accept': 'application/json', 'X-Auth-Token': '&lt;omitted&gt;'}
        Body: {"router": {"external_gateway_info": {"network_id": "ed4109df-a56b-4710-bfcf-40a429aa4caf"}, "name": "tempest-router-smoke-1499280232", "admin_state_up": true}}
    Response - Headers: {'status': '200', 'content-length': '559', 'connection': 'close', 'date': 'Wed, 24 Feb 2016 22:16:01 GMT', 'content-type': 'application/json; charset=UTF-8', 'x-openstack-request-id': 'req-f440eb3e-6a1f-49f6-900e-94fd280615dc'}
        Body: {"router": {"status": "ACTIVE", "external_gateway_info": {"network_id": "ed4109df-a56b-4710-bfcf-40a429aa4caf", "enable_snat": true, "external_fixed_ips": [{"subnet_id": "b509b200-58ff-482a-ab03-249a67c68855", "ip_address": "172.24.4.15"}, {"subnet_id": "b9eb9784-34b2-445a-b383-d03e8b948c96", "ip_address": "2001:db8::f"}]}, "availability_zone_hints": [], "availability_zones": [], "name": "tempest-router-smoke-1499280232", "admin_state_up": true, "tenant_id": "1b1baaf359bc46cd8ee489eb1ae6690b", "routes": [], "id": "9f8b4b15-d691-4836-a4f7-fe4e55071aa9"}}
2016-02-24 22:16:01,735 32064 INFO     [tempest_lib.common.rest_client] Request (TestNetworkBasicOps:test_update_instance_port_admin_state): 200 GET http://10.4.1.3:9696/v2.0/subnets?tenant_id=1b1baaf359bc46cd8ee489eb1ae6690b&amp;cidr=10.100.0.0%2F28 0.258s
2016-02-24 22:16:01,736 32064 DEBUG    [tempest_lib.common.rest_client] Request - Headers: {'Content-Type': 'application/json', 'Accept': 'application/json', 'X-Auth-Token': '&lt;omitted&gt;'}
        Body: None
    Response - Headers: {'status': '200', 'content-length': '15', 'content-location': 'http://10.4.1.3:9696/v2.0/subnets?tenant_id=1b1baaf359bc46cd8ee489eb1ae6690b&amp;cidr=10.100.0.0%2F28', 'connection': 'close', 'date': 'Wed, 24 Feb 2016 22:16:01 GMT', 'content-type': 'application/json; charset=UTF-8', 'x-openstack-request-id': 'req-dd518fc2-b5ce-4d71-9667-ff3041343878'}
        Body: {"subnets": []}
2016-02-24 22:16:02,380 32064 INFO     [tempest_lib.common.rest_client] Request (TestNetworkBasicOps:test_update_instance_port_admin_state): 201 POST http://10.4.1.3:9696/v2.0/subnets 0.643s
2016-02-24 22:16:02,380 32064 DEBUG    [tempest_lib.common.rest_client] Request - Headers: {'Content-Type': 'application/json', 'Accept': 'application/json', 'X-Auth-Token': '&lt;omitted&gt;'}
        Body: {"subnet": {"ip_version": 4, "tenant_id": "1b1baaf359bc46cd8ee489eb1ae6690b", "cidr": "10.100.0.0/28", "network_id": "3dac8670-44e9-42e2-ba8f-be5f6d174214", "name": "tempest-subnet-smoke-787264019"}}
    Response - Headers: {'status': '201', 'content-length': '477', 'connection': 'close', 'date': 'Wed, 24 Feb 2016 22:16:02 GMT', 'content-type': 'application/json; charset=UTF-8', 'x-openstack-request-id': 'req-4c06ebed-fd23-47a8-ace8-c7b183b39957'}
        Body: {"subnet": {"name": "tempest-subnet-smoke-787264019", "enable_dhcp": true, "network_id": "3dac8670-44e9-42e2-ba8f-be5f6d174214", "tenant_id": "1b1baaf359bc46cd8ee489eb1ae6690b", "dns_nameservers": [], "gateway_ip": "10.100.0.1", "ipv6_ra_mode": null, "allocation_pools": [{"start": "10.100.0.2", "end": "10.100.0.14"}], "host_routes": [], "ip_version": 4, "ipv6_address_mode": null, "cidr": "10.100.0.0/28", "id": "11d69bba-65db-41bc-8afe-1facdd4d1cee", "subnetpool_id": null}}
2016-02-24 22:16:03,499 32064 INFO     [tempest_lib.common.rest_client] Request (TestNetworkBasicOps:test_update_instance_port_admin_state): 200 PUT http://10.4.1.3:9696/v2.0/routers/9f8b4b15-d691-4836-a4f7-fe4e55071aa9/add_router_interface 1.118s
2016-02-24 22:16:03,500 32064 DEBUG    [tempest_lib.common.rest_client] Request - Headers: {'Content-Type': 'application/json', 'Accept': 'application/json', 'X-Auth-Token': '&lt;omitted&gt;'}
        Body: {"subnet_id": "11d69bba-65db-41bc-8afe-1facdd4d1cee"}
    Response - Headers: {'status': '200', 'content-length': '309', 'connection': 'close', 'date': 'Wed, 24 Feb 2016 22:16:03 GMT', 'content-type': 'application/json; charset=UTF-8', 'x-openstack-request-id': 'req-0ae031bb-c458-41bb-a175-cb2da7e4c84d'}
        Body: {"network_id": "3dac8670-44e9-42e2-ba8f-be5f6d174214", "tenant_id": "1b1baaf359bc46cd8ee489eb1ae6690b", "subnet_id": "11d69bba-65db-41bc-8afe-1facdd4d1cee", "subnet_ids": ["11d69bba-65db-41bc-8afe-1facdd4d1cee"], "port_id": "4732d520-ac3b-4435-8c0e-ab90d9d27cf9", "id": "9f8b4b15-d691-4836-a4f7-fe4e55071aa9"}
2016-02-24 22:16:03,792 32064 INFO     [tempest_lib.common.rest_client] Request (TestNetworkBasicOps:test_update_instance_port_admin_state): 200 GET http://10.4.1.3:9696/v2.0/networks 0.292s
2016-02-24 22:16:03,793 32064 DEBUG    [tempest_lib.common.rest_client] Request - Headers: {'Content-Type': 'application/json', 'Accept': 'application/json', 'X-Auth-Token': '&lt;omitted&gt;'}
        Body: None
    Response - Headers: {'status': '200', 'content-length': '1703', 'content-location': 'http://10.4.1.3:9696/v2.0/networks', 'connection': 'close', 'date': 'Wed, 24 Feb 2016 22:16:03 GMT', 'content-type': 'application/json; charset=UTF-8', 'x-openstack-request-id': 'req-2efc7e3d-cb11-4ec5-a59f-5da232eea244'}
        Body: {"networks": [{"status": "ACTIVE", "subnets": ["b9eb9784-34b2-445a-b383-d03e8b948c96", "b509b200-58ff-482a-ab03-249a67c68855"], "availability_zone_hints": [], "availability_zones": ["nova"], "name": "public", "provider:physical_network": null, "admin_state_up": true, "shared": false, "tenant_id": "5b76d770414e46f589dd117595a058de", "ipv6_address_scope": null, "mtu": 1450, "is_default": true, "router:external": true, "ipv4_address_scope": null, "port_security_enabled": true, "provider:network_type": "vxlan", "id": "ed4109df-a56b-4710-bfcf-40a429aa4caf", "provider:segmentation_id": 1003}, {"status": "ACTIVE", "subnets": ["fc1176f6-69b3-4c8b-b14f-b120aaf0a95e", "2d33d923-9ea7-491e-9e72-e0ea0760876f"], "availability_zone_hints": [], "availability_zones": ["nova"], "name": "private", "provider:physical_network": null, "admin_state_up": true, "shared": false, "tenant_id": "43d1e1b4e7d3409285ff1e2e1872ed62", "ipv6_address_scope": null, "mtu": 1450, "router:external": false, "ipv4_address_scope": null, "port_security_enabled": true, "provider:network_type": "vxlan", "id": "88792b6e-4bed-429d-89c0-e88474cf672a", "provider:segmentation_id": 1082}, {"status": "ACTIVE", "subnets": ["11d69bba-65db-41bc-8afe-1facdd4d1cee"], "availability_zone_hints": [], "availability_zones": ["nova"], "name": "tempest-network-smoke--131685515", "provider:physical_network": null, "admin_state_up": true, "shared": false, "tenant_id": "1b1baaf359bc46cd8ee489eb1ae6690b", "ipv6_address_scope": null, "mtu": 1450, "router:external": false, "ipv4_address_scope": null, "port_security_enabled": true, "provider:network_type": "vxlan", "id": "3dac8670-44e9-42e2-ba8f-be5f6d174214", "provider:segmentation_id": 1077}]}
2016-02-24 22:16:04,097 32064 INFO     [tempest_lib.common.rest_client] Request (TestNetworkBasicOps:test_update_instance_port_admin_state): 200 GET http://10.4.1.3:9696/v2.0/subnets 0.302s
2016-02-24 22:16:04,097 32064 DEBUG    [tempest_lib.common.rest_client] Request - Headers: {'Content-Type': 'application/json', 'Accept': 'application/json', 'X-Auth-Token': '&lt;omitted&gt;'}
        Body: None
    Response - Headers: {'status': '200', 'content-length': '2407', 'content-location': 'http://10.4.1.3:9696/v2.0/subnets', 'connection': 'close', 'date': 'Wed, 24 Feb 2016 22:16:04 GMT', 'content-type': 'application/json; charset=UTF-8', 'x-openstack-request-id': 'req-9cac11c1-036d-4997-9a1f-ce7380a427a1'}
        Body: {"subnets": [{"name": "tempest-subnet-smoke-787264019", "enable_dhcp": true, "network_id": "3dac8670-44e9-42e2-ba8f-be5f6d174214", "tenant_id": "1b1baaf359bc46cd8ee489eb1ae6690b", "dns_nameservers": [], "gateway_ip": "10.100.0.1", "ipv6_ra_mode": null, "allocation_pools": [{"start": "10.100.0.2", "end": "10.100.0.14"}], "host_routes": [], "ip_version": 4, "ipv6_address_mode": null, "cidr": "10.100.0.0/28", "id": "11d69bba-65db-41bc-8afe-1facdd4d1cee", "subnetpool_id": null}, {"name": "ipv6-public-subnet", "enable_dhcp": false, "network_id": "ed4109df-a56b-4710-bfcf-40a429aa4caf", "tenant_id": "5b76d770414e46f589dd117595a058de", "dns_nameservers": [], "gateway_ip": "2001:db8::2", "ipv6_ra_mode": null, "allocation_pools": [{"start": "2001:db8::3", "end": "2001:db8::ffff:ffff:ffff:ffff"}, {"start": "2001:db8::1", "end": "2001:db8::1"}], "host_routes": [], "ip_version": 6, "ipv6_address_mode": null, "cidr": "2001:db8::/64", "id": "b9eb9784-34b2-445a-b383-d03e8b948c96", "subnetpool_id": null}, {"name": "public-subnet", "enable_dhcp": false, "network_id": "ed4109df-a56b-4710-bfcf-40a429aa4caf", "tenant_id": "5b76d770414e46f589dd117595a058de", "dns_nameservers": [], "gateway_ip": "172.24.4.1", "ipv6_ra_mode": null, "allocation_pools": [{"start": "172.24.4.2", "end": "172.24.4.254"}], "host_routes": [], "ip_version": 4, "ipv6_address_mode": null, "cidr": "172.24.4.0/24", "id": "b509b200-58ff-482a-ab03-249a67c68855", "subnetpool_id": null}, {"name": "private-subnet", "enable_dhcp": true, "network_id": "88792b6e-4bed-429d-89c0-e88474cf672a", "tenant_id": "43d1e1b4e7d3409285ff1e2e1872ed62", "dns_nameservers": [], "gateway_ip": "10.0.0.1", "ipv6_ra_mode": null, "allocation_pools": [{"start": "10.0.0.2", "end": "10.0.0.254"}], "host_routes": [], "ip_version": 4, "ipv6_address_mode": null, "cidr": "10.0.0.0/24", "id": "2d33d923-9ea7-491e-9e72-e0ea0760876f", "subnetpool_id": null}, {"name": "ipv6-private-subnet", "enable_dhcp": true, "network_id": "88792b6e-4bed-429d-89c0-e88474cf672a", "tenant_id": "43d1e1b4e7d3409285ff1e2e1872ed62", "dns_nameservers": [], "gateway_ip": "fd8b:3dad:8a2b::1", "ipv6_ra_mode": "slaac", "allocation_pools": [{"start": "fd8b:3dad:8a2b::2", "end": "fd8b:3dad:8a2b:0:ffff:ffff:ffff:ffff"}], "host_routes": [], "ip_version": 6, "ipv6_address_mode": "slaac", "cidr": "fd8b:3dad:8a2b::/64", "id": "fc1176f6-69b3-4c8b-b14f-b120aaf0a95e", "subnetpool_id": null}]}
2016-02-24 22:16:04,337 32064 INFO     [tempest_lib.common.rest_client] Request (TestNetworkBasicOps:test_update_instance_port_admin_state): 200 GET http://10.4.1.3:9696/v2.0/routers 0.239s
2016-02-24 22:16:04,338 32064 DEBUG    [tempest_lib.common.rest_client] Request - Headers: {'Content-Type': 'application/json', 'Accept': 'application/json', 'X-Auth-Token': '&lt;omitted&gt;'}
        Body: None
    Response - Headers: {'status': '200', 'content-length': '1168', 'content-location': 'http://10.4.1.3:9696/v2.0/routers', 'connection': 'close', 'date': 'Wed, 24 Feb 2016 22:16:04 GMT', 'content-type': 'application/json; charset=UTF-8', 'x-openstack-request-id': 'req-8175b526-7aa9-4726-bc44-10ca78c0e104'}
        Body: {"routers": [{"status": "ACTIVE", "external_gateway_info": {"network_id": "ed4109df-a56b-4710-bfcf-40a429aa4caf", "enable_snat": true, "external_fixed_ips": [{"subnet_id": "b509b200-58ff-482a-ab03-249a67c68855", "ip_address": "172.24.4.15"}, {"subnet_id": "b9eb9784-34b2-445a-b383-d03e8b948c96", "ip_address": "2001:db8::f"}]}, "availability_zone_hints": [], "availability_zones": ["nova"], "name": "tempest-router-smoke-1499280232", "admin_state_up": true, "tenant_id": "1b1baaf359bc46cd8ee489eb1ae6690b", "distributed": false, "routes": [], "ha": false, "id": "9f8b4b15-d691-4836-a4f7-fe4e55071aa9"}, {"status": "ACTIVE", "external_gateway_info": {"network_id": "ed4109df-a56b-4710-bfcf-40a429aa4caf", "enable_snat": true, "external_fixed_ips": [{"subnet_id": "b509b200-58ff-482a-ab03-249a67c68855", "ip_address": "172.24.4.2"}, {"subnet_id": "b9eb9784-34b2-445a-b383-d03e8b948c96", "ip_address": "2001:db8::1"}]}, "availability_zone_hints": [], "availability_zones": ["nova"], "name": "router1", "admin_state_up": true, "tenant_id": "43d1e1b4e7d3409285ff1e2e1872ed62", "distributed": false, "routes": [], "ha": false, "id": "f4259923-abea-4ae3-8128-c9f3a491872d"}]}
2016-02-24 22:16:04,902 32064 INFO     [tempest_lib.common.rest_client] Request (TestNetworkBasicOps:test_update_instance_port_admin_state): 200 POST http://10.4.1.3:8774/v2.1/1b1baaf359bc46cd8ee489eb1ae6690b/os-keypairs 0.563s
2016-02-24 22:16:04,903 32064 DEBUG    [tempest_lib.common.rest_client] Request - Headers: {'Content-Type': 'application/json', 'Accept': 'application/json', 'X-Auth-Token': '&lt;omitted&gt;'}
        Body: {"keypair": {"name": "tempest-TestNetworkBasicOps-1346960408"}}
    Response - Headers: {'status': '200', 'content-length': '2325', 'x-compute-request-id': 'req-9b3123b9-d999-4822-986e-742e30ea38b1', 'vary': 'X-OpenStack-Nova-API-Version', 'connection': 'close', 'x-openstack-nova-api-version': '2.1', 'date': 'Wed, 24 Feb 2016 22:16:04 GMT', 'content-type': 'application/json'}
        Body: {"keypair": {"public_key": "ssh-rsa AAAAB3NzaC1yc2EAAAADAQABAAABAQDEGGYU2TMTMFqfwWwwEXy/czEP+8goF64yU091w1Q6re64PZkNIRpcZ1cPOZS/MtVkCa6Yz1jwQwAGfPv3WSEpYPhlEZ11H8OHl6lqXT9a4FURjcaMCUDVC0tbqYMK79iVtqEZcRhAadKOJn1ldPn56bL0p0HpFHBVJ3W/keR6MlDtUY5xSW6DlwXbAxwakViRrtSuFKGs4LDj2f6ZYlmVth8GGIm6g6PwMB/yIkvbNbSqb50IjsN1ejc98w7rxle/HOXUuS7MxvcABAHT9by+k0W/hXTsTQvNbR2Pmhb4qoQgw4M2vOUtL8vdmOVwdtmq7LyqHJol0lTNHO0mp/vp Generated-by-Nova", "private_key": "-----BEGIN RSA PRIVATE KEY-----\nMIIEqwIBAAKCAQEAxBhmFNkzEzBan8FsMBF8v3MxD/vIKBeuMlNPdcNUOq3uuD2Z\nDSEaXGdXDzmUvzLVZAmumM9Y8EMABnz791khKWD4ZRGddR/Dh5epal0/WuBVEY3G\njAlA1QtLW6mDCu/YlbahGXEYQGnSjiZ9ZXT5+emy9KdB6RRwVSd1v5HkejJQ7VGO\ncUlug5cF2wMcGpFYka7UrhShrOCw49n+mWJZlbYfBhiJuoOj8DAf8iJL2zW0qm+d\nCI7DdXo3PfMO68ZXvxzl1LkuzMb3AAQB0/W8vpNFv4V07E0LzW0dj5oW+KqEIMOD\nNrzlLS/L3ZjlcHbZquy8qhyaJdJUzRztJqf76QIDAQABAoIBAQCWD7XOrogPXyl6\np6ILBtbYC2a4PI1nYPfFO0vLarbCUOglxb2h9nsdy1csJ3xU9Kmn7GDYP5RoCF20\nmWCYYHSoHbT4YwqD3tLaqIzVAJbDDHkM/dm6wDoEzqfUdVv6uqCbsS6HMazFXjXq\n4jmDsoi5XsW7w2ME4scz4waQmyyk9RM0ULu3wWgIZetvW7pO61XSsvuF0PgmIR8f\n629k5i+VU23l83G0wOGIscWwyYAOk5Zqmy8oze+byqwzqpNOV0TJi/bgvgpVImxn\nKTLzOH9ngyPZrVgNTUkRGvqmPyMWavLGKt7pfaKY4QGIT/FMB4xTNYamELGY/E2j\ndcVi4AAhAoIAgQDIRRH76xcbgu++Iyx8Gs7Hjnoez7MVCxSAyUgFH1/uu7e1/K8B\no6BmGXICzlTEcDDifkhwszLMpgpwc5TqCXe+BP6bh73wNxK52stuNx7V97xFktF3\n/DaRw96v2SR4I6kweeMEAr9hIsMSWE16o7+zVmVT/Mv1HZsRxjIRdty2jwKCAIEA\n+qnxfninXGK19iRX8ZNaVEJAmkzmmluDOm4RBLRqxV3g1CRl263tIfCdneHbaKsS\nWl6JSvChypOEzpk/mqZjP1plLdrcZc/UfcfNARIvImWjNCJTHdaJw8EXx/6bd+2O\nvDoPt9H2BZ7YO7LcIZn+M8q9QwyBuygUG/LElzOgIgcCggCBAL9zYCTe8eEoA/5V\na8Jcck7NQqtPzRgR1pDjWski3DfCFnaQT9EWVlEkhBxwmRKNWf470Q6EEM0Y8iPc\nKoCtel4aMjgGxSntzCYGJrF/WigcQ0yTdVHpt1UT1T9wKu/6z1P7QW1lHwVCEQ/p\ngG/8OFe+APIQWf5CRirwuI5/fbG7AoIAgQC0NDasEHtpHIHqOciLoL6gspyVEVH7\niGy4NebANiBIUaxPdvdPTiObccsudO/yuIHSPAKBwKrf4tvoVx31xUa2hfsVUzF9\ndEM0Rc6oxXTjSqRg14hffBvAgnHhUrZcKomh4i/om+Y9tiuIB5bgBUBN5aPYrwYZ\nEcAbM5WHihLGQwKCAIEAsmOWuLuP9inAmZQt0eiD2OQNSOhm6kxdYQDdAv59CCPE\nxiTpwRgo3OqeJ6uD2PFVcssBGek/b5sh/Uq3cQWWmiayneoYG+RLseQQ4Lgob95K\nRpyDlODgXoIzCyJOy+grgcE+PHUzkp9kIJ1NnNfd2l/m7xQumXlTFrzklyb0UIA=\n-----END RSA PRIVATE KEY-----\n", "user_id": "3f7bba8994194b61936a8dc8e23c5f6c", "name": "tempest-TestNetworkBasicOps-1346960408", "fingerprint": "25:78:f1:f4:da:f3:13:f9:d6:ee:53:32:43:16:a5:e8"}}
2016-02-24 22:16:05,081 32064 INFO     [tempest_lib.common.rest_client] Request (TestNetworkBasicOps:test_update_instance_port_admin_state): 200 POST http://10.4.1.3:5000/v2.0/tokens
2016-02-24 22:16:05,081 32064 DEBUG    [tempest_lib.common.rest_client] Request - Headers: {'Content-Type': 'application/json', 'Accept': 'application/json'}
        Body: &lt;omitted&gt;
    Response - Headers: {'status': '200', 'content-length': '2260', 'vary': 'X-Auth-Token', 'server': 'Apache/2.4.7 (Ubuntu)', 'connection': 'close', 'date': 'Wed, 24 Feb 2016 22:16:04 GMT', 'content-type': 'application/json', 'x-openstack-request-id': 'req-5d996d09-32ce-4b57-962b-8fa9aa7ac605'}
        Body: {"access": {"token": {"issued_at": "2016-02-24T22:16:05.070055", "expires": "2016-02-24T23:16:05Z", "id": "b88978f14ba74ee6891af4cbf715367f", "tenant": {"description": "tempest-TestNetworkBasicOps-1062931266-desc", "enabled": true, "id": "1b1baaf359bc46cd8ee489eb1ae6690b", "name": "tempest-TestNetworkBasicOps-1062931266"}, "audit_ids": ["S7FlmAtTQruzRVGNFGGOlA"]}, "serviceCatalog": [{"endpoints": [{"adminURL": "http://10.4.1.3:9292", "region": "RegionOne", "internalURL": "http://10.4.1.3:9292", "id": "00e0f8f44b7e4726be95d3d9497db886", "publicURL": "http://10.4.1.3:9292"}], "endpoints_links": [], "type": "image", "name": "glance"}, {"endpoints": [{"adminURL": "http://10.4.1.3:8774/v2.1/1b1baaf359bc46cd8ee489eb1ae6690b", "region": "RegionOne", "internalURL": "http://10.4.1.3:8774/v2.1/1b1baaf359bc46cd8ee489eb1ae6690b", "id": "a1df4738545c4e9aa59e35fc7781114d", "publicURL": "http://10.4.1.3:8774/v2.1/1b1baaf359bc46cd8ee489eb1ae6690b"}], "endpoints_links": [], "type": "compute", "name": "nova"}, {"endpoints": [{"adminURL": "http://10.4.1.3:8774/v2/1b1baaf359bc46cd8ee489eb1ae6690b", "region": "RegionOne", "internalURL": "http://10.4.1.3:8774/v2/1b1baaf359bc46cd8ee489eb1ae6690b", "id": "0a6d2216424a4be087f377c0053ff8de", "publicURL": "http://10.4.1.3:8774/v2/1b1baaf359bc46cd8ee489eb1ae6690b"}], "endpoints_links": [], "type": "compute_legacy", "name": "nova_legacy"}, {"endpoints": [{"adminURL": "http://10.4.1.3:35357/v2.0", "region": "RegionOne", "internalURL": "http://10.4.1.3:5000/v2.0", "id": "16216025ea584c51a87eff4ef9d5f667", "publicURL": "http://10.4.1.3:5000/v2.0"}], "endpoints_links": [], "type": "identity", "name": "keystone"}, {"endpoints": [{"adminURL": "http://10.4.1.3:9696/", "region": "RegionOne", "internalURL": "http://10.4.1.3:9696/", "id": "c6eafd423e8341cd99a3c35571c815ea", "publicURL": "http://10.4.1.3:9696/"}], "endpoints_links": [], "type": "network", "name": "neutron"}], "user": {"username": "tempest-TestNetworkBasicOps-1353314411", "roles_links": [], "id": "3f7bba8994194b61936a8dc8e23c5f6c", "roles": [{"name": "_member_"}, {"name": "Member"}], "name": "tempest-TestNetworkBasicOps-1353314411"}, "metadata": {"is_admin": 0, "roles": ["9fe2ff9ee4384b1894a90878d3e92bab", "d5afcd2da832414b9a17b8599da7feac"]}}}
2016-02-24 22:16:05,086 32064 DEBUG    [tempest.common.fixed_network] (TestNetworkBasicOps:test_update_instance_port_admin_state) No valid network provided or created, defaulting to fixed_network_name
2016-02-24 22:16:05,601 32064 INFO     [tempest_lib.common.rest_client] Request (TestNetworkBasicOps:test_update_instance_port_admin_state): 200 GET http://10.4.1.3:8774/v2.1/1b1baaf359bc46cd8ee489eb1ae6690b/os-networks 0.515s
2016-02-24 22:16:05,602 32064 DEBUG    [tempest_lib.common.rest_client] Request - Headers: {'Content-Type': 'application/json', 'Accept': 'application/json', 'X-Auth-Token': '&lt;omitted&gt;'}
        Body: None
    Response - Headers: {'status': '200', 'content-length': '478', 'content-location': 'http://10.4.1.3:8774/v2.1/1b1baaf359bc46cd8ee489eb1ae6690b/os-networks', 'x-compute-request-id': 'req-e6002663-1b09-42fa-8382-14d262d7ed85', 'vary': 'X-OpenStack-Nova-API-Version', 'connection': 'close', 'x-openstack-nova-api-version': '2.1', 'date': 'Wed, 24 Feb 2016 22:16:05 GMT', 'content-type': 'application/json'}
        Body: {"networks": [{"cidr_v6": null, "dns2": null, "dns1": null, "gateway": null, "broadcast": null, "netmask": null, "gateway_v6": null, "cidr": null, "label": "public", "id": "ed4109df-a56b-4710-bfcf-40a429aa4caf", "netmask_v6": null}, {"cidr_v6": null, "dns2": null, "dns1": null, "gateway": null, "broadcast": null, "netmask": null, "gateway_v6": null, "cidr": null, "label": "tempest-network-smoke--131685515", "id": "3dac8670-44e9-42e2-ba8f-be5f6d174214", "netmask_v6": null}]}
2016-02-24 22:16:05,602 32064 WARNING  [tempest.common.fixed_network] (TestNetworkBasicOps:test_update_instance_port_admin_state) Network with name: private not found
2016-02-24 22:16:05,603 32064 INFO     [tempest.common.fixed_network] (TestNetworkBasicOps:test_update_instance_port_admin_state) Found network {} available for tenant
2016-02-24 22:16:08,798 32064 INFO     [tempest_lib.common.rest_client] Request (TestNetworkBasicOps:test_update_instance_port_admin_state): 202 POST http://10.4.1.3:8774/v2.1/1b1baaf359bc46cd8ee489eb1ae6690b/servers 3.195s
2016-02-24 22:16:08,799 32064 DEBUG    [tempest_lib.common.rest_client] Request - Headers: {'Content-Type': 'application/json', 'Accept': 'application/json', 'X-Auth-Token': '&lt;omitted&gt;'}
        Body: {"server": {"name": "tempest-server-smoke-1709523678", "imageRef": "9e0dd724-bb63-46ed-be01-5307e44ed18e", "key_name": "tempest-TestNetworkBasicOps-1346960408", "flavorRef": "42", "networks": [{"uuid": "3dac8670-44e9-42e2-ba8f-be5f6d174214"}], "security_groups": [{"name": "tempest-secgroup-smoke-1923955547"}]}}
    Response - Headers: {'status': '202', 'content-length': '460', 'x-compute-request-id': 'req-c5772bf2-85b8-4521-ae0d-81a027b6f936', 'vary': 'X-OpenStack-Nova-API-Version', 'connection': 'close', 'location': 'http://10.4.1.3:8774/v2.1/1b1baaf359bc46cd8ee489eb1ae6690b/servers/6f50c4e8-6820-4034-99f5-7a7c7d586d81', 'x-openstack-nova-api-version': '2.1', 'date': 'Wed, 24 Feb 2016 22:16:08 GMT', 'content-type': 'application/json'}
        Body: {"server": {"security_groups": [{"name": "tempest-secgroup-smoke-1923955547"}], "OS-DCF:diskConfig": "MANUAL", "id": "6f50c4e8-6820-4034-99f5-7a7c7d586d81", "links": [{"href": "http://10.4.1.3:8774/v2.1/1b1baaf359bc46cd8ee489eb1ae6690b/servers/6f50c4e8-6820-4034-99f5-7a7c7d586d81", "rel": "self"}, {"href": "http://10.4.1.3:8774/1b1baaf359bc46cd8ee489eb1ae6690b/servers/6f50c4e8-6820-4034-99f5-7a7c7d586d81", "rel": "bookmark"}], "adminPass": "ck5JAh8KENcM"}}
2016-02-24 22:16:09,294 32064 INFO     [tempest_lib.common.rest_client] Request (TestNetworkBasicOps:test_update_instance_port_admin_state): 200 GET http://10.4.1.3:8774/v2.1/1b1baaf359bc46cd8ee489eb1ae6690b/servers/6f50c4e8-6820-4034-99f5-7a7c7d586d81 0.490s
2016-02-24 22:16:09,294 32064 DEBUG    [tempest_lib.common.rest_client] Request - Headers: {'Content-Type': 'application/json', 'Accept': 'application/json', 'X-Auth-Token': '&lt;omitted&gt;'}
        Body: None
    Response - Headers: {'status': '200', 'content-length': '1341', 'content-location': 'http://10.4.1.3:8774/v2.1/1b1baaf359bc46cd8ee489eb1ae6690b/servers/6f50c4e8-6820-4034-99f5-7a7c7d586d81', 'x-compute-request-id': 'req-84ca3c96-6c06-49e9-a032-1c5f4a86e0dd', 'vary': 'X-OpenStack-Nova-API-Version', 'connection': 'close', 'x-openstack-nova-api-version': '2.1', 'date': 'Wed, 24 Feb 2016 22:16:09 GMT', 'content-type': 'application/json'}
        Body: {"server": {"status": "BUILD", "updated": "2016-02-24T22:16:09Z", "hostId": "", "addresses": {}, "links": [{"href": "http://10.4.1.3:8774/v2.1/1b1baaf359bc46cd8ee489eb1ae6690b/servers/6f50c4e8-6820-4034-99f5-7a7c7d586d81", "rel": "self"}, {"href": "http://10.4.1.3:8774/1b1baaf359bc46cd8ee489eb1ae6690b/servers/6f50c4e8-6820-4034-99f5-7a7c7d586d81", "rel": "bookmark"}], "key_name": "tempest-TestNetworkBasicOps-1346960408", "image": {"id": "9e0dd724-bb63-46ed-be01-5307e44ed18e", "links": [{"href": "http://10.4.1.3:8774/1b1baaf359bc46cd8ee489eb1ae6690b/images/9e0dd724-bb63-46ed-be01-5307e44ed18e", "rel": "bookmark"}]}, "OS-EXT-STS:task_state": "scheduling", "OS-EXT-STS:vm_state": "building", "OS-SRV-USG:launched_at": null, "flavor": {"id": "42", "links": [{"href": "http://10.4.1.3:8774/1b1baaf359bc46cd8ee489eb1ae6690b/flavors/42", "rel": "bookmark"}]}, "id": "6f50c4e8-6820-4034-99f5-7a7c7d586d81", "OS-SRV-USG:terminated_at": null, "OS-EXT-AZ:availability_zone": "", "user_id": "3f7bba8994194b61936a8dc8e23c5f6c", "name": "tempest-server-smoke-1709523678", "created": "2016-02-24T22:16:08Z", "tenant_id": "1b1baaf359bc46cd8ee489eb1ae6690b", "OS-DCF:diskConfig": "MANUAL", "os-extended-volumes:volumes_attached": [], "accessIPv4": "", "accessIPv6": "", "progress": 0, "OS-EXT-STS:power_state": 0, "config_drive": "", "metadata": {}}}
2016-02-24 22:16:11,163 32064 INFO     [tempest_lib.common.rest_client] Request (TestNetworkBasicOps:test_update_instance_port_admin_state): 200 GET http://10.4.1.3:8774/v2.1/1b1baaf359bc46cd8ee489eb1ae6690b/servers/6f50c4e8-6820-4034-99f5-7a7c7d586d81 0.858s
2016-02-24 22:16:11,163 32064 DEBUG    [tempest_lib.common.rest_client] Request - Headers: {'Content-Type': 'application/json', 'Accept': 'application/json', 'X-Auth-Token': '&lt;omitted&gt;'}
        Body: None
    Response - Headers: {'status': '200', 'content-length': '1467', 'content-location': 'http://10.4.1.3:8774/v2.1/1b1baaf359bc46cd8ee489eb1ae6690b/servers/6f50c4e8-6820-4034-99f5-7a7c7d586d81', 'x-compute-request-id': 'req-fc087709-2528-41fb-a1bd-2e436f16adbb', 'vary': 'X-OpenStack-Nova-API-Version', 'connection': 'close', 'x-openstack-nova-api-version': '2.1', 'date': 'Wed, 24 Feb 2016 22:16:11 GMT', 'content-type': 'application/json'}
        Body: {"server": {"status": "BUILD", "updated": "2016-02-24T22:16:09Z", "hostId": "a046cc7010713b6a9cce051d26518e081f2115edfe1c1ba5084a95da", "addresses": {}, "links": [{"href": "http://10.4.1.3:8774/v2.1/1b1baaf359bc46cd8ee489eb1ae6690b/servers/6f50c4e8-6820-4034-99f5-7a7c7d586d81", "rel": "self"}, {"href": "http://10.4.1.3:8774/1b1baaf359bc46cd8ee489eb1ae6690b/servers/6f50c4e8-6820-4034-99f5-7a7c7d586d81", "rel": "bookmark"}], "key_name": "tempest-TestNetworkBasicOps-1346960408", "image": {"id": "9e0dd724-bb63-46ed-be01-5307e44ed18e", "links": [{"href": "http://10.4.1.3:8774/1b1baaf359bc46cd8ee489eb1ae6690b/images/9e0dd724-bb63-46ed-be01-5307e44ed18e", "rel": "bookmark"}]}, "OS-EXT-STS:task_state": "spawning", "OS-EXT-STS:vm_state": "building", "OS-SRV-USG:launched_at": null, "flavor": {"id": "42", "links": [{"href": "http://10.4.1.3:8774/1b1baaf359bc46cd8ee489eb1ae6690b/flavors/42", "rel": "bookmark"}]}, "id": "6f50c4e8-6820-4034-99f5-7a7c7d586d81", "security_groups": [{"name": "tempest-secgroup-smoke-1923955547"}], "OS-SRV-USG:terminated_at": null, "OS-EXT-AZ:availability_zone": "nova", "user_id": "3f7bba8994194b61936a8dc8e23c5f6c", "name": "tempest-server-smoke-1709523678", "created": "2016-02-24T22:16:08Z", "tenant_id": "1b1baaf359bc46cd8ee489eb1ae6690b", "OS-DCF:diskConfig": "MANUAL", "os-extended-volumes:volumes_attached": [], "accessIPv4": "", "accessIPv6": "", "progress": 0, "OS-EXT-STS:power_state": 0, "config_drive": "", "metadata": {}}}
2016-02-24 22:16:11,173 32064 INFO     [tempest.common.waiters] State transition "BUILD/scheduling" ==&gt; "BUILD/spawning" after 2 second wait
2016-02-24 22:16:13,027 32064 INFO     [tempest_lib.common.rest_client] Request (TestNetworkBasicOps:test_update_instance_port_admin_state): 200 GET http://10.4.1.3:8774/v2.1/1b1baaf359bc46cd8ee489eb1ae6690b/servers/6f50c4e8-6820-4034-99f5-7a7c7d586d81 0.852s
2016-02-24 22:16:13,028 32064 DEBUG    [tempest_lib.common.rest_client] Request - Headers: {'Content-Type': 'application/json', 'Accept': 'application/json', 'X-Auth-Token': '&lt;omitted&gt;'}
        Body: None
    Response - Headers: {'status': '200', 'content-length': '1467', 'content-location': 'http://10.4.1.3:8774/v2.1/1b1baaf359bc46cd8ee489eb1ae6690b/servers/6f50c4e8-6820-4034-99f5-7a7c7d586d81', 'x-compute-request-id': 'req-971b571b-5428-43c7-ba97-fc415d343335', 'vary': 'X-OpenStack-Nova-API-Version', 'connection': 'close', 'x-openstack-nova-api-version': '2.1', 'date': 'Wed, 24 Feb 2016 22:16:13 GMT', 'content-type': 'application/json'}
        Body: {"server": {"status": "BUILD", "updated": "2016-02-24T22:16:09Z", "hostId": "a046cc7010713b6a9cce051d26518e081f2115edfe1c1ba5084a95da", "addresses": {}, "links": [{"href": "http://10.4.1.3:8774/v2.1/1b1baaf359bc46cd8ee489eb1ae6690b/servers/6f50c4e8-6820-4034-99f5-7a7c7d586d81", "rel": "self"}, {"href": "http://10.4.1.3:8774/1b1baaf359bc46cd8ee489eb1ae6690b/servers/6f50c4e8-6820-4034-99f5-7a7c7d586d81", "rel": "bookmark"}], "key_name": "tempest-TestNetworkBasicOps-1346960408", "image": {"id": "9e0dd724-bb63-46ed-be01-5307e44ed18e", "links": [{"href": "http://10.4.1.3:8774/1b1baaf359bc46cd8ee489eb1ae6690b/images/9e0dd724-bb63-46ed-be01-5307e44ed18e", "rel": "bookmark"}]}, "OS-EXT-STS:task_state": "spawning", "OS-EXT-STS:vm_state": "building", "OS-SRV-USG:launched_at": null, "flavor": {"id": "42", "links": [{"href": "http://10.4.1.3:8774/1b1baaf359bc46cd8ee489eb1ae6690b/flavors/42", "rel": "bookmark"}]}, "id": "6f50c4e8-6820-4034-99f5-7a7c7d586d81", "security_groups": [{"name": "tempest-secgroup-smoke-1923955547"}], "OS-SRV-USG:terminated_at": null, "OS-EXT-AZ:availability_zone": "nova", "user_id": "3f7bba8994194b61936a8dc8e23c5f6c", "name": "tempest-server-smoke-1709523678", "created": "2016-02-24T22:16:08Z", "tenant_id": "1b1baaf359bc46cd8ee489eb1ae6690b", "OS-DCF:diskConfig": "MANUAL", "os-extended-volumes:volumes_attached": [], "accessIPv4": "", "accessIPv6": "", "progress": 0, "OS-EXT-STS:power_state": 0, "config_drive": "", "metadata": {}}}
2016-02-24 22:16:14,733 32064 INFO     [tempest_lib.common.rest_client] Request (TestNetworkBasicOps:test_update_instance_port_admin_state): 200 GET http://10.4.1.3:8774/v2.1/1b1baaf359bc46cd8ee489eb1ae6690b/servers/6f50c4e8-6820-4034-99f5-7a7c7d586d81 0.696s
2016-02-24 22:16:14,734 32064 DEBUG    [tempest_lib.common.rest_client] Request - Headers: {'Content-Type': 'application/json', 'Accept': 'application/json', 'X-Auth-Token': '&lt;omitted&gt;'}
        Body: None
    Response - Headers: {'status': '200', 'content-length': '1638', 'content-location': 'http://10.4.1.3:8774/v2.1/1b1baaf359bc46cd8ee489eb1ae6690b/servers/6f50c4e8-6820-4034-99f5-7a7c7d586d81', 'x-compute-request-id': 'req-9e6db7b7-0e9b-4c39-b6e5-849ecece3a53', 'vary': 'X-OpenStack-Nova-API-Version', 'connection': 'close', 'x-openstack-nova-api-version': '2.1', 'date': 'Wed, 24 Feb 2016 22:16:14 GMT', 'content-type': 'application/json'}
        Body: {"server": {"status": "ACTIVE", "updated": "2016-02-24T22:16:12Z", "hostId": "a046cc7010713b6a9cce051d26518e081f2115edfe1c1ba5084a95da", "addresses": {"tempest-network-smoke--131685515": [{"OS-EXT-IPS-MAC:mac_addr": "fa:16:3e:1e:5a:9b", "version": 4, "addr": "10.100.0.3", "OS-EXT-IPS:type": "fixed"}]}, "links": [{"href": "http://10.4.1.3:8774/v2.1/1b1baaf359bc46cd8ee489eb1ae6690b/servers/6f50c4e8-6820-4034-99f5-7a7c7d586d81", "rel": "self"}, {"href": "http://10.4.1.3:8774/1b1baaf359bc46cd8ee489eb1ae6690b/servers/6f50c4e8-6820-4034-99f5-7a7c7d586d81", "rel": "bookmark"}], "key_name": "tempest-TestNetworkBasicOps-1346960408", "image": {"id": "9e0dd724-bb63-46ed-be01-5307e44ed18e", "links": [{"href": "http://10.4.1.3:8774/1b1baaf359bc46cd8ee489eb1ae6690b/images/9e0dd724-bb63-46ed-be01-5307e44ed18e", "rel": "bookmark"}]}, "OS-EXT-STS:task_state": null, "OS-EXT-STS:vm_state": "active", "OS-SRV-USG:launched_at": "2016-02-24T22:16:12.000000", "flavor": {"id": "42", "links": [{"href": "http://10.4.1.3:8774/1b1baaf359bc46cd8ee489eb1ae6690b/flavors/42", "rel": "bookmark"}]}, "id": "6f50c4e8-6820-4034-99f5-7a7c7d586d81", "security_groups": [{"name": "tempest-secgroup-smoke-1923955547"}], "OS-SRV-USG:terminated_at": null, "OS-EXT-AZ:availability_zone": "nova", "user_id": "3f7bba8994194b61936a8dc8e23c5f6c", "name": "tempest-server-smoke-1709523678", "created": "2016-02-24T22:16:08Z", "tenant_id": "1b1baaf359bc46cd8ee489eb1ae6690b", "OS-DCF:diskConfig": "MANUAL", "os-extended-volumes:volumes_attached": [], "accessIPv4": "", "accessIPv6": "", "progress": 0, "OS-EXT-STS:power_state": 1, "config_drive": "True", "metadata": {}}}
2016-02-24 22:16:14,743 32064 INFO     [tempest.common.waiters] State transition "BUILD/spawning" ==&gt; "ACTIVE/None" after 5 second wait
2016-02-24 22:16:15,444 32064 INFO     [tempest_lib.common.rest_client] Request (TestNetworkBasicOps:test_update_instance_port_admin_state): 200 GET http://10.4.1.3:8774/v2.1/1b1baaf359bc46cd8ee489eb1ae6690b/servers/6f50c4e8-6820-4034-99f5-7a7c7d586d81 0.700s
2016-02-24 22:16:15,445 32064 DEBUG    [tempest_lib.common.rest_client] Request - Headers: {'Content-Type': 'application/json', 'Accept': 'application/json', 'X-Auth-Token': '&lt;omitted&gt;'}
        Body: None
    Response - Headers: {'status': '200', 'content-length': '1638', 'content-location': 'http://10.4.1.3:8774/v2.1/1b1baaf359bc46cd8ee489eb1ae6690b/servers/6f50c4e8-6820-4034-99f5-7a7c7d586d81', 'x-compute-request-id': 'req-c479b2e4-8104-494f-ba53-8d899701c163', 'vary': 'X-OpenStack-Nova-API-Version', 'connection': 'close', 'x-openstack-nova-api-version': '2.1', 'date': 'Wed, 24 Feb 2016 22:16:15 GMT', 'content-type': 'application/json'}
        Body: {"server": {"status": "ACTIVE", "updated": "2016-02-24T22:16:12Z", "hostId": "a046cc7010713b6a9cce051d26518e081f2115edfe1c1ba5084a95da", "addresses": {"tempest-network-smoke--131685515": [{"OS-EXT-IPS-MAC:mac_addr": "fa:16:3e:1e:5a:9b", "version": 4, "addr": "10.100.0.3", "OS-EXT-IPS:type": "fixed"}]}, "links": [{"href": "http://10.4.1.3:8774/v2.1/1b1baaf359bc46cd8ee489eb1ae6690b/servers/6f50c4e8-6820-4034-99f5-7a7c7d586d81", "rel": "self"}, {"href": "http://10.4.1.3:8774/1b1baaf359bc46cd8ee489eb1ae6690b/servers/6f50c4e8-6820-4034-99f5-7a7c7d586d81", "rel": "bookmark"}], "key_name": "tempest-TestNetworkBasicOps-1346960408", "image": {"id": "9e0dd724-bb63-46ed-be01-5307e44ed18e", "links": [{"href": "http://10.4.1.3:8774/1b1baaf359bc46cd8ee489eb1ae6690b/images/9e0dd724-bb63-46ed-be01-5307e44ed18e", "rel": "bookmark"}]}, "OS-EXT-STS:task_state": null, "OS-EXT-STS:vm_state": "active", "OS-SRV-USG:launched_at": "2016-02-24T22:16:12.000000", "flavor": {"id": "42", "links": [{"href": "http://10.4.1.3:8774/1b1baaf359bc46cd8ee489eb1ae6690b/flavors/42", "rel": "bookmark"}]}, "id": "6f50c4e8-6820-4034-99f5-7a7c7d586d81", "security_groups": [{"name": "tempest-secgroup-smoke-1923955547"}], "OS-SRV-USG:terminated_at": null, "OS-EXT-AZ:availability_zone": "nova", "user_id": "3f7bba8994194b61936a8dc8e23c5f6c", "name": "tempest-server-smoke-1709523678", "created": "2016-02-24T22:16:08Z", "tenant_id": "1b1baaf359bc46cd8ee489eb1ae6690b", "OS-DCF:diskConfig": "MANUAL", "os-extended-volumes:volumes_attached": [], "accessIPv4": "", "accessIPv6": "", "progress": 0, "OS-EXT-STS:power_state": 1, "config_drive": "True", "metadata": {}}}
2016-02-24 22:16:15,458 32064 INFO     [tempest.scenario.manager] Tenant networks not configured to be reachable.
2016-02-24 22:16:15,698 32064 INFO     [tempest_lib.common.rest_client] Request (TestNetworkBasicOps:test_update_instance_port_admin_state): 200 GET http://10.4.1.3:9696/v2.0/ports?fixed_ip=None&amp;device_id=6f50c4e8-6820-4034-99f5-7a7c7d586d81 0.238s
2016-02-24 22:16:15,698 32064 DEBUG    [tempest_lib.common.rest_client] Request - Headers: {'Content-Type': 'application/json', 'Accept': 'application/json', 'X-Auth-Token': '&lt;omitted&gt;'}
        Body: None
    Response - Headers: {'status': '200', 'content-length': '773', 'content-location': 'http://10.4.1.3:9696/v2.0/ports?fixed_ip=None&amp;device_id=6f50c4e8-6820-4034-99f5-7a7c7d586d81', 'connection': 'close', 'date': 'Wed, 24 Feb 2016 22:16:15 GMT', 'content-type': 'application/json; charset=UTF-8', 'x-openstack-request-id': 'req-e21a6596-4e98-4806-90b9-69fe5bd2ce8b'}
        Body: {"ports": [{"status": "ACTIVE", "binding:host_id": "vagrant-ubuntu-trusty-64", "allowed_address_pairs": [], "extra_dhcp_opts": [], "device_owner": "compute:None", "port_security_enabled": true, "binding:profile": {}, "fixed_ips": [{"subnet_id": "11d69bba-65db-41bc-8afe-1facdd4d1cee", "ip_address": "10.100.0.3"}], "id": "1087ffe5-3757-4870-a7da-75812271c32c", "security_groups": ["fa707c0b-15d7-4f15-8863-2f167cfbffb0"], "device_id": "6f50c4e8-6820-4034-99f5-7a7c7d586d81", "name": "", "admin_state_up": true, "network_id": "3dac8670-44e9-42e2-ba8f-be5f6d174214", "dns_name": null, "binding:vif_details": {"port_filter": true}, "binding:vnic_type": "normal", "binding:vif_type": "ovs", "tenant_id": "1b1baaf359bc46cd8ee489eb1ae6690b", "mac_address": "fa:16:3e:1e:5a:9b"}]}
2016-02-24 22:16:16,673 32064 INFO     [tempest_lib.common.rest_client] Request (TestNetworkBasicOps:test_update_instance_port_admin_state): 201 POST http://10.4.1.3:9696/v2.0/floatingips 0.974s
2016-02-24 22:16:16,674 32064 DEBUG    [tempest_lib.common.rest_client] Request - Headers: {'Content-Type': 'application/json', 'Accept': 'application/json', 'X-Auth-Token': '&lt;omitted&gt;'}
        Body: {"floatingip": {"floating_network_id": "ed4109df-a56b-4710-bfcf-40a429aa4caf", "tenant_id": "1b1baaf359bc46cd8ee489eb1ae6690b", "fixed_ip_address": "10.100.0.3", "port_id": "1087ffe5-3757-4870-a7da-75812271c32c"}}
    Response - Headers: {'status': '201', 'content-length': '368', 'connection': 'close', 'date': 'Wed, 24 Feb 2016 22:16:16 GMT', 'content-type': 'application/json; charset=UTF-8', 'x-openstack-request-id': 'req-b8958fac-cab4-46d9-91dd-c6ccd5b3935b'}
        Body: {"floatingip": {"floating_network_id": "ed4109df-a56b-4710-bfcf-40a429aa4caf", "router_id": "9f8b4b15-d691-4836-a4f7-fe4e55071aa9", "fixed_ip_address": "10.100.0.3", "floating_ip_address": "172.24.4.16", "tenant_id": "1b1baaf359bc46cd8ee489eb1ae6690b", "status": "DOWN", "port_id": "1087ffe5-3757-4870-a7da-75812271c32c", "id": "ad08604c-5e43-4df3-ba44-153cce081e6e"}}
2016-02-24 22:16:16,916 32064 INFO     [tempest_lib.common.rest_client] Request (TestNetworkBasicOps:test_update_instance_port_admin_state): 200 GET http://10.4.1.3:9696/v2.0/ports?device_id=6f50c4e8-6820-4034-99f5-7a7c7d586d81 0.241s
2016-02-24 22:16:16,916 32064 DEBUG    [tempest_lib.common.rest_client] Request - Headers: {'Content-Type': 'application/json', 'Accept': 'application/json', 'X-Auth-Token': '&lt;omitted&gt;'}
        Body: None
    Response - Headers: {'status': '200', 'content-length': '773', 'content-location': 'http://10.4.1.3:9696/v2.0/ports?device_id=6f50c4e8-6820-4034-99f5-7a7c7d586d81', 'connection': 'close', 'date': 'Wed, 24 Feb 2016 22:16:16 GMT', 'content-type': 'application/json; charset=UTF-8', 'x-openstack-request-id': 'req-090b9478-7ac8-42ea-8230-ee79fa50ab42'}
        Body: {"ports": [{"status": "ACTIVE", "binding:host_id": "vagrant-ubuntu-trusty-64", "allowed_address_pairs": [], "extra_dhcp_opts": [], "device_owner": "compute:None", "port_security_enabled": true, "binding:profile": {}, "fixed_ips": [{"subnet_id": "11d69bba-65db-41bc-8afe-1facdd4d1cee", "ip_address": "10.100.0.3"}], "id": "1087ffe5-3757-4870-a7da-75812271c32c", "security_groups": ["fa707c0b-15d7-4f15-8863-2f167cfbffb0"], "device_id": "6f50c4e8-6820-4034-99f5-7a7c7d586d81", "name": "", "admin_state_up": true, "network_id": "3dac8670-44e9-42e2-ba8f-be5f6d174214", "dns_name": null, "binding:vif_details": {"port_filter": true}, "binding:vnic_type": "normal", "binding:vif_type": "ovs", "tenant_id": "1b1baaf359bc46cd8ee489eb1ae6690b", "mac_address": "fa:16:3e:1e:5a:9b"}]}
2016-02-24 22:16:17,137 32064 INFO     [tempest_lib.common.rest_client] Request (TestNetworkBasicOps:test_update_instance_port_admin_state): 200 GET http://10.4.1.3:9696/v2.0/floatingips/ad08604c-5e43-4df3-ba44-153cce081e6e 0.219s
2016-02-24 22:16:17,137 32064 DEBUG    [tempest_lib.common.rest_client] Request - Headers: {'Content-Type': 'application/json', 'Accept': 'application/json', 'X-Auth-Token': '&lt;omitted&gt;'}
        Body: None
    Response - Headers: {'status': '200', 'content-length': '402', 'content-location': 'http://10.4.1.3:9696/v2.0/floatingips/ad08604c-5e43-4df3-ba44-153cce081e6e', 'connection': 'close', 'date': 'Wed, 24 Feb 2016 22:16:17 GMT', 'content-type': 'application/json; charset=UTF-8', 'x-openstack-request-id': 'req-0e669742-e20a-4bce-b3ae-6e0374c411fd'}
        Body: {"floatingip": {"floating_network_id": "ed4109df-a56b-4710-bfcf-40a429aa4caf", "router_id": "9f8b4b15-d691-4836-a4f7-fe4e55071aa9", "fixed_ip_address": "10.100.0.3", "floating_ip_address": "172.24.4.16", "dns_name": "", "tenant_id": "1b1baaf359bc46cd8ee489eb1ae6690b", "status": "DOWN", "port_id": "1087ffe5-3757-4870-a7da-75812271c32c", "id": "ad08604c-5e43-4df3-ba44-153cce081e6e", "dns_domain": ""}}
2016-02-24 22:16:18,330 32064 INFO     [tempest_lib.common.rest_client] Request (TestNetworkBasicOps:test_update_instance_port_admin_state): 200 GET http://10.4.1.3:9696/v2.0/floatingips/ad08604c-5e43-4df3-ba44-153cce081e6e 0.191s
2016-02-24 22:16:18,331 32064 DEBUG    [tempest_lib.common.rest_client] Request - Headers: {'Content-Type': 'application/json', 'Accept': 'application/json', 'X-Auth-Token': '&lt;omitted&gt;'}
        Body: None
    Response - Headers: {'status': '200', 'content-length': '404', 'content-location': 'http://10.4.1.3:9696/v2.0/floatingips/ad08604c-5e43-4df3-ba44-153cce081e6e', 'connection': 'close', 'date': 'Wed, 24 Feb 2016 22:16:18 GMT', 'content-type': 'application/json; charset=UTF-8', 'x-openstack-request-id': 'req-e25d14b0-6667-4e55-8b17-7d657a99404c'}
        Body: {"floatingip": {"floating_network_id": "ed4109df-a56b-4710-bfcf-40a429aa4caf", "router_id": "9f8b4b15-d691-4836-a4f7-fe4e55071aa9", "fixed_ip_address": "10.100.0.3", "floating_ip_address": "172.24.4.16", "dns_name": "", "tenant_id": "1b1baaf359bc46cd8ee489eb1ae6690b", "status": "ACTIVE", "port_id": "1087ffe5-3757-4870-a7da-75812271c32c", "id": "ad08604c-5e43-4df3-ba44-153cce081e6e", "dns_domain": ""}}
2016-02-24 22:16:18,331 32064 INFO     [tempest.scenario.manager] FloatingIP: &lt;"FloatingIP" addr="172.24.4.16" id="ad08604c-5e43-4df3-ba44-153cce081e6e"&gt; is at status: ACTIVE
2016-02-24 22:16:18,331 32064 DEBUG    [tempest.scenario.manager] checking network connections to IP 172.24.4.16 with user: cirros
2016-02-24 22:16:18,332 32064 DEBUG    [tempest.scenario.manager] TestNetworkBasicOps:test_update_instance_port_admin_state begins to ping 172.24.4.16 in 120 sec and the expected result is reachable
2016-02-24 22:16:34,410 32064 DEBUG    [tempest.scenario.manager] TestNetworkBasicOps:test_update_instance_port_admin_state finishes ping 172.24.4.16 in 120 sec and the ping result is expected
2016-02-24 22:16:34,412 32064 INFO     [tempest_lib.common.ssh] Creating ssh connection to '172.24.4.16' as 'cirros' with public key authentication
2016-02-24 22:16:34,417 32064 WARNING  [tempest_lib.common.ssh] Failed to establish authenticated ssh connection to cirros@172.24.4.16 ([Errno None] Unable to connect to port 22 on  or 172.24.4.16). Number attempts: 1. Retry after 2 seconds.
2016-02-24 22:16:36,925 32064 WARNING  [tempest_lib.common.ssh] Failed to establish authenticated ssh connection to cirros@172.24.4.16 ([Errno None] Unable to connect to port 22 on  or 172.24.4.16). Number attempts: 2. Retry after 3 seconds.
2016-02-24 22:16:40,525 32064 INFO     [paramiko.transport] Connected (version 2.0, client dropbear_2012.55)
2016-02-24 22:16:41,005 32064 INFO     [paramiko.transport] Authentication (publickey) successful!
2016-02-24 22:16:41,011 32064 INFO     [tempest_lib.common.ssh] ssh connection to cirros@172.24.4.16 successfully created
2016-02-24 22:16:41,583 32064 INFO     [tempest_lib.common.rest_client] Request (TestNetworkBasicOps:test_update_instance_port_admin_state): 200 PUT http://10.4.1.3:9696/v2.0/ports/1087ffe5-3757-4870-a7da-75812271c32c 0.456s
2016-02-24 22:16:41,584 32064 DEBUG    [tempest_lib.common.rest_client] Request - Headers: {'Content-Type': 'application/json', 'Accept': 'application/json', 'X-Auth-Token': '&lt;omitted&gt;'}
        Body: {"port": {"admin_state_up": false}}
    Response - Headers: {'status': '200', 'content-length': '628', 'connection': 'close', 'date': 'Wed, 24 Feb 2016 22:16:41 GMT', 'content-type': 'application/json; charset=UTF-8', 'x-openstack-request-id': 'req-fb6e8c6e-45d6-404b-8748-4936c4096317'}
        Body: {"port": {"status": "ACTIVE", "name": "", "allowed_address_pairs": [], "admin_state_up": false, "network_id": "3dac8670-44e9-42e2-ba8f-be5f6d174214", "dns_name": null, "extra_dhcp_opts": [], "mac_address": "fa:16:3e:1e:5a:9b", "binding:vnic_type": "normal", "device_owner": "compute:None", "tenant_id": "1b1baaf359bc46cd8ee489eb1ae6690b", "port_security_enabled": true, "fixed_ips": [{"subnet_id": "11d69bba-65db-41bc-8afe-1facdd4d1cee", "ip_address": "10.100.0.3"}], "id": "1087ffe5-3757-4870-a7da-75812271c32c", "security_groups": ["fa707c0b-15d7-4f15-8863-2f167cfbffb0"], "device_id": "6f50c4e8-6820-4034-99f5-7a7c7d586d81"}}
2016-02-24 22:16:41,584 32064 DEBUG    [tempest.scenario.manager] checking network connections to IP 172.24.4.16 with user: cirros
2016-02-24 22:16:41,585 32064 DEBUG    [tempest.scenario.manager] TestNetworkBasicOps:test_update_instance_port_admin_state begins to ping 172.24.4.16 in 120 sec and the expected result is unreachable
2016-02-24 22:18:42,090 32064 DEBUG    [tempest.scenario.manager] TestNetworkBasicOps:test_update_instance_port_admin_state finishes ping 172.24.4.16 in 120 sec and the ping result is unexpected
2016-02-24 22:18:42,092 32064 ERROR    [tempest.scenario.manager] Public network connectivity check failed: after updating admin_state_up of instance port to False
2016-02-24 22:18:42.092 32064 ERROR tempest.scenario.manager Traceback (most recent call last):
2016-02-24 22:18:42.092 32064 ERROR tempest.scenario.manager   File "tempest/scenario/manager.py", line 598, in check_public_network_connectivity
2016-02-24 22:18:42.092 32064 ERROR tempest.scenario.manager     should_connect=should_connect)
2016-02-24 22:18:42.092 32064 ERROR tempest.scenario.manager   File "tempest/scenario/manager.py", line 582, in check_vm_connectivity
2016-02-24 22:18:42.092 32064 ERROR tempest.scenario.manager     msg=msg)
2016-02-24 22:18:42.092 32064 ERROR tempest.scenario.manager   File "/usr/local/lib/python2.7/dist-packages/unittest2/case.py", line 702, in assertTrue
2016-02-24 22:18:42.092 32064 ERROR tempest.scenario.manager     raise self.failureException(msg)
2016-02-24 22:18:42.092 32064 ERROR tempest.scenario.manager AssertionError: False is not true : ip address 172.24.4.16 is reachable
2016-02-24 22:18:42.092 32064 ERROR tempest.scenario.manager 
2016-02-24 22:18:42,531 32064 INFO     [tempest_lib.common.rest_client] Request (TestNetworkBasicOps:test_update_instance_port_admin_state): 200 POST http://10.4.1.3:8774/v2.1/1b1baaf359bc46cd8ee489eb1ae6690b/servers/6f50c4e8-6820-4034-99f5-7a7c7d586d81/action 0.434s
2016-02-24 22:18:42,531 32064 DEBUG    [tempest_lib.common.rest_client] Request - Headers: {'Content-Type': 'application/json', 'Accept': 'application/json', 'X-Auth-Token': '&lt;omitted&gt;'}
        Body: {"os-getConsoleOutput": {}}
    Response - Headers: {'status': '200', 'content-length': '19794', 'x-compute-request-id': 'req-d6a38c88-ec59-41a7-a80e-22790f914859', 'vary': 'X-OpenStack-Nova-API-Version', 'connection': 'close', 'x-openstack-nova-api-version': '2.1', 'date': 'Wed, 24 Feb 2016 22:18:42 GMT', 'content-type': 'application/json'}
        Body: {"output": "[    0.000000] Initializing cgroup subsys cpuset\n[    0.000000] Initializing cgroup subsys cpu\n[    0.000000] Linux version 3.2.0-80-virtual (buildd@batsu) (gcc version 4.6.3 (Ubuntu/Linaro 4.6.3-1ubuntu5) ) #116-Ubuntu SMP Mon Mar 23 17:28:52 UTC 2015 (Ubuntu 3.2.0-80.116-virtual 3.2.68)\n[    0.000000] Command line: root=/dev/vda console=tty0 console=ttyS0 no_timer_check\n[    0.000000] KERNEL supported cpus:\n[    0.000000]   Intel GenuineIntel\n[    0.000000]   AMD AuthenticAMD\n[    0.000000]   Centaur CentaurHauls\n[    0.000000] BIOS-provided physical RAM map:\n[    0.000000]  BIOS-e820: 0000000000000000 - 000000000009fc00 (usable)\n[    0.000000]  BIOS-e820: 000000000009fc00 - 00000000000a0000 (reserved)\n[    0.000000]  BIOS-e820: 00000000000f0000 - 0000000000100000 (reserved)\n[    0.000000]  BIOS-e820: 0000000000100000 - 0000000003ffe000 (usable)\n[    0.000000]  BIOS-e820: 0000000003ffe000 - 0000000004000000 (reserved)\n[    0.000000]  BIOS-e820: 00000000fffc0000 - 0000000100000000 (reserved)\n[    0.000000] NX (Execute Disable) protection: active\n[    0.000000] SMBIOS 2.4 present.\n[    0.000000] No AGP bridge found\n[    0.000000] last_pfn = 0x3ffe max_arch_pfn = 0x400000000\n[    0.000000] x86 PAT enabled: cpu 0, old 0x7040600070406, new 0x7010600070106\n[    0.000000] found SMP MP-table at [ffff8800000f0b00] f0b00\n[    0.000000] init_memory_mapping: 0000000000000000-0000000003ffe000\n[    0.000000] RAMDISK: 03c5e000 - 03ff0000\n[    0.000000] ACPI: RSDP 00000000000f0950 00014 (v00 BOCHS )\n[    0.000000] ACPI: RSDT 0000000003fffbc1 00034 (v01 BOCHS  BXPCRSDT 00000001 BXPC 00000001)\n[    0.000000] ACPI: FACP 0000000003fff1c0 00074 (v01 BOCHS  BXPCFACP 00000001 BXPC 00000001)\n[    0.000000] ACPI: DSDT 0000000003ffe040 01180 (v01 BOCHS  BXPCDSDT 00000001 BXPC 00000001)\n[    0.000000] ACPI: FACS 0000000003ffe000 00040\n[    0.000000] ACPI: SSDT 0000000003fff234 008DD (v01 BOCHS  BXPCSSDT 00000001 BXPC 00000001)\n[    0.000000] ACPI: APIC 0000000003fffb11 00078 (v01 BOCHS  BXPCAPIC 00000001 BXPC 00000001)\n[    0.000000] ACPI: HPET 0000000003fffb89 00038 (v01 BOCHS  BXPCHPET 00000001 BXPC 00000001)\n[    0.000000] No NUMA configuration found\n[    0.000000] Faking a node at 0000000000000000-0000000003ffe000\n[    0.000000] Initmem setup node 0 0000000000000000-0000000003ffe000\n[    0.000000]   NODE_DATA [0000000003ff6000 - 0000000003ffafff]\n[    0.000000] Zone PFN ranges:\n[    0.000000]   DMA      0x00000010 -&gt; 0x00001000\n[    0.000000]   DMA32    0x00001000 -&gt; 0x00100000\n[    0.000000]   Normal   empty\n[    0.000000] Movable zone start PFN for each node\n[    0.000000] early_node_map[2] active PFN ranges\n[    0.000000]     0: 0x00000010 -&gt; 0x0000009f\n[    0.000000]     0: 0x00000100 -&gt; 0x00003ffe\n[    0.000000] ACPI: PM-Timer IO Port: 0xb008\n[    0.000000] ACPI: LAPIC (acpi_id[0x00] lapic_id[0x00] enabled)\n[    0.000000] ACPI: LAPIC_NMI (acpi_id[0xff] dfl dfl lint[0x1])\n[    0.000000] ACPI: IOAPIC (id[0x00] address[0xfec00000] gsi_base[0])\n[    0.000000] IOAPIC[0]: apic_id 0, version 17, address 0xfec00000, GSI 0-23\n[    0.000000] ACPI: INT_SRC_OVR (bus 0 bus_irq 0 global_irq 2 dfl dfl)\n[    0.000000] ACPI: INT_SRC_OVR (bus 0 bus_irq 5 global_irq 5 high level)\n[    0.000000] ACPI: INT_SRC_OVR (bus 0 bus_irq 9 global_irq 9 high level)\n[    0.000000] ACPI: INT_SRC_OVR (bus 0 bus_irq 10 global_irq 10 high level)\n[    0.000000] ACPI: INT_SRC_OVR (bus 0 bus_irq 11 global_irq 11 high level)\n[    0.000000] Using ACPI (MADT) for SMP configuration information\n[    0.000000] ACPI: HPET id: 0x8086a201 base: 0xfed00000\n[    0.000000] SMP: Allowing 1 CPUs, 0 hotplug CPUs\n[    0.000000] PM: Registered nosave memory: 000000000009f000 - 00000000000a0000\n[    0.000000] PM: Registered nosave memory: 00000000000a0000 - 00000000000f0000\n[    0.000000] PM: Registered nosave memory: 00000000000f0000 - 0000000000100000\n[    0.000000] Allocating PCI resources starting at 4000000 (gap: 4000000:fbfc0000)\n[    0.000000] Booting paravirtualized kernel on bare hardware\n[    0.000000] setup_pe
2016-02-24 22:18:42,533 32064 DEBUG    [tempest.scenario.manager] Console output for 6f50c4e8-6820-4034-99f5-7a7c7d586d81
body=
[    0.000000] Initializing cgroup subsys cpuset
[    0.000000] Initializing cgroup subsys cpu
[    0.000000] Linux version 3.2.0-80-virtual (buildd@batsu) (gcc version 4.6.3 (Ubuntu/Linaro 4.6.3-1ubuntu5) ) #116-Ubuntu SMP Mon Mar 23 17:28:52 UTC 2015 (Ubuntu 3.2.0-80.116-virtual 3.2.68)
[    0.000000] Command line: root=/dev/vda console=tty0 console=ttyS0 no_timer_check
[    0.000000] KERNEL supported cpus:
[    0.000000]   Intel GenuineIntel
[    0.000000]   AMD AuthenticAMD
[    0.000000]   Centaur CentaurHauls
[    0.000000] BIOS-provided physical RAM map:
[    0.000000]  BIOS-e820: 0000000000000000 - 000000000009fc00 (usable)
[    0.000000]  BIOS-e820: 000000000009fc00 - 00000000000a0000 (reserved)
[    0.000000]  BIOS-e820: 00000000000f0000 - 0000000000100000 (reserved)
[    0.000000]  BIOS-e820: 0000000000100000 - 0000000003ffe000 (usable)
[    0.000000]  BIOS-e820: 0000000003ffe000 - 0000000004000000 (reserved)
[    0.000000]  BIOS-e820: 00000000fffc0000 - 0000000100000000 (reserved)
[    0.000000] NX (Execute Disable) protection: active
[    0.000000] SMBIOS 2.4 present.
[    0.000000] No AGP bridge found
[    0.000000] last_pfn = 0x3ffe max_arch_pfn = 0x400000000
[    0.000000] x86 PAT enabled: cpu 0, old 0x7040600070406, new 0x7010600070106
[    0.000000] found SMP MP-table at [ffff8800000f0b00] f0b00
[    0.000000] init_memory_mapping: 0000000000000000-0000000003ffe000
[    0.000000] RAMDISK: 03c5e000 - 03ff0000
[    0.000000] ACPI: RSDP 00000000000f0950 00014 (v00 BOCHS )
[    0.000000] ACPI: RSDT 0000000003fffbc1 00034 (v01 BOCHS  BXPCRSDT 00000001 BXPC 00000001)
[    0.000000] ACPI: FACP 0000000003fff1c0 00074 (v01 BOCHS  BXPCFACP 00000001 BXPC 00000001)
[    0.000000] ACPI: DSDT 0000000003ffe040 01180 (v01 BOCHS  BXPCDSDT 00000001 BXPC 00000001)
[    0.000000] ACPI: FACS 0000000003ffe000 00040
[    0.000000] ACPI: SSDT 0000000003fff234 008DD (v01 BOCHS  BXPCSSDT 00000001 BXPC 00000001)
[    0.000000] ACPI: APIC 0000000003fffb11 00078 (v01 BOCHS  BXPCAPIC 00000001 BXPC 00000001)
[    0.000000] ACPI: HPET 0000000003fffb89 00038 (v01 BOCHS  BXPCHPET 00000001 BXPC 00000001)
[    0.000000] No NUMA configuration found
[    0.000000] Faking a node at 0000000000000000-0000000003ffe000
[    0.000000] Initmem setup node 0 0000000000000000-0000000003ffe000
[    0.000000]   NODE_DATA [0000000003ff6000 - 0000000003ffafff]
[    0.000000] Zone PFN ranges:
[    0.000000]   DMA      0x00000010 -&gt; 0x00001000
[    0.000000]   DMA32    0x00001000 -&gt; 0x00100000
[    0.000000]   Normal   empty
[    0.000000] Movable zone start PFN for each node
[    0.000000] early_node_map[2] active PFN ranges
[    0.000000]     0: 0x00000010 -&gt; 0x0000009f
[    0.000000]     0: 0x00000100 -&gt; 0x00003ffe
[    0.000000] ACPI: PM-Timer IO Port: 0xb008
[    0.000000] ACPI: LAPIC (acpi_id[0x00] lapic_id[0x00] enabled)
[    0.000000] ACPI: LAPIC_NMI (acpi_id[0xff] dfl dfl lint[0x1])
[    0.000000] ACPI: IOAPIC (id[0x00] address[0xfec00000] gsi_base[0])
[    0.000000] IOAPIC[0]: apic_id 0, version 17, address 0xfec00000, GSI 0-23
[    0.000000] ACPI: INT_SRC_OVR (bus 0 bus_irq 0 global_irq 2 dfl dfl)
[    0.000000] ACPI: INT_SRC_OVR (bus 0 bus_irq 5 global_irq 5 high level)
[    0.000000] ACPI: INT_SRC_OVR (bus 0 bus_irq 9 global_irq 9 high level)
[    0.000000] ACPI: INT_SRC_OVR (bus 0 bus_irq 10 global_irq 10 high level)
[    0.000000] ACPI: INT_SRC_OVR (bus 0 bus_irq 11 global_irq 11 high level)
[    0.000000] Using ACPI (MADT) for SMP configuration information
[    0.000000] ACPI: HPET id: 0x8086a201 base: 0xfed00000
[    0.000000] SMP: Allowing 1 CPUs, 0 hotplug CPUs
[    0.000000] PM: Registered nosave memory: 000000000009f000 - 00000000000a0000
[    0.000000] PM: Registered nosave memory: 00000000000a0000 - 00000000000f0000
[    0.000000] PM: Registered nosave memory: 00000000000f0000 - 0000000000100000
[    0.000000] Allocating PCI resources starting at 4000000 (gap: 4000000:fbfc0000)
[    0.000000] Booting paravirtualized kernel on bare hardware
[    0.000000] setup_percpu: NR_CPUS:64 nr_cpumask_bits:64 nr_cpu_ids:1 nr_node_ids:1
[    0.000000] PERCPU: Embedded 27 pages/cpu @ffff880003a00000 s78848 r8192 d23552 u2097152
[    0.000000] Built 1 zonelists in Node order, mobility grouping on.  Total pages: 16008
[    0.000000] Policy zone: DMA32
[    0.000000] Kernel command line: root=/dev/vda console=tty0 console=ttyS0 no_timer_check
[    0.000000] PID hash table entries: 256 (order: -1, 2048 bytes)
[    0.000000] Checking aperture...
[    0.000000] No AGP bridge found
[    0.000000] Memory: 43492k/65528k available (6576k kernel code, 452k absent, 21584k reserved, 6620k data, 928k init)
[    0.000000] SLUB: Genslabs=15, HWalign=64, Order=0-3, MinObjects=0, CPUs=1, Nodes=1
[    0.000000] Hierarchical RCU implementation.
[    0.000000] 	RCU dyntick-idle grace-period acceleration is enabled.
[    0.000000] NR_IRQS:4352 nr_irqs:256 16
[    0.000000] Console: colour VGA+ 80x25
[    0.000000] console [tty0] enabled
[    0.000000] console [ttyS0] enabled
[    0.000000] allocated 1048576 bytes of page_cgroup
[    0.000000] please try 'cgroup_disable=memory' option if you don't want memory cgroups
[    0.000000] Fast TSC calibration failed
[    0.000000] TSC: Unable to calibrate against PIT
[    0.000000] TSC: using HPET reference calibration
[    0.000000] Detected 2293.046 MHz processor.
[    0.032640] Calibrating delay loop (skipped), value calculated using timer frequency.. 4586.09 BogoMIPS (lpj=9172184)
[    0.036847] pid_max: default: 32768 minimum: 301
[    0.045983] Security Framework initialized
[    0.052125] AppArmor: AppArmor initialized
[    0.053225] Yama: becoming mindful.
[    0.064680] Dentry cache hash table entries: 8192 (order: 4, 65536 bytes)
[    0.068172] Inode-cache hash table entries: 4096 (order: 3, 32768 bytes)
[    0.070011] Mount-cache hash table entries: 256
[    0.085843] Initializing cgroup subsys cpuacct
[    0.086773] Initializing cgroup subsys memory
[    0.088115] Initializing cgroup subsys devices
[    0.088739] Initializing cgroup subsys freezer
[    0.089561] Initializing cgroup subsys blkio
[    0.090186] Initializing cgroup subsys perf_event
[    0.095263] mce: CPU supports 10 MCE banks
[    0.098052] SMP alternatives: switching to UP code
[    0.490286] Freeing SMP alternatives: 24k freed
[    0.492514] ACPI: Core revision 20110623
[    0.543334] ftrace: allocating 26610 entries in 105 pages
[    0.582166] ..TIMER: vector=0x30 apic1=0 pin1=2 apic2=-1 pin2=-1
[    0.584253] CPU0: AMD QEMU Virtual CPU version 2.0.0 stepping 03
[    0.592036] Performance Events: Broken PMU hardware detected, using software events only.
[    0.601511] NMI watchdog disabled (cpu0): hardware events not enabled
[    0.604712] Brought up 1 CPUs
[    0.605334] Total of 1 processors activated (4586.09 BogoMIPS).
[    0.630631] devtmpfs: initialized
[    0.665650] EVM: security.selinux
[    0.666316] EVM: security.SMACK64
[    0.666718] EVM: security.capability
[    0.705559] print_constraints: dummy: 
[    0.709104] RTC time: 22:16:16, date: 02/24/16
[    0.711316] NET: Registered protocol family 16
[    0.721840] ACPI: bus type pci registered
[    0.726024] PCI: Using configuration type 1 for base access
[    0.758206] bio: create slab &lt;bio-0&gt; at 0
[    0.764391] ACPI: Added _OSI(Module Device)
[    0.765032] ACPI: Added _OSI(Processor Device)
[    0.765685] ACPI: Added _OSI(3.0 _SCP Extensions)
[    0.766409] ACPI: Added _OSI(Processor Aggregator Device)
[    0.843277] ACPI: Interpreter enabled
[    0.844219] ACPI: (supports S0 S3 S4 S5)
[    0.846385] ACPI: Using IOAPIC for interrupt routing
[    0.929780] ACPI: No dock devices found.
[    0.930622] HEST: Table not found.
[    0.931222] PCI: Using host bridge windows from ACPI; if necessary, use "pci=nocrs" and report a bug
[    0.940058] ACPI: PCI Root Bridge [PCI0] (domain 0000 [bus 00-ff])
[    0.948999] pci_root PNP0A03:00: host bridge window [io  0x0000-0x0cf7]
[    0.949996] pci_root PNP0A03:00: host bridge window [io  0x0d00-0xadff]
[    0.950825] pci_root PNP0A03:00: host bridge window [io  0xae0f-0xaeff]
[    0.952119] pci_root PNP0A03:00: host bridge window [io  0xaf20-0xafdf]
[    0.952938] pci_root PNP0A03:00: host bridge window [io  0xafe4-0xffff]
[    0.953918] pci_root PNP0A03:00: host bridge window [mem 0x000a0000-0x000bffff]
[    0.956118] pci_root PNP0A03:00: host bridge window [mem 0x04000000-0xfebfffff]
[    0.982467] pci 0000:00:01.3: quirk: [io  0xb000-0xb03f] claimed by PIIX4 ACPI
[    0.984229] pci 0000:00:01.3: quirk: [io  0xb100-0xb10f] claimed by PIIX4 SMB
[    1.062653]  pci0000:00: Unable to request _OSC control (_OSC support mask: 0x1e)
[    1.126216] ACPI: PCI Interrupt Link [LNKA] (IRQs 5 *10 11)
[    1.129368] ACPI: PCI Interrupt Link [LNKB] (IRQs 5 *10 11)
[    1.131127] ACPI: PCI Interrupt Link [LNKC] (IRQs 5 10 *11)
[    1.133340] ACPI: PCI Interrupt Link [LNKD] (IRQs 5 10 *11)
[    1.134679] ACPI: PCI Interrupt Link [LNKS] (IRQs *9)
[    1.142863] vgaarb: device added: PCI:0000:00:02.0,decodes=io+mem,owns=io+mem,locks=none
[    1.144199] vgaarb: loaded
[    1.144603] vgaarb: bridge control possible 0000:00:02.0
[    1.150610] i2c-core: driver [aat2870] using legacy suspend method
[    1.151239] i2c-core: driver [aat2870] using legacy resume method
[    1.156167] SCSI subsystem initialized
[    1.159154] usbcore: registered new interface driver usbfs
[    1.160741] usbcore: registered new interface driver hub
[    1.162088] usbcore: registered new device driver usb
[    1.166995] PCI: Using ACPI for IRQ routing
[    1.178929] NetLabel: Initializing
[    1.180147] NetLabel:  domain hash size = 128
[    1.180641] NetLabel:  protocols = UNLABELED CIPSOv4
[    1.182775] NetLabel:  unlabeled traffic allowed by default
[    1.185792] HPET: 3 timers in total, 0 timers will be used for per-cpu timer
[    1.186882] hpet0: at MMIO 0xfed00000, IRQs 2, 8, 0
[    1.188836] hpet0: 3 comparators, 64-bit 100.000000 MHz counter
[    1.202119] Switching to clocksource hpet
[    1.451104] AppArmor: AppArmor Filesystem Enabled
[    1.452070] pnp: PnP ACPI init
[    1.454461] ACPI: bus type pnp registered
[    1.475186] pnp: PnP ACPI: found 9 devices
[    1.475744] ACPI: ACPI bus type pnp unregistered
[    1.538216] NET: Registered protocol family 2
[    1.580050] IP route cache hash table entries: 512 (order: 0, 4096 bytes)
[    1.588372] TCP established hash table entries: 2048 (order: 3, 32768 bytes)
[    1.590838] TCP bind hash table entries: 2048 (order: 3, 32768 bytes)
[    1.591803] TCP: Hash tables configured (established 2048 bind 2048)
[    1.593375] TCP reno registered
[    1.594273] UDP hash table entries: 128 (order: 0, 4096 bytes)
[    1.595256] UDP-Lite hash table entries: 128 (order: 0, 4096 bytes)
[    1.599416] NET: Registered protocol family 1
[    1.601261] pci 0000:00:00.0: Limiting direct PCI/PCI transfers
[    1.602169] pci 0000:00:01.0: PIIX3: Enabling Passive Release
[    1.603335] pci 0000:00:01.0: Activating ISA DMA hang workarounds
[    1.608138] ACPI: PCI Interrupt Link [LNKD] enabled at IRQ 11
[    1.610013] pci 0000:00:01.2: PCI INT D -&gt; Link[LNKD] -&gt; GSI 11 (level, high) -&gt; IRQ 11
[    1.611946] pci 0000:00:01.2: PCI INT D disabled
[    1.631061] Trying to unpack rootfs image as initramfs...
[    1.647739] audit: initializing netlink socket (disabled)
[    1.650424] type=2000 audit(1456352176.648:1): initialized
[    1.906178] HugeTLB registered 2 MB page size, pre-allocated 0 pages
[    1.983237] VFS: Disk quotas dquot_6.5.2
[    1.985834] Dquot-cache hash table entries: 512 (order 0, 4096 bytes)
[    2.013493] fuse init (API version 7.17)
[    2.023870] msgmni has been set to 84
[    2.063618] Block layer SCSI generic (bsg) driver version 0.4 loaded (major 253)
[    2.066505] io scheduler noop registered
[    2.067249] io scheduler deadline registered (default)
[    2.068047] io scheduler cfq registered
[    2.073415] pci_hotplug: PCI Hot Plug PCI Core version: 0.5
[    2.075230] pciehp: PCI Express Hot Plug Controller Driver version: 0.4
[    2.079985] input: Power Button as /devices/LNXSYSTM:00/LNXPWRBN:00/input/input0
[    2.082989] ACPI: Power Button [PWRF]
[    2.139955] ERST: Table is not found!
[    2.141650] GHES: HEST is not enabled!
[    2.151359] ACPI: PCI Interrupt Link [LNKC] enabled at IRQ 10
[    2.152148] virtio-pci 0000:00:03.0: PCI INT A -&gt; Link[LNKC] -&gt; GSI 10 (level, high) -&gt; IRQ 10
[    2.157466] virtio-pci 0000:00:04.0: PCI INT A -&gt; Link[LNKD] -&gt; GSI 11 (level, high) -&gt; IRQ 11
[    2.166797] ACPI: PCI Interrupt Link [LNKA] enabled at IRQ 10
[    2.167835] virtio-pci 0000:00:05.0: PCI INT A -&gt; Link[LNKA] -&gt; GSI 10 (level, high) -&gt; IRQ 10
[    2.185813] Serial: 8250/16550 driver, 32 ports, IRQ sharing enabled
[    2.224225] serial8250: ttyS0 at I/O 0x3f8 (irq = 4) is a 16550A
[    2.307868] serial8250: ttyS1 at I/O 0x2f8 (irq = 3) is a 16550A
[    2.434016] 00:05: ttyS0 at I/O 0x3f8 (irq = 4) is a 16550A
[    2.513186] 00:06: ttyS1 at I/O 0x2f8 (irq = 3) is a 16550A
[    2.550697] Linux agpgart interface v0.103
[    2.613343] brd: module loaded
[    2.617679] Refined TSC clocksource calibration: 2293.198 MHz.
[    2.618411] Switching to clocksource tsc
[    2.646996] loop: module loaded
[    2.700998]  vda: unknown partition table
[    2.758549] scsi0 : ata_piix
[    2.761419] scsi1 : ata_piix
[    2.762896] ata1: PATA max MWDMA2 cmd 0x1f0 ctl 0x3f6 bmdma 0xc0a0 irq 14
[    2.763741] ata2: PATA max MWDMA2 cmd 0x170 ctl 0x376 bmdma 0xc0a8 irq 15
[    2.775328] Fixed MDIO Bus: probed
[    2.776184] tun: Universal TUN/TAP device driver, 1.6
[    2.777176] tun: (C) 1999-2004 Max Krasnyansky &lt;maxk@qualcomm.com&gt;
[    2.798523] PPP generic driver version 2.4.2
[    2.819470] ehci_hcd: USB 2.0 'Enhanced' Host Controller (EHCI) Driver
[    2.821377] ohci_hcd: USB 1.1 'Open' Host Controller (OHCI) Driver
[    2.822301] uhci_hcd: USB Universal Host Controller Interface driver
[    2.823336] uhci_hcd 0000:00:01.2: PCI INT D -&gt; Link[LNKD] -&gt; GSI 11 (level, high) -&gt; IRQ 11
[    2.826827] uhci_hcd 0000:00:01.2: UHCI Host Controller
[    2.841708] uhci_hcd 0000:00:01.2: new USB bus registered, assigned bus number 1
[    2.843500] uhci_hcd 0000:00:01.2: irq 11, io base 0x0000c040
[    2.878991] hub 1-0:1.0: USB hub found
[    2.881229] hub 1-0:1.0: 2 ports detected
[    2.887904] usbcore: registered new interface driver libusual
[    2.891077] i8042: PNP: PS/2 Controller [PNP0303:KBD,PNP0f13:MOU] at 0x60,0x64 irq 1,12
[    2.899872] serio: i8042 KBD port at 0x60,0x64 irq 1
[    2.902314] serio: i8042 AUX port at 0x60,0x64 irq 12
[    2.942949] mousedev: PS/2 mouse device common for all mice
[    2.953584] input: AT Translated Set 2 keyboard as /devices/platform/i8042/serio0/input/input1
[    2.959393] rtc_cmos 00:01: RTC can wake from S4
[    2.989009] rtc_cmos 00:01: rtc core: registered rtc_cmos as rtc0
[    2.994785] rtc0: alarms up to one day, 114 bytes nvram, hpet irqs
[    3.002110] device-mapper: uevent: version 1.0.3
[    3.016901] ata2.01: ATAPI: QEMU DVD-ROM, 2.0.0, max UDMA/100
[    3.038342] ata2.01: configured for MWDMA2
[    3.066034] device-mapper: ioctl: 4.22.0-ioctl (2011-10-19) initialised: dm-devel@redhat.com
[    3.069134] cpuidle: using governor ladder
[    3.070497] cpuidle: using governor menu
[    3.071364] EFI Variables Facility v0.08 2004-May-17
[    3.082828] TCP cubic registered
[    3.086997] NET: Registered protocol family 10
[    3.132504] NET: Registered protocol family 17
[    3.133160] Registering the dns_resolver key type
[    3.146446] scsi 1:0:1:0: CD-ROM            QEMU     QEMU DVD-ROM     2.0. PQ: 0 ANSI: 5
[    3.169156] sr0: scsi3-mmc drive: 4x/4x cd/rw xa/form2 tray
[    3.170659] cdrom: Uniform CD-ROM driver Revision: 3.20
[    3.187163] sr 1:0:1:0: Attached scsi generic sg0 type 5
[    3.249391] registered taskstats version 1
[    3.332931] Freeing initrd memory: 3656k freed
[    3.820612]   Magic number: 4:832:300
[    3.834867] rtc_cmos 00:01: setting system clock to 2016-02-24 22:16:19 UTC (1456352179)
[    3.837696] powernow-k8: Processor cpuid 663 not supported
[    3.844484] BIOS EDD facility v0.16 2004-Jun-25, 0 devices found
[    3.847129] EDD information not available.
[    3.909042] Freeing unused kernel memory: 928k freed
[    3.913581] Write protecting the kernel read-only data: 12288k
[    4.038476] Freeing unused kernel memory: 1596k freed
[    4.110701] Freeing unused kernel memory: 1184k freed

info: initramfs: up at 4.30
modprobe: module virtio_blk not found in modules.dep
modprobe: module virtio_net not found in modules.dep
info: copying initramfs to /dev/vda
info: initramfs loading root from /dev/vda
info: /etc/init.d/rc.sysinit: up at 9.26
info: container: none
Starting logging: OK
modprobe: module virtio_blk not found in modules.dep
modprobe: module virtio_net not found in modules.dep
WARN: /etc/rc3.d/S10-load-modules failed
Initializing random number generator... done.
Starting acpid: OK
cirros-ds 'local' up at 11.83
found datasource (configdrive, local)
Starting network...
udhcpc (v1.20.1) started
Sending discover...
Sending select for 10.100.0.3...
Lease of 10.100.0.3 obtained, lease time 86400
route: SIOCADDRT: File exists
WARN: failed: route add -net "0.0.0.0/0" gw "10.100.0.1"
Starting dropbear sshd: generating rsa key... generating dsa key... OK
no userdata for datasource
=== system information ===
Platform: OpenStack Foundation OpenStack Nova
Container: none
Arch: x86_64
CPU(s): 1 @ 2293.046 MHz
Cores/Sockets/Threads: 1/1/1
Virt-type: AMD-V
RAM Size: 49MB
Disks:
NAME MAJ:MIN     SIZE LABEL         MOUNTPOINT
vda  253:0   25165824 cirros-rootfs /
sr0   11:0     432128 config-2      
=== sshd host keys ===
-----BEGIN SSH HOST KEY KEYS-----
ssh-rsa AAAAB3NzaC1yc2EAAAADAQABAAAAgwCW9DUq/bhyOOZzxvtN4HVg83ivntoURFLJW3oUO6goax9gxUeLSH/EzznZ7YyzGH6FpqfsLjbdFwg70mcubl5Z72T3cMzOi3VORsd6BN4q+21Q05eTiUX2xWIpXu2PA9kwnlbox9Qlasn8i2r7Rtem2hU94WRm8Ymi+2ZQ4I9nCn1Z root@tempest-server-smoke-1709523678
ssh-dss AAAAB3NzaC1kc3MAAACBAL7Z2xxqTwaQGridcGmFeaSWa9SRp2in5t2w/DHvp9b3sA3m7SJwAfv0cgmysf1vg1P4qk17OHUjychXDoeqCiMiBT2l7rP4OEaDBWHzkH4jjbsmLFM657EMNYvepkRhuEAOsYo5OU3h+8roP9NZ++5T4CW4WWIy33I7cN+Et785AAAAFQCASrsmerSYYVREfEXxzEKWFjxvdwAAAIAGEkU/vXks301AAFgVkF0tjeAR73q8Pq3P2NyYCYOupHCTRJ6bLxC2/cQRKjstUP9IZeRB3K6SmZpJtSwrk8CsgFyGJ33nuhvs8stiHW5SJz/DlY+6MjSZEtiLTeiAYPsmaKnf2ztdxsyR4E1ey+I5/1NddnDQDbx3Jhpd7kdiHgAAAIBqXrc0scRaV2F2wsFZWRJyIvdnV5RawBn8P1EYfZJWRTQS1Q4vJz+LyLZ1I9gplRAibfK2c2qjQVOO9/YmQ1g7L35NlxB8WpW2UJ6IFj14DuPQAMyfVEtSW4bgDT9ZLoC+2q9ra0hxF4USwT2S9JQzBo/68Bng/T86hhAfv9q5Tw== root@tempest-server-smoke-1709523678
-----END SSH HOST KEY KEYS-----
=== network info ===
if-info: lo,up,127.0.0.1,8,::1
if-info: eth0,up,10.100.0.3,28,fe80::f816:3eff:fe1e:5a9b
ip-route:default via 10.100.0.1 dev eth0 
ip-route:10.100.0.0/28 dev eth0  src 10.100.0.3 
ip-route:169.254.169.254 via 10.100.0.1 dev eth0 
=== datasource: configdrive local ===
instance-id: 6f50c4e8-6820-4034-99f5-7a7c7d586d81
name: tempest-server-smoke-1709523678
availability-zone: nova
local-hostname: tempest-server-smoke-1709523678.novalocal
launch-index: 0
=== cirros: current=0.3.4 uptime=24.49 ===
  ____               ____  ____
 / __/ __ ____ ____ / __ \/ __/
/ /__ / // __// __// /_/ /\ \ 
\___//_//_/  /_/   \____/___/ 
   http://cirros-cloud.net


login as 'cirros' user. default password: 'cubswin:)'. use 'sudo' for root.
tempest-server-smoke-1709523678 login: 
2016-02-24 22:18:43,218 32064 INFO     [tempest_lib.common.rest_client] Request (TestNetworkBasicOps:_run_cleanups): 204 DELETE http://10.4.1.3:9696/v2.0/floatingips/ad08604c-5e43-4df3-ba44-153cce081e6e 0.680s
2016-02-24 22:18:43,218 32064 DEBUG    [tempest_lib.common.rest_client] Request - Headers: {'Content-Type': 'application/json', 'Accept': 'application/json', 'X-Auth-Token': '&lt;omitted&gt;'}
        Body: None
    Response - Headers: {'date': 'Wed, 24 Feb 2016 22:18:43 GMT', 'status': '204', 'connection': 'close', 'content-length': '0', 'x-openstack-request-id': 'req-0589e902-52e0-4241-8c84-6531b1721271'}
        Body: 
2016-02-24 22:18:43,644 32064 INFO     [tempest_lib.common.rest_client] Request (TestNetworkBasicOps:_run_cleanups): 204 DELETE http://10.4.1.3:8774/v2.1/1b1baaf359bc46cd8ee489eb1ae6690b/servers/6f50c4e8-6820-4034-99f5-7a7c7d586d81 0.425s
2016-02-24 22:18:43,645 32064 DEBUG    [tempest_lib.common.rest_client] Request - Headers: {'Content-Type': 'application/json', 'Accept': 'application/json', 'X-Auth-Token': '&lt;omitted&gt;'}
        Body: None
    Response - Headers: {'status': '204', 'content-length': '0', 'x-compute-request-id': 'req-faa29ac5-16af-4938-9327-681e28dcc06a', 'vary': 'X-OpenStack-Nova-API-Version', 'connection': 'close', 'x-openstack-nova-api-version': '2.1', 'date': 'Wed, 24 Feb 2016 22:18:43 GMT', 'content-type': 'application/json'}
        Body: 
2016-02-24 22:18:44,363 32064 INFO     [tempest_lib.common.rest_client] Request (TestNetworkBasicOps:_run_cleanups): 200 GET http://10.4.1.3:8774/v2.1/1b1baaf359bc46cd8ee489eb1ae6690b/servers/6f50c4e8-6820-4034-99f5-7a7c7d586d81 0.716s
2016-02-24 22:18:44,363 32064 DEBUG    [tempest_lib.common.rest_client] Request - Headers: {'Content-Type': 'application/json', 'Accept': 'application/json', 'X-Auth-Token': '&lt;omitted&gt;'}
        Body: None
    Response - Headers: {'status': '200', 'content-length': '1762', 'content-location': 'http://10.4.1.3:8774/v2.1/1b1baaf359bc46cd8ee489eb1ae6690b/servers/6f50c4e8-6820-4034-99f5-7a7c7d586d81', 'x-compute-request-id': 'req-c468cdcd-e719-4f16-8145-a5dd79c8ef0f', 'vary': 'X-OpenStack-Nova-API-Version', 'connection': 'close', 'x-openstack-nova-api-version': '2.1', 'date': 'Wed, 24 Feb 2016 22:18:44 GMT', 'content-type': 'application/json'}
        Body: {"server": {"status": "ACTIVE", "updated": "2016-02-24T22:18:43Z", "hostId": "a046cc7010713b6a9cce051d26518e081f2115edfe1c1ba5084a95da", "addresses": {"tempest-network-smoke--131685515": [{"OS-EXT-IPS-MAC:mac_addr": "fa:16:3e:1e:5a:9b", "version": 4, "addr": "10.100.0.3", "OS-EXT-IPS:type": "fixed"}, {"OS-EXT-IPS-MAC:mac_addr": "fa:16:3e:1e:5a:9b", "version": 4, "addr": "172.24.4.16", "OS-EXT-IPS:type": "floating"}]}, "links": [{"href": "http://10.4.1.3:8774/v2.1/1b1baaf359bc46cd8ee489eb1ae6690b/servers/6f50c4e8-6820-4034-99f5-7a7c7d586d81", "rel": "self"}, {"href": "http://10.4.1.3:8774/1b1baaf359bc46cd8ee489eb1ae6690b/servers/6f50c4e8-6820-4034-99f5-7a7c7d586d81", "rel": "bookmark"}], "key_name": "tempest-TestNetworkBasicOps-1346960408", "image": {"id": "9e0dd724-bb63-46ed-be01-5307e44ed18e", "links": [{"href": "http://10.4.1.3:8774/1b1baaf359bc46cd8ee489eb1ae6690b/images/9e0dd724-bb63-46ed-be01-5307e44ed18e", "rel": "bookmark"}]}, "OS-EXT-STS:task_state": "deleting", "OS-EXT-STS:vm_state": "active", "OS-SRV-USG:launched_at": "2016-02-24T22:16:12.000000", "flavor": {"id": "42", "links": [{"href": "http://10.4.1.3:8774/1b1baaf359bc46cd8ee489eb1ae6690b/flavors/42", "rel": "bookmark"}]}, "id": "6f50c4e8-6820-4034-99f5-7a7c7d586d81", "security_groups": [{"name": "tempest-secgroup-smoke-1923955547"}], "OS-SRV-USG:terminated_at": null, "OS-EXT-AZ:availability_zone": "nova", "user_id": "3f7bba8994194b61936a8dc8e23c5f6c", "name": "tempest-server-smoke-1709523678", "created": "2016-02-24T22:16:08Z", "tenant_id": "1b1baaf359bc46cd8ee489eb1ae6690b", "OS-DCF:diskConfig": "MANUAL", "os-extended-volumes:volumes_attached": [], "accessIPv4": "", "accessIPv6": "", "progress": 0, "OS-EXT-STS:power_state": 1, "config_drive": "True", "metadata": {}}}
2016-02-24 22:18:45,942 32064 INFO     [tempest_lib.common.rest_client] Request (TestNetworkBasicOps:_run_cleanups): 200 GET http://10.4.1.3:8774/v2.1/1b1baaf359bc46cd8ee489eb1ae6690b/servers/6f50c4e8-6820-4034-99f5-7a7c7d586d81 0.568s
