<?xml version="1.0" encoding="UTF-8"?>
<!DOCTYPE html PUBLIC "-//W3C//DTD XHTML 1.0 Strict//EN"
     "http://www.w3.org/TR/xhtml1/DTD/xhtml1-strict.dtd">
<html xmlns="http://www.w3.org/1999/xhtml">
<head>
    <title>Unit Test Report</title>
    <meta name="generator" content="subunit2html 0.1"/>
    <meta http-equiv="Content-Type" content="text/html; charset=UTF-8"/>
    
<style type="text/css" media="screen">
body        { font-family: verdana, arial, helvetica, sans-serif;
    font-size: 80%; }
table       { font-size: 100%; width: 100%;}
pre         { font-size: 80%; }

/* -- heading -------------------------------------------------------------- */
h1 {
        font-size: 16pt;
        color: gray;
}
.heading {
    margin-top: 0ex;
    margin-bottom: 1ex;
}

.heading .attribute {
    margin-top: 1ex;
    margin-bottom: 0;
}

.heading .description {
    margin-top: 4ex;
    margin-bottom: 6ex;
}

/* -- css div popup -------------------------------------------------------- */
a.popup_link {
}

a.popup_link:hover {
    color: red;
}

.popup_window {
    display: none;
    overflow-x: scroll;
    /*border: solid #627173 1px; */
    padding: 10px;
    background-color: #E6E6D6;
    font-family: "Ubuntu Mono", "Lucida Console", "Courier New", monospace;
    text-align: left;
    font-size: 8pt;
}

}
/* -- report --------------------------------------------------------------- */
#show_detail_line {
    margin-top: 3ex;
    margin-bottom: 1ex;
}
#result_table {
    width: 100%;
    border-collapse: collapse;
    border: 1px solid #777;
}
#header_row {
    font-weight: bold;
    color: white;
    background-color: #777;
}
#result_table td {
    border: 1px solid #777;
    padding: 2px;
}
#total_row  { font-weight: bold; }
.passClass  { background-color: #6c6; }
.failClass  { background-color: #c60; }
.errorClass { background-color: #c00; }
.passCase   { color: #6c6; }
.failCase   { color: #c60; font-weight: bold; }
.errorCase  { color: #c00; font-weight: bold; }
.hiddenRow  { display: none; }
.testcase   { margin-left: 2em; }
td.testname {width: 40%}
td.small {width: 40px}

/* -- ending --------------------------------------------------------------- */
#ending {
}

</style>

</head>
<body>
<script language="javascript" type="text/javascript"><!--
output_list = Array();

/* level - 0:Summary; 1:Failed; 2:All */
function showCase(level) {
    trs = document.getElementsByTagName("tr");
    for (var i = 0; i < trs.length; i++) {
        tr = trs[i];
        id = tr.id;
        if (id.substr(0,2) == 'ft') {
            if (level < 1) {
                tr.className = 'hiddenRow';
            }
            else {
                tr.className = '';
            }
        }
        if (id.substr(0,2) == 'pt') {
            if (level > 1) {
                tr.className = '';
            }
            else {
                tr.className = 'hiddenRow';
            }
        }
    }
}


function showClassDetail(cid, count) {
    var id_list = Array(count);
    var toHide = 1;
    for (var i = 0; i < count; i++) {
        tid0 = 't' + cid.substr(1) + '.' + (i+1);
        tid = 'f' + tid0;
        tr = document.getElementById(tid);
        if (!tr) {
            tid = 'p' + tid0;
            tr = document.getElementById(tid);
        }
        id_list[i] = tid;
        if (tr.className) {
            toHide = 0;
        }
    }
    for (var i = 0; i < count; i++) {
        tid = id_list[i];
        if (toHide) {
            document.getElementById('div_'+tid).style.display = 'none'
            document.getElementById(tid).className = 'hiddenRow';
        }
        else {
            document.getElementById(tid).className = '';
        }
    }
}


function showTestDetail(div_id){
    var details_div = document.getElementById(div_id)
    var displayState = details_div.style.display
    // alert(displayState)
    if (displayState != 'block' ) {
        displayState = 'block'
        details_div.style.display = 'block'
    }
    else {
        details_div.style.display = 'none'
    }
}


function html_escape(s) {
    s = s.replace(/&/g,'&amp;');
    s = s.replace(/</g,'&lt;');
    s = s.replace(/>/g,'&gt;');
    return s;
}

/* obsoleted by detail in <div>
function showOutput(id, name) {
    var w = window.open("", //url
                    name,
                    "resizable,scrollbars,status,width=800,height=450");
    d = w.document;
    d.write("<pre>");
    d.write(html_escape(output_list[id]));
    d.write("\n");
    d.write("<a href='javascript:window.close()'>close</a>\n");
    d.write("</pre>\n");
    d.close();
}
*/
--></script>

<div class='heading'>
<h1>Unit Test Report</h1>

<p class='attribute'><strong>Status:</strong> Failure 8</p>

<p class='description'></p>
</div>



<p id='show_detail_line'>Show
<a href='javascript:showCase(0)'>Summary</a>
<a href='javascript:showCase(1)'>Failed</a>
<a href='javascript:showCase(2)'>All</a>
</p>
<table id='result_table'>
<colgroup>
<col align='left' />
<col align='right' />
<col align='right' />
<col align='right' />
<col align='right' />
<col align='right' />
<col align='right' />
<col align='right' />
</colgroup>
<tr id='header_row'>
    <td>Test Group/Test case</td>
    <td>Count</td>
    <td>Pass</td>
    <td>Fail</td>
    <td>Error</td>
    <td>Skip</td>
    <td>View</td>
    <td> </td>
</tr>

<tr class='failClass'>
    <td class="testname">tempest.scenario.test_network_v6.TestGettingAddress</td>
    <td class="small">8</td>
    <td class="small">0</td>
    <td class="small">8</td>
    <td class="small">0</td>
    <td class="small">0</td>
    <td class="small"><a href="javascript:showClassDetail('c1',8)"
>Detail</a></td>
    <td> </td>
</tr>

<tr id='ft1.1' class='none'>
    <td class='failCase'><div class='testcase'>test_dhcp6_stateless_from_os[compute,id-d7e1f858-187c-45a6-89c9-bdafde619a9f,network,slow]</div></td>
    <td colspan='7' align='left'>

    <!--css div popup start-->
    <a class="popup_link" onfocus='this.blur();'
    href="javascript:showTestDetail('div_ft1.1')" >
        fail</a>

    <div id='div_ft1.1' class="popup_window">
        <div style='text-align: right; color:red;cursor:pointer'>
        <a onfocus='this.blur();'
onclick="document.getElementById('div_ft1.1').style.display = 'none' " >
           [x]</a>
        </div>
        <pre>
        
ft1.1: tempest.scenario.test_network_v6.TestGettingAddress.test_dhcp6_stateless_from_os[compute,id-d7e1f858-187c-45a6-89c9-bdafde619a9f,network,slow]_StringException: Empty attachments:
  stderr
  stdout

pythonlogging:'': {{{
2016-02-24 19:28:27,614 850 INFO     [tempest_lib.common.rest_client] Request (TestGettingAddress:setUp): 200 POST http://10.4.1.3:8774/v2.1/acd4c70216b4413a860334b3904e8976/os-keypairs 0.452s
2016-02-24 19:28:27,615 850 DEBUG    [tempest_lib.common.rest_client] Request - Headers: {'Content-Type': 'application/json', 'Accept': 'application/json', 'X-Auth-Token': '&lt;omitted&gt;'}
        Body: {"keypair": {"name": "tempest-TestGettingAddress-411748517"}}
    Response - Headers: {'status': '200', 'content-length': '2319', 'x-compute-request-id': 'req-5c5ab248-8ff3-407f-85fd-2d2e63c6a448', 'vary': 'X-OpenStack-Nova-API-Version', 'connection': 'close', 'x-openstack-nova-api-version': '2.1', 'date': 'Wed, 24 Feb 2016 19:28:27 GMT', 'content-type': 'application/json'}
        Body: {"keypair": {"public_key": "ssh-rsa AAAAB3NzaC1yc2EAAAADAQABAAABAQDR/8ZOnLNgYQXnwuc6kOLd5h2XXBk3ocUAshoNWi2aZHLQJ7rlWBtYkzFNzxx96SnIMlnC+k4bxEmVQMEG7S4dJC9fktCn2G9OtyT7So3+OWS4h809n/FseQjsK+vFsrdQYVho3+ahT+AZQ1ZAV3POaYgIbrC/YonxoFVHHi2sdY9SwAEW6ufz8owkTNEfgft5GS1gJ9oPjySdaeI30WNtte5GGVFBsnJRSxbabP7v2IRhB2RunUs/1Z01JhLh7i5e+8yYUNp0vtv2Zz1Y3iAR9SnhNn/9OLxbFkvc/0YRvUy8O8E4+7z74e5FwE/xXxXiXLzR0iZTYXXL7wXeXfkX Generated-by-Nova", "private_key": "-----BEGIN RSA PRIVATE KEY-----\nMIIEqAIBAAKCAQEA0f/GTpyzYGEF58LnOpDi3eYdl1wZN6HFALIaDVotmmRy0Ce6\n5VgbWJMxTc8cfekpyDJZwvpOG8RJlUDBBu0uHSQvX5LQp9hvTrck+0qN/jlkuIfN\nPZ/xbHkI7CvrxbK3UGFYaN/moU/gGUNWQFdzzmmICG6wv2KJ8aBVRx4trHWPUsAB\nFurn8/KMJEzRH4H7eRktYCfaD48knWniN9FjbbXuRhlRQbJyUUsW2mz+79iEYQdk\nbp1LP9WdNSYS4e4uXvvMmFDadL7b9mc9WN4gEfUp4TZ//Ti8WxZL3P9GEb1MvDvB\nOPu8++HuRcBP8V8V4ly80dImU2F1y+8F3l35FwIDAQABAoIBAGObvQag0XzPyKtM\nCb3/53x1oGehKdz3gKh50l2u/p6TMtqFXeNXTXFQMDzGFq+qn0T0jRss+0u0aWrA\nUk7kxdDQzx+4VfynbvSZbpM7o+qIcrwMvk+SxEM9jfvoQWd/A/C+m97zBURSzOtu\nw0S1tpqb+Ah36KJ/LQtNj+Wx7Nw18umb9UsIJWahJ+11qXDiXbxwwgAHNJxfvqoE\n2+GPdYrXEkdmYZ1RCl4HNSMlBIaNJsJA+Vz9sGMz0PsI5WLtddVhQtmpkUpKA2Y2\nyHkFjKln4qXulF4by8jcFUF/2r0dHvH8sf91iXvQCNPktP5gDVz6dXMMoOkLkTkg\nJZXBDBECggCBAN7WCYpBlZ3cHTD4AGSwVfLymKmkWGSYg/qn5KVx093MExXr2wPz\nV+aSjU7ES0+wGTgZSh84e9jg2PPjXSIF+plVVaRjqOT4o4rGkxgz0tGU1RdvhAMB\ncODmKcpIcfMSHc51R6NSL98KKKp/8u+M6wssxwkPayh3K7Gqf51nSVtDAoIAgQDx\nQKeEoJ2sZhRzJiAgjOtQ216/HptKraPivirQxfZ64+RBqR1m8/mafmlLjPKydtwo\n7FBrnuxiVoT8VwYGt4dELWnwchZeb4M3GIWCc4rGH0WwqSBo0WrZfck5vVtNMWXY\npC3g9axJDo0JTZ8N6n9gKnoYHiiRqyg5qG6clBRrnQKCAIEAl23sXb/j5LrIO5bM\n7Z/HSKoDhITibLoYNiYSAzwvNfKQpbz5wN2FRnMhA/3xD94jxTOqYz0HLILf7Bz+\nFTjq63hKEsSG6dLtkEkRfMj64uG5TYvCsigwhSTkEUrZ5MzS5JJedGZNkcxdhkAc\n3x1sPNPZDhckQwN49etffZ/LAfECggCAew+148tiYox3pf0uqiv35Pjhra/ZGxDT\n5leG05QHlMwmpO+1Fc0h55LP9z/glPRYfW993kfk4IytrWJeqpJ3p2la/tHTYzyS\nvEn/4Hk7srBFBkZfR9h7HpIxUQisSAYIo6er13K5/VI00ygLGDgj3VQNj7viidu6\n2x51vd0zRWkCggCAZyRHdhsuM+qFhGibbaXBE8GqQqkXerWEaCI8wdpt+AZIIHgM\neT8kUEQwpWiFWYyxB1ChO4qHbnWGZx2uI/zsB7bRU80UCmxDDgsD3U6X7bayeBt5\n7z/ZaYIV1piYC9X5RrlyFXeLS3ZJ3XoyEjhqouYUQz3ZG1ftQUL6onybMfY=\n-----END RSA PRIVATE KEY-----\n", "user_id": "e61c44b044ae4cc0ab4a364ea02174e2", "name": "tempest-TestGettingAddress-411748517", "fingerprint": "c0:a8:31:b1:20:03:20:68:a4:72:c5:28:cc:8a:04:ea"}}
2016-02-24 19:28:28,091 850 INFO     [tempest_lib.common.rest_client] Request (TestGettingAddress:setUp): 201 POST http://10.4.1.3:9696/v2.0/security-groups 0.470s
2016-02-24 19:28:28,091 850 DEBUG    [tempest_lib.common.rest_client] Request - Headers: {'Content-Type': 'application/json', 'Accept': 'application/json', 'X-Auth-Token': '&lt;omitted&gt;'}
        Body: {"security_group": {"tenant_id": "acd4c70216b4413a860334b3904e8976", "description": "tempest-secgroup-smoke-830925570 description", "name": "tempest-secgroup-smoke-830925570"}}
    Response - Headers: {'status': '201', 'content-length': '886', 'connection': 'close', 'date': 'Wed, 24 Feb 2016 19:28:28 GMT', 'content-type': 'application/json; charset=UTF-8', 'x-openstack-request-id': 'req-16a25222-d45a-4c43-a11e-8b68a844707b'}
        Body: {"security_group": {"tenant_id": "acd4c70216b4413a860334b3904e8976", "description": "tempest-secgroup-smoke-830925570 description", "id": "18fb616b-669a-4fbd-a8b5-9f89b8079954", "security_group_rules": [{"remote_group_id": null, "direction": "egress", "remote_ip_prefix": null, "protocol": null, "ethertype": "IPv4", "tenant_id": "acd4c70216b4413a860334b3904e8976", "port_range_max": null, "port_range_min": null, "id": "a7466a0f-f068-4ec7-8660-ea2136cfc0a0", "security_group_id": "18fb616b-669a-4fbd-a8b5-9f89b8079954"}, {"remote_group_id": null, "direction": "egress", "remote_ip_prefix": null, "protocol": null, "ethertype": "IPv6", "tenant_id": "acd4c70216b4413a860334b3904e8976", "port_range_max": null, "port_range_min": null, "id": "9e62b102-da09-4c3c-91d7-1f90128eead9", "security_group_id": "18fb616b-669a-4fbd-a8b5-9f89b8079954"}], "name": "tempest-secgroup-smoke-830925570"}}
2016-02-24 19:28:28,432 850 INFO     [tempest_lib.common.rest_client] Request (TestGettingAddress:setUp): 201 POST http://10.4.1.3:9696/v2.0/security-group-rules 0.339s
2016-02-24 19:28:28,433 850 DEBUG    [tempest_lib.common.rest_client] Request - Headers: {'Content-Type': 'application/json', 'Accept': 'application/json', 'X-Auth-Token': '&lt;omitted&gt;'}
        Body: {"security_group_rule": {"direction": "ingress", "protocol": "tcp", "tenant_id": "acd4c70216b4413a860334b3904e8976", "port_range_max": 22, "security_group_id": "18fb616b-669a-4fbd-a8b5-9f89b8079954", "port_range_min": 22}}
    Response - Headers: {'status': '201', 'content-length': '340', 'connection': 'close', 'date': 'Wed, 24 Feb 2016 19:28:28 GMT', 'content-type': 'application/json; charset=UTF-8', 'x-openstack-request-id': 'req-04d1f22a-5793-42fe-9697-bf5f5be9f30b'}
        Body: {"security_group_rule": {"remote_group_id": null, "direction": "ingress", "remote_ip_prefix": null, "protocol": "tcp", "ethertype": "IPv4", "tenant_id": "acd4c70216b4413a860334b3904e8976", "port_range_max": 22, "port_range_min": 22, "id": "0fc3346b-ac24-4c55-919f-960f93cdd3ac", "security_group_id": "18fb616b-669a-4fbd-a8b5-9f89b8079954"}}
2016-02-24 19:28:28,773 850 INFO     [tempest_lib.common.rest_client] Request (TestGettingAddress:setUp): 201 POST http://10.4.1.3:9696/v2.0/security-group-rules 0.338s
2016-02-24 19:28:28,773 850 DEBUG    [tempest_lib.common.rest_client] Request - Headers: {'Content-Type': 'application/json', 'Accept': 'application/json', 'X-Auth-Token': '&lt;omitted&gt;'}
        Body: {"security_group_rule": {"direction": "egress", "protocol": "tcp", "tenant_id": "acd4c70216b4413a860334b3904e8976", "port_range_max": 22, "security_group_id": "18fb616b-669a-4fbd-a8b5-9f89b8079954", "port_range_min": 22}}
    Response - Headers: {'status': '201', 'content-length': '339', 'connection': 'close', 'date': 'Wed, 24 Feb 2016 19:28:28 GMT', 'content-type': 'application/json; charset=UTF-8', 'x-openstack-request-id': 'req-f03f2b4a-63e3-45d9-a4a2-4e418f83ee4e'}
        Body: {"security_group_rule": {"remote_group_id": null, "direction": "egress", "remote_ip_prefix": null, "protocol": "tcp", "ethertype": "IPv4", "tenant_id": "acd4c70216b4413a860334b3904e8976", "port_range_max": 22, "port_range_min": 22, "id": "fcae195e-3e39-4a59-bbd5-3548f3a2a1f5", "security_group_id": "18fb616b-669a-4fbd-a8b5-9f89b8079954"}}
2016-02-24 19:28:29,185 850 INFO     [tempest_lib.common.rest_client] Request (TestGettingAddress:setUp): 201 POST http://10.4.1.3:9696/v2.0/security-group-rules 0.410s
2016-02-24 19:28:29,185 850 DEBUG    [tempest_lib.common.rest_client] Request - Headers: {'Content-Type': 'application/json', 'Accept': 'application/json', 'X-Auth-Token': '&lt;omitted&gt;'}
        Body: {"security_group_rule": {"tenant_id": "acd4c70216b4413a860334b3904e8976", "direction": "ingress", "protocol": "icmp", "security_group_id": "18fb616b-669a-4fbd-a8b5-9f89b8079954"}}
    Response - Headers: {'status': '201', 'content-length': '345', 'connection': 'close', 'date': 'Wed, 24 Feb 2016 19:28:29 GMT', 'content-type': 'application/json; charset=UTF-8', 'x-openstack-request-id': 'req-62d314c6-6a9d-4276-a206-f8771bbafa40'}
        Body: {"security_group_rule": {"remote_group_id": null, "direction": "ingress", "remote_ip_prefix": null, "protocol": "icmp", "ethertype": "IPv4", "tenant_id": "acd4c70216b4413a860334b3904e8976", "port_range_max": null, "port_range_min": null, "id": "e076f280-7252-44af-84e8-147ee6b42fbd", "security_group_id": "18fb616b-669a-4fbd-a8b5-9f89b8079954"}}
2016-02-24 19:28:29,528 850 INFO     [tempest_lib.common.rest_client] Request (TestGettingAddress:setUp): 201 POST http://10.4.1.3:9696/v2.0/security-group-rules 0.342s
2016-02-24 19:28:29,529 850 DEBUG    [tempest_lib.common.rest_client] Request - Headers: {'Content-Type': 'application/json', 'Accept': 'application/json', 'X-Auth-Token': '&lt;omitted&gt;'}
        Body: {"security_group_rule": {"tenant_id": "acd4c70216b4413a860334b3904e8976", "direction": "egress", "protocol": "icmp", "security_group_id": "18fb616b-669a-4fbd-a8b5-9f89b8079954"}}
    Response - Headers: {'status': '201', 'content-length': '344', 'connection': 'close', 'date': 'Wed, 24 Feb 2016 19:28:29 GMT', 'content-type': 'application/json; charset=UTF-8', 'x-openstack-request-id': 'req-f5f11d81-befa-453a-ac85-6449b49c14b6'}
        Body: {"security_group_rule": {"remote_group_id": null, "direction": "egress", "remote_ip_prefix": null, "protocol": "icmp", "ethertype": "IPv4", "tenant_id": "acd4c70216b4413a860334b3904e8976", "port_range_max": null, "port_range_min": null, "id": "809bdfff-2384-4f53-bf21-6f509d16624b", "security_group_id": "18fb616b-669a-4fbd-a8b5-9f89b8079954"}}
2016-02-24 19:28:29,868 850 INFO     [tempest_lib.common.rest_client] Request (TestGettingAddress:setUp): 201 POST http://10.4.1.3:9696/v2.0/security-group-rules 0.337s
2016-02-24 19:28:29,869 850 DEBUG    [tempest_lib.common.rest_client] Request - Headers: {'Content-Type': 'application/json', 'Accept': 'application/json', 'X-Auth-Token': '&lt;omitted&gt;'}
        Body: {"security_group_rule": {"tenant_id": "acd4c70216b4413a860334b3904e8976", "direction": "ingress", "security_group_id": "18fb616b-669a-4fbd-a8b5-9f89b8079954", "protocol": "icmp", "ethertype": "IPv6"}}
    Response - Headers: {'status': '201', 'content-length': '345', 'connection': 'close', 'date': 'Wed, 24 Feb 2016 19:28:29 GMT', 'content-type': 'application/json; charset=UTF-8', 'x-openstack-request-id': 'req-0afc77ff-b146-4425-93f0-d253ebbdd274'}
        Body: {"security_group_rule": {"remote_group_id": null, "direction": "ingress", "remote_ip_prefix": null, "protocol": "icmp", "ethertype": "IPv6", "tenant_id": "acd4c70216b4413a860334b3904e8976", "port_range_max": null, "port_range_min": null, "id": "2b092e9a-5bac-4da8-abe0-d75145391803", "security_group_id": "18fb616b-669a-4fbd-a8b5-9f89b8079954"}}
2016-02-24 19:28:30,192 850 INFO     [tempest_lib.common.rest_client] Request (TestGettingAddress:setUp): 201 POST http://10.4.1.3:9696/v2.0/security-group-rules 0.321s
2016-02-24 19:28:30,192 850 DEBUG    [tempest_lib.common.rest_client] Request - Headers: {'Content-Type': 'application/json', 'Accept': 'application/json', 'X-Auth-Token': '&lt;omitted&gt;'}
        Body: {"security_group_rule": {"tenant_id": "acd4c70216b4413a860334b3904e8976", "direction": "egress", "security_group_id": "18fb616b-669a-4fbd-a8b5-9f89b8079954", "protocol": "icmp", "ethertype": "IPv6"}}
    Response - Headers: {'status': '201', 'content-length': '344', 'connection': 'close', 'date': 'Wed, 24 Feb 2016 19:28:30 GMT', 'content-type': 'application/json; charset=UTF-8', 'x-openstack-request-id': 'req-48478e9c-5947-4133-b631-1f801cfcb0c6'}
        Body: {"security_group_rule": {"remote_group_id": null, "direction": "egress", "remote_ip_prefix": null, "protocol": "icmp", "ethertype": "IPv6", "tenant_id": "acd4c70216b4413a860334b3904e8976", "port_range_max": null, "port_range_min": null, "id": "c0876e63-e047-44fa-91ed-0829034c1f56", "security_group_id": "18fb616b-669a-4fbd-a8b5-9f89b8079954"}}
2016-02-24 19:28:30,654 850 INFO     [tempest_lib.common.rest_client] Request (TestGettingAddress:test_dhcp6_stateless_from_os): 201 POST http://10.4.1.3:9696/v2.0/networks 0.461s
2016-02-24 19:28:30,655 850 DEBUG    [tempest_lib.common.rest_client] Request - Headers: {'Content-Type': 'application/json', 'Accept': 'application/json', 'X-Auth-Token': '&lt;omitted&gt;'}
        Body: {"network": {"tenant_id": "acd4c70216b4413a860334b3904e8976", "name": "tempest-network-smoke--1642067966"}}
    Response - Headers: {'status': '201', 'content-length': '356', 'connection': 'close', 'date': 'Wed, 24 Feb 2016 19:28:30 GMT', 'content-type': 'application/json; charset=UTF-8', 'x-openstack-request-id': 'req-1365257a-afcf-42db-a2fc-b5241eb84606'}
        Body: {"network": {"status": "ACTIVE", "subnets": [], "availability_zone_hints": [], "availability_zones": [], "name": "tempest-network-smoke--1642067966", "admin_state_up": true, "tenant_id": "acd4c70216b4413a860334b3904e8976", "mtu": 1450, "router:external": false, "shared": false, "port_security_enabled": true, "id": "116b654a-7c26-4e92-9cee-8243dca46e63"}}
2016-02-24 19:28:30,939 850 INFO     [tempest_lib.common.rest_client] Request (TestGettingAddress:test_dhcp6_stateless_from_os): 200 GET http://10.4.1.3:9696/v2.0/subnets?tenant_id=acd4c70216b4413a860334b3904e8976&amp;cidr=10.100.0.0%2F28 0.282s
2016-02-24 19:28:30,939 850 DEBUG    [tempest_lib.common.rest_client] Request - Headers: {'Content-Type': 'application/json', 'Accept': 'application/json', 'X-Auth-Token': '&lt;omitted&gt;'}
        Body: None
    Response - Headers: {'status': '200', 'content-length': '15', 'content-location': 'http://10.4.1.3:9696/v2.0/subnets?tenant_id=acd4c70216b4413a860334b3904e8976&amp;cidr=10.100.0.0%2F28', 'connection': 'close', 'date': 'Wed, 24 Feb 2016 19:28:30 GMT', 'content-type': 'application/json; charset=UTF-8', 'x-openstack-request-id': 'req-85e1e937-f52b-4985-844f-afae39a990f7'}
        Body: {"subnets": []}
2016-02-24 19:28:31,558 850 INFO     [tempest_lib.common.rest_client] Request (TestGettingAddress:test_dhcp6_stateless_from_os): 201 POST http://10.4.1.3:9696/v2.0/subnets 0.617s
2016-02-24 19:28:31,558 850 DEBUG    [tempest_lib.common.rest_client] Request - Headers: {'Content-Type': 'application/json', 'Accept': 'application/json', 'X-Auth-Token': '&lt;omitted&gt;'}
        Body: {"subnet": {"ip_version": 4, "tenant_id": "acd4c70216b4413a860334b3904e8976", "cidr": "10.100.0.0/28", "network_id": "116b654a-7c26-4e92-9cee-8243dca46e63", "name": "tempest-sub4-662338315"}}
    Response - Headers: {'status': '201', 'content-length': '469', 'connection': 'close', 'date': 'Wed, 24 Feb 2016 19:28:31 GMT', 'content-type': 'application/json; charset=UTF-8', 'x-openstack-request-id': 'req-635eb5e1-31b1-42e3-86e2-1e457c4bcd0a'}
        Body: {"subnet": {"name": "tempest-sub4-662338315", "enable_dhcp": true, "network_id": "116b654a-7c26-4e92-9cee-8243dca46e63", "tenant_id": "acd4c70216b4413a860334b3904e8976", "dns_nameservers": [], "gateway_ip": "10.100.0.1", "ipv6_ra_mode": null, "allocation_pools": [{"start": "10.100.0.2", "end": "10.100.0.14"}], "host_routes": [], "ip_version": 4, "ipv6_address_mode": null, "cidr": "10.100.0.0/28", "id": "ff443305-0944-4dbe-a2f6-97727e25d6ee", "subnetpool_id": null}}
2016-02-24 19:28:31,805 850 INFO     [tempest_lib.common.rest_client] Request (TestGettingAddress:test_dhcp6_stateless_from_os): 201 POST http://10.4.1.3:9696/v2.0/routers 0.246s
2016-02-24 19:28:31,805 850 DEBUG    [tempest_lib.common.rest_client] Request - Headers: {'Content-Type': 'application/json', 'Accept': 'application/json', 'X-Auth-Token': '&lt;omitted&gt;'}
        Body: {"router": {"tenant_id": "acd4c70216b4413a860334b3904e8976", "name": "tempest-router-smoke-1145348130", "admin_state_up": true}}
    Response - Headers: {'status': '201', 'content-length': '239', 'connection': 'close', 'date': 'Wed, 24 Feb 2016 19:28:31 GMT', 'content-type': 'application/json; charset=UTF-8', 'x-openstack-request-id': 'req-0f7ba342-be64-489b-8a24-b4f55f33e46e'}
        Body: {"router": {"status": "ACTIVE", "external_gateway_info": null, "name": "tempest-router-smoke-1145348130", "admin_state_up": true, "tenant_id": "acd4c70216b4413a860334b3904e8976", "routes": [], "id": "eecdc8f9-b96a-4aa0-8665-8f6261ac8e24"}}
2016-02-24 19:28:32,074 850 INFO     [tempest_lib.common.rest_client] Request (TestGettingAddress:test_dhcp6_stateless_from_os): 200 GET http://10.4.1.3:9696/v2.0/routers/eecdc8f9-b96a-4aa0-8665-8f6261ac8e24 0.268s
2016-02-24 19:28:32,074 850 DEBUG    [tempest_lib.common.rest_client] Request - Headers: {'Content-Type': 'application/json', 'Accept': 'application/json', 'X-Auth-Token': '&lt;omitted&gt;'}
        Body: None
    Response - Headers: {'status': '200', 'content-length': '239', 'content-location': 'http://10.4.1.3:9696/v2.0/routers/eecdc8f9-b96a-4aa0-8665-8f6261ac8e24', 'connection': 'close', 'date': 'Wed, 24 Feb 2016 19:28:32 GMT', 'content-type': 'application/json; charset=UTF-8', 'x-openstack-request-id': 'req-09d6a52d-97ed-4215-b0e1-604e7c58eeb7'}
        Body: {"router": {"status": "ACTIVE", "external_gateway_info": null, "name": "tempest-router-smoke-1145348130", "admin_state_up": true, "tenant_id": "acd4c70216b4413a860334b3904e8976", "routes": [], "id": "eecdc8f9-b96a-4aa0-8665-8f6261ac8e24"}}
2016-02-24 19:28:32,925 850 INFO     [tempest_lib.common.rest_client] Request (TestGettingAddress:test_dhcp6_stateless_from_os): 200 PUT http://10.4.1.3:9696/v2.0/routers/eecdc8f9-b96a-4aa0-8665-8f6261ac8e24 0.850s
2016-02-24 19:28:32,926 850 DEBUG    [tempest_lib.common.rest_client] Request - Headers: {'Content-Type': 'application/json', 'Accept': 'application/json', 'X-Auth-Token': '&lt;omitted&gt;'}
        Body: {"router": {"external_gateway_info": {"network_id": "646bb77f-7e08-4e69-bde3-7384a47d2293"}, "name": "tempest-router-smoke-1145348130", "admin_state_up": true}}
    Response - Headers: {'status': '200', 'content-length': '501', 'connection': 'close', 'date': 'Wed, 24 Feb 2016 19:28:32 GMT', 'content-type': 'application/json; charset=UTF-8', 'x-openstack-request-id': 'req-9cf22398-640d-4be4-9874-86579d4dee75'}
        Body: {"router": {"status": "ACTIVE", "external_gateway_info": {"network_id": "646bb77f-7e08-4e69-bde3-7384a47d2293", "enable_snat": true, "external_fixed_ips": [{"subnet_id": "d19f07c2-c95c-4013-b24e-4d6f67c10497", "ip_address": "172.24.4.3"}, {"subnet_id": "a6f66e72-3645-492a-a6c8-1c38c77a4c03", "ip_address": "2001:db8::4"}]}, "name": "tempest-router-smoke-1145348130", "admin_state_up": true, "tenant_id": "acd4c70216b4413a860334b3904e8976", "routes": [], "id": "eecdc8f9-b96a-4aa0-8665-8f6261ac8e24"}}
2016-02-24 19:28:33,745 850 INFO     [tempest_lib.common.rest_client] Request (TestGettingAddress:test_dhcp6_stateless_from_os): 200 PUT http://10.4.1.3:9696/v2.0/routers/eecdc8f9-b96a-4aa0-8665-8f6261ac8e24/add_router_interface 0.818s
2016-02-24 19:28:33,745 850 DEBUG    [tempest_lib.common.rest_client] Request - Headers: {'Content-Type': 'application/json', 'Accept': 'application/json', 'X-Auth-Token': '&lt;omitted&gt;'}
        Body: {"subnet_id": "ff443305-0944-4dbe-a2f6-97727e25d6ee"}
    Response - Headers: {'status': '200', 'content-length': '309', 'connection': 'close', 'date': 'Wed, 24 Feb 2016 19:28:33 GMT', 'content-type': 'application/json; charset=UTF-8', 'x-openstack-request-id': 'req-4c153575-f9c1-464c-b931-92bdfbc8e1d0'}
        Body: {"network_id": "116b654a-7c26-4e92-9cee-8243dca46e63", "tenant_id": "acd4c70216b4413a860334b3904e8976", "subnet_id": "ff443305-0944-4dbe-a2f6-97727e25d6ee", "subnet_ids": ["ff443305-0944-4dbe-a2f6-97727e25d6ee"], "port_id": "c0abac49-9422-4f28-aaca-3d4e5ebd5181", "id": "eecdc8f9-b96a-4aa0-8665-8f6261ac8e24"}
2016-02-24 19:28:34,030 850 INFO     [tempest_lib.common.rest_client] Request (TestGettingAddress:test_dhcp6_stateless_from_os): 200 GET http://10.4.1.3:9696/v2.0/subnets?tenant_id=acd4c70216b4413a860334b3904e8976&amp;cidr=2003%3A%3A%2F64 0.283s
2016-02-24 19:28:34,031 850 DEBUG    [tempest_lib.common.rest_client] Request - Headers: {'Content-Type': 'application/json', 'Accept': 'application/json', 'X-Auth-Token': '&lt;omitted&gt;'}
        Body: None
    Response - Headers: {'status': '200', 'content-length': '15', 'content-location': 'http://10.4.1.3:9696/v2.0/subnets?tenant_id=acd4c70216b4413a860334b3904e8976&amp;cidr=2003%3A%3A%2F64', 'connection': 'close', 'date': 'Wed, 24 Feb 2016 19:28:34 GMT', 'content-type': 'application/json; charset=UTF-8', 'x-openstack-request-id': 'req-895aca3b-6b53-437a-a405-711b20b69ea0'}
        Body: {"subnets": []}
2016-02-24 19:28:35,252 850 INFO     [tempest_lib.common.rest_client] Request (TestGettingAddress:test_dhcp6_stateless_from_os): 201 POST http://10.4.1.3:9696/v2.0/subnets 1.219s
2016-02-24 19:28:35,253 850 DEBUG    [tempest_lib.common.rest_client] Request - Headers: {'Content-Type': 'application/json', 'Accept': 'application/json', 'X-Auth-Token': '&lt;omitted&gt;'}
        Body: {"subnet": {"name": "tempest-sub6-2010712317", "network_id": "116b654a-7c26-4e92-9cee-8243dca46e63", "tenant_id": "acd4c70216b4413a860334b3904e8976", "ipv6_ra_mode": "dhcpv6-stateless", "ip_version": 6, "ipv6_address_mode": "dhcpv6-stateless", "cidr": "2003::/64"}}
    Response - Headers: {'status': '201', 'content-length': '502', 'connection': 'close', 'date': 'Wed, 24 Feb 2016 19:28:35 GMT', 'content-type': 'application/json; charset=UTF-8', 'x-openstack-request-id': 'req-21c95587-05d3-4922-b349-5f0a8cb8fb41'}
        Body: {"subnet": {"name": "tempest-sub6-2010712317", "enable_dhcp": true, "network_id": "116b654a-7c26-4e92-9cee-8243dca46e63", "tenant_id": "acd4c70216b4413a860334b3904e8976", "dns_nameservers": [], "gateway_ip": "2003::1", "ipv6_ra_mode": "dhcpv6-stateless", "allocation_pools": [{"start": "2003::2", "end": "2003::ffff:ffff:ffff:ffff"}], "host_routes": [], "ip_version": 6, "ipv6_address_mode": "dhcpv6-stateless", "cidr": "2003::/64", "id": "1c36c9c9-05d8-4ec1-bd9d-d0a0885fd078", "subnetpool_id": null}}
2016-02-24 19:28:36,161 850 INFO     [tempest_lib.common.rest_client] Request (TestGettingAddress:test_dhcp6_stateless_from_os): 200 PUT http://10.4.1.3:9696/v2.0/routers/eecdc8f9-b96a-4aa0-8665-8f6261ac8e24/add_router_interface 0.906s
2016-02-24 19:28:36,161 850 DEBUG    [tempest_lib.common.rest_client] Request - Headers: {'Content-Type': 'application/json', 'Accept': 'application/json', 'X-Auth-Token': '&lt;omitted&gt;'}
        Body: {"subnet_id": "1c36c9c9-05d8-4ec1-bd9d-d0a0885fd078"}
    Response - Headers: {'status': '200', 'content-length': '309', 'connection': 'close', 'date': 'Wed, 24 Feb 2016 19:28:36 GMT', 'content-type': 'application/json; charset=UTF-8', 'x-openstack-request-id': 'req-539e6d71-19ef-43cf-a53e-32a918da19fa'}
        Body: {"network_id": "116b654a-7c26-4e92-9cee-8243dca46e63", "tenant_id": "acd4c70216b4413a860334b3904e8976", "subnet_id": "1c36c9c9-05d8-4ec1-bd9d-d0a0885fd078", "subnet_ids": ["1c36c9c9-05d8-4ec1-bd9d-d0a0885fd078"], "port_id": "b2020b96-aa16-4ea6-a740-fdb898a8fac5", "id": "eecdc8f9-b96a-4aa0-8665-8f6261ac8e24"}
2016-02-24 19:28:36,359 850 INFO     [tempest_lib.common.rest_client] Request (TestGettingAddress:test_dhcp6_stateless_from_os): 200 POST http://10.4.1.3:5000/v2.0/tokens
2016-02-24 19:28:36,360 850 DEBUG    [tempest_lib.common.rest_client] Request - Headers: {'Content-Type': 'application/json', 'Accept': 'application/json'}
        Body: &lt;omitted&gt;
    Response - Headers: {'status': '200', 'content-length': '2254', 'vary': 'X-Auth-Token', 'server': 'Apache/2.4.7 (Ubuntu)', 'connection': 'close', 'date': 'Wed, 24 Feb 2016 19:28:36 GMT', 'content-type': 'application/json', 'x-openstack-request-id': 'req-a8b5de02-edc3-4645-8bda-32e04384f8b1'}
        Body: {"access": {"token": {"issued_at": "2016-02-24T19:28:36.347611", "expires": "2016-02-24T20:28:36Z", "id": "afd57c7f88884d1a9584bb4f110b01db", "tenant": {"description": "tempest-TestGettingAddress-1891972642-desc", "enabled": true, "id": "acd4c70216b4413a860334b3904e8976", "name": "tempest-TestGettingAddress-1891972642"}, "audit_ids": ["TiBDwBK8SGy1U9hBhoDt-w"]}, "serviceCatalog": [{"endpoints": [{"adminURL": "http://10.4.1.3:9292", "region": "RegionOne", "internalURL": "http://10.4.1.3:9292", "id": "57134e66126d42f2b75bc3843cef16cd", "publicURL": "http://10.4.1.3:9292"}], "endpoints_links": [], "type": "image", "name": "glance"}, {"endpoints": [{"adminURL": "http://10.4.1.3:8774/v2.1/acd4c70216b4413a860334b3904e8976", "region": "RegionOne", "internalURL": "http://10.4.1.3:8774/v2.1/acd4c70216b4413a860334b3904e8976", "id": "3550328fa28649e9af3ba37c5d082e62", "publicURL": "http://10.4.1.3:8774/v2.1/acd4c70216b4413a860334b3904e8976"}], "endpoints_links": [], "type": "compute", "name": "nova"}, {"endpoints": [{"adminURL": "http://10.4.1.3:8774/v2/acd4c70216b4413a860334b3904e8976", "region": "RegionOne", "internalURL": "http://10.4.1.3:8774/v2/acd4c70216b4413a860334b3904e8976", "id": "07ba2efb3c634456a8e31ee412502b4d", "publicURL": "http://10.4.1.3:8774/v2/acd4c70216b4413a860334b3904e8976"}], "endpoints_links": [], "type": "compute_legacy", "name": "nova_legacy"}, {"endpoints": [{"adminURL": "http://10.4.1.3:35357/v2.0", "region": "RegionOne", "internalURL": "http://10.4.1.3:5000/v2.0", "id": "0c0d807f2bcc4428854f2ce59ebbbd19", "publicURL": "http://10.4.1.3:5000/v2.0"}], "endpoints_links": [], "type": "identity", "name": "keystone"}, {"endpoints": [{"adminURL": "http://10.4.1.3:9696/", "region": "RegionOne", "internalURL": "http://10.4.1.3:9696/", "id": "6b63428cbc3f4ee1a717327d2e7b916a", "publicURL": "http://10.4.1.3:9696/"}], "endpoints_links": [], "type": "network", "name": "neutron"}], "user": {"username": "tempest-TestGettingAddress-866550079", "roles_links": [], "id": "e61c44b044ae4cc0ab4a364ea02174e2", "roles": [{"name": "_member_"}, {"name": "Member"}], "name": "tempest-TestGettingAddress-866550079"}, "metadata": {"is_admin": 0, "roles": ["9fe2ff9ee4384b1894a90878d3e92bab", "be3e0332bede4d24970067d4f45b115e"]}}}
2016-02-24 19:28:36,365 850 DEBUG    [tempest.common.fixed_network] (TestGettingAddress:test_dhcp6_stateless_from_os) No valid network provided or created, defaulting to fixed_network_name
2016-02-24 19:28:36,914 850 INFO     [tempest_lib.common.rest_client] Request (TestGettingAddress:test_dhcp6_stateless_from_os): 200 GET http://10.4.1.3:8774/v2.1/acd4c70216b4413a860334b3904e8976/os-networks 0.547s
2016-02-24 19:28:36,914 850 DEBUG    [tempest_lib.common.rest_client] Request - Headers: {'Content-Type': 'application/json', 'Accept': 'application/json', 'X-Auth-Token': '&lt;omitted&gt;'}
        Body: None
    Response - Headers: {'status': '200', 'content-length': '479', 'content-location': 'http://10.4.1.3:8774/v2.1/acd4c70216b4413a860334b3904e8976/os-networks', 'x-compute-request-id': 'req-e8a94a7b-28f5-4010-9934-d3cdb42e3cf0', 'vary': 'X-OpenStack-Nova-API-Version', 'connection': 'close', 'x-openstack-nova-api-version': '2.1', 'date': 'Wed, 24 Feb 2016 19:28:36 GMT', 'content-type': 'application/json'}
        Body: {"networks": [{"cidr_v6": null, "dns2": null, "dns1": null, "gateway": null, "broadcast": null, "netmask": null, "gateway_v6": null, "cidr": null, "label": "public", "id": "646bb77f-7e08-4e69-bde3-7384a47d2293", "netmask_v6": null}, {"cidr_v6": null, "dns2": null, "dns1": null, "gateway": null, "broadcast": null, "netmask": null, "gateway_v6": null, "cidr": null, "label": "tempest-network-smoke--1642067966", "id": "116b654a-7c26-4e92-9cee-8243dca46e63", "netmask_v6": null}]}
2016-02-24 19:28:36,915 850 WARNING  [tempest.common.fixed_network] (TestGettingAddress:test_dhcp6_stateless_from_os) Network with name: private not found
2016-02-24 19:28:36,915 850 INFO     [tempest.common.fixed_network] (TestGettingAddress:test_dhcp6_stateless_from_os) Found network {} available for tenant
2016-02-24 19:28:40,470 850 INFO     [tempest_lib.common.rest_client] Request (TestGettingAddress:test_dhcp6_stateless_from_os): 202 POST http://10.4.1.3:8774/v2.1/acd4c70216b4413a860334b3904e8976/servers 3.554s
2016-02-24 19:28:40,471 850 DEBUG    [tempest_lib.common.rest_client] Request - Headers: {'Content-Type': 'application/json', 'Accept': 'application/json', 'X-Auth-Token': '&lt;omitted&gt;'}
        Body: {"server": {"name": "tempest.common.compute-instance-1681380589", "imageRef": "724cfa32-980c-4382-a33c-546d3461c617", "key_name": "tempest-TestGettingAddress-411748517", "flavorRef": "42", "networks": [{"uuid": "116b654a-7c26-4e92-9cee-8243dca46e63"}], "security_groups": [{"name": "tempest-secgroup-smoke-830925570"}]}}
    Response - Headers: {'status': '202', 'content-length': '459', 'x-compute-request-id': 'req-fb7d2e33-de18-4101-99ce-effbcb87a2f2', 'vary': 'X-OpenStack-Nova-API-Version', 'connection': 'close', 'location': 'http://10.4.1.3:8774/v2.1/acd4c70216b4413a860334b3904e8976/servers/5fbeab9b-dc76-4406-976b-ed50eba73c73', 'x-openstack-nova-api-version': '2.1', 'date': 'Wed, 24 Feb 2016 19:28:40 GMT', 'content-type': 'application/json'}
        Body: {"server": {"security_groups": [{"name": "tempest-secgroup-smoke-830925570"}], "OS-DCF:diskConfig": "MANUAL", "id": "5fbeab9b-dc76-4406-976b-ed50eba73c73", "links": [{"href": "http://10.4.1.3:8774/v2.1/acd4c70216b4413a860334b3904e8976/servers/5fbeab9b-dc76-4406-976b-ed50eba73c73", "rel": "self"}, {"href": "http://10.4.1.3:8774/acd4c70216b4413a860334b3904e8976/servers/5fbeab9b-dc76-4406-976b-ed50eba73c73", "rel": "bookmark"}], "adminPass": "j4xCQUJB8Xsr"}}
2016-02-24 19:28:40,967 850 INFO     [tempest_lib.common.rest_client] Request (TestGettingAddress:test_dhcp6_stateless_from_os): 200 GET http://10.4.1.3:8774/v2.1/acd4c70216b4413a860334b3904e8976/servers/5fbeab9b-dc76-4406-976b-ed50eba73c73 0.491s
2016-02-24 19:28:40,967 850 DEBUG    [tempest_lib.common.rest_client] Request - Headers: {'Content-Type': 'application/json', 'Accept': 'application/json', 'X-Auth-Token': '&lt;omitted&gt;'}
        Body: None
    Response - Headers: {'status': '200', 'content-length': '1350', 'content-location': 'http://10.4.1.3:8774/v2.1/acd4c70216b4413a860334b3904e8976/servers/5fbeab9b-dc76-4406-976b-ed50eba73c73', 'x-compute-request-id': 'req-73f0185c-2ff3-43b4-a56a-b49705312053', 'vary': 'X-OpenStack-Nova-API-Version', 'connection': 'close', 'x-openstack-nova-api-version': '2.1', 'date': 'Wed, 24 Feb 2016 19:28:40 GMT', 'content-type': 'application/json'}
        Body: {"server": {"status": "BUILD", "updated": "2016-02-24T19:28:40Z", "hostId": "", "addresses": {}, "links": [{"href": "http://10.4.1.3:8774/v2.1/acd4c70216b4413a860334b3904e8976/servers/5fbeab9b-dc76-4406-976b-ed50eba73c73", "rel": "self"}, {"href": "http://10.4.1.3:8774/acd4c70216b4413a860334b3904e8976/servers/5fbeab9b-dc76-4406-976b-ed50eba73c73", "rel": "bookmark"}], "key_name": "tempest-TestGettingAddress-411748517", "image": {"id": "724cfa32-980c-4382-a33c-546d3461c617", "links": [{"href": "http://10.4.1.3:8774/acd4c70216b4413a860334b3904e8976/images/724cfa32-980c-4382-a33c-546d3461c617", "rel": "bookmark"}]}, "OS-EXT-STS:task_state": "scheduling", "OS-EXT-STS:vm_state": "building", "OS-SRV-USG:launched_at": null, "flavor": {"id": "42", "links": [{"href": "http://10.4.1.3:8774/acd4c70216b4413a860334b3904e8976/flavors/42", "rel": "bookmark"}]}, "id": "5fbeab9b-dc76-4406-976b-ed50eba73c73", "OS-SRV-USG:terminated_at": null, "OS-EXT-AZ:availability_zone": "", "user_id": "e61c44b044ae4cc0ab4a364ea02174e2", "name": "tempest.common.compute-instance-1681380589", "created": "2016-02-24T19:28:40Z", "tenant_id": "acd4c70216b4413a860334b3904e8976", "OS-DCF:diskConfig": "MANUAL", "os-extended-volumes:volumes_attached": [], "accessIPv4": "", "accessIPv6": "", "progress": 0, "OS-EXT-STS:power_state": 0, "config_drive": "", "metadata": {}}}
2016-02-24 19:28:42,584 850 INFO     [tempest_lib.common.rest_client] Request (TestGettingAddress:test_dhcp6_stateless_from_os): 200 GET http://10.4.1.3:8774/v2.1/acd4c70216b4413a860334b3904e8976/servers/5fbeab9b-dc76-4406-976b-ed50eba73c73 0.606s
2016-02-24 19:28:42,584 850 DEBUG    [tempest_lib.common.rest_client] Request - Headers: {'Content-Type': 'application/json', 'Accept': 'application/json', 'X-Auth-Token': '&lt;omitted&gt;'}
        Body: None
    Response - Headers: {'status': '200', 'content-length': '1408', 'content-location': 'http://10.4.1.3:8774/v2.1/acd4c70216b4413a860334b3904e8976/servers/5fbeab9b-dc76-4406-976b-ed50eba73c73', 'x-compute-request-id': 'req-c2e093cd-54ac-4822-86ae-4be8538d52f4', 'vary': 'X-OpenStack-Nova-API-Version', 'connection': 'close', 'x-openstack-nova-api-version': '2.1', 'date': 'Wed, 24 Feb 2016 19:28:42 GMT', 'content-type': 'application/json'}
        Body: {"server": {"status": "BUILD", "updated": "2016-02-24T19:28:41Z", "hostId": "803bb966bb6375ade9e09a44f73ed9301b9e9437542e9c1efefec9d3", "addresses": {}, "links": [{"href": "http://10.4.1.3:8774/v2.1/acd4c70216b4413a860334b3904e8976/servers/5fbeab9b-dc76-4406-976b-ed50eba73c73", "rel": "self"}, {"href": "http://10.4.1.3:8774/acd4c70216b4413a860334b3904e8976/servers/5fbeab9b-dc76-4406-976b-ed50eba73c73", "rel": "bookmark"}], "key_name": "tempest-TestGettingAddress-411748517", "image": {"id": "724cfa32-980c-4382-a33c-546d3461c617", "links": [{"href": "http://10.4.1.3:8774/acd4c70216b4413a860334b3904e8976/images/724cfa32-980c-4382-a33c-546d3461c617", "rel": "bookmark"}]}, "OS-EXT-STS:task_state": "spawning", "OS-EXT-STS:vm_state": "building", "OS-SRV-USG:launched_at": null, "flavor": {"id": "42", "links": [{"href": "http://10.4.1.3:8774/acd4c70216b4413a860334b3904e8976/flavors/42", "rel": "bookmark"}]}, "id": "5fbeab9b-dc76-4406-976b-ed50eba73c73", "OS-SRV-USG:terminated_at": null, "OS-EXT-AZ:availability_zone": "nova", "user_id": "e61c44b044ae4cc0ab4a364ea02174e2", "name": "tempest.common.compute-instance-1681380589", "created": "2016-02-24T19:28:40Z", "tenant_id": "acd4c70216b4413a860334b3904e8976", "OS-DCF:diskConfig": "MANUAL", "os-extended-volumes:volumes_attached": [], "accessIPv4": "", "accessIPv6": "", "progress": 0, "OS-EXT-STS:power_state": 0, "config_drive": "", "metadata": {}}}
2016-02-24 19:28:42,601 850 INFO     [tempest.common.waiters] State transition "BUILD/scheduling" ==&gt; "BUILD/spawning" after 2 second wait
2016-02-24 19:28:44,496 850 INFO     [tempest_lib.common.rest_client] Request (TestGettingAddress:test_dhcp6_stateless_from_os): 200 GET http://10.4.1.3:8774/v2.1/acd4c70216b4413a860334b3904e8976/servers/5fbeab9b-dc76-4406-976b-ed50eba73c73 0.893s
2016-02-24 19:28:44,497 850 DEBUG    [tempest_lib.common.rest_client] Request - Headers: {'Content-Type': 'application/json', 'Accept': 'application/json', 'X-Auth-Token': '&lt;omitted&gt;'}
        Body: None
    Response - Headers: {'status': '200', 'content-length': '1475', 'content-location': 'http://10.4.1.3:8774/v2.1/acd4c70216b4413a860334b3904e8976/servers/5fbeab9b-dc76-4406-976b-ed50eba73c73', 'x-compute-request-id': 'req-289e7629-0848-498e-9898-a2702f03d4c1', 'vary': 'X-OpenStack-Nova-API-Version', 'connection': 'close', 'x-openstack-nova-api-version': '2.1', 'date': 'Wed, 24 Feb 2016 19:28:44 GMT', 'content-type': 'application/json'}
        Body: {"server": {"status": "BUILD", "updated": "2016-02-24T19:28:41Z", "hostId": "803bb966bb6375ade9e09a44f73ed9301b9e9437542e9c1efefec9d3", "addresses": {}, "links": [{"href": "http://10.4.1.3:8774/v2.1/acd4c70216b4413a860334b3904e8976/servers/5fbeab9b-dc76-4406-976b-ed50eba73c73", "rel": "self"}, {"href": "http://10.4.1.3:8774/acd4c70216b4413a860334b3904e8976/servers/5fbeab9b-dc76-4406-976b-ed50eba73c73", "rel": "bookmark"}], "key_name": "tempest-TestGettingAddress-411748517", "image": {"id": "724cfa32-980c-4382-a33c-546d3461c617", "links": [{"href": "http://10.4.1.3:8774/acd4c70216b4413a860334b3904e8976/images/724cfa32-980c-4382-a33c-546d3461c617", "rel": "bookmark"}]}, "OS-EXT-STS:task_state": "spawning", "OS-EXT-STS:vm_state": "building", "OS-SRV-USG:launched_at": null, "flavor": {"id": "42", "links": [{"href": "http://10.4.1.3:8774/acd4c70216b4413a860334b3904e8976/flavors/42", "rel": "bookmark"}]}, "id": "5fbeab9b-dc76-4406-976b-ed50eba73c73", "security_groups": [{"name": "tempest-secgroup-smoke-830925570"}], "OS-SRV-USG:terminated_at": null, "OS-EXT-AZ:availability_zone": "nova", "user_id": "e61c44b044ae4cc0ab4a364ea02174e2", "name": "tempest.common.compute-instance-1681380589", "created": "2016-02-24T19:28:40Z", "tenant_id": "acd4c70216b4413a860334b3904e8976", "OS-DCF:diskConfig": "MANUAL", "os-extended-volumes:volumes_attached": [], "accessIPv4": "", "accessIPv6": "", "progress": 0, "OS-EXT-STS:power_state": 0, "config_drive": "", "metadata": {}}}
2016-02-24 19:28:46,246 850 INFO     [tempest_lib.common.rest_client] Request (TestGettingAddress:test_dhcp6_stateless_from_os): 200 GET http://10.4.1.3:8774/v2.1/acd4c70216b4413a860334b3904e8976/servers/5fbeab9b-dc76-4406-976b-ed50eba73c73 0.734s
2016-02-24 19:28:46,247 850 DEBUG    [tempest_lib.common.rest_client] Request - Headers: {'Content-Type': 'application/json', 'Accept': 'application/json', 'X-Auth-Token': '&lt;omitted&gt;'}
        Body: None
    Response - Headers: {'status': '200', 'content-length': '1475', 'content-location': 'http://10.4.1.3:8774/v2.1/acd4c70216b4413a860334b3904e8976/servers/5fbeab9b-dc76-4406-976b-ed50eba73c73', 'x-compute-request-id': 'req-89990051-6b8f-46c4-933c-9d9083893378', 'vary': 'X-OpenStack-Nova-API-Version', 'connection': 'close', 'x-openstack-nova-api-version': '2.1', 'date': 'Wed, 24 Feb 2016 19:28:46 GMT', 'content-type': 'application/json'}
        Body: {"server": {"status": "BUILD", "updated": "2016-02-24T19:28:41Z", "hostId": "803bb966bb6375ade9e09a44f73ed9301b9e9437542e9c1efefec9d3", "addresses": {}, "links": [{"href": "http://10.4.1.3:8774/v2.1/acd4c70216b4413a860334b3904e8976/servers/5fbeab9b-dc76-4406-976b-ed50eba73c73", "rel": "self"}, {"href": "http://10.4.1.3:8774/acd4c70216b4413a860334b3904e8976/servers/5fbeab9b-dc76-4406-976b-ed50eba73c73", "rel": "bookmark"}], "key_name": "tempest-TestGettingAddress-411748517", "image": {"id": "724cfa32-980c-4382-a33c-546d3461c617", "links": [{"href": "http://10.4.1.3:8774/acd4c70216b4413a860334b3904e8976/images/724cfa32-980c-4382-a33c-546d3461c617", "rel": "bookmark"}]}, "OS-EXT-STS:task_state": "spawning", "OS-EXT-STS:vm_state": "building", "OS-SRV-USG:launched_at": null, "flavor": {"id": "42", "links": [{"href": "http://10.4.1.3:8774/acd4c70216b4413a860334b3904e8976/flavors/42", "rel": "bookmark"}]}, "id": "5fbeab9b-dc76-4406-976b-ed50eba73c73", "security_groups": [{"name": "tempest-secgroup-smoke-830925570"}], "OS-SRV-USG:terminated_at": null, "OS-EXT-AZ:availability_zone": "nova", "user_id": "e61c44b044ae4cc0ab4a364ea02174e2", "name": "tempest.common.compute-instance-1681380589", "created": "2016-02-24T19:28:40Z", "tenant_id": "acd4c70216b4413a860334b3904e8976", "OS-DCF:diskConfig": "MANUAL", "os-extended-volumes:volumes_attached": [], "accessIPv4": "", "accessIPv6": "", "progress": 0, "OS-EXT-STS:power_state": 0, "config_drive": "", "metadata": {}}}
2016-02-24 19:28:48,017 850 INFO     [tempest_lib.common.rest_client] Request (TestGettingAddress:test_dhcp6_stateless_from_os): 200 GET http://10.4.1.3:8774/v2.1/acd4c70216b4413a860334b3904e8976/servers/5fbeab9b-dc76-4406-976b-ed50eba73c73 0.759s
2016-02-24 19:28:48,017 850 DEBUG    [tempest_lib.common.rest_client] Request - Headers: {'Content-Type': 'application/json', 'Accept': 'application/json', 'X-Auth-Token': '&lt;omitted&gt;'}
        Body: None
    Response - Headers: {'status': '200', 'content-length': '1776', 'content-location': 'http://10.4.1.3:8774/v2.1/acd4c70216b4413a860334b3904e8976/servers/5fbeab9b-dc76-4406-976b-ed50eba73c73', 'x-compute-request-id': 'req-6308b21b-b93b-46d0-bb89-2f04fab87658', 'vary': 'X-OpenStack-Nova-API-Version', 'connection': 'close', 'x-openstack-nova-api-version': '2.1', 'date': 'Wed, 24 Feb 2016 19:28:48 GMT', 'content-type': 'application/json'}
        Body: {"server": {"status": "ACTIVE", "updated": "2016-02-24T19:28:46Z", "hostId": "803bb966bb6375ade9e09a44f73ed9301b9e9437542e9c1efefec9d3", "addresses": {"tempest-network-smoke--1642067966": [{"OS-EXT-IPS-MAC:mac_addr": "fa:16:3e:0b:43:94", "version": 6, "addr": "2003::f816:3eff:fe0b:4394", "OS-EXT-IPS:type": "fixed"}, {"OS-EXT-IPS-MAC:mac_addr": "fa:16:3e:0b:43:94", "version": 4, "addr": "10.100.0.3", "OS-EXT-IPS:type": "fixed"}]}, "links": [{"href": "http://10.4.1.3:8774/v2.1/acd4c70216b4413a860334b3904e8976/servers/5fbeab9b-dc76-4406-976b-ed50eba73c73", "rel": "self"}, {"href": "http://10.4.1.3:8774/acd4c70216b4413a860334b3904e8976/servers/5fbeab9b-dc76-4406-976b-ed50eba73c73", "rel": "bookmark"}], "key_name": "tempest-TestGettingAddress-411748517", "image": {"id": "724cfa32-980c-4382-a33c-546d3461c617", "links": [{"href": "http://10.4.1.3:8774/acd4c70216b4413a860334b3904e8976/images/724cfa32-980c-4382-a33c-546d3461c617", "rel": "bookmark"}]}, "OS-EXT-STS:task_state": null, "OS-EXT-STS:vm_state": "active", "OS-SRV-USG:launched_at": "2016-02-24T19:28:46.000000", "flavor": {"id": "42", "links": [{"href": "http://10.4.1.3:8774/acd4c70216b4413a860334b3904e8976/flavors/42", "rel": "bookmark"}]}, "id": "5fbeab9b-dc76-4406-976b-ed50eba73c73", "security_groups": [{"name": "tempest-secgroup-smoke-830925570"}], "OS-SRV-USG:terminated_at": null, "OS-EXT-AZ:availability_zone": "nova", "user_id": "e61c44b044ae4cc0ab4a364ea02174e2", "name": "tempest.common.compute-instance-1681380589", "created": "2016-02-24T19:28:40Z", "tenant_id": "acd4c70216b4413a860334b3904e8976", "OS-DCF:diskConfig": "MANUAL", "os-extended-volumes:volumes_attached": [], "accessIPv4": "", "accessIPv6": "", "progress": 0, "OS-EXT-STS:power_state": 1, "config_drive": "True", "metadata": {}}}
2016-02-24 19:28:48,026 850 INFO     [tempest.common.waiters] State transition "BUILD/spawning" ==&gt; "ACTIVE/None" after 8 second wait
2016-02-24 19:28:48,703 850 INFO     [tempest_lib.common.rest_client] Request (TestGettingAddress:test_dhcp6_stateless_from_os): 200 GET http://10.4.1.3:8774/v2.1/acd4c70216b4413a860334b3904e8976/servers/5fbeab9b-dc76-4406-976b-ed50eba73c73 0.676s
2016-02-24 19:28:48,704 850 DEBUG    [tempest_lib.common.rest_client] Request - Headers: {'Content-Type': 'application/json', 'Accept': 'application/json', 'X-Auth-Token': '&lt;omitted&gt;'}
        Body: None
    Response - Headers: {'status': '200', 'content-length': '1776', 'content-location': 'http://10.4.1.3:8774/v2.1/acd4c70216b4413a860334b3904e8976/servers/5fbeab9b-dc76-4406-976b-ed50eba73c73', 'x-compute-request-id': 'req-d0e2799b-4431-41e6-b3df-b68ee0245445', 'vary': 'X-OpenStack-Nova-API-Version', 'connection': 'close', 'x-openstack-nova-api-version': '2.1', 'date': 'Wed, 24 Feb 2016 19:28:48 GMT', 'content-type': 'application/json'}
        Body: {"server": {"status": "ACTIVE", "updated": "2016-02-24T19:28:46Z", "hostId": "803bb966bb6375ade9e09a44f73ed9301b9e9437542e9c1efefec9d3", "addresses": {"tempest-network-smoke--1642067966": [{"OS-EXT-IPS-MAC:mac_addr": "fa:16:3e:0b:43:94", "version": 6, "addr": "2003::f816:3eff:fe0b:4394", "OS-EXT-IPS:type": "fixed"}, {"OS-EXT-IPS-MAC:mac_addr": "fa:16:3e:0b:43:94", "version": 4, "addr": "10.100.0.3", "OS-EXT-IPS:type": "fixed"}]}, "links": [{"href": "http://10.4.1.3:8774/v2.1/acd4c70216b4413a860334b3904e8976/servers/5fbeab9b-dc76-4406-976b-ed50eba73c73", "rel": "self"}, {"href": "http://10.4.1.3:8774/acd4c70216b4413a860334b3904e8976/servers/5fbeab9b-dc76-4406-976b-ed50eba73c73", "rel": "bookmark"}], "key_name": "tempest-TestGettingAddress-411748517", "image": {"id": "724cfa32-980c-4382-a33c-546d3461c617", "links": [{"href": "http://10.4.1.3:8774/acd4c70216b4413a860334b3904e8976/images/724cfa32-980c-4382-a33c-546d3461c617", "rel": "bookmark"}]}, "OS-EXT-STS:task_state": null, "OS-EXT-STS:vm_state": "active", "OS-SRV-USG:launched_at": "2016-02-24T19:28:46.000000", "flavor": {"id": "42", "links": [{"href": "http://10.4.1.3:8774/acd4c70216b4413a860334b3904e8976/flavors/42", "rel": "bookmark"}]}, "id": "5fbeab9b-dc76-4406-976b-ed50eba73c73", "security_groups": [{"name": "tempest-secgroup-smoke-830925570"}], "OS-SRV-USG:terminated_at": null, "OS-EXT-AZ:availability_zone": "nova", "user_id": "e61c44b044ae4cc0ab4a364ea02174e2", "name": "tempest.common.compute-instance-1681380589", "created": "2016-02-24T19:28:40Z", "tenant_id": "acd4c70216b4413a860334b3904e8976", "OS-DCF:diskConfig": "MANUAL", "os-extended-volumes:volumes_attached": [], "accessIPv4": "", "accessIPv6": "", "progress": 0, "OS-EXT-STS:power_state": 1, "config_drive": "True", "metadata": {}}}
2016-02-24 19:28:48,920 850 INFO     [tempest_lib.common.rest_client] Request (TestGettingAddress:test_dhcp6_stateless_from_os): 200 GET http://10.4.1.3:9696/v2.0/ports?fixed_ip=None&amp;device_id=5fbeab9b-dc76-4406-976b-ed50eba73c73 0.207s
2016-02-24 19:28:48,920 850 DEBUG    [tempest_lib.common.rest_client] Request - Headers: {'Content-Type': 'application/json', 'Accept': 'application/json', 'X-Auth-Token': '&lt;omitted&gt;'}
        Body: None
    Response - Headers: {'status': '200', 'content-length': '853', 'content-location': 'http://10.4.1.3:9696/v2.0/ports?fixed_ip=None&amp;device_id=5fbeab9b-dc76-4406-976b-ed50eba73c73', 'connection': 'close', 'date': 'Wed, 24 Feb 2016 19:28:48 GMT', 'content-type': 'application/json; charset=UTF-8', 'x-openstack-request-id': 'req-3b4b3b25-59b9-4ca0-b63a-65a0f77a26d4'}
        Body: {"ports": [{"status": "ACTIVE", "binding:host_id": "vagrant-ubuntu-trusty-64", "name": "", "allowed_address_pairs": [], "admin_state_up": true, "network_id": "116b654a-7c26-4e92-9cee-8243dca46e63", "tenant_id": "acd4c70216b4413a860334b3904e8976", "extra_dhcp_opts": [], "mac_address": "fa:16:3e:0b:43:94", "binding:vif_details": {"port_filter": true}, "binding:vif_type": "ovs", "device_owner": "compute:None", "binding:profile": {}, "port_security_enabled": true, "binding:vnic_type": "normal", "fixed_ips": [{"subnet_id": "ff443305-0944-4dbe-a2f6-97727e25d6ee", "ip_address": "10.100.0.3"}, {"subnet_id": "1c36c9c9-05d8-4ec1-bd9d-d0a0885fd078", "ip_address": "2003::f816:3eff:fe0b:4394"}], "id": "1c1f96c0-fec5-438b-a41d-bcb58a7d6849", "security_groups": ["18fb616b-669a-4fbd-a8b5-9f89b8079954"], "device_id": "5fbeab9b-dc76-4406-976b-ed50eba73c73"}]}
2016-02-24 19:28:49,637 850 INFO     [tempest_lib.common.rest_client] Request (TestGettingAddress:test_dhcp6_stateless_from_os): 201 POST http://10.4.1.3:9696/v2.0/floatingips 0.716s
2016-02-24 19:28:49,637 850 DEBUG    [tempest_lib.common.rest_client] Request - Headers: {'Content-Type': 'application/json', 'Accept': 'application/json', 'X-Auth-Token': '&lt;omitted&gt;'}
        Body: {"floatingip": {"floating_network_id": "646bb77f-7e08-4e69-bde3-7384a47d2293", "tenant_id": "acd4c70216b4413a860334b3904e8976", "fixed_ip_address": "10.100.0.3", "port_id": "1c1f96c0-fec5-438b-a41d-bcb58a7d6849"}}
    Response - Headers: {'status': '201', 'content-length': '369', 'connection': 'close', 'date': 'Wed, 24 Feb 2016 19:28:49 GMT', 'content-type': 'application/json; charset=UTF-8', 'x-openstack-request-id': 'req-d89afb62-2fc7-4e13-970d-df414f21af44'}
        Body: {"floatingip": {"floating_network_id": "646bb77f-7e08-4e69-bde3-7384a47d2293", "router_id": "eecdc8f9-b96a-4aa0-8665-8f6261ac8e24", "fixed_ip_address": "10.100.0.3", "floating_ip_address": "172.24.4.4", "tenant_id": "acd4c70216b4413a860334b3904e8976", "status": "ACTIVE", "port_id": "1c1f96c0-fec5-438b-a41d-bcb58a7d6849", "id": "3d32aa84-143d-4fb9-b55b-fc6aeda3abd8"}}
2016-02-24 19:28:49,638 850 INFO     [tempest_lib.common.ssh] Creating ssh connection to '172.24.4.4' as 'cirros' with public key authentication
2016-02-24 19:29:49,703 850 WARNING  [tempest_lib.common.ssh] Failed to establish authenticated ssh connection to cirros@172.24.4.4 (timed out). Number attempts: 1. Retry after 2 seconds.
2016-02-24 19:30:52,260 850 WARNING  [tempest_lib.common.ssh] Failed to establish authenticated ssh connection to cirros@172.24.4.4 (timed out). Number attempts: 2. Retry after 3 seconds.
2016-02-24 19:31:55,822 850 WARNING  [tempest_lib.common.ssh] Failed to establish authenticated ssh connection to cirros@172.24.4.4 (timed out). Number attempts: 3. Retry after 4 seconds.
2016-02-24 19:33:00,386 850 ERROR    [tempest_lib.common.ssh] Failed to establish authenticated ssh connection to cirros@172.24.4.4 after 3 attempts
2016-02-24 19:33:00.386 850 ERROR tempest_lib.common.ssh Traceback (most recent call last):
2016-02-24 19:33:00.386 850 ERROR tempest_lib.common.ssh   File "/usr/local/lib/python2.7/dist-packages/tempest_lib/common/ssh.py", line 75, in _get_ssh_connection
2016-02-24 19:33:00.386 850 ERROR tempest_lib.common.ssh     timeout=self.channel_timeout, pkey=self.pkey)
2016-02-24 19:33:00.386 850 ERROR tempest_lib.common.ssh   File "/usr/local/lib/python2.7/dist-packages/paramiko/client.py", line 292, in connect
2016-02-24 19:33:00.386 850 ERROR tempest_lib.common.ssh     retry_on_signal(lambda: sock.connect(addr))
2016-02-24 19:33:00.386 850 ERROR tempest_lib.common.ssh   File "/usr/local/lib/python2.7/dist-packages/paramiko/util.py", line 270, in retry_on_signal
2016-02-24 19:33:00.386 850 ERROR tempest_lib.common.ssh     return function()
2016-02-24 19:33:00.386 850 ERROR tempest_lib.common.ssh   File "/usr/local/lib/python2.7/dist-packages/paramiko/client.py", line 292, in &lt;lambda&gt;
2016-02-24 19:33:00.386 850 ERROR tempest_lib.common.ssh     retry_on_signal(lambda: sock.connect(addr))
2016-02-24 19:33:00.386 850 ERROR tempest_lib.common.ssh   File "/usr/lib/python2.7/socket.py", line 224, in meth
2016-02-24 19:33:00.386 850 ERROR tempest_lib.common.ssh     return getattr(self._sock,name)(*args)
2016-02-24 19:33:00.386 850 ERROR tempest_lib.common.ssh timeout: timed out
2016-02-24 19:33:00.386 850 ERROR tempest_lib.common.ssh 
2016-02-24 19:33:00,391 850 ERROR    [tempest.scenario.manager] (TestGettingAddress:test_dhcp6_stateless_from_os) Initializing SSH connection to 172.24.4.4 failed. Error: Connection to the 172.24.4.4 via SSH timed out.
User: cirros, Password: None
2016-02-24 19:33:00.391 850 ERROR tempest.scenario.manager Traceback (most recent call last):
2016-02-24 19:33:00.391 850 ERROR tempest.scenario.manager   File "tempest/scenario/manager.py", line 377, in get_remote_client
2016-02-24 19:33:00.391 850 ERROR tempest.scenario.manager     linux_client.validate_authentication()
2016-02-24 19:33:00.391 850 ERROR tempest.scenario.manager   File "tempest/common/utils/linux/remote_client.py", line 51, in validate_authentication
2016-02-24 19:33:00.391 850 ERROR tempest.scenario.manager     self.ssh_client.test_connection_auth()
2016-02-24 19:33:00.391 850 ERROR tempest.scenario.manager   File "/usr/local/lib/python2.7/dist-packages/tempest_lib/common/ssh.py", line 173, in test_connection_auth
2016-02-24 19:33:00.391 850 ERROR tempest.scenario.manager     connection = self._get_ssh_connection()
2016-02-24 19:33:00.391 850 ERROR tempest.scenario.manager   File "/usr/local/lib/python2.7/dist-packages/tempest_lib/common/ssh.py", line 88, in _get_ssh_connection
2016-02-24 19:33:00.391 850 ERROR tempest.scenario.manager     password=self.password)
2016-02-24 19:33:00.391 850 ERROR tempest.scenario.manager SSHTimeout: Connection to the 172.24.4.4 via SSH timed out.
2016-02-24 19:33:00.391 850 ERROR tempest.scenario.manager User: cirros, Password: None
2016-02-24 19:33:00.391 850 ERROR tempest.scenario.manager 
2016-02-24 19:33:00,686 850 INFO     [tempest_lib.common.rest_client] Request (TestGettingAddress:test_dhcp6_stateless_from_os): 200 GET http://10.4.1.3:8774/v2.1/acd4c70216b4413a860334b3904e8976/servers 0.293s
2016-02-24 19:33:00,687 850 DEBUG    [tempest_lib.common.rest_client] Request - Headers: {'Content-Type': 'application/json', 'Accept': 'application/json', 'X-Auth-Token': '&lt;omitted&gt;'}
        Body: None
    Response - Headers: {'status': '200', 'content-length': '389', 'content-location': 'http://10.4.1.3:8774/v2.1/acd4c70216b4413a860334b3904e8976/servers', 'x-compute-request-id': 'req-2b3718ef-3a8e-48b0-9b22-eba913fb8e60', 'vary': 'X-OpenStack-Nova-API-Version', 'connection': 'close', 'x-openstack-nova-api-version': '2.1', 'date': 'Wed, 24 Feb 2016 19:33:00 GMT', 'content-type': 'application/json'}
        Body: {"servers": [{"id": "5fbeab9b-dc76-4406-976b-ed50eba73c73", "links": [{"href": "http://10.4.1.3:8774/v2.1/acd4c70216b4413a860334b3904e8976/servers/5fbeab9b-dc76-4406-976b-ed50eba73c73", "rel": "self"}, {"href": "http://10.4.1.3:8774/acd4c70216b4413a860334b3904e8976/servers/5fbeab9b-dc76-4406-976b-ed50eba73c73", "rel": "bookmark"}], "name": "tempest.common.compute-instance-1681380589"}]}
2016-02-24 19:33:01,097 850 INFO     [tempest_lib.common.rest_client] Request (TestGettingAddress:test_dhcp6_stateless_from_os): 200 POST http://10.4.1.3:8774/v2.1/acd4c70216b4413a860334b3904e8976/servers/5fbeab9b-dc76-4406-976b-ed50eba73c73/action 0.406s
2016-02-24 19:33:01,098 850 DEBUG    [tempest_lib.common.rest_client] Request - Headers: {'Content-Type': 'application/json', 'Accept': 'application/json', 'X-Auth-Token': '&lt;omitted&gt;'}
        Body: {"os-getConsoleOutput": {}}
    Response - Headers: {'status': '200', 'content-length': '24670', 'x-compute-request-id': 'req-de552652-fe6a-4aeb-b473-a7648aaea97d', 'vary': 'X-OpenStack-Nova-API-Version', 'connection': 'close', 'x-openstack-nova-api-version': '2.1', 'date': 'Wed, 24 Feb 2016 19:33:01 GMT', 'content-type': 'application/json'}
        Body: {"output": "[    0.000000] Initializing cgroup subsys cpuset\n[    0.000000] Initializing cgroup subsys cpu\n[    0.000000] Linux version 3.2.0-80-virtual (buildd@batsu) (gcc version 4.6.3 (Ubuntu/Linaro 4.6.3-1ubuntu5) ) #116-Ubuntu SMP Mon Mar 23 17:28:52 UTC 2015 (Ubuntu 3.2.0-80.116-virtual 3.2.68)\n[    0.000000] Command line: root=/dev/vda console=tty0 console=ttyS0 no_timer_check\n[    0.000000] KERNEL supported cpus:\n[    0.000000]   Intel GenuineIntel\n[    0.000000]   AMD AuthenticAMD\n[    0.000000]   Centaur CentaurHauls\n[    0.000000] BIOS-provided physical RAM map:\n[    0.000000]  BIOS-e820: 0000000000000000 - 000000000009fc00 (usable)\n[    0.000000]  BIOS-e820: 000000000009fc00 - 00000000000a0000 (reserved)\n[    0.000000]  BIOS-e820: 00000000000f0000 - 0000000000100000 (reserved)\n[    0.000000]  BIOS-e820: 0000000000100000 - 0000000003ffe000 (usable)\n[    0.000000]  BIOS-e820: 0000000003ffe000 - 0000000004000000 (reserved)\n[    0.000000]  BIOS-e820: 00000000fffc0000 - 0000000100000000 (reserved)\n[    0.000000] NX (Execute Disable) protection: active\n[    0.000000] SMBIOS 2.4 present.\n[    0.000000] No AGP bridge found\n[    0.000000] last_pfn = 0x3ffe max_arch_pfn = 0x400000000\n[    0.000000] x86 PAT enabled: cpu 0, old 0x7040600070406, new 0x7010600070106\n[    0.000000] found SMP MP-table at [ffff8800000f0b00] f0b00\n[    0.000000] init_memory_mapping: 0000000000000000-0000000003ffe000\n[    0.000000] RAMDISK: 03c5e000 - 03ff0000\n[    0.000000] ACPI: RSDP 00000000000f0950 00014 (v00 BOCHS )\n[    0.000000] ACPI: RSDT 0000000003fffbc1 00034 (v01 BOCHS  BXPCRSDT 00000001 BXPC 00000001)\n[    0.000000] ACPI: FACP 0000000003fff1c0 00074 (v01 BOCHS  BXPCFACP 00000001 BXPC 00000001)\n[    0.000000] ACPI: DSDT 0000000003ffe040 01180 (v01 BOCHS  BXPCDSDT 00000001 BXPC 00000001)\n[    0.000000] ACPI: FACS 0000000003ffe000 00040\n[    0.000000] ACPI: SSDT 0000000003fff234 008DD (v01 BOCHS  BXPCSSDT 00000001 BXPC 00000001)\n[    0.000000] ACPI: APIC 0000000003fffb11 00078 (v01 BOCHS  BXPCAPIC 00000001 BXPC 00000001)\n[    0.000000] ACPI: HPET 0000000003fffb89 00038 (v01 BOCHS  BXPCHPET 00000001 BXPC 00000001)\n[    0.000000] No NUMA configuration found\n[    0.000000] Faking a node at 0000000000000000-0000000003ffe000\n[    0.000000] Initmem setup node 0 0000000000000000-0000000003ffe000\n[    0.000000]   NODE_DATA [0000000003ff6000 - 0000000003ffafff]\n[    0.000000] Zone PFN ranges:\n[    0.000000]   DMA      0x00000010 -&gt; 0x00001000\n[    0.000000]   DMA32    0x00001000 -&gt; 0x00100000\n[    0.000000]   Normal   empty\n[    0.000000] Movable zone start PFN for each node\n[    0.000000] early_node_map[2] active PFN ranges\n[    0.000000]     0: 0x00000010 -&gt; 0x0000009f\n[    0.000000]     0: 0x00000100 -&gt; 0x00003ffe\n[    0.000000] ACPI: PM-Timer IO Port: 0xb008\n[    0.000000] ACPI: LAPIC (acpi_id[0x00] lapic_id[0x00] enabled)\n[    0.000000] ACPI: LAPIC_NMI (acpi_id[0xff] dfl dfl lint[0x1])\n[    0.000000] ACPI: IOAPIC (id[0x00] address[0xfec00000] gsi_base[0])\n[    0.000000] IOAPIC[0]: apic_id 0, version 17, address 0xfec00000, GSI 0-23\n[    0.000000] ACPI: INT_SRC_OVR (bus 0 bus_irq 0 global_irq 2 dfl dfl)\n[    0.000000] ACPI: INT_SRC_OVR (bus 0 bus_irq 5 global_irq 5 high level)\n[    0.000000] ACPI: INT_SRC_OVR (bus 0 bus_irq 9 global_irq 9 high level)\n[    0.000000] ACPI: INT_SRC_OVR (bus 0 bus_irq 10 global_irq 10 high level)\n[    0.000000] ACPI: INT_SRC_OVR (bus 0 bus_irq 11 global_irq 11 high level)\n[    0.000000] Using ACPI (MADT) for SMP configuration information\n[    0.000000] ACPI: HPET id: 0x8086a201 base: 0xfed00000\n[    0.000000] SMP: Allowing 1 CPUs, 0 hotplug CPUs\n[    0.000000] PM: Registered nosave memory: 000000000009f000 - 00000000000a0000\n[    0.000000] PM: Registered nosave memory: 00000000000a0000 - 00000000000f0000\n[    0.000000] PM: Registered nosave memory: 00000000000f0000 - 0000000000100000\n[    0.000000] Allocating PCI resources starting at 4000000 (gap: 4000000:fbfc0000)\n[    0.000000] Booting paravirtualized kernel on bare hardware\n[    0.000000] setup_pe
2016-02-24 19:33:01,101 850 DEBUG    [tempest.scenario.manager] Console output for 5fbeab9b-dc76-4406-976b-ed50eba73c73
body=
[    0.000000] Initializing cgroup subsys cpuset
[    0.000000] Initializing cgroup subsys cpu
[    0.000000] Linux version 3.2.0-80-virtual (buildd@batsu) (gcc version 4.6.3 (Ubuntu/Linaro 4.6.3-1ubuntu5) ) #116-Ubuntu SMP Mon Mar 23 17:28:52 UTC 2015 (Ubuntu 3.2.0-80.116-virtual 3.2.68)
[    0.000000] Command line: root=/dev/vda console=tty0 console=ttyS0 no_timer_check
[    0.000000] KERNEL supported cpus:
[    0.000000]   Intel GenuineIntel
[    0.000000]   AMD AuthenticAMD
[    0.000000]   Centaur CentaurHauls
[    0.000000] BIOS-provided physical RAM map:
[    0.000000]  BIOS-e820: 0000000000000000 - 000000000009fc00 (usable)
[    0.000000]  BIOS-e820: 000000000009fc00 - 00000000000a0000 (reserved)
[    0.000000]  BIOS-e820: 00000000000f0000 - 0000000000100000 (reserved)
[    0.000000]  BIOS-e820: 0000000000100000 - 0000000003ffe000 (usable)
[    0.000000]  BIOS-e820: 0000000003ffe000 - 0000000004000000 (reserved)
[    0.000000]  BIOS-e820: 00000000fffc0000 - 0000000100000000 (reserved)
[    0.000000] NX (Execute Disable) protection: active
[    0.000000] SMBIOS 2.4 present.
[    0.000000] No AGP bridge found
[    0.000000] last_pfn = 0x3ffe max_arch_pfn = 0x400000000
[    0.000000] x86 PAT enabled: cpu 0, old 0x7040600070406, new 0x7010600070106
[    0.000000] found SMP MP-table at [ffff8800000f0b00] f0b00
[    0.000000] init_memory_mapping: 0000000000000000-0000000003ffe000
[    0.000000] RAMDISK: 03c5e000 - 03ff0000
[    0.000000] ACPI: RSDP 00000000000f0950 00014 (v00 BOCHS )
[    0.000000] ACPI: RSDT 0000000003fffbc1 00034 (v01 BOCHS  BXPCRSDT 00000001 BXPC 00000001)
[    0.000000] ACPI: FACP 0000000003fff1c0 00074 (v01 BOCHS  BXPCFACP 00000001 BXPC 00000001)
[    0.000000] ACPI: DSDT 0000000003ffe040 01180 (v01 BOCHS  BXPCDSDT 00000001 BXPC 00000001)
[    0.000000] ACPI: FACS 0000000003ffe000 00040
[    0.000000] ACPI: SSDT 0000000003fff234 008DD (v01 BOCHS  BXPCSSDT 00000001 BXPC 00000001)
[    0.000000] ACPI: APIC 0000000003fffb11 00078 (v01 BOCHS  BXPCAPIC 00000001 BXPC 00000001)
[    0.000000] ACPI: HPET 0000000003fffb89 00038 (v01 BOCHS  BXPCHPET 00000001 BXPC 00000001)
[    0.000000] No NUMA configuration found
[    0.000000] Faking a node at 0000000000000000-0000000003ffe000
[    0.000000] Initmem setup node 0 0000000000000000-0000000003ffe000
[    0.000000]   NODE_DATA [0000000003ff6000 - 0000000003ffafff]
[    0.000000] Zone PFN ranges:
[    0.000000]   DMA      0x00000010 -&gt; 0x00001000
[    0.000000]   DMA32    0x00001000 -&gt; 0x00100000
[    0.000000]   Normal   empty
[    0.000000] Movable zone start PFN for each node
[    0.000000] early_node_map[2] active PFN ranges
[    0.000000]     0: 0x00000010 -&gt; 0x0000009f
[    0.000000]     0: 0x00000100 -&gt; 0x00003ffe
[    0.000000] ACPI: PM-Timer IO Port: 0xb008
[    0.000000] ACPI: LAPIC (acpi_id[0x00] lapic_id[0x00] enabled)
[    0.000000] ACPI: LAPIC_NMI (acpi_id[0xff] dfl dfl lint[0x1])
[    0.000000] ACPI: IOAPIC (id[0x00] address[0xfec00000] gsi_base[0])
[    0.000000] IOAPIC[0]: apic_id 0, version 17, address 0xfec00000, GSI 0-23
[    0.000000] ACPI: INT_SRC_OVR (bus 0 bus_irq 0 global_irq 2 dfl dfl)
[    0.000000] ACPI: INT_SRC_OVR (bus 0 bus_irq 5 global_irq 5 high level)
[    0.000000] ACPI: INT_SRC_OVR (bus 0 bus_irq 9 global_irq 9 high level)
[    0.000000] ACPI: INT_SRC_OVR (bus 0 bus_irq 10 global_irq 10 high level)
[    0.000000] ACPI: INT_SRC_OVR (bus 0 bus_irq 11 global_irq 11 high level)
[    0.000000] Using ACPI (MADT) for SMP configuration information
[    0.000000] ACPI: HPET id: 0x8086a201 base: 0xfed00000
[    0.000000] SMP: Allowing 1 CPUs, 0 hotplug CPUs
[    0.000000] PM: Registered nosave memory: 000000000009f000 - 00000000000a0000
[    0.000000] PM: Registered nosave memory: 00000000000a0000 - 00000000000f0000
[    0.000000] PM: Registered nosave memory: 00000000000f0000 - 0000000000100000
[    0.000000] Allocating PCI resources starting at 4000000 (gap: 4000000:fbfc0000)
[    0.000000] Booting paravirtualized kernel on bare hardware
[    0.000000] setup_percpu: NR_CPUS:64 nr_cpumask_bits:64 nr_cpu_ids:1 nr_node_ids:1
[    0.000000] PERCPU: Embedded 27 pages/cpu @ffff880003a00000 s78848 r8192 d23552 u2097152
[    0.000000] Built 1 zonelists in Node order, mobility grouping on.  Total pages: 16008
[    0.000000] Policy zone: DMA32
[    0.000000] Kernel command line: root=/dev/vda console=tty0 console=ttyS0 no_timer_check
[    0.000000] PID hash table entries: 256 (order: -1, 2048 bytes)
[    0.000000] Checking aperture...
[    0.000000] No AGP bridge found
[    0.000000] Memory: 43492k/65528k available (6576k kernel code, 452k absent, 21584k reserved, 6620k data, 928k init)
[    0.000000] SLUB: Genslabs=15, HWalign=64, Order=0-3, MinObjects=0, CPUs=1, Nodes=1
[    0.000000] Hierarchical RCU implementation.
[    0.000000] 	RCU dyntick-idle grace-period acceleration is enabled.
[    0.000000] NR_IRQS:4352 nr_irqs:256 16
[    0.000000] Console: colour VGA+ 80x25
[    0.000000] console [tty0] enabled
[    0.000000] console [ttyS0] enabled
[    0.000000] allocated 1048576 bytes of page_cgroup
[    0.000000] please try 'cgroup_disable=memory' option if you don't want memory cgroups
[    0.000000] Fast TSC calibration failed
[    0.000000] TSC: Unable to calibrate against PIT
[    0.000000] TSC: using HPET reference calibration
[    0.000000] Detected 2293.141 MHz processor.
[    0.037710] Calibrating delay loop (skipped), value calculated using timer frequency.. 4586.28 BogoMIPS (lpj=9172564)
[    0.044312] pid_max: default: 32768 minimum: 301
[    0.059184] Security Framework initialized
[    0.068263] AppArmor: AppArmor initialized
[    0.068841] Yama: becoming mindful.
[    0.074169] Dentry cache hash table entries: 8192 (order: 4, 65536 bytes)
[    0.076734] Inode-cache hash table entries: 4096 (order: 3, 32768 bytes)
[    0.078286] Mount-cache hash table entries: 256
[    0.094158] Initializing cgroup subsys cpuacct
[    0.095020] Initializing cgroup subsys memory
[    0.096843] Initializing cgroup subsys devices
[    0.097840] Initializing cgroup subsys freezer
[    0.098423] Initializing cgroup subsys blkio
[    0.100207] Initializing cgroup subsys perf_event
[    0.106003] mce: CPU supports 10 MCE banks
[    0.108863] SMP alternatives: switching to UP code
[    0.532884] Freeing SMP alternatives: 24k freed
[    0.534621] ACPI: Core revision 20110623
[    0.584476] ftrace: allocating 26610 entries in 105 pages
[    0.615965] ..TIMER: vector=0x30 apic1=0 pin1=2 apic2=-1 pin2=-1
[    0.616149] CPU0: AMD QEMU Virtual CPU version 2.0.0 stepping 03
[    0.624038] Performance Events: Broken PMU hardware detected, using software events only.
[    0.633867] NMI watchdog disabled (cpu0): hardware events not enabled
[    0.636252] Brought up 1 CPUs
[    0.636803] Total of 1 processors activated (4586.28 BogoMIPS).
[    0.661508] devtmpfs: initialized
[    0.704683] EVM: security.selinux
[    0.705594] EVM: security.SMACK64
[    0.707254] EVM: security.capability
[    0.732994] print_constraints: dummy: 
[    0.737348] RTC time: 19:28:49, date: 02/24/16
[    0.740317] NET: Registered protocol family 16
[    0.748663] ACPI: bus type pci registered
[    0.751330] PCI: Using configuration type 1 for base access
[    0.780483] bio: create slab &lt;bio-0&gt; at 0
[    0.785521] ACPI: Added _OSI(Module Device)
[    0.786053] ACPI: Added _OSI(Processor Device)
[    0.786629] ACPI: Added _OSI(3.0 _SCP Extensions)
[    0.787178] ACPI: Added _OSI(Processor Aggregator Device)
[    0.861389] ACPI: Interpreter enabled
[    0.862300] ACPI: (supports S0 S3 S4 S5)
[    0.865282] ACPI: Using IOAPIC for interrupt routing
[    0.940843] ACPI: No dock devices found.
[    0.941477] HEST: Table not found.
[    0.942029] PCI: Using host bridge windows from ACPI; if necessary, use "pci=nocrs" and report a bug
[    0.947619] ACPI: PCI Root Bridge [PCI0] (domain 0000 [bus 00-ff])
[    0.953161] pci_root PNP0A03:00: host bridge window [io  0x0000-0x0cf7]
[    0.953989] pci_root PNP0A03:00: host bridge window [io  0x0d00-0xadff]
[    0.954880] pci_root PNP0A03:00: host bridge window [io  0xae0f-0xaeff]
[    0.956107] pci_root PNP0A03:00: host bridge window [io  0xaf20-0xafdf]
[    0.957167] pci_root PNP0A03:00: host bridge window [io  0xafe4-0xffff]
[    0.958770] pci_root PNP0A03:00: host bridge window [mem 0x000a0000-0x000bffff]
[    0.960110] pci_root PNP0A03:00: host bridge window [mem 0x04000000-0xfebfffff]
[    0.981503] pci 0000:00:01.3: quirk: [io  0xb000-0xb03f] claimed by PIIX4 ACPI
[    0.982465] pci 0000:00:01.3: quirk: [io  0xb100-0xb10f] claimed by PIIX4 SMB
[    1.054591]  pci0000:00: Unable to request _OSC control (_OSC support mask: 0x1e)
[    1.117734] ACPI: PCI Interrupt Link [LNKA] (IRQs 5 *10 11)
[    1.120551] ACPI: PCI Interrupt Link [LNKB] (IRQs 5 *10 11)
[    1.123504] ACPI: PCI Interrupt Link [LNKC] (IRQs 5 10 *11)
[    1.125834] ACPI: PCI Interrupt Link [LNKD] (IRQs 5 10 *11)
[    1.128963] ACPI: PCI Interrupt Link [LNKS] (IRQs *9)
[    1.135248] vgaarb: device added: PCI:0000:00:02.0,decodes=io+mem,owns=io+mem,locks=none
[    1.136192] vgaarb: loaded
[    1.136539] vgaarb: bridge control possible 0000:00:02.0
[    1.141201] i2c-core: driver [aat2870] using legacy suspend method
[    1.141859] i2c-core: driver [aat2870] using legacy resume method
[    1.144801] SCSI subsystem initialized
[    1.148214] usbcore: registered new interface driver usbfs
[    1.149383] usbcore: registered new interface driver hub
[    1.150584] usbcore: registered new device driver usb
[    1.154476] PCI: Using ACPI for IRQ routing
[    1.165227] NetLabel: Initializing
[    1.165647] NetLabel:  domain hash size = 128
[    1.166150] NetLabel:  protocols = UNLABELED CIPSOv4
[    1.167357] NetLabel:  unlabeled traffic allowed by default
[    1.169363] HPET: 3 timers in total, 0 timers will be used for per-cpu timer
[    1.172118] hpet0: at MMIO 0xfed00000, IRQs 2, 8, 0
[    1.173876] hpet0: 3 comparators, 64-bit 100.000000 MHz counter
[    1.185699] Switching to clocksource hpet
[    1.401293] AppArmor: AppArmor Filesystem Enabled
[    1.403096] pnp: PnP ACPI init
[    1.403753] ACPI: bus type pnp registered
[    1.422775] pnp: PnP ACPI: found 9 devices
[    1.423365] ACPI: ACPI bus type pnp unregistered
[    1.479923] NET: Registered protocol family 2
[    1.515325] IP route cache hash table entries: 512 (order: 0, 4096 bytes)
[    1.525961] TCP established hash table entries: 2048 (order: 3, 32768 bytes)
[    1.527638] TCP bind hash table entries: 2048 (order: 3, 32768 bytes)
[    1.529577] TCP: Hash tables configured (established 2048 bind 2048)
[    1.530583] TCP reno registered
[    1.531112] UDP hash table entries: 128 (order: 0, 4096 bytes)
[    1.531934] UDP-Lite hash table entries: 128 (order: 0, 4096 bytes)
[    1.534906] NET: Registered protocol family 1
[    1.535759] pci 0000:00:00.0: Limiting direct PCI/PCI transfers
[    1.537293] pci 0000:00:01.0: PIIX3: Enabling Passive Release
[    1.538230] pci 0000:00:01.0: Activating ISA DMA hang workarounds
[    1.543961] ACPI: PCI Interrupt Link [LNKD] enabled at IRQ 11
[    1.545810] pci 0000:00:01.2: PCI INT D -&gt; Link[LNKD] -&gt; GSI 11 (level, high) -&gt; IRQ 11
[    1.547543] pci 0000:00:01.2: PCI INT D disabled
[    1.568036] Trying to unpack rootfs image as initramfs...
[    1.586275] audit: initializing netlink socket (disabled)
[    1.587689] type=2000 audit(1456342129.584:1): initialized
[    1.874996] HugeTLB registered 2 MB page size, pre-allocated 0 pages
[    1.947165] VFS: Disk quotas dquot_6.5.2
[    1.949274] Dquot-cache hash table entries: 512 (order 0, 4096 bytes)
[    1.967987] fuse init (API version 7.17)
[    1.978262] msgmni has been set to 84
[    2.007446] Block layer SCSI generic (bsg) driver version 0.4 loaded (major 253)
[    2.018895] io scheduler noop registered
[    2.019436] io scheduler deadline registered (default)
[    2.021335] io scheduler cfq registered
[    2.025716] pci_hotplug: PCI Hot Plug PCI Core version: 0.5
[    2.027638] pciehp: PCI Express Hot Plug Controller Driver version: 0.4
[    2.033330] input: Power Button as /devices/LNXSYSTM:00/LNXPWRBN:00/input/input0
[    2.035459] ACPI: Power Button [PWRF]
[    2.082313] ERST: Table is not found!
[    2.082784] GHES: HEST is not enabled!
[    2.090502] ACPI: PCI Interrupt Link [LNKC] enabled at IRQ 10
[    2.091239] virtio-pci 0000:00:03.0: PCI INT A -&gt; Link[LNKC] -&gt; GSI 10 (level, high) -&gt; IRQ 10
[    2.095125] virtio-pci 0000:00:04.0: PCI INT A -&gt; Link[LNKD] -&gt; GSI 11 (level, high) -&gt; IRQ 11
[    2.110988] ACPI: PCI Interrupt Link [LNKA] enabled at IRQ 10
[    2.111678] virtio-pci 0000:00:05.0: PCI INT A -&gt; Link[LNKA] -&gt; GSI 10 (level, high) -&gt; IRQ 10
[    2.122107] Serial: 8250/16550 driver, 32 ports, IRQ sharing enabled
[    2.161916] serial8250: ttyS0 at I/O 0x3f8 (irq = 4) is a 16550A
[    2.242574] serial8250: ttyS1 at I/O 0x2f8 (irq = 3) is a 16550A
[    2.361037] 00:05: ttyS0 at I/O 0x3f8 (irq = 4) is a 16550A
[    2.441732] 00:06: ttyS1 at I/O 0x2f8 (irq = 3) is a 16550A
[    2.491298] Linux agpgart interface v0.103
[    2.554561] Refined TSC clocksource calibration: 2293.205 MHz.
[    2.556033] Switching to clocksource tsc
[    2.581595] brd: module loaded
[    2.612608] loop: module loaded
[    2.661571]  vda: unknown partition table
[    2.709852] scsi0 : ata_piix
[    2.713333] scsi1 : ata_piix
[    2.714920] ata1: PATA max MWDMA2 cmd 0x1f0 ctl 0x3f6 bmdma 0xc0a0 irq 14
[    2.715915] ata2: PATA max MWDMA2 cmd 0x170 ctl 0x376 bmdma 0xc0a8 irq 15
[    2.730239] Fixed MDIO Bus: probed
[    2.731403] tun: Universal TUN/TAP device driver, 1.6
[    2.732290] tun: (C) 1999-2004 Max Krasnyansky &lt;maxk@qualcomm.com&gt;
[    2.751353] PPP generic driver version 2.4.2
[    2.782962] ehci_hcd: USB 2.0 'Enhanced' Host Controller (EHCI) Driver
[    2.783721] ohci_hcd: USB 1.1 'Open' Host Controller (OHCI) Driver
[    2.785418] uhci_hcd: USB Universal Host Controller Interface driver
[    2.786095] uhci_hcd 0000:00:01.2: PCI INT D -&gt; Link[LNKD] -&gt; GSI 11 (level, high) -&gt; IRQ 11
[    2.790112] uhci_hcd 0000:00:01.2: UHCI Host Controller
[    2.802112] uhci_hcd 0000:00:01.2: new USB bus registered, assigned bus number 1
[    2.803890] uhci_hcd 0000:00:01.2: irq 11, io base 0x0000c040
[    2.834808] hub 1-0:1.0: USB hub found
[    2.836157] hub 1-0:1.0: 2 ports detected
[    2.843679] usbcore: registered new interface driver libusual
[    2.846627] i8042: PNP: PS/2 Controller [PNP0303:KBD,PNP0f13:MOU] at 0x60,0x64 irq 1,12
[    2.855573] serio: i8042 KBD port at 0x60,0x64 irq 1
[    2.859322] serio: i8042 AUX port at 0x60,0x64 irq 12
[    2.901852] mousedev: PS/2 mouse device common for all mice
[    2.913260] input: AT Translated Set 2 keyboard as /devices/platform/i8042/serio0/input/input1
[    2.918511] rtc_cmos 00:01: RTC can wake from S4
[    2.939850] rtc_cmos 00:01: rtc core: registered rtc_cmos as rtc0
[    2.944530] rtc0: alarms up to one day, 114 bytes nvram, hpet irqs
[    2.948657] device-mapper: uevent: version 1.0.3
[    2.972817] ata2.01: ATAPI: QEMU DVD-ROM, 2.0.0, max UDMA/100
[    2.980870] ata2.01: configured for MWDMA2
[    2.984934] device-mapper: ioctl: 4.22.0-ioctl (2011-10-19) initialised: dm-devel@redhat.com
[    2.988017] cpuidle: using governor ladder
[    2.989597] cpuidle: using governor menu
[    2.990088] EFI Variables Facility v0.08 2004-May-17
[    3.003532] TCP cubic registered
[    3.007905] NET: Registered protocol family 10
[    3.061054] NET: Registered protocol family 17
[    3.062241] Registering the dns_resolver key type
[    3.099311] scsi 1:0:1:0: CD-ROM            QEMU     QEMU DVD-ROM     2.0. PQ: 0 ANSI: 5
[    3.128123] sr0: scsi3-mmc drive: 4x/4x cd/rw xa/form2 tray
[    3.130453] cdrom: Uniform CD-ROM driver Revision: 3.20
[    3.147805] sr 1:0:1:0: Attached scsi generic sg0 type 5
[    3.204089] registered taskstats version 1
[    3.304609] Freeing initrd memory: 3656k freed
[    3.778099]   Magic number: 4:720:496
[    3.787229] rtc_cmos 00:01: setting system clock to 2016-02-24 19:28:52 UTC (1456342132)
[    3.789867] powernow-k8: Processor cpuid 663 not supported
[    3.795245] BIOS EDD facility v0.16 2004-Jun-25, 0 devices found
[    3.796008] EDD information not available.
[    3.846514] Freeing unused kernel memory: 928k freed
[    3.850835] Write protecting the kernel read-only data: 12288k
[    3.943909] Freeing unused kernel memory: 1596k freed
[    4.006135] Freeing unused kernel memory: 1184k freed

info: initramfs: up at 4.19
modprobe: module virtio_blk not found in modules.dep
modprobe: module virtio_net not found in modules.dep
info: copying initramfs to /dev/vda
info: initramfs loading root from /dev/vda
info: /etc/init.d/rc.sysinit: up at 8.78
info: container: none
Starting logging: OK
modprobe: module virtio_blk not found in modules.dep
modprobe: module virtio_net not found in modules.dep
WARN: /etc/rc3.d/S10-load-modules failed
Initializing random number generator... done.
Starting acpid: OK
cirros-ds 'local' up at 11.32
found datasource (configdrive, local)
Starting network...
udhcpc (v1.20.1) started
Sending discover...
Sending discover...
Sending discover...
Usage: /sbin/cirros-dhcpc &lt;up|down&gt;
No lease, failing
WARN: /etc/rc3.d/S40-network failed
Starting dropbear sshd: generating rsa key... generating dsa key... OK
no userdata for datasource
=== system information ===
Platform: OpenStack Foundation OpenStack Nova
Container: none
Arch: x86_64
CPU(s): 1 @ 2293.141 MHz
Cores/Sockets/Threads: 1/1/1
Virt-type: AMD-V
RAM Size: 49MB
Disks:
NAME MAJ:MIN     SIZE LABEL         MOUNTPOINT
vda  253:0   25165824 cirros-rootfs /
sr0   11:0     432128 config-2      
=== sshd host keys ===
-----BEGIN SSH HOST KEY KEYS-----
ssh-rsa AAAAB3NzaC1yc2EAAAADAQABAAAAglpISbegEAgo3LmHXa70/4TqYqfd4tfJUt4S7WpFwUV8DQW/G9riJiwJiJLikEPerBoDpJRUlcQ0QOtMr1ecRlVNclDFbhivXFFURkABaNATM24K9zy695vZSy0T5YgM0a5CGIqqandDmo+Efsmvje/yboPshZ7jKmzScjfR8x87T48= root@tempest
ssh-dss AAAAB3NzaC1kc3MAAACBAIghBZu6SR8WJ5yqW7a7k5xTkGVhpqGk56UIMrTl6fee0smqigo3Ii1xnRKzuZ2lf6cMKgAVp74dq/naofJWbNYhuQZXEwgoE4rcOS5og7pEtEribt56AgiyKUyImYDOktU1oowNNo7kYgDc4UE8k4PPpfYtfa/JHoQEfh+S0tHBAAAAFQCQXA12D423TiacWQDpcXxyM8KCSQAAAIAuMzU6aOZrh9oqoiPkbyBi4PjeVzjHpUba5y/20MSO7euzosu5E0ZPQwsKfquu4/fQsiLIP1MuvGUdlPveqqLGlfCNlGkVdXbs6g9gLcfYHw/IvtlCU3UfiZD8gMta5+IQGYOFWs1XssBvFW3KnaqYrH3rylQKZJXZ/yzP0xsJGwAAAIBirZmWVgaTy2qXRWJNq9NIvyE3/hSgYQ/zPN9v3G7oJAYjZTw03BQ2Xywp4J+Vfz16pfmeUf4l7dWLMqmsSUDC/+epnulhKb8cidj6P3HyE0OoCPQq8LUQ2/1E2iHDLj0vY772CdG+W56sqhplJzGHy4bDwbCCBFwx+iqyIY3Puw== root@tempest
-----END SSH HOST KEY KEYS-----
=== network info ===
if-info: lo,up,127.0.0.1,8,::1
if-info: eth0,up,,8,fe80::f816:3eff:fe0b:4394
=== datasource: configdrive local ===
instance-id: 5fbeab9b-dc76-4406-976b-ed50eba73c73
name: tempest.common.compute-instance-1681380589
availability-zone: nova
local-hostname: tempest.common.compute-instance-1681380589.novalocal
launch-index: 0
=== cirros: current=0.3.4 uptime=200.80 ===
route: fscanf
=== pinging gateway failed, debugging connection ===
############ debug start ##############
### /etc/init.d/sshd start
Starting dropbear sshd: OK
route: fscanf
### ifconfig -a
eth0      Link encap:Ethernet  HWaddr FA:16:3E:0B:43:94  
          inet6 addr: fe80::f816:3eff:fe0b:4394/64 Scope:Link
          UP BROADCAST RUNNING MULTICAST  MTU:1500  Metric:1
          RX packets:13 errors:0 dropped:5 overruns:0 frame:0
          TX packets:8 errors:0 dropped:0 overruns:0 carrier:0
          collisions:0 txqueuelen:1000 
          RX bytes:1203 (1.1 KiB)  TX bytes:1134 (1.1 KiB)

lo        Link encap:Local Loopback  
          inet addr:127.0.0.1  Mask:255.0.0.0
          inet6 addr: ::1/128 Scope:Host
          UP LOOPBACK RUNNING  MTU:16436  Metric:1
          RX packets:12 errors:0 dropped:0 overruns:0 frame:0
          TX packets:12 errors:0 dropped:0 overruns:0 carrier:0
          collisions:0 txqueuelen:0 
          RX bytes:1020 (1020.0 B)  TX bytes:1020 (1020.0 B)

### route -n
Kernel IP routing table
Destination     Gateway         Genmask         Flags Metric Ref    Use Iface
route: fscanf
### cat /etc/resolv.conf
cat: can't open '/etc/resolv.conf': No such file or directory
### gateway not found
/sbin/cirros-status: line 1: can't open /etc/resolv.conf: no such file
### pinging nameservers
### uname -a
Linux tempest 3.2.0-80-virtual #116-Ubuntu SMP Mon Mar 23 17:28:52 UTC 2015 x86_64 GNU/Linux
### lsmod
Module                  Size  Used by    Not tainted
nls_iso8859_1          12713  0 
nls_cp437              16991  0 
vfat                   17585  0 
fat                    61512  1 vfat
isofs                  40259  0 
ip_tables              27473  0 
x_tables               29891  1 ip_tables
pcnet32                42119  0 
8139cp                 27360  0 
ne2k_pci               13691  0 
8390                   18856  1 ne2k_pci
e1000                 108589  0 
acpiphp                24231  0 
### dmesg | tail
[    4.943211] EXT3-fs (vda): mounted filesystem with ordered data mode
[    5.244892] ISO 9660 Extensions: Microsoft Joliet Level 3
[    5.310647] ISO 9660 Extensions: RRIP_1991A
[    5.538097] kjournald starting.  Commit interval 5 seconds
[    5.555730] EXT3-fs (vda): using internal journal
[    5.555961] EXT3-fs (vda): mounted filesystem with ordered data mode
[    8.823904] EXT3-fs (vda): using internal journal
[   12.110655] ISO 9660 Extensions: Microsoft Joliet Level 3
[   12.218047] ISO 9660 Extensions: RRIP_1991A
[   27.091538] eth0: no IPv6 routers present
### tail -n 25 /var/log/messages
Feb 24 19:28:59 cirros kern.info kernel: [    4.478811] acpiphp: Slot [20] registered
Feb 24 19:28:59 cirros kern.info kernel: [    4.479208] acpiphp: Slot [21] registered
Feb 24 19:28:59 cirros kern.info kernel: [    4.479492] acpiphp: Slot [22] registered
Feb 24 19:28:59 cirros kern.info kernel: [    4.479827] acpiphp: Slot [23] registered
Feb 24 19:28:59 cirros kern.info kernel: [    4.480052] acpiphp: Slot [24] registered
Feb 24 19:28:59 cirros kern.info kernel: [    4.482882] acpiphp: Slot [31] registered
Feb 24 19:28:59 cirros kern.info kernel: [    4.537599] e1000: Intel(R) PRO/1000 Network Driver - version 7.3.21-k8-NAPI
Feb 24 19:28:59 cirros kern.info kernel: [    4.537655] e1000: Copyright (c) 1999-2006 Intel Corporation.
Feb 24 19:28:59 cirros kern.info kernel: [    4.575067] ne2k-pci.c:v1.03 9/22/2003 D. Becker/P. Gortmaker
Feb 24 19:28:59 cirros kern.info kernel: [    4.611005] 8139cp: 8139cp: 10/100 PCI Ethernet driver v1.3 (Mar 22, 2004)
Feb 24 19:28:59 cirros kern.info kernel: [    4.646487] pcnet32: pcnet32.c:v1.35 21.Apr.2008 tsbogend@alpha.franken.de
Feb 24 19:28:59 cirros kern.info kernel: [    4.689115] ip_tables: (C) 2000-2006 Netfilter Core Team
Feb 24 19:28:59 cirros kern.info kernel: [    4.938733] kjournald starting.  Commit interval 5 seconds
Feb 24 19:28:59 cirros kern.info kernel: [    4.943211] EXT3-fs (vda): mounted filesystem with ordered data mode
Feb 24 19:28:59 cirros kern.debug kernel: [    5.244892] ISO 9660 Extensions: Microsoft Joliet Level 3
Feb 24 19:28:59 cirros kern.debug kernel: [    5.310647] ISO 9660 Extensions: RRIP_1991A
Feb 24 19:28:59 cirros kern.info kernel: [    5.538097] kjournald starting.  Commit interval 5 seconds
Feb 24 19:28:59 cirros kern.info kernel: [    5.555730] EXT3-fs (vda): using internal journal
Feb 24 19:28:59 cirros kern.info kernel: [    5.555961] EXT3-fs (vda): mounted filesystem with ordered data mode
Feb 24 19:28:59 cirros kern.info kernel: [    8.823904] EXT3-fs (vda): using internal journal
Feb 24 19:29:00 cirros kern.debug kernel: [   12.110655] ISO 9660 Extensions: Microsoft Joliet Level 3
Feb 24 19:29:00 cirros kern.debug kernel: [   12.218047] ISO 9660 Extensions: RRIP_1991A
Feb 24 19:29:03 cirros auth.notice su: + /dev/console root:cirros
Feb 24 19:29:15 cirros kern.debug kernel: [   27.091538] eth0: no IPv6 routers present
Feb 24 19:32:07 cirros authpriv.info dropbear[283]: Running in background
############ debug end   ##############
  ____               ____  ____
 / __/ __ ____ ____ / __ \/ __/
/ /__ / // __// __// /_/ /\ \ 
\___//_//_/  /_/   \____/___/ 
   http://cirros-cloud.net


login as 'cirros' user. default password: 'cubswin:)'. use 'sudo' for root.
tempest login: 
2016-02-24 19:33:01,553 850 INFO     [tempest_lib.common.rest_client] Request (TestGettingAddress:_run_cleanups): 204 DELETE http://10.4.1.3:9696/v2.0/floatingips/3d32aa84-143d-4fb9-b55b-fc6aeda3abd8 0.446s
2016-02-24 19:33:01,554 850 DEBUG    [tempest_lib.common.rest_client] Request - Headers: {'Content-Type': 'application/json', 'Accept': 'application/json', 'X-Auth-Token': '&lt;omitted&gt;'}
        Body: None
    Response - Headers: {'date': 'Wed, 24 Feb 2016 19:33:01 GMT', 'status': '204', 'connection': 'close', 'content-length': '0', 'x-openstack-request-id': 'req-137b4bec-7a5f-4f30-9b26-c41b990b0c5c'}
        Body: 
2016-02-24 19:33:02,038 850 INFO     [tempest_lib.common.rest_client] Request (TestGettingAddress:_run_cleanups): 204 DELETE http://10.4.1.3:8774/v2.1/acd4c70216b4413a860334b3904e8976/servers/5fbeab9b-dc76-4406-976b-ed50eba73c73 0.483s
2016-02-24 19:33:02,038 850 DEBUG    [tempest_lib.common.rest_client] Request - Headers: {'Content-Type': 'application/json', 'Accept': 'application/json', 'X-Auth-Token': '&lt;omitted&gt;'}
        Body: None
    Response - Headers: {'status': '204', 'content-length': '0', 'x-compute-request-id': 'req-ef971350-70a3-4ecb-8484-8cc2ac15ed04', 'vary': 'X-OpenStack-Nova-API-Version', 'connection': 'close', 'x-openstack-nova-api-version': '2.1', 'date': 'Wed, 24 Feb 2016 19:33:02 GMT', 'content-type': 'application/json'}
        Body: 
2016-02-24 19:33:02,797 850 INFO     [tempest_lib.common.rest_client] Request (TestGettingAddress:_run_cleanups): 200 GET http://10.4.1.3:8774/v2.1/acd4c70216b4413a860334b3904e8976/servers/5fbeab9b-dc76-4406-976b-ed50eba73c73 0.758s
2016-02-24 19:33:02,797 850 DEBUG    [tempest_lib.common.rest_client] Request - Headers: {'Content-Type': 'application/json', 'Accept': 'application/json', 'X-Auth-Token': '&lt;omitted&gt;'}
        Body: None
    Response - Headers: {'status': '200', 'content-length': '1899', 'content-location': 'http://10.4.1.3:8774/v2.1/acd4c70216b4413a860334b3904e8976/servers/5fbeab9b-dc76-4406-976b-ed50eba73c73', 'x-compute-request-id': 'req-5628c1dc-8df5-44cf-876f-5751cdd906ec', 'vary': 'X-OpenStack-Nova-API-Version', 'connection': 'close', 'x-openstack-nova-api-version': '2.1', 'date': 'Wed, 24 Feb 2016 19:33:02 GMT', 'content-type': 'application/json'}
        Body: {"server": {"status": "ACTIVE", "updated": "2016-02-24T19:33:01Z", "hostId": "803bb966bb6375ade9e09a44f73ed9301b9e9437542e9c1efefec9d3", "addresses": {"tempest-network-smoke--1642067966": [{"OS-EXT-IPS-MAC:mac_addr": "fa:16:3e:0b:43:94", "version": 4, "addr": "10.100.0.3", "OS-EXT-IPS:type": "fixed"}, {"OS-EXT-IPS-MAC:mac_addr": "fa:16:3e:0b:43:94", "version": 6, "addr": "2003::f816:3eff:fe0b:4394", "OS-EXT-IPS:type": "fixed"}, {"OS-EXT-IPS-MAC:mac_addr": "fa:16:3e:0b:43:94", "version": 4, "addr": "172.24.4.4", "OS-EXT-IPS:type": "floating"}]}, "links": [{"href": "http://10.4.1.3:8774/v2.1/acd4c70216b4413a860334b3904e8976/servers/5fbeab9b-dc76-4406-976b-ed50eba73c73", "rel": "self"}, {"href": "http://10.4.1.3:8774/acd4c70216b4413a860334b3904e8976/servers/5fbeab9b-dc76-4406-976b-ed50eba73c73", "rel": "bookmark"}], "key_name": "tempest-TestGettingAddress-411748517", "image": {"id": "724cfa32-980c-4382-a33c-546d3461c617", "links": [{"href": "http://10.4.1.3:8774/acd4c70216b4413a860334b3904e8976/images/724cfa32-980c-4382-a33c-546d3461c617", "rel": "bookmark"}]}, "OS-EXT-STS:task_state": "deleting", "OS-EXT-STS:vm_state": "active", "OS-SRV-USG:launched_at": "2016-02-24T19:28:46.000000", "flavor": {"id": "42", "links": [{"href": "http://10.4.1.3:8774/acd4c70216b4413a860334b3904e8976/flavors/42", "rel": "bookmark"}]}, "id": "5fbeab9b-dc76-4406-976b-ed50eba73c73", "security_groups": [{"name": "tempest-secgroup-smoke-830925570"}], "OS-SRV-USG:terminated_at": null, "OS-EXT-AZ:availability_zone": "nova", "user_id": "e61c44b044ae4cc0ab4a364ea02174e2", "name": "tempest.common.compute-instance-1681380589", "created": "2016-02-24T19:28:40Z", "tenant_id": "acd4c70216b4413a860334b3904e8976", "OS-DCF:diskConfig": "MANUAL", "os-extended-volumes:volumes_attached": [], "accessIPv4": "", "accessIPv6": "", "progress": 0, "OS-EXT-STS:power_state": 1, "config_drive": "True", "metadata": {}}}
2016-02-24 19:33:04,093 850 INFO     [tempest_lib.common.rest_client] Request (TestGettingAddress:_run_cleanups): 404 GET http://10.4.1.3:8774/v2.1/acd4c70216b4413a860334b3904e8976/servers/5fbeab9b-dc76-4406-976b-ed50eba73c73 0.285s
2016-02-24 19:33:04,094 850 DEBUG    [tempest_lib.common.rest_client] Request - Headers: {'Content-Type': 'application/json', 'Accept': 'application/json', 'X-Auth-Token': '&lt;omitted&gt;'}
        Body: None
    Response - Headers: {'status': '404', 'content-length': '111', 'x-compute-request-id': 'req-9c45e0ff-0052-49a2-bdbb-d9d1f80de4ed', 'vary': 'X-OpenStack-Nova-API-Version', 'connection': 'close', 'x-openstack-nova-api-version': '2.1', 'date': 'Wed, 24 Feb 2016 19:33:04 GMT', 'content-type': 'application/json; charset=UTF-8'}
        Body: {"itemNotFound": {"message": "Instance 5fbeab9b-dc76-4406-976b-ed50eba73c73 could not be found.", "code": 404}}
2016-02-24 19:33:04,839 850 INFO     [tempest_lib.common.rest_client] Request (TestGettingAddress:_run_cleanups): 500 PUT http://10.4.1.3:9696/v2.0/routers/eecdc8f9-b96a-4aa0-8665-8f6261ac8e24/remove_router_interface 0.744s
2016-02-24 19:33:04,840 850 DEBUG    [tempest_lib.common.rest_client] Request - Headers: {'Content-Type': 'application/json', 'Accept': 'application/json', 'X-Auth-Token': '&lt;omitted&gt;'}
        Body: {"subnet_id": "1c36c9c9-05d8-4ec1-bd9d-d0a0885fd078"}
    Response - Headers: {'status': '500', 'content-length': '150', 'connection': 'close', 'date': 'Wed, 24 Feb 2016 19:33:04 GMT', 'content-type': 'application/json; charset=UTF-8', 'x-openstack-request-id': 'req-b7b79cf6-1d1b-4566-b844-dd775808e5b9'}
        Body: {"NeutronError": {"message": "Request Failed: internal server error while processing your request.", "type": "HTTPInternalServerError", "detail": ""}}
2016-02-24 19:33:05,346 850 INFO     [tempest_lib.common.rest_client] Request (TestGettingAddress:_run_cleanups): 404 PUT http://10.4.1.3:9696/v2.0/routers/eecdc8f9-b96a-4aa0-8665-8f6261ac8e24/remove_router_interface 0.501s
2016-02-24 19:33:05,346 850 DEBUG    [tempest_lib.common.rest_client] Request - Headers: {'Content-Type': 'application/json', 'Accept': 'application/json', 'X-Auth-Token': '&lt;omitted&gt;'}
        Body: {"subnet_id": "1c36c9c9-05d8-4ec1-bd9d-d0a0885fd078"}
    Response - Headers: {'status': '404', 'content-length': '198', 'connection': 'close', 'date': 'Wed, 24 Feb 2016 19:33:05 GMT', 'content-type': 'application/json; charset=UTF-8', 'x-openstack-request-id': 'req-d2e99088-d953-47f1-b7a4-134cf0d6c20b'}
        Body: {"NeutronError": {"message": "Router eecdc8f9-b96a-4aa0-8665-8f6261ac8e24 has no interface on subnet 1c36c9c9-05d8-4ec1-bd9d-d0a0885fd078", "type": "RouterInterfaceNotFoundForSubnet", "detail": ""}}
2016-02-24 19:33:05,987 850 INFO     [tempest_lib.common.rest_client] Request (TestGettingAddress:_run_cleanups): 500 PUT http://10.4.1.3:9696/v2.0/routers/eecdc8f9-b96a-4aa0-8665-8f6261ac8e24/remove_router_interface 0.639s
2016-02-24 19:33:05,988 850 DEBUG    [tempest_lib.common.rest_client] Request - Headers: {'Content-Type': 'application/json', 'Accept': 'application/json', 'X-Auth-Token': '&lt;omitted&gt;'}
        Body: {"subnet_id": "ff443305-0944-4dbe-a2f6-97727e25d6ee"}
    Response - Headers: {'status': '500', 'content-length': '150', 'connection': 'close', 'date': 'Wed, 24 Feb 2016 19:33:05 GMT', 'content-type': 'application/json; charset=UTF-8', 'x-openstack-request-id': 'req-dee10e02-902d-4b79-ba2a-cdd17b0e29e5'}
        Body: {"NeutronError": {"message": "Request Failed: internal server error while processing your request.", "type": "HTTPInternalServerError", "detail": ""}}
2016-02-24 19:33:06,255 850 INFO     [tempest_lib.common.rest_client] Request (TestGettingAddress:_run_cleanups): 200 GET http://10.4.1.3:9696/v2.0/routers/eecdc8f9-b96a-4aa0-8665-8f6261ac8e24 0.265s
2016-02-24 19:33:06,256 850 DEBUG    [tempest_lib.common.rest_client] Request - Headers: {'Content-Type': 'application/json', 'Accept': 'application/json', 'X-Auth-Token': '&lt;omitted&gt;'}
        Body: None
    Response - Headers: {'status': '200', 'content-length': '501', 'content-location': 'http://10.4.1.3:9696/v2.0/routers/eecdc8f9-b96a-4aa0-8665-8f6261ac8e24', 'connection': 'close', 'date': 'Wed, 24 Feb 2016 19:33:06 GMT', 'content-type': 'application/json; charset=UTF-8', 'x-openstack-request-id': 'req-bbddd045-12d0-4d0b-a9a7-b00cf43b5918'}
        Body: {"router": {"status": "ACTIVE", "external_gateway_info": {"network_id": "646bb77f-7e08-4e69-bde3-7384a47d2293", "enable_snat": true, "external_fixed_ips": [{"subnet_id": "d19f07c2-c95c-4013-b24e-4d6f67c10497", "ip_address": "172.24.4.3"}, {"subnet_id": "a6f66e72-3645-492a-a6c8-1c38c77a4c03", "ip_address": "2001:db8::4"}]}, "name": "tempest-router-smoke-1145348130", "admin_state_up": true, "tenant_id": "acd4c70216b4413a860334b3904e8976", "routes": [], "id": "eecdc8f9-b96a-4aa0-8665-8f6261ac8e24"}}
2016-02-24 19:33:06,900 850 INFO     [tempest_lib.common.rest_client] Request (TestGettingAddress:_run_cleanups): 200 PUT http://10.4.1.3:9696/v2.0/routers/eecdc8f9-b96a-4aa0-8665-8f6261ac8e24 0.643s
2016-02-24 19:33:06,900 850 DEBUG    [tempest_lib.common.rest_client] Request - Headers: {'Content-Type': 'application/json', 'Accept': 'application/json', 'X-Auth-Token': '&lt;omitted&gt;'}
        Body: {"router": {"external_gateway_info": {}, "name": "tempest-router-smoke-1145348130", "admin_state_up": true}}
    Response - Headers: {'status': '200', 'content-length': '239', 'connection': 'close', 'date': 'Wed, 24 Feb 2016 19:33:06 GMT', 'content-type': 'application/json; charset=UTF-8', 'x-openstack-request-id': 'req-9e19c495-979f-4554-a542-a0ac49c9c446'}
        Body: {"router": {"status": "ACTIVE", "external_gateway_info": null, "name": "tempest-router-smoke-1145348130", "admin_state_up": true, "tenant_id": "acd4c70216b4413a860334b3904e8976", "routes": [], "id": "eecdc8f9-b96a-4aa0-8665-8f6261ac8e24"}}
2016-02-24 19:33:07,315 850 INFO     [tempest_lib.common.rest_client] Request (TestGettingAddress:_run_cleanups): 500 DELETE http://10.4.1.3:9696/v2.0/routers/eecdc8f9-b96a-4aa0-8665-8f6261ac8e24 0.413s
2016-02-24 19:33:07,315 850 DEBUG    [tempest_lib.common.rest_client] Request - Headers: {'Content-Type': 'application/json', 'Accept': 'application/json', 'X-Auth-Token': '&lt;omitted&gt;'}
        Body: None
    Response - Headers: {'status': '500', 'content-length': '150', 'connection': 'close', 'date': 'Wed, 24 Feb 2016 19:33:07 GMT', 'content-type': 'application/json; charset=UTF-8', 'x-openstack-request-id': 'req-1097b3ac-e7d6-44eb-8811-63e8c76b5e50'}
        Body: {"NeutronError": {"message": "Request Failed: internal server error while processing your request.", "type": "HTTPInternalServerError", "detail": ""}}
2016-02-24 19:33:07,596 850 INFO     [tempest_lib.common.rest_client] Request (TestGettingAddress:_run_cleanups): 404 PUT http://10.4.1.3:9696/v2.0/routers/eecdc8f9-b96a-4aa0-8665-8f6261ac8e24/remove_router_interface 0.278s
2016-02-24 19:33:07,596 850 DEBUG    [tempest_lib.common.rest_client] Request - Headers: {'Content-Type': 'application/json', 'Accept': 'application/json', 'X-Auth-Token': '&lt;omitted&gt;'}
        Body: {"subnet_id": "ff443305-0944-4dbe-a2f6-97727e25d6ee"}
