<?xml version="1.0" encoding="UTF-8"?>
<!DOCTYPE html PUBLIC "-//W3C//DTD XHTML 1.0 Strict//EN"
     "http://www.w3.org/TR/xhtml1/DTD/xhtml1-strict.dtd">
<html xmlns="http://www.w3.org/1999/xhtml">
<head>
    <title>Unit Test Report</title>
    <meta name="generator" content="subunit2html 0.1"/>
    <meta http-equiv="Content-Type" content="text/html; charset=UTF-8"/>
    
<style type="text/css" media="screen">
body        { font-family: verdana, arial, helvetica, sans-serif;
    font-size: 80%; }
table       { font-size: 100%; width: 100%;}
pre         { font-size: 80%; }

/* -- heading -------------------------------------------------------------- */
h1 {
        font-size: 16pt;
        color: gray;
}
.heading {
    margin-top: 0ex;
    margin-bottom: 1ex;
}

.heading .attribute {
    margin-top: 1ex;
    margin-bottom: 0;
}

.heading .description {
    margin-top: 4ex;
    margin-bottom: 6ex;
}

/* -- css div popup -------------------------------------------------------- */
a.popup_link {
}

a.popup_link:hover {
    color: red;
}

.popup_window {
    display: none;
    overflow-x: scroll;
    /*border: solid #627173 1px; */
    padding: 10px;
    background-color: #E6E6D6;
    font-family: "Ubuntu Mono", "Lucida Console", "Courier New", monospace;
    text-align: left;
    font-size: 8pt;
}

}
/* -- report --------------------------------------------------------------- */
#show_detail_line {
    margin-top: 3ex;
    margin-bottom: 1ex;
}
#result_table {
    width: 100%;
    border-collapse: collapse;
    border: 1px solid #777;
}
#header_row {
    font-weight: bold;
    color: white;
    background-color: #777;
}
#result_table td {
    border: 1px solid #777;
    padding: 2px;
}
#total_row  { font-weight: bold; }
.passClass  { background-color: #6c6; }
.failClass  { background-color: #c60; }
.errorClass { background-color: #c00; }
.passCase   { color: #6c6; }
.failCase   { color: #c60; font-weight: bold; }
.errorCase  { color: #c00; font-weight: bold; }
.hiddenRow  { display: none; }
.testcase   { margin-left: 2em; }
td.testname {width: 40%}
td.small {width: 40px}

/* -- ending --------------------------------------------------------------- */
#ending {
}

</style>

</head>
<body>
<script language="javascript" type="text/javascript"><!--
output_list = Array();

/* level - 0:Summary; 1:Failed; 2:All */
function showCase(level) {
    trs = document.getElementsByTagName("tr");
    for (var i = 0; i < trs.length; i++) {
        tr = trs[i];
        id = tr.id;
        if (id.substr(0,2) == 'ft') {
            if (level < 1) {
                tr.className = 'hiddenRow';
            }
            else {
                tr.className = '';
            }
        }
        if (id.substr(0,2) == 'pt') {
            if (level > 1) {
                tr.className = '';
            }
            else {
                tr.className = 'hiddenRow';
            }
        }
    }
}


function showClassDetail(cid, count) {
    var id_list = Array(count);
    var toHide = 1;
    for (var i = 0; i < count; i++) {
        tid0 = 't' + cid.substr(1) + '.' + (i+1);
        tid = 'f' + tid0;
        tr = document.getElementById(tid);
        if (!tr) {
            tid = 'p' + tid0;
            tr = document.getElementById(tid);
        }
        id_list[i] = tid;
        if (tr.className) {
            toHide = 0;
        }
    }
    for (var i = 0; i < count; i++) {
        tid = id_list[i];
        if (toHide) {
            document.getElementById('div_'+tid).style.display = 'none'
            document.getElementById(tid).className = 'hiddenRow';
        }
        else {
            document.getElementById(tid).className = '';
        }
    }
}


function showTestDetail(div_id){
    var details_div = document.getElementById(div_id)
    var displayState = details_div.style.display
    // alert(displayState)
    if (displayState != 'block' ) {
        displayState = 'block'
        details_div.style.display = 'block'
    }
    else {
        details_div.style.display = 'none'
    }
}


function html_escape(s) {
    s = s.replace(/&/g,'&amp;');
    s = s.replace(/</g,'&lt;');
    s = s.replace(/>/g,'&gt;');
    return s;
}

/* obsoleted by detail in <div>
function showOutput(id, name) {
    var w = window.open("", //url
                    name,
                    "resizable,scrollbars,status,width=800,height=450");
    d = w.document;
    d.write("<pre>");
    d.write(html_escape(output_list[id]));
    d.write("\n");
    d.write("<a href='javascript:window.close()'>close</a>\n");
    d.write("</pre>\n");
    d.close();
}
*/
--></script>

<div class='heading'>
<h1>Unit Test Report</h1>

<p class='attribute'><strong>Status:</strong> Failure 8 Skip 1</p>

<p class='description'></p>
</div>



<p id='show_detail_line'>Show
<a href='javascript:showCase(0)'>Summary</a>
<a href='javascript:showCase(1)'>Failed</a>
<a href='javascript:showCase(2)'>All</a>
</p>
<table id='result_table'>
<colgroup>
<col align='left' />
<col align='right' />
<col align='right' />
<col align='right' />
<col align='right' />
<col align='right' />
<col align='right' />
<col align='right' />
</colgroup>
<tr id='header_row'>
    <td>Test Group/Test case</td>
    <td>Count</td>
    <td>Pass</td>
    <td>Fail</td>
    <td>Error</td>
    <td>Skip</td>
    <td>View</td>
    <td> </td>
</tr>

<tr class='failClass'>
    <td class="testname">tempest.scenario.test_network_basic_ops.TestNetworkBasicOps</td>
    <td class="small">9</td>
    <td class="small">0</td>
    <td class="small">8</td>
    <td class="small">0</td>
    <td class="small">1</td>
    <td class="small"><a href="javascript:showClassDetail('c1',9)"
>Detail</a></td>
    <td> </td>
</tr>

<tr id='ft1.1' class='none'>
    <td class='failCase'><div class='testcase'>test_connectivity_between_vms_on_different_networks[compute,id-1546850e-fbaa-42f5-8b5f-03d8a6a95f15,network]</div></td>
    <td colspan='7' align='left'>

    <!--css div popup start-->
    <a class="popup_link" onfocus='this.blur();'
    href="javascript:showTestDetail('div_ft1.1')" >
        fail</a>

    <div id='div_ft1.1' class="popup_window">
        <div style='text-align: right; color:red;cursor:pointer'>
        <a onfocus='this.blur();'
onclick="document.getElementById('div_ft1.1').style.display = 'none' " >
           [x]</a>
        </div>
        <pre>
        
ft1.1: tempest.scenario.test_network_basic_ops.TestNetworkBasicOps.test_connectivity_between_vms_on_different_networks[compute,id-1546850e-fbaa-42f5-8b5f-03d8a6a95f15,network]_StringException: Empty attachments:
  stderr
  stdout

pythonlogging:'': {{{
2016-02-24 01:06:44,608 27973 INFO     [tempest_lib.common.rest_client] Request (TestNetworkBasicOps:test_connectivity_between_vms_on_different_networks): 201 POST http://10.4.1.3:9696/v2.0/security-groups 0.400s
2016-02-24 01:06:44,609 27973 DEBUG    [tempest_lib.common.rest_client] Request - Headers: {'Content-Type': 'application/json', 'Accept': 'application/json', 'X-Auth-Token': '&lt;omitted&gt;'}
        Body: {"security_group": {"tenant_id": "9443e2f6778947f7a320c898a0aaf6ef", "description": "tempest-secgroup-smoke-721453150 description", "name": "tempest-secgroup-smoke-721453150"}}
    Response - Headers: {'status': '201', 'content-length': '886', 'connection': 'close', 'date': 'Wed, 24 Feb 2016 01:06:44 GMT', 'content-type': 'application/json; charset=UTF-8', 'x-openstack-request-id': 'req-963c5f4f-805c-4350-9eac-72ef33c4e507'}
        Body: {"security_group": {"tenant_id": "9443e2f6778947f7a320c898a0aaf6ef", "description": "tempest-secgroup-smoke-721453150 description", "id": "aa95c67f-ecc4-4fce-a216-e0c80e431d76", "security_group_rules": [{"remote_group_id": null, "direction": "egress", "remote_ip_prefix": null, "protocol": null, "ethertype": "IPv4", "tenant_id": "9443e2f6778947f7a320c898a0aaf6ef", "port_range_max": null, "port_range_min": null, "id": "52c58ceb-aab9-48be-bc7f-8fea9d09cd94", "security_group_id": "aa95c67f-ecc4-4fce-a216-e0c80e431d76"}, {"remote_group_id": null, "direction": "egress", "remote_ip_prefix": null, "protocol": null, "ethertype": "IPv6", "tenant_id": "9443e2f6778947f7a320c898a0aaf6ef", "port_range_max": null, "port_range_min": null, "id": "89367772-fd0c-4e6a-8a10-9fb3734c3101", "security_group_id": "aa95c67f-ecc4-4fce-a216-e0c80e431d76"}], "name": "tempest-secgroup-smoke-721453150"}}
2016-02-24 01:06:44,899 27973 INFO     [tempest_lib.common.rest_client] Request (TestNetworkBasicOps:test_connectivity_between_vms_on_different_networks): 201 POST http://10.4.1.3:9696/v2.0/security-group-rules 0.288s
2016-02-24 01:06:44,900 27973 DEBUG    [tempest_lib.common.rest_client] Request - Headers: {'Content-Type': 'application/json', 'Accept': 'application/json', 'X-Auth-Token': '&lt;omitted&gt;'}
        Body: {"security_group_rule": {"direction": "ingress", "protocol": "tcp", "tenant_id": "9443e2f6778947f7a320c898a0aaf6ef", "port_range_max": 22, "security_group_id": "aa95c67f-ecc4-4fce-a216-e0c80e431d76", "port_range_min": 22}}
    Response - Headers: {'status': '201', 'content-length': '340', 'connection': 'close', 'date': 'Wed, 24 Feb 2016 01:06:44 GMT', 'content-type': 'application/json; charset=UTF-8', 'x-openstack-request-id': 'req-13f4001b-7a0e-46b1-90b4-0d80bcf9dafb'}
        Body: {"security_group_rule": {"remote_group_id": null, "direction": "ingress", "remote_ip_prefix": null, "protocol": "tcp", "ethertype": "IPv4", "tenant_id": "9443e2f6778947f7a320c898a0aaf6ef", "port_range_max": 22, "port_range_min": 22, "id": "c76eef63-a9f8-4dd0-88ee-db9130935637", "security_group_id": "aa95c67f-ecc4-4fce-a216-e0c80e431d76"}}
2016-02-24 01:06:45,236 27973 INFO     [tempest_lib.common.rest_client] Request (TestNetworkBasicOps:test_connectivity_between_vms_on_different_networks): 201 POST http://10.4.1.3:9696/v2.0/security-group-rules 0.335s
2016-02-24 01:06:45,237 27973 DEBUG    [tempest_lib.common.rest_client] Request - Headers: {'Content-Type': 'application/json', 'Accept': 'application/json', 'X-Auth-Token': '&lt;omitted&gt;'}
        Body: {"security_group_rule": {"direction": "egress", "protocol": "tcp", "tenant_id": "9443e2f6778947f7a320c898a0aaf6ef", "port_range_max": 22, "security_group_id": "aa95c67f-ecc4-4fce-a216-e0c80e431d76", "port_range_min": 22}}
    Response - Headers: {'status': '201', 'content-length': '339', 'connection': 'close', 'date': 'Wed, 24 Feb 2016 01:06:45 GMT', 'content-type': 'application/json; charset=UTF-8', 'x-openstack-request-id': 'req-d6c06ff3-bf7d-46fa-b3ff-1422bee5a008'}
        Body: {"security_group_rule": {"remote_group_id": null, "direction": "egress", "remote_ip_prefix": null, "protocol": "tcp", "ethertype": "IPv4", "tenant_id": "9443e2f6778947f7a320c898a0aaf6ef", "port_range_max": 22, "port_range_min": 22, "id": "a79f0583-84bc-48d1-947c-763e2ea438bc", "security_group_id": "aa95c67f-ecc4-4fce-a216-e0c80e431d76"}}
2016-02-24 01:06:45,589 27973 INFO     [tempest_lib.common.rest_client] Request (TestNetworkBasicOps:test_connectivity_between_vms_on_different_networks): 201 POST http://10.4.1.3:9696/v2.0/security-group-rules 0.350s
2016-02-24 01:06:45,589 27973 DEBUG    [tempest_lib.common.rest_client] Request - Headers: {'Content-Type': 'application/json', 'Accept': 'application/json', 'X-Auth-Token': '&lt;omitted&gt;'}
        Body: {"security_group_rule": {"tenant_id": "9443e2f6778947f7a320c898a0aaf6ef", "direction": "ingress", "protocol": "icmp", "security_group_id": "aa95c67f-ecc4-4fce-a216-e0c80e431d76"}}
    Response - Headers: {'status': '201', 'content-length': '345', 'connection': 'close', 'date': 'Wed, 24 Feb 2016 01:06:45 GMT', 'content-type': 'application/json; charset=UTF-8', 'x-openstack-request-id': 'req-2a4bea82-cdc1-4eec-9457-62756313c44d'}
        Body: {"security_group_rule": {"remote_group_id": null, "direction": "ingress", "remote_ip_prefix": null, "protocol": "icmp", "ethertype": "IPv4", "tenant_id": "9443e2f6778947f7a320c898a0aaf6ef", "port_range_max": null, "port_range_min": null, "id": "52875267-f413-40f1-adec-64c9a5e52b1d", "security_group_id": "aa95c67f-ecc4-4fce-a216-e0c80e431d76"}}
2016-02-24 01:06:45,926 27973 INFO     [tempest_lib.common.rest_client] Request (TestNetworkBasicOps:test_connectivity_between_vms_on_different_networks): 201 POST http://10.4.1.3:9696/v2.0/security-group-rules 0.335s
2016-02-24 01:06:45,927 27973 DEBUG    [tempest_lib.common.rest_client] Request - Headers: {'Content-Type': 'application/json', 'Accept': 'application/json', 'X-Auth-Token': '&lt;omitted&gt;'}
        Body: {"security_group_rule": {"tenant_id": "9443e2f6778947f7a320c898a0aaf6ef", "direction": "egress", "protocol": "icmp", "security_group_id": "aa95c67f-ecc4-4fce-a216-e0c80e431d76"}}
    Response - Headers: {'status': '201', 'content-length': '344', 'connection': 'close', 'date': 'Wed, 24 Feb 2016 01:06:45 GMT', 'content-type': 'application/json; charset=UTF-8', 'x-openstack-request-id': 'req-20b0b56a-d029-4761-bab2-8d2759305520'}
        Body: {"security_group_rule": {"remote_group_id": null, "direction": "egress", "remote_ip_prefix": null, "protocol": "icmp", "ethertype": "IPv4", "tenant_id": "9443e2f6778947f7a320c898a0aaf6ef", "port_range_max": null, "port_range_min": null, "id": "cd003b48-dbe6-4631-ac7d-21671c0cf006", "security_group_id": "aa95c67f-ecc4-4fce-a216-e0c80e431d76"}}
2016-02-24 01:06:46,286 27973 INFO     [tempest_lib.common.rest_client] Request (TestNetworkBasicOps:test_connectivity_between_vms_on_different_networks): 201 POST http://10.4.1.3:9696/v2.0/security-group-rules 0.358s
2016-02-24 01:06:46,287 27973 DEBUG    [tempest_lib.common.rest_client] Request - Headers: {'Content-Type': 'application/json', 'Accept': 'application/json', 'X-Auth-Token': '&lt;omitted&gt;'}
        Body: {"security_group_rule": {"tenant_id": "9443e2f6778947f7a320c898a0aaf6ef", "direction": "ingress", "security_group_id": "aa95c67f-ecc4-4fce-a216-e0c80e431d76", "protocol": "icmp", "ethertype": "IPv6"}}
    Response - Headers: {'status': '201', 'content-length': '345', 'connection': 'close', 'date': 'Wed, 24 Feb 2016 01:06:46 GMT', 'content-type': 'application/json; charset=UTF-8', 'x-openstack-request-id': 'req-3194b0f1-9663-4d17-a282-f70930664f2c'}
        Body: {"security_group_rule": {"remote_group_id": null, "direction": "ingress", "remote_ip_prefix": null, "protocol": "icmp", "ethertype": "IPv6", "tenant_id": "9443e2f6778947f7a320c898a0aaf6ef", "port_range_max": null, "port_range_min": null, "id": "44f0d858-e91e-452b-90b0-f3a2e47e2dbc", "security_group_id": "aa95c67f-ecc4-4fce-a216-e0c80e431d76"}}
2016-02-24 01:06:46,632 27973 INFO     [tempest_lib.common.rest_client] Request (TestNetworkBasicOps:test_connectivity_between_vms_on_different_networks): 201 POST http://10.4.1.3:9696/v2.0/security-group-rules 0.344s
2016-02-24 01:06:46,634 27973 DEBUG    [tempest_lib.common.rest_client] Request - Headers: {'Content-Type': 'application/json', 'Accept': 'application/json', 'X-Auth-Token': '&lt;omitted&gt;'}
        Body: {"security_group_rule": {"tenant_id": "9443e2f6778947f7a320c898a0aaf6ef", "direction": "egress", "security_group_id": "aa95c67f-ecc4-4fce-a216-e0c80e431d76", "protocol": "icmp", "ethertype": "IPv6"}}
    Response - Headers: {'status': '201', 'content-length': '344', 'connection': 'close', 'date': 'Wed, 24 Feb 2016 01:06:46 GMT', 'content-type': 'application/json; charset=UTF-8', 'x-openstack-request-id': 'req-75e833f6-306a-41f4-abb8-6a0362e92675'}
        Body: {"security_group_rule": {"remote_group_id": null, "direction": "egress", "remote_ip_prefix": null, "protocol": "icmp", "ethertype": "IPv6", "tenant_id": "9443e2f6778947f7a320c898a0aaf6ef", "port_range_max": null, "port_range_min": null, "id": "a3976623-3631-4540-b999-d75fe8902ae5", "security_group_id": "aa95c67f-ecc4-4fce-a216-e0c80e431d76"}}
2016-02-24 01:06:47,118 27973 INFO     [tempest_lib.common.rest_client] Request (TestNetworkBasicOps:test_connectivity_between_vms_on_different_networks): 201 POST http://10.4.1.3:9696/v2.0/networks 0.481s
2016-02-24 01:06:47,118 27973 DEBUG    [tempest_lib.common.rest_client] Request - Headers: {'Content-Type': 'application/json', 'Accept': 'application/json', 'X-Auth-Token': '&lt;omitted&gt;'}
        Body: {"network": {"tenant_id": "9443e2f6778947f7a320c898a0aaf6ef", "name": "tempest-network-smoke--578232351"}}
    Response - Headers: {'status': '201', 'content-length': '355', 'connection': 'close', 'date': 'Wed, 24 Feb 2016 01:06:47 GMT', 'content-type': 'application/json; charset=UTF-8', 'x-openstack-request-id': 'req-1e3fc643-afd4-4d17-ad41-304ea9d1b688'}
        Body: {"network": {"status": "ACTIVE", "subnets": [], "availability_zone_hints": [], "availability_zones": [], "name": "tempest-network-smoke--578232351", "admin_state_up": true, "tenant_id": "9443e2f6778947f7a320c898a0aaf6ef", "mtu": 1450, "router:external": false, "shared": false, "port_security_enabled": true, "id": "03ebcb31-3106-4a5d-b091-9da11d70bd50"}}
2016-02-24 01:06:47,424 27973 INFO     [tempest_lib.common.rest_client] Request (TestNetworkBasicOps:test_connectivity_between_vms_on_different_networks): 201 POST http://10.4.1.3:9696/v2.0/routers 0.304s
2016-02-24 01:06:47,425 27973 DEBUG    [tempest_lib.common.rest_client] Request - Headers: {'Content-Type': 'application/json', 'Accept': 'application/json', 'X-Auth-Token': '&lt;omitted&gt;'}
        Body: {"router": {"tenant_id": "9443e2f6778947f7a320c898a0aaf6ef", "name": "tempest-router-smoke-410660629", "admin_state_up": true}}
    Response - Headers: {'status': '201', 'content-length': '238', 'connection': 'close', 'date': 'Wed, 24 Feb 2016 01:06:47 GMT', 'content-type': 'application/json; charset=UTF-8', 'x-openstack-request-id': 'req-8f447c8c-0053-4875-96aa-71d0fabc95d5'}
        Body: {"router": {"status": "ACTIVE", "external_gateway_info": null, "name": "tempest-router-smoke-410660629", "admin_state_up": true, "tenant_id": "9443e2f6778947f7a320c898a0aaf6ef", "routes": [], "id": "46a56fb1-8ee4-45a7-b0aa-74cc3c6a88d5"}}
2016-02-24 01:06:47,692 27973 INFO     [tempest_lib.common.rest_client] Request (TestNetworkBasicOps:test_connectivity_between_vms_on_different_networks): 200 GET http://10.4.1.3:9696/v2.0/routers/46a56fb1-8ee4-45a7-b0aa-74cc3c6a88d5 0.266s
2016-02-24 01:06:47,692 27973 DEBUG    [tempest_lib.common.rest_client] Request - Headers: {'Content-Type': 'application/json', 'Accept': 'application/json', 'X-Auth-Token': '&lt;omitted&gt;'}
        Body: None
    Response - Headers: {'status': '200', 'content-length': '238', 'content-location': 'http://10.4.1.3:9696/v2.0/routers/46a56fb1-8ee4-45a7-b0aa-74cc3c6a88d5', 'connection': 'close', 'date': 'Wed, 24 Feb 2016 01:06:47 GMT', 'content-type': 'application/json; charset=UTF-8', 'x-openstack-request-id': 'req-1398a7a6-50e2-4832-a2ac-4e11b51f055b'}
        Body: {"router": {"status": "ACTIVE", "external_gateway_info": null, "name": "tempest-router-smoke-410660629", "admin_state_up": true, "tenant_id": "9443e2f6778947f7a320c898a0aaf6ef", "routes": [], "id": "46a56fb1-8ee4-45a7-b0aa-74cc3c6a88d5"}}
2016-02-24 01:06:48,588 27973 INFO     [tempest_lib.common.rest_client] Request (TestNetworkBasicOps:test_connectivity_between_vms_on_different_networks): 200 PUT http://10.4.1.3:9696/v2.0/routers/46a56fb1-8ee4-45a7-b0aa-74cc3c6a88d5 0.895s
2016-02-24 01:06:48,589 27973 DEBUG    [tempest_lib.common.rest_client] Request - Headers: {'Content-Type': 'application/json', 'Accept': 'application/json', 'X-Auth-Token': '&lt;omitted&gt;'}
        Body: {"router": {"external_gateway_info": {"network_id": "f8571ca0-ce3a-49e2-a047-f159d3616beb"}, "name": "tempest-router-smoke-410660629", "admin_state_up": true}}
    Response - Headers: {'status': '200', 'content-length': '500', 'connection': 'close', 'date': 'Wed, 24 Feb 2016 01:06:48 GMT', 'content-type': 'application/json; charset=UTF-8', 'x-openstack-request-id': 'req-1bfd009d-6c15-47a7-a476-d1f403a44033'}
        Body: {"router": {"status": "ACTIVE", "external_gateway_info": {"network_id": "f8571ca0-ce3a-49e2-a047-f159d3616beb", "enable_snat": true, "external_fixed_ips": [{"subnet_id": "a39a3357-54f4-4989-b0a2-8e8dad893c46", "ip_address": "172.24.4.3"}, {"subnet_id": "e3a45793-15fe-4283-bbc2-de69ba2517a5", "ip_address": "2001:db8::3"}]}, "name": "tempest-router-smoke-410660629", "admin_state_up": true, "tenant_id": "9443e2f6778947f7a320c898a0aaf6ef", "routes": [], "id": "46a56fb1-8ee4-45a7-b0aa-74cc3c6a88d5"}}
2016-02-24 01:06:48,878 27973 INFO     [tempest_lib.common.rest_client] Request (TestNetworkBasicOps:test_connectivity_between_vms_on_different_networks): 200 GET http://10.4.1.3:9696/v2.0/subnets?tenant_id=9443e2f6778947f7a320c898a0aaf6ef&amp;cidr=10.100.0.0%2F28 0.288s
2016-02-24 01:06:48,879 27973 DEBUG    [tempest_lib.common.rest_client] Request - Headers: {'Content-Type': 'application/json', 'Accept': 'application/json', 'X-Auth-Token': '&lt;omitted&gt;'}
        Body: None
    Response - Headers: {'status': '200', 'content-length': '15', 'content-location': 'http://10.4.1.3:9696/v2.0/subnets?tenant_id=9443e2f6778947f7a320c898a0aaf6ef&amp;cidr=10.100.0.0%2F28', 'connection': 'close', 'date': 'Wed, 24 Feb 2016 01:06:48 GMT', 'content-type': 'application/json; charset=UTF-8', 'x-openstack-request-id': 'req-67c17b48-e683-45ce-8608-686c1d298772'}
        Body: {"subnets": []}
2016-02-24 01:06:49,446 27973 INFO     [tempest_lib.common.rest_client] Request (TestNetworkBasicOps:test_connectivity_between_vms_on_different_networks): 201 POST http://10.4.1.3:9696/v2.0/subnets 0.566s
2016-02-24 01:06:49,447 27973 DEBUG    [tempest_lib.common.rest_client] Request - Headers: {'Content-Type': 'application/json', 'Accept': 'application/json', 'X-Auth-Token': '&lt;omitted&gt;'}
        Body: {"subnet": {"ip_version": 4, "tenant_id": "9443e2f6778947f7a320c898a0aaf6ef", "cidr": "10.100.0.0/28", "network_id": "03ebcb31-3106-4a5d-b091-9da11d70bd50", "name": "tempest-subnet-smoke-757655057"}}
    Response - Headers: {'status': '201', 'content-length': '477', 'connection': 'close', 'date': 'Wed, 24 Feb 2016 01:06:49 GMT', 'content-type': 'application/json; charset=UTF-8', 'x-openstack-request-id': 'req-d3e56f62-a096-4147-b458-115d1b96a504'}
        Body: {"subnet": {"name": "tempest-subnet-smoke-757655057", "enable_dhcp": true, "network_id": "03ebcb31-3106-4a5d-b091-9da11d70bd50", "tenant_id": "9443e2f6778947f7a320c898a0aaf6ef", "dns_nameservers": [], "gateway_ip": "10.100.0.1", "ipv6_ra_mode": null, "allocation_pools": [{"start": "10.100.0.2", "end": "10.100.0.14"}], "host_routes": [], "ip_version": 4, "ipv6_address_mode": null, "cidr": "10.100.0.0/28", "id": "ef8f606e-79d4-4fbd-9270-b8899cdf13cf", "subnetpool_id": null}}
2016-02-24 01:06:50,159 27973 INFO     [tempest_lib.common.rest_client] Request (TestNetworkBasicOps:test_connectivity_between_vms_on_different_networks): 200 PUT http://10.4.1.3:9696/v2.0/routers/46a56fb1-8ee4-45a7-b0aa-74cc3c6a88d5/add_router_interface 0.711s
2016-02-24 01:06:50,160 27973 DEBUG    [tempest_lib.common.rest_client] Request - Headers: {'Content-Type': 'application/json', 'Accept': 'application/json', 'X-Auth-Token': '&lt;omitted&gt;'}
        Body: {"subnet_id": "ef8f606e-79d4-4fbd-9270-b8899cdf13cf"}
    Response - Headers: {'status': '200', 'content-length': '309', 'connection': 'close', 'date': 'Wed, 24 Feb 2016 01:06:50 GMT', 'content-type': 'application/json; charset=UTF-8', 'x-openstack-request-id': 'req-ec18e191-fa53-4a83-917e-4ee8cf438340'}
        Body: {"network_id": "03ebcb31-3106-4a5d-b091-9da11d70bd50", "tenant_id": "9443e2f6778947f7a320c898a0aaf6ef", "subnet_id": "ef8f606e-79d4-4fbd-9270-b8899cdf13cf", "subnet_ids": ["ef8f606e-79d4-4fbd-9270-b8899cdf13cf"], "port_id": "bb24e93a-c4fc-42b4-ba9d-e8910edf0205", "id": "46a56fb1-8ee4-45a7-b0aa-74cc3c6a88d5"}
2016-02-24 01:06:50,532 27973 INFO     [tempest_lib.common.rest_client] Request (TestNetworkBasicOps:test_connectivity_between_vms_on_different_networks): 200 GET http://10.4.1.3:9696/v2.0/networks 0.372s
2016-02-24 01:06:50,532 27973 DEBUG    [tempest_lib.common.rest_client] Request - Headers: {'Content-Type': 'application/json', 'Accept': 'application/json', 'X-Auth-Token': '&lt;omitted&gt;'}
        Body: None
    Response - Headers: {'status': '200', 'content-length': '1535', 'content-location': 'http://10.4.1.3:9696/v2.0/networks', 'connection': 'close', 'date': 'Wed, 24 Feb 2016 01:06:50 GMT', 'content-type': 'application/json; charset=UTF-8', 'x-openstack-request-id': 'req-509dae6d-415e-40a3-9752-d7b9825ed4c1'}
        Body: {"networks": [{"status": "ACTIVE", "subnets": ["a39a3357-54f4-4989-b0a2-8e8dad893c46", "e3a45793-15fe-4283-bbc2-de69ba2517a5"], "availability_zone_hints": [], "availability_zones": ["nova"], "name": "public", "provider:physical_network": null, "admin_state_up": true, "tenant_id": "c5027a47c0e6470e83a91daa27550e14", "mtu": 1450, "is_default": true, "router:external": true, "shared": false, "port_security_enabled": true, "provider:network_type": "vxlan", "id": "f8571ca0-ce3a-49e2-a047-f159d3616beb", "provider:segmentation_id": 1064}, {"status": "ACTIVE", "subnets": ["e7c01277-20a9-40c7-a011-686c0f9b7d02", "6c153237-fee3-4244-9c7b-700354f98246"], "availability_zone_hints": [], "availability_zones": ["nova"], "name": "private", "provider:physical_network": null, "admin_state_up": true, "tenant_id": "25b139dfb47947169fd65f070c49240a", "mtu": 1450, "router:external": false, "shared": false, "port_security_enabled": true, "provider:network_type": "vxlan", "id": "8aad6a96-639a-48fc-ac18-ce3c4926e4d1", "provider:segmentation_id": 1091}, {"status": "ACTIVE", "subnets": ["ef8f606e-79d4-4fbd-9270-b8899cdf13cf"], "availability_zone_hints": [], "availability_zones": ["nova"], "name": "tempest-network-smoke--578232351", "provider:physical_network": null, "admin_state_up": true, "tenant_id": "9443e2f6778947f7a320c898a0aaf6ef", "mtu": 1450, "router:external": false, "shared": false, "port_security_enabled": true, "provider:network_type": "vxlan", "id": "03ebcb31-3106-4a5d-b091-9da11d70bd50", "provider:segmentation_id": 1062}]}
2016-02-24 01:06:50,789 27973 INFO     [tempest_lib.common.rest_client] Request (TestNetworkBasicOps:test_connectivity_between_vms_on_different_networks): 200 GET http://10.4.1.3:9696/v2.0/subnets 0.256s
2016-02-24 01:06:50,789 27973 DEBUG    [tempest_lib.common.rest_client] Request - Headers: {'Content-Type': 'application/json', 'Accept': 'application/json', 'X-Auth-Token': '&lt;omitted&gt;'}
        Body: None
    Response - Headers: {'status': '200', 'content-length': '2407', 'content-location': 'http://10.4.1.3:9696/v2.0/subnets', 'connection': 'close', 'date': 'Wed, 24 Feb 2016 01:06:50 GMT', 'content-type': 'application/json; charset=UTF-8', 'x-openstack-request-id': 'req-46bace4e-777c-4a2e-8e88-17a66297a29c'}
        Body: {"subnets": [{"name": "public-subnet", "enable_dhcp": false, "network_id": "f8571ca0-ce3a-49e2-a047-f159d3616beb", "tenant_id": "c5027a47c0e6470e83a91daa27550e14", "dns_nameservers": [], "gateway_ip": "172.24.4.1", "ipv6_ra_mode": null, "allocation_pools": [{"start": "172.24.4.2", "end": "172.24.4.254"}], "host_routes": [], "ip_version": 4, "ipv6_address_mode": null, "cidr": "172.24.4.0/24", "id": "a39a3357-54f4-4989-b0a2-8e8dad893c46", "subnetpool_id": null}, {"name": "tempest-subnet-smoke-757655057", "enable_dhcp": true, "network_id": "03ebcb31-3106-4a5d-b091-9da11d70bd50", "tenant_id": "9443e2f6778947f7a320c898a0aaf6ef", "dns_nameservers": [], "gateway_ip": "10.100.0.1", "ipv6_ra_mode": null, "allocation_pools": [{"start": "10.100.0.2", "end": "10.100.0.14"}], "host_routes": [], "ip_version": 4, "ipv6_address_mode": null, "cidr": "10.100.0.0/28", "id": "ef8f606e-79d4-4fbd-9270-b8899cdf13cf", "subnetpool_id": null}, {"name": "ipv6-private-subnet", "enable_dhcp": true, "network_id": "8aad6a96-639a-48fc-ac18-ce3c4926e4d1", "tenant_id": "25b139dfb47947169fd65f070c49240a", "dns_nameservers": [], "gateway_ip": "fdee:71a8:48d1::1", "ipv6_ra_mode": "slaac", "allocation_pools": [{"start": "fdee:71a8:48d1::2", "end": "fdee:71a8:48d1:0:ffff:ffff:ffff:ffff"}], "host_routes": [], "ip_version": 6, "ipv6_address_mode": "slaac", "cidr": "fdee:71a8:48d1::/64", "id": "e7c01277-20a9-40c7-a011-686c0f9b7d02", "subnetpool_id": null}, {"name": "private-subnet", "enable_dhcp": true, "network_id": "8aad6a96-639a-48fc-ac18-ce3c4926e4d1", "tenant_id": "25b139dfb47947169fd65f070c49240a", "dns_nameservers": [], "gateway_ip": "10.0.0.1", "ipv6_ra_mode": null, "allocation_pools": [{"start": "10.0.0.2", "end": "10.0.0.254"}], "host_routes": [], "ip_version": 4, "ipv6_address_mode": null, "cidr": "10.0.0.0/24", "id": "6c153237-fee3-4244-9c7b-700354f98246", "subnetpool_id": null}, {"name": "ipv6-public-subnet", "enable_dhcp": false, "network_id": "f8571ca0-ce3a-49e2-a047-f159d3616beb", "tenant_id": "c5027a47c0e6470e83a91daa27550e14", "dns_nameservers": [], "gateway_ip": "2001:db8::2", "ipv6_ra_mode": null, "allocation_pools": [{"start": "2001:db8::3", "end": "2001:db8::ffff:ffff:ffff:ffff"}, {"start": "2001:db8::1", "end": "2001:db8::1"}], "host_routes": [], "ip_version": 6, "ipv6_address_mode": null, "cidr": "2001:db8::/64", "id": "e3a45793-15fe-4283-bbc2-de69ba2517a5", "subnetpool_id": null}]}
2016-02-24 01:06:51,038 27973 INFO     [tempest_lib.common.rest_client] Request (TestNetworkBasicOps:test_connectivity_between_vms_on_different_networks): 200 GET http://10.4.1.3:9696/v2.0/routers 0.247s
2016-02-24 01:06:51,038 27973 DEBUG    [tempest_lib.common.rest_client] Request - Headers: {'Content-Type': 'application/json', 'Accept': 'application/json', 'X-Auth-Token': '&lt;omitted&gt;'}
        Body: None
    Response - Headers: {'status': '200', 'content-length': '1014', 'content-location': 'http://10.4.1.3:9696/v2.0/routers', 'connection': 'close', 'date': 'Wed, 24 Feb 2016 01:06:51 GMT', 'content-type': 'application/json; charset=UTF-8', 'x-openstack-request-id': 'req-035842de-a900-4991-9107-ca491f86693e'}
        Body: {"routers": [{"status": "ACTIVE", "external_gateway_info": {"network_id": "f8571ca0-ce3a-49e2-a047-f159d3616beb", "enable_snat": true, "external_fixed_ips": [{"subnet_id": "a39a3357-54f4-4989-b0a2-8e8dad893c46", "ip_address": "172.24.4.2"}, {"subnet_id": "e3a45793-15fe-4283-bbc2-de69ba2517a5", "ip_address": "2001:db8::1"}]}, "name": "router1", "admin_state_up": true, "tenant_id": "25b139dfb47947169fd65f070c49240a", "distributed": false, "routes": [], "id": "4101c660-f4fe-4efc-a3ec-981bd028c123"}, {"status": "ACTIVE", "external_gateway_info": {"network_id": "f8571ca0-ce3a-49e2-a047-f159d3616beb", "enable_snat": true, "external_fixed_ips": [{"subnet_id": "a39a3357-54f4-4989-b0a2-8e8dad893c46", "ip_address": "172.24.4.3"}, {"subnet_id": "e3a45793-15fe-4283-bbc2-de69ba2517a5", "ip_address": "2001:db8::3"}]}, "name": "tempest-router-smoke-410660629", "admin_state_up": true, "tenant_id": "9443e2f6778947f7a320c898a0aaf6ef", "distributed": false, "routes": [], "id": "46a56fb1-8ee4-45a7-b0aa-74cc3c6a88d5"}]}
2016-02-24 01:06:51,393 27973 INFO     [tempest_lib.common.rest_client] Request (TestNetworkBasicOps:test_connectivity_between_vms_on_different_networks): 200 POST http://10.4.1.3:8774/v2.1/9443e2f6778947f7a320c898a0aaf6ef/os-keypairs 0.352s
2016-02-24 01:06:51,393 27973 DEBUG    [tempest_lib.common.rest_client] Request - Headers: {'Content-Type': 'application/json', 'Accept': 'application/json', 'X-Auth-Token': '&lt;omitted&gt;'}
        Body: {"keypair": {"name": "tempest-TestNetworkBasicOps-1255828231"}}
    Response - Headers: {'status': '200', 'content-length': '2325', 'x-compute-request-id': 'req-1e5db334-8c49-4e9a-9475-993b94e76b3e', 'vary': 'X-OpenStack-Nova-API-Version', 'connection': 'close', 'x-openstack-nova-api-version': '2.1', 'date': 'Wed, 24 Feb 2016 01:06:51 GMT', 'content-type': 'application/json'}
        Body: {"keypair": {"public_key": "ssh-rsa AAAAB3NzaC1yc2EAAAADAQABAAABAQDZ77IGgBlG1vbMoTLTmH6s7HyhHM97UMulK6k3QYLOEsmrTTbQT228XihnKbPKDmAa1VnKmRltYmnEvs6oDzznLie87fxs0sGB+Q1yVxzOduRa0MvrMIiuWw6ktQAjn4QvLUl/zwjaVwwAu8vWpmac+yeyZvEFx4iex78P3xfUWLU4GLSPYk3jhIdYsIZJNh0RNrH7WE7SzYAoyEgWoxqjPda08Ce4W+vOKJBiCTIHhpAgGiqX9eCnndlmmwjQW3dBpAERfrkkIWGqEGGN7sz2RIL5d63wAjIThC5/jZ2gMu0IFA3YRozt8J4q0B25Frq2+5qzDJw/qT4IeNkVbjVn Generated-by-Nova", "private_key": "-----BEGIN RSA PRIVATE KEY-----\nMIIEqgIBAAKCAQEA2e+yBoAZRtb2zKEy05h+rOx8oRzPe1DLpSupN0GCzhLJq002\n0E9tvF4oZymzyg5gGtVZypkZbWJpxL7OqA885y4nvO38bNLBgfkNclccznbkWtDL\n6zCIrlsOpLUAI5+ELy1Jf88I2lcMALvL1qZmnPsnsmbxBceInse/D98X1Fi1OBi0\nj2JN44SHWLCGSTYdETax+1hO0s2AKMhIFqMaoz3WtPAnuFvrziiQYgkyB4aQIBoq\nl/Xgp53ZZpsI0Ft3QaQBEX65JCFhqhBhje7M9kSC+Xet8AIyE4Quf42doDLtCBQN\n2EaM7fCeKtAduRa6tvuaswycP6k+CHjZFW41ZwIDAQABAoIBAEGoFNogfXz6BiBf\n8BAPQRqXpHRlWZytGq0IGlKrSd0Li/YvrPPU+hplw4ZQ6flVm156KDMBLMfnfjXn\nxhqbfJ2pKg+hIwsl82ZUwdhQpj0NVH6HqOeSF5tvk1nLrd8Nj6Um353BocklsFgI\nO8DPINrqT2tP2A0FsAMl6km9zFAMWtHZfaKYwjOjZXDdUDZ6TCl9ACAjddCKTSOP\n8oXVLQ7BZArOW8AZujlntK7FQ04M3uiyidx9co1tPUaRLsoWE4jCG8vTtIwjHc4S\nMhk9WKw7EZNjF3jaJl1WP1JY2ZXZf7Sj/+zRCWQTZp6FUw2+QxuCfLuvetavDZB0\nA0lRZwECggCBANsDMSlO6J/OAdtjSKSdA2EBpeqatvg4H1kerMw1tcqAevaZmCVI\nfo9TBK9x3iRRFmW46Oox/bJ0m/sBgISamaxMr/6n2QZWd3RVxpjPshlpS68j0dey\nEG5RjiNJxmhFxk/9VVhvM3bdoDMdpln07iW1jZmsjB2qO6K7WJEPRqFdAoIAgQD+\nvfoDoHG8B77sbAjaXNBd07MXfgrbHcplguJa0Xm5Dqh+B5q5o91vUZ/BHQ6a8mP3\nFuNsLxtAuq+T3nwok3a5i7M5akat05SjQJR3RbZz8fRKuf7m5BhcjiQkaH+wZCJ6\n1gDT5VPwcrCJ7/bq73/o5fkZh2F/v57tC4y7Z2PxkwKCAIEAqQyLs9Deqgr/T/IQ\nrk8rvoLhKHcHaA0Z1VZiFrYWfhoxz4q673xHhCWWZj3EM9ALM7VIwwyXQFnV1CdS\npggXOfFvn2a7k7LGPZu/0U/vrsGh06wYWx9so1p8Fizp4q6I5lEqwToERWnIL+xg\n7Oqrr5u1krqm5Hbz1SY6tK1P3VkCggCBAPcLvFwqDELC7EiSGR/TpQtpVCSzSsnn\nITLC9MwInFh4u7TFoSrpnMTpTtnUWSaxbXriSpnPMUncAoyP1q7vG9OjhKNoyrSn\nHV4ZMiJdjCzzd+vEZ0z55hpUiv54DWU+JyYjRlg47eehAk4zVq3OqKhv5tz4Kvje\nF71hVxEjmoxbAoIAgQCEHyq0Ut7J+2V+n3yImTa5rFWSIWdmfLAsP1Cax4+wJKx6\n1q7G+dbAWTTyZpp8XvzPtTeZ8PjRDZuFPYOQwNQfGEwSQGZ/xC1olTrM7yP8QMWZ\n1GsqaxR1G+zvo/fKCaIR/ALxteKeJ41s+hYyeGdjdhKPmV2H4ARfG+9VEU4LXw==\n-----END RSA PRIVATE KEY-----\n", "user_id": "78f5a76a2c634fdcbebe59e772d4a714", "name": "tempest-TestNetworkBasicOps-1255828231", "fingerprint": "d0:12:30:7d:c7:9a:d1:b1:40:20:31:ed:9e:69:1c:40"}}
2016-02-24 01:06:51,600 27973 INFO     [tempest_lib.common.rest_client] Request (TestNetworkBasicOps:test_connectivity_between_vms_on_different_networks): 200 POST http://10.4.1.3:5000/v2.0/tokens
2016-02-24 01:06:51,601 27973 DEBUG    [tempest_lib.common.rest_client] Request - Headers: {'Content-Type': 'application/json', 'Accept': 'application/json'}
        Body: &lt;omitted&gt;
    Response - Headers: {'status': '200', 'content-length': '2260', 'vary': 'X-Auth-Token', 'server': 'Apache/2.4.7 (Ubuntu)', 'connection': 'close', 'date': 'Wed, 24 Feb 2016 01:06:51 GMT', 'content-type': 'application/json', 'x-openstack-request-id': 'req-a8c5b630-f909-456d-8f89-d73ddceb0501'}
        Body: {"access": {"token": {"issued_at": "2016-02-24T01:06:51.589956", "expires": "2016-02-24T02:06:51Z", "id": "c9c935408fa34ce68951b1a6cd75bd92", "tenant": {"description": "tempest-TestNetworkBasicOps-1574897581-desc", "enabled": true, "id": "9443e2f6778947f7a320c898a0aaf6ef", "name": "tempest-TestNetworkBasicOps-1574897581"}, "audit_ids": ["q3K8tOTuTy-tQPw1tUXjyw"]}, "serviceCatalog": [{"endpoints": [{"adminURL": "http://10.4.1.3:9292", "region": "RegionOne", "internalURL": "http://10.4.1.3:9292", "id": "37c59622505649269f80eec3ec01e92b", "publicURL": "http://10.4.1.3:9292"}], "endpoints_links": [], "type": "image", "name": "glance"}, {"endpoints": [{"adminURL": "http://10.4.1.3:8774/v2.1/9443e2f6778947f7a320c898a0aaf6ef", "region": "RegionOne", "internalURL": "http://10.4.1.3:8774/v2.1/9443e2f6778947f7a320c898a0aaf6ef", "id": "11207e543ed44764878509586fa37149", "publicURL": "http://10.4.1.3:8774/v2.1/9443e2f6778947f7a320c898a0aaf6ef"}], "endpoints_links": [], "type": "compute", "name": "nova"}, {"endpoints": [{"adminURL": "http://10.4.1.3:8774/v2/9443e2f6778947f7a320c898a0aaf6ef", "region": "RegionOne", "internalURL": "http://10.4.1.3:8774/v2/9443e2f6778947f7a320c898a0aaf6ef", "id": "9b0c11eb045342dfbb8cd8b49e3dbbda", "publicURL": "http://10.4.1.3:8774/v2/9443e2f6778947f7a320c898a0aaf6ef"}], "endpoints_links": [], "type": "compute_legacy", "name": "nova_legacy"}, {"endpoints": [{"adminURL": "http://10.4.1.3:35357/v2.0", "region": "RegionOne", "internalURL": "http://10.4.1.3:5000/v2.0", "id": "11c486cd5fe9439fa4ca2cde39674998", "publicURL": "http://10.4.1.3:5000/v2.0"}], "endpoints_links": [], "type": "identity", "name": "keystone"}, {"endpoints": [{"adminURL": "http://10.4.1.3:9696/", "region": "RegionOne", "internalURL": "http://10.4.1.3:9696/", "id": "aad42118607f4796ba1ecbc5af76d453", "publicURL": "http://10.4.1.3:9696/"}], "endpoints_links": [], "type": "network", "name": "neutron"}], "user": {"username": "tempest-TestNetworkBasicOps-2109023480", "roles_links": [], "id": "78f5a76a2c634fdcbebe59e772d4a714", "roles": [{"name": "Member"}, {"name": "_member_"}], "name": "tempest-TestNetworkBasicOps-2109023480"}, "metadata": {"is_admin": 0, "roles": ["2542ea55408241e58872ddcd26091401", "9fe2ff9ee4384b1894a90878d3e92bab"]}}}
2016-02-24 01:06:51,606 27973 DEBUG    [tempest.common.fixed_network] (TestNetworkBasicOps:test_connectivity_between_vms_on_different_networks) No valid network provided or created, defaulting to fixed_network_name
2016-02-24 01:06:52,112 27973 INFO     [tempest_lib.common.rest_client] Request (TestNetworkBasicOps:test_connectivity_between_vms_on_different_networks): 200 GET http://10.4.1.3:8774/v2.1/9443e2f6778947f7a320c898a0aaf6ef/os-networks 0.505s
2016-02-24 01:06:52,112 27973 DEBUG    [tempest_lib.common.rest_client] Request - Headers: {'Content-Type': 'application/json', 'Accept': 'application/json', 'X-Auth-Token': '&lt;omitted&gt;'}
        Body: None
    Response - Headers: {'status': '200', 'content-length': '478', 'content-location': 'http://10.4.1.3:8774/v2.1/9443e2f6778947f7a320c898a0aaf6ef/os-networks', 'x-compute-request-id': 'req-ddbeb54b-4be8-4450-8b44-e3c95636f4d5', 'vary': 'X-OpenStack-Nova-API-Version', 'connection': 'close', 'x-openstack-nova-api-version': '2.1', 'date': 'Wed, 24 Feb 2016 01:06:52 GMT', 'content-type': 'application/json'}
        Body: {"networks": [{"cidr_v6": null, "dns2": null, "dns1": null, "gateway": null, "broadcast": null, "netmask": null, "gateway_v6": null, "cidr": null, "label": "public", "id": "f8571ca0-ce3a-49e2-a047-f159d3616beb", "netmask_v6": null}, {"cidr_v6": null, "dns2": null, "dns1": null, "gateway": null, "broadcast": null, "netmask": null, "gateway_v6": null, "cidr": null, "label": "tempest-network-smoke--578232351", "id": "03ebcb31-3106-4a5d-b091-9da11d70bd50", "netmask_v6": null}]}
2016-02-24 01:06:52,113 27973 WARNING  [tempest.common.fixed_network] (TestNetworkBasicOps:test_connectivity_between_vms_on_different_networks) Network with name: private not found
2016-02-24 01:06:52,114 27973 INFO     [tempest.common.fixed_network] (TestNetworkBasicOps:test_connectivity_between_vms_on_different_networks) Found network {} available for tenant
2016-02-24 01:06:55,367 27973 INFO     [tempest_lib.common.rest_client] Request (TestNetworkBasicOps:test_connectivity_between_vms_on_different_networks): 202 POST http://10.4.1.3:8774/v2.1/9443e2f6778947f7a320c898a0aaf6ef/servers 3.252s
2016-02-24 01:06:55,367 27973 DEBUG    [tempest_lib.common.rest_client] Request - Headers: {'Content-Type': 'application/json', 'Accept': 'application/json', 'X-Auth-Token': '&lt;omitted&gt;'}
        Body: {"server": {"name": "tempest-server-smoke-357453889", "imageRef": "b7bd1091-b9ee-4766-a073-65b95c726130", "key_name": "tempest-TestNetworkBasicOps-1255828231", "flavorRef": "42", "networks": [{"uuid": "03ebcb31-3106-4a5d-b091-9da11d70bd50"}], "security_groups": [{"name": "tempest-secgroup-smoke-721453150"}]}}
    Response - Headers: {'status': '202', 'content-length': '459', 'x-compute-request-id': 'req-232caa87-c34b-429d-a390-48652adddaae', 'vary': 'X-OpenStack-Nova-API-Version', 'connection': 'close', 'location': 'http://10.4.1.3:8774/v2.1/9443e2f6778947f7a320c898a0aaf6ef/servers/3d1e4769-7a66-493f-abac-bb7dbf8fb31b', 'x-openstack-nova-api-version': '2.1', 'date': 'Wed, 24 Feb 2016 01:06:55 GMT', 'content-type': 'application/json'}
        Body: {"server": {"security_groups": [{"name": "tempest-secgroup-smoke-721453150"}], "OS-DCF:diskConfig": "MANUAL", "id": "3d1e4769-7a66-493f-abac-bb7dbf8fb31b", "links": [{"href": "http://10.4.1.3:8774/v2.1/9443e2f6778947f7a320c898a0aaf6ef/servers/3d1e4769-7a66-493f-abac-bb7dbf8fb31b", "rel": "self"}, {"href": "http://10.4.1.3:8774/9443e2f6778947f7a320c898a0aaf6ef/servers/3d1e4769-7a66-493f-abac-bb7dbf8fb31b", "rel": "bookmark"}], "adminPass": "MXFsgu9Zns8m"}}
2016-02-24 01:06:55,954 27973 INFO     [tempest_lib.common.rest_client] Request (TestNetworkBasicOps:test_connectivity_between_vms_on_different_networks): 200 GET http://10.4.1.3:8774/v2.1/9443e2f6778947f7a320c898a0aaf6ef/servers/3d1e4769-7a66-493f-abac-bb7dbf8fb31b 0.582s
2016-02-24 01:06:55,954 27973 DEBUG    [tempest_lib.common.rest_client] Request - Headers: {'Content-Type': 'application/json', 'Accept': 'application/json', 'X-Auth-Token': '&lt;omitted&gt;'}
        Body: None
    Response - Headers: {'status': '200', 'content-length': '1340', 'content-location': 'http://10.4.1.3:8774/v2.1/9443e2f6778947f7a320c898a0aaf6ef/servers/3d1e4769-7a66-493f-abac-bb7dbf8fb31b', 'x-compute-request-id': 'req-90362dcd-804e-434e-b5d4-b9d946db9121', 'vary': 'X-OpenStack-Nova-API-Version', 'connection': 'close', 'x-openstack-nova-api-version': '2.1', 'date': 'Wed, 24 Feb 2016 01:06:55 GMT', 'content-type': 'application/json'}
        Body: {"server": {"status": "BUILD", "updated": "2016-02-24T01:06:55Z", "hostId": "", "addresses": {}, "links": [{"href": "http://10.4.1.3:8774/v2.1/9443e2f6778947f7a320c898a0aaf6ef/servers/3d1e4769-7a66-493f-abac-bb7dbf8fb31b", "rel": "self"}, {"href": "http://10.4.1.3:8774/9443e2f6778947f7a320c898a0aaf6ef/servers/3d1e4769-7a66-493f-abac-bb7dbf8fb31b", "rel": "bookmark"}], "key_name": "tempest-TestNetworkBasicOps-1255828231", "image": {"id": "b7bd1091-b9ee-4766-a073-65b95c726130", "links": [{"href": "http://10.4.1.3:8774/9443e2f6778947f7a320c898a0aaf6ef/images/b7bd1091-b9ee-4766-a073-65b95c726130", "rel": "bookmark"}]}, "OS-EXT-STS:task_state": "scheduling", "OS-EXT-STS:vm_state": "building", "OS-SRV-USG:launched_at": null, "flavor": {"id": "42", "links": [{"href": "http://10.4.1.3:8774/9443e2f6778947f7a320c898a0aaf6ef/flavors/42", "rel": "bookmark"}]}, "id": "3d1e4769-7a66-493f-abac-bb7dbf8fb31b", "OS-SRV-USG:terminated_at": null, "OS-EXT-AZ:availability_zone": "", "user_id": "78f5a76a2c634fdcbebe59e772d4a714", "name": "tempest-server-smoke-357453889", "created": "2016-02-24T01:06:55Z", "tenant_id": "9443e2f6778947f7a320c898a0aaf6ef", "OS-DCF:diskConfig": "MANUAL", "os-extended-volumes:volumes_attached": [], "accessIPv4": "", "accessIPv6": "", "progress": 0, "OS-EXT-STS:power_state": 0, "config_drive": "", "metadata": {}}}
2016-02-24 01:06:57,624 27973 INFO     [tempest_lib.common.rest_client] Request (TestNetworkBasicOps:test_connectivity_between_vms_on_different_networks): 200 GET http://10.4.1.3:8774/v2.1/9443e2f6778947f7a320c898a0aaf6ef/servers/3d1e4769-7a66-493f-abac-bb7dbf8fb31b 0.661s
2016-02-24 01:06:57,625 27973 DEBUG    [tempest_lib.common.rest_client] Request - Headers: {'Content-Type': 'application/json', 'Accept': 'application/json', 'X-Auth-Token': '&lt;omitted&gt;'}
        Body: None
    Response - Headers: {'status': '200', 'content-length': '1398', 'content-location': 'http://10.4.1.3:8774/v2.1/9443e2f6778947f7a320c898a0aaf6ef/servers/3d1e4769-7a66-493f-abac-bb7dbf8fb31b', 'x-compute-request-id': 'req-aad969dc-4a89-492d-a22c-b68191f41418', 'vary': 'X-OpenStack-Nova-API-Version', 'connection': 'close', 'x-openstack-nova-api-version': '2.1', 'date': 'Wed, 24 Feb 2016 01:06:57 GMT', 'content-type': 'application/json'}
        Body: {"server": {"status": "BUILD", "updated": "2016-02-24T01:06:56Z", "hostId": "e3d9d0ad1e02911ceaf42e03e04a98afb9aa2601aabe4bb57a064769", "addresses": {}, "links": [{"href": "http://10.4.1.3:8774/v2.1/9443e2f6778947f7a320c898a0aaf6ef/servers/3d1e4769-7a66-493f-abac-bb7dbf8fb31b", "rel": "self"}, {"href": "http://10.4.1.3:8774/9443e2f6778947f7a320c898a0aaf6ef/servers/3d1e4769-7a66-493f-abac-bb7dbf8fb31b", "rel": "bookmark"}], "key_name": "tempest-TestNetworkBasicOps-1255828231", "image": {"id": "b7bd1091-b9ee-4766-a073-65b95c726130", "links": [{"href": "http://10.4.1.3:8774/9443e2f6778947f7a320c898a0aaf6ef/images/b7bd1091-b9ee-4766-a073-65b95c726130", "rel": "bookmark"}]}, "OS-EXT-STS:task_state": "spawning", "OS-EXT-STS:vm_state": "building", "OS-SRV-USG:launched_at": null, "flavor": {"id": "42", "links": [{"href": "http://10.4.1.3:8774/9443e2f6778947f7a320c898a0aaf6ef/flavors/42", "rel": "bookmark"}]}, "id": "3d1e4769-7a66-493f-abac-bb7dbf8fb31b", "OS-SRV-USG:terminated_at": null, "OS-EXT-AZ:availability_zone": "nova", "user_id": "78f5a76a2c634fdcbebe59e772d4a714", "name": "tempest-server-smoke-357453889", "created": "2016-02-24T01:06:55Z", "tenant_id": "9443e2f6778947f7a320c898a0aaf6ef", "OS-DCF:diskConfig": "MANUAL", "os-extended-volumes:volumes_attached": [], "accessIPv4": "", "accessIPv6": "", "progress": 0, "OS-EXT-STS:power_state": 0, "config_drive": "", "metadata": {}}}
2016-02-24 01:06:57,634 27973 INFO     [tempest.common.waiters] State transition "BUILD/scheduling" ==&gt; "BUILD/spawning" after 2 second wait
2016-02-24 01:06:59,561 27973 INFO     [tempest_lib.common.rest_client] Request (TestNetworkBasicOps:test_connectivity_between_vms_on_different_networks): 200 GET http://10.4.1.3:8774/v2.1/9443e2f6778947f7a320c898a0aaf6ef/servers/3d1e4769-7a66-493f-abac-bb7dbf8fb31b 0.924s
2016-02-24 01:06:59,561 27973 DEBUG    [tempest_lib.common.rest_client] Request - Headers: {'Content-Type': 'application/json', 'Accept': 'application/json', 'X-Auth-Token': '&lt;omitted&gt;'}
        Body: None
    Response - Headers: {'status': '200', 'content-length': '1465', 'content-location': 'http://10.4.1.3:8774/v2.1/9443e2f6778947f7a320c898a0aaf6ef/servers/3d1e4769-7a66-493f-abac-bb7dbf8fb31b', 'x-compute-request-id': 'req-c69f1493-55ca-4dff-ab6c-61289bfb96c0', 'vary': 'X-OpenStack-Nova-API-Version', 'connection': 'close', 'x-openstack-nova-api-version': '2.1', 'date': 'Wed, 24 Feb 2016 01:06:59 GMT', 'content-type': 'application/json'}
        Body: {"server": {"status": "BUILD", "updated": "2016-02-24T01:06:56Z", "hostId": "e3d9d0ad1e02911ceaf42e03e04a98afb9aa2601aabe4bb57a064769", "addresses": {}, "links": [{"href": "http://10.4.1.3:8774/v2.1/9443e2f6778947f7a320c898a0aaf6ef/servers/3d1e4769-7a66-493f-abac-bb7dbf8fb31b", "rel": "self"}, {"href": "http://10.4.1.3:8774/9443e2f6778947f7a320c898a0aaf6ef/servers/3d1e4769-7a66-493f-abac-bb7dbf8fb31b", "rel": "bookmark"}], "key_name": "tempest-TestNetworkBasicOps-1255828231", "image": {"id": "b7bd1091-b9ee-4766-a073-65b95c726130", "links": [{"href": "http://10.4.1.3:8774/9443e2f6778947f7a320c898a0aaf6ef/images/b7bd1091-b9ee-4766-a073-65b95c726130", "rel": "bookmark"}]}, "OS-EXT-STS:task_state": "spawning", "OS-EXT-STS:vm_state": "building", "OS-SRV-USG:launched_at": null, "flavor": {"id": "42", "links": [{"href": "http://10.4.1.3:8774/9443e2f6778947f7a320c898a0aaf6ef/flavors/42", "rel": "bookmark"}]}, "id": "3d1e4769-7a66-493f-abac-bb7dbf8fb31b", "security_groups": [{"name": "tempest-secgroup-smoke-721453150"}], "OS-SRV-USG:terminated_at": null, "OS-EXT-AZ:availability_zone": "nova", "user_id": "78f5a76a2c634fdcbebe59e772d4a714", "name": "tempest-server-smoke-357453889", "created": "2016-02-24T01:06:55Z", "tenant_id": "9443e2f6778947f7a320c898a0aaf6ef", "OS-DCF:diskConfig": "MANUAL", "os-extended-volumes:volumes_attached": [], "accessIPv4": "", "accessIPv6": "", "progress": 0, "OS-EXT-STS:power_state": 0, "config_drive": "", "metadata": {}}}
2016-02-24 01:07:01,570 27973 INFO     [tempest_lib.common.rest_client] Request (TestNetworkBasicOps:test_connectivity_between_vms_on_different_networks): 200 GET http://10.4.1.3:8774/v2.1/9443e2f6778947f7a320c898a0aaf6ef/servers/3d1e4769-7a66-493f-abac-bb7dbf8fb31b 0.994s
2016-02-24 01:07:01,570 27973 DEBUG    [tempest_lib.common.rest_client] Request - Headers: {'Content-Type': 'application/json', 'Accept': 'application/json', 'X-Auth-Token': '&lt;omitted&gt;'}
        Body: None
    Response - Headers: {'status': '200', 'content-length': '1465', 'content-location': 'http://10.4.1.3:8774/v2.1/9443e2f6778947f7a320c898a0aaf6ef/servers/3d1e4769-7a66-493f-abac-bb7dbf8fb31b', 'x-compute-request-id': 'req-87d2dfc3-4602-45bd-8ca0-7d314dead503', 'vary': 'X-OpenStack-Nova-API-Version', 'connection': 'close', 'x-openstack-nova-api-version': '2.1', 'date': 'Wed, 24 Feb 2016 01:07:01 GMT', 'content-type': 'application/json'}
        Body: {"server": {"status": "BUILD", "updated": "2016-02-24T01:06:56Z", "hostId": "e3d9d0ad1e02911ceaf42e03e04a98afb9aa2601aabe4bb57a064769", "addresses": {}, "links": [{"href": "http://10.4.1.3:8774/v2.1/9443e2f6778947f7a320c898a0aaf6ef/servers/3d1e4769-7a66-493f-abac-bb7dbf8fb31b", "rel": "self"}, {"href": "http://10.4.1.3:8774/9443e2f6778947f7a320c898a0aaf6ef/servers/3d1e4769-7a66-493f-abac-bb7dbf8fb31b", "rel": "bookmark"}], "key_name": "tempest-TestNetworkBasicOps-1255828231", "image": {"id": "b7bd1091-b9ee-4766-a073-65b95c726130", "links": [{"href": "http://10.4.1.3:8774/9443e2f6778947f7a320c898a0aaf6ef/images/b7bd1091-b9ee-4766-a073-65b95c726130", "rel": "bookmark"}]}, "OS-EXT-STS:task_state": "spawning", "OS-EXT-STS:vm_state": "building", "OS-SRV-USG:launched_at": null, "flavor": {"id": "42", "links": [{"href": "http://10.4.1.3:8774/9443e2f6778947f7a320c898a0aaf6ef/flavors/42", "rel": "bookmark"}]}, "id": "3d1e4769-7a66-493f-abac-bb7dbf8fb31b", "security_groups": [{"name": "tempest-secgroup-smoke-721453150"}], "OS-SRV-USG:terminated_at": null, "OS-EXT-AZ:availability_zone": "nova", "user_id": "78f5a76a2c634fdcbebe59e772d4a714", "name": "tempest-server-smoke-357453889", "created": "2016-02-24T01:06:55Z", "tenant_id": "9443e2f6778947f7a320c898a0aaf6ef", "OS-DCF:diskConfig": "MANUAL", "os-extended-volumes:volumes_attached": [], "accessIPv4": "", "accessIPv6": "", "progress": 0, "OS-EXT-STS:power_state": 0, "config_drive": "", "metadata": {}}}
2016-02-24 01:07:03,340 27973 INFO     [tempest_lib.common.rest_client] Request (TestNetworkBasicOps:test_connectivity_between_vms_on_different_networks): 200 GET http://10.4.1.3:8774/v2.1/9443e2f6778947f7a320c898a0aaf6ef/servers/3d1e4769-7a66-493f-abac-bb7dbf8fb31b 0.761s
2016-02-24 01:07:03,340 27973 DEBUG    [tempest_lib.common.rest_client] Request - Headers: {'Content-Type': 'application/json', 'Accept': 'application/json', 'X-Auth-Token': '&lt;omitted&gt;'}
        Body: None
    Response - Headers: {'status': '200', 'content-length': '1636', 'content-location': 'http://10.4.1.3:8774/v2.1/9443e2f6778947f7a320c898a0aaf6ef/servers/3d1e4769-7a66-493f-abac-bb7dbf8fb31b', 'x-compute-request-id': 'req-bbdb36e2-15be-40ce-993f-d634b09677b9', 'vary': 'X-OpenStack-Nova-API-Version', 'connection': 'close', 'x-openstack-nova-api-version': '2.1', 'date': 'Wed, 24 Feb 2016 01:07:03 GMT', 'content-type': 'application/json'}
        Body: {"server": {"status": "ACTIVE", "updated": "2016-02-24T01:07:02Z", "hostId": "e3d9d0ad1e02911ceaf42e03e04a98afb9aa2601aabe4bb57a064769", "addresses": {"tempest-network-smoke--578232351": [{"OS-EXT-IPS-MAC:mac_addr": "fa:16:3e:22:09:fc", "version": 4, "addr": "10.100.0.3", "OS-EXT-IPS:type": "fixed"}]}, "links": [{"href": "http://10.4.1.3:8774/v2.1/9443e2f6778947f7a320c898a0aaf6ef/servers/3d1e4769-7a66-493f-abac-bb7dbf8fb31b", "rel": "self"}, {"href": "http://10.4.1.3:8774/9443e2f6778947f7a320c898a0aaf6ef/servers/3d1e4769-7a66-493f-abac-bb7dbf8fb31b", "rel": "bookmark"}], "key_name": "tempest-TestNetworkBasicOps-1255828231", "image": {"id": "b7bd1091-b9ee-4766-a073-65b95c726130", "links": [{"href": "http://10.4.1.3:8774/9443e2f6778947f7a320c898a0aaf6ef/images/b7bd1091-b9ee-4766-a073-65b95c726130", "rel": "bookmark"}]}, "OS-EXT-STS:task_state": null, "OS-EXT-STS:vm_state": "active", "OS-SRV-USG:launched_at": "2016-02-24T01:07:01.000000", "flavor": {"id": "42", "links": [{"href": "http://10.4.1.3:8774/9443e2f6778947f7a320c898a0aaf6ef/flavors/42", "rel": "bookmark"}]}, "id": "3d1e4769-7a66-493f-abac-bb7dbf8fb31b", "security_groups": [{"name": "tempest-secgroup-smoke-721453150"}], "OS-SRV-USG:terminated_at": null, "OS-EXT-AZ:availability_zone": "nova", "user_id": "78f5a76a2c634fdcbebe59e772d4a714", "name": "tempest-server-smoke-357453889", "created": "2016-02-24T01:06:55Z", "tenant_id": "9443e2f6778947f7a320c898a0aaf6ef", "OS-DCF:diskConfig": "MANUAL", "os-extended-volumes:volumes_attached": [], "accessIPv4": "", "accessIPv6": "", "progress": 0, "OS-EXT-STS:power_state": 1, "config_drive": "True", "metadata": {}}}
2016-02-24 01:07:03,350 27973 INFO     [tempest.common.waiters] State transition "BUILD/spawning" ==&gt; "ACTIVE/None" after 8 second wait
2016-02-24 01:07:04,053 27973 INFO     [tempest_lib.common.rest_client] Request (TestNetworkBasicOps:test_connectivity_between_vms_on_different_networks): 200 GET http://10.4.1.3:8774/v2.1/9443e2f6778947f7a320c898a0aaf6ef/servers/3d1e4769-7a66-493f-abac-bb7dbf8fb31b 0.701s
2016-02-24 01:07:04,053 27973 DEBUG    [tempest_lib.common.rest_client] Request - Headers: {'Content-Type': 'application/json', 'Accept': 'application/json', 'X-Auth-Token': '&lt;omitted&gt;'}
        Body: None
    Response - Headers: {'status': '200', 'content-length': '1636', 'content-location': 'http://10.4.1.3:8774/v2.1/9443e2f6778947f7a320c898a0aaf6ef/servers/3d1e4769-7a66-493f-abac-bb7dbf8fb31b', 'x-compute-request-id': 'req-a671d3d5-d6cd-4c9e-9d91-675cf758a262', 'vary': 'X-OpenStack-Nova-API-Version', 'connection': 'close', 'x-openstack-nova-api-version': '2.1', 'date': 'Wed, 24 Feb 2016 01:07:04 GMT', 'content-type': 'application/json'}
        Body: {"server": {"status": "ACTIVE", "updated": "2016-02-24T01:07:02Z", "hostId": "e3d9d0ad1e02911ceaf42e03e04a98afb9aa2601aabe4bb57a064769", "addresses": {"tempest-network-smoke--578232351": [{"OS-EXT-IPS-MAC:mac_addr": "fa:16:3e:22:09:fc", "version": 4, "addr": "10.100.0.3", "OS-EXT-IPS:type": "fixed"}]}, "links": [{"href": "http://10.4.1.3:8774/v2.1/9443e2f6778947f7a320c898a0aaf6ef/servers/3d1e4769-7a66-493f-abac-bb7dbf8fb31b", "rel": "self"}, {"href": "http://10.4.1.3:8774/9443e2f6778947f7a320c898a0aaf6ef/servers/3d1e4769-7a66-493f-abac-bb7dbf8fb31b", "rel": "bookmark"}], "key_name": "tempest-TestNetworkBasicOps-1255828231", "image": {"id": "b7bd1091-b9ee-4766-a073-65b95c726130", "links": [{"href": "http://10.4.1.3:8774/9443e2f6778947f7a320c898a0aaf6ef/images/b7bd1091-b9ee-4766-a073-65b95c726130", "rel": "bookmark"}]}, "OS-EXT-STS:task_state": null, "OS-EXT-STS:vm_state": "active", "OS-SRV-USG:launched_at": "2016-02-24T01:07:01.000000", "flavor": {"id": "42", "links": [{"href": "http://10.4.1.3:8774/9443e2f6778947f7a320c898a0aaf6ef/flavors/42", "rel": "bookmark"}]}, "id": "3d1e4769-7a66-493f-abac-bb7dbf8fb31b", "security_groups": [{"name": "tempest-secgroup-smoke-721453150"}], "OS-SRV-USG:terminated_at": null, "OS-EXT-AZ:availability_zone": "nova", "user_id": "78f5a76a2c634fdcbebe59e772d4a714", "name": "tempest-server-smoke-357453889", "created": "2016-02-24T01:06:55Z", "tenant_id": "9443e2f6778947f7a320c898a0aaf6ef", "OS-DCF:diskConfig": "MANUAL", "os-extended-volumes:volumes_attached": [], "accessIPv4": "", "accessIPv6": "", "progress": 0, "OS-EXT-STS:power_state": 1, "config_drive": "True", "metadata": {}}}
2016-02-24 01:07:04,063 27973 INFO     [tempest.scenario.manager] Tenant networks not configured to be reachable.
2016-02-24 01:07:04,275 27973 INFO     [tempest_lib.common.rest_client] Request (TestNetworkBasicOps:test_connectivity_between_vms_on_different_networks): 200 GET http://10.4.1.3:9696/v2.0/ports?fixed_ip=None&amp;device_id=3d1e4769-7a66-493f-abac-bb7dbf8fb31b 0.211s
2016-02-24 01:07:04,275 27973 DEBUG    [tempest_lib.common.rest_client] Request - Headers: {'Content-Type': 'application/json', 'Accept': 'application/json', 'X-Auth-Token': '&lt;omitted&gt;'}
        Body: None
    Response - Headers: {'status': '200', 'content-length': '755', 'content-location': 'http://10.4.1.3:9696/v2.0/ports?fixed_ip=None&amp;device_id=3d1e4769-7a66-493f-abac-bb7dbf8fb31b', 'connection': 'close', 'date': 'Wed, 24 Feb 2016 01:07:04 GMT', 'content-type': 'application/json; charset=UTF-8', 'x-openstack-request-id': 'req-49822092-c043-42bd-8992-292286972f9e'}
        Body: {"ports": [{"status": "ACTIVE", "binding:host_id": "vagrant-ubuntu-trusty-64", "name": "", "allowed_address_pairs": [], "admin_state_up": true, "network_id": "03ebcb31-3106-4a5d-b091-9da11d70bd50", "tenant_id": "9443e2f6778947f7a320c898a0aaf6ef", "extra_dhcp_opts": [], "mac_address": "fa:16:3e:22:09:fc", "binding:vif_details": {"port_filter": true}, "binding:vif_type": "ovs", "device_owner": "compute:None", "binding:profile": {}, "port_security_enabled": true, "binding:vnic_type": "normal", "fixed_ips": [{"subnet_id": "ef8f606e-79d4-4fbd-9270-b8899cdf13cf", "ip_address": "10.100.0.3"}], "id": "6192396f-9e33-4a4e-b92d-5901c8237f42", "security_groups": ["aa95c67f-ecc4-4fce-a216-e0c80e431d76"], "device_id": "3d1e4769-7a66-493f-abac-bb7dbf8fb31b"}]}
2016-02-24 01:07:04,984 27973 INFO     [tempest_lib.common.rest_client] Request (TestNetworkBasicOps:test_connectivity_between_vms_on_different_networks): 201 POST http://10.4.1.3:9696/v2.0/floatingips 0.708s
2016-02-24 01:07:04,985 27973 DEBUG    [tempest_lib.common.rest_client] Request - Headers: {'Content-Type': 'application/json', 'Accept': 'application/json', 'X-Auth-Token': '&lt;omitted&gt;'}
        Body: {"floatingip": {"floating_network_id": "f8571ca0-ce3a-49e2-a047-f159d3616beb", "tenant_id": "9443e2f6778947f7a320c898a0aaf6ef", "fixed_ip_address": "10.100.0.3", "port_id": "6192396f-9e33-4a4e-b92d-5901c8237f42"}}
    Response - Headers: {'status': '201', 'content-length': '369', 'connection': 'close', 'date': 'Wed, 24 Feb 2016 01:07:04 GMT', 'content-type': 'application/json; charset=UTF-8', 'x-openstack-request-id': 'req-cc214cb6-3d4e-4e84-a077-c81a14a1ad39'}
        Body: {"floatingip": {"floating_network_id": "f8571ca0-ce3a-49e2-a047-f159d3616beb", "router_id": "46a56fb1-8ee4-45a7-b0aa-74cc3c6a88d5", "fixed_ip_address": "10.100.0.3", "floating_ip_address": "172.24.4.4", "tenant_id": "9443e2f6778947f7a320c898a0aaf6ef", "status": "ACTIVE", "port_id": "6192396f-9e33-4a4e-b92d-5901c8237f42", "id": "a3b73199-43ea-43e9-add7-576b63343ec1"}}
2016-02-24 01:07:05,202 27973 INFO     [tempest_lib.common.rest_client] Request (TestNetworkBasicOps:test_connectivity_between_vms_on_different_networks): 200 GET http://10.4.1.3:9696/v2.0/floatingips/a3b73199-43ea-43e9-add7-576b63343ec1 0.217s
2016-02-24 01:07:05,202 27973 DEBUG    [tempest_lib.common.rest_client] Request - Headers: {'Content-Type': 'application/json', 'Accept': 'application/json', 'X-Auth-Token': '&lt;omitted&gt;'}
        Body: None
    Response - Headers: {'status': '200', 'content-length': '369', 'content-location': 'http://10.4.1.3:9696/v2.0/floatingips/a3b73199-43ea-43e9-add7-576b63343ec1', 'connection': 'close', 'date': 'Wed, 24 Feb 2016 01:07:05 GMT', 'content-type': 'application/json; charset=UTF-8', 'x-openstack-request-id': 'req-17fb8349-446e-4288-b66b-21ae00a9c832'}
        Body: {"floatingip": {"floating_network_id": "f8571ca0-ce3a-49e2-a047-f159d3616beb", "router_id": "46a56fb1-8ee4-45a7-b0aa-74cc3c6a88d5", "fixed_ip_address": "10.100.0.3", "floating_ip_address": "172.24.4.4", "tenant_id": "9443e2f6778947f7a320c898a0aaf6ef", "status": "ACTIVE", "port_id": "6192396f-9e33-4a4e-b92d-5901c8237f42", "id": "a3b73199-43ea-43e9-add7-576b63343ec1"}}
2016-02-24 01:07:05,203 27973 INFO     [tempest.scenario.manager] FloatingIP: &lt;"FloatingIP" addr="172.24.4.4" id="a3b73199-43ea-43e9-add7-576b63343ec1"&gt; is at status: ACTIVE
2016-02-24 01:07:05,204 27973 DEBUG    [tempest.scenario.manager] checking network connections to IP 172.24.4.4 with user: cirros
2016-02-24 01:07:05,204 27973 DEBUG    [tempest.scenario.manager] TestNetworkBasicOps:test_connectivity_between_vms_on_different_networks begins to ping 172.24.4.4 in 120 sec and the expected result is reachable
2016-02-24 01:09:05,779 27973 DEBUG    [tempest.scenario.manager] TestNetworkBasicOps:test_connectivity_between_vms_on_different_networks finishes ping 172.24.4.4 in 120 sec and the ping result is unexpected
2016-02-24 01:09:05,781 27973 ERROR    [tempest.scenario.manager] Public network connectivity check failed
2016-02-24 01:09:05.781 27973 ERROR tempest.scenario.manager Traceback (most recent call last):
2016-02-24 01:09:05.781 27973 ERROR tempest.scenario.manager   File "tempest/scenario/manager.py", line 598, in check_public_network_connectivity
2016-02-24 01:09:05.781 27973 ERROR tempest.scenario.manager     should_connect=should_connect)
2016-02-24 01:09:05.781 27973 ERROR tempest.scenario.manager   File "tempest/scenario/manager.py", line 582, in check_vm_connectivity
2016-02-24 01:09:05.781 27973 ERROR tempest.scenario.manager     msg=msg)
2016-02-24 01:09:05.781 27973 ERROR tempest.scenario.manager   File "/usr/local/lib/python2.7/dist-packages/unittest2/case.py", line 702, in assertTrue
2016-02-24 01:09:05.781 27973 ERROR tempest.scenario.manager     raise self.failureException(msg)
2016-02-24 01:09:05.781 27973 ERROR tempest.scenario.manager AssertionError: False is not true : Timed out waiting for 172.24.4.4 to become reachable
2016-02-24 01:09:05.781 27973 ERROR tempest.scenario.manager 
2016-02-24 01:09:06,182 27973 INFO     [tempest_lib.common.rest_client] Request (TestNetworkBasicOps:test_connectivity_between_vms_on_different_networks): 200 POST http://10.4.1.3:8774/v2.1/9443e2f6778947f7a320c898a0aaf6ef/servers/3d1e4769-7a66-493f-abac-bb7dbf8fb31b/action 0.397s
2016-02-24 01:09:06,182 27973 DEBUG    [tempest_lib.common.rest_client] Request - Headers: {'Content-Type': 'application/json', 'Accept': 'application/json', 'X-Auth-Token': '&lt;omitted&gt;'}
        Body: {"os-getConsoleOutput": {}}
    Response - Headers: {'status': '200', 'content-length': '17473', 'x-compute-request-id': 'req-f2031c9f-181f-47bd-85ee-ac041559a099', 'vary': 'X-OpenStack-Nova-API-Version', 'connection': 'close', 'x-openstack-nova-api-version': '2.1', 'date': 'Wed, 24 Feb 2016 01:09:06 GMT', 'content-type': 'application/json'}
        Body: {"output": "[    0.000000] Initializing cgroup subsys cpuset\n[    0.000000] Initializing cgroup subsys cpu\n[    0.000000] Linux version 3.2.0-80-virtual (buildd@batsu) (gcc version 4.6.3 (Ubuntu/Linaro 4.6.3-1ubuntu5) ) #116-Ubuntu SMP Mon Mar 23 17:28:52 UTC 2015 (Ubuntu 3.2.0-80.116-virtual 3.2.68)\n[    0.000000] Command line: root=/dev/vda console=tty0 console=ttyS0 no_timer_check\n[    0.000000] KERNEL supported cpus:\n[    0.000000]   Intel GenuineIntel\n[    0.000000]   AMD AuthenticAMD\n[    0.000000]   Centaur CentaurHauls\n[    0.000000] BIOS-provided physical RAM map:\n[    0.000000]  BIOS-e820: 0000000000000000 - 000000000009fc00 (usable)\n[    0.000000]  BIOS-e820: 000000000009fc00 - 00000000000a0000 (reserved)\n[    0.000000]  BIOS-e820: 00000000000f0000 - 0000000000100000 (reserved)\n[    0.000000]  BIOS-e820: 0000000000100000 - 0000000003ffe000 (usable)\n[    0.000000]  BIOS-e820: 0000000003ffe000 - 0000000004000000 (reserved)\n[    0.000000]  BIOS-e820: 00000000fffc0000 - 0000000100000000 (reserved)\n[    0.000000] NX (Execute Disable) protection: active\n[    0.000000] SMBIOS 2.4 present.\n[    0.000000] No AGP bridge found\n[    0.000000] last_pfn = 0x3ffe max_arch_pfn = 0x400000000\n[    0.000000] x86 PAT enabled: cpu 0, old 0x7040600070406, new 0x7010600070106\n[    0.000000] found SMP MP-table at [ffff8800000f0b00] f0b00\n[    0.000000] init_memory_mapping: 0000000000000000-0000000003ffe000\n[    0.000000] RAMDISK: 03c5e000 - 03ff0000\n[    0.000000] ACPI: RSDP 00000000000f0950 00014 (v00 BOCHS )\n[    0.000000] ACPI: RSDT 0000000003fffbc1 00034 (v01 BOCHS  BXPCRSDT 00000001 BXPC 00000001)\n[    0.000000] ACPI: FACP 0000000003fff1c0 00074 (v01 BOCHS  BXPCFACP 00000001 BXPC 00000001)\n[    0.000000] ACPI: DSDT 0000000003ffe040 01180 (v01 BOCHS  BXPCDSDT 00000001 BXPC 00000001)\n[    0.000000] ACPI: FACS 0000000003ffe000 00040\n[    0.000000] ACPI: SSDT 0000000003fff234 008DD (v01 BOCHS  BXPCSSDT 00000001 BXPC 00000001)\n[    0.000000] ACPI: APIC 0000000003fffb11 00078 (v01 BOCHS  BXPCAPIC 00000001 BXPC 00000001)\n[    0.000000] ACPI: HPET 0000000003fffb89 00038 (v01 BOCHS  BXPCHPET 00000001 BXPC 00000001)\n[    0.000000] No NUMA configuration found\n[    0.000000] Faking a node at 0000000000000000-0000000003ffe000\n[    0.000000] Initmem setup node 0 0000000000000000-0000000003ffe000\n[    0.000000]   NODE_DATA [0000000003ff6000 - 0000000003ffafff]\n[    0.000000] Zone PFN ranges:\n[    0.000000]   DMA      0x00000010 -&gt; 0x00001000\n[    0.000000]   DMA32    0x00001000 -&gt; 0x00100000\n[    0.000000]   Normal   empty\n[    0.000000] Movable zone start PFN for each node\n[    0.000000] early_node_map[2] active PFN ranges\n[    0.000000]     0: 0x00000010 -&gt; 0x0000009f\n[    0.000000]     0: 0x00000100 -&gt; 0x00003ffe\n[    0.000000] ACPI: PM-Timer IO Port: 0xb008\n[    0.000000] ACPI: LAPIC (acpi_id[0x00] lapic_id[0x00] enabled)\n[    0.000000] ACPI: LAPIC_NMI (acpi_id[0xff] dfl dfl lint[0x1])\n[    0.000000] ACPI: IOAPIC (id[0x00] address[0xfec00000] gsi_base[0])\n[    0.000000] IOAPIC[0]: apic_id 0, version 17, address 0xfec00000, GSI 0-23\n[    0.000000] ACPI: INT_SRC_OVR (bus 0 bus_irq 0 global_irq 2 dfl dfl)\n[    0.000000] ACPI: INT_SRC_OVR (bus 0 bus_irq 5 global_irq 5 high level)\n[    0.000000] ACPI: INT_SRC_OVR (bus 0 bus_irq 9 global_irq 9 high level)\n[    0.000000] ACPI: INT_SRC_OVR (bus 0 bus_irq 10 global_irq 10 high level)\n[    0.000000] ACPI: INT_SRC_OVR (bus 0 bus_irq 11 global_irq 11 high level)\n[    0.000000] Using ACPI (MADT) for SMP configuration information\n[    0.000000] ACPI: HPET id: 0x8086a201 base: 0xfed00000\n[    0.000000] SMP: Allowing 1 CPUs, 0 hotplug CPUs\n[    0.000000] PM: Registered nosave memory: 000000000009f000 - 00000000000a0000\n[    0.000000] PM: Registered nosave memory: 00000000000a0000 - 00000000000f0000\n[    0.000000] PM: Registered nosave memory: 00000000000f0000 - 0000000000100000\n[    0.000000] Allocating PCI resources starting at 4000000 (gap: 4000000:fbfc0000)\n[    0.000000] Booting paravirtualized kernel on bare hardware\n[    0.000000] setup_pe
2016-02-24 01:09:06,185 27973 DEBUG    [tempest.scenario.manager] Console output for 3d1e4769-7a66-493f-abac-bb7dbf8fb31b
body=
[    0.000000] Initializing cgroup subsys cpuset
[    0.000000] Initializing cgroup subsys cpu
[    0.000000] Linux version 3.2.0-80-virtual (buildd@batsu) (gcc version 4.6.3 (Ubuntu/Linaro 4.6.3-1ubuntu5) ) #116-Ubuntu SMP Mon Mar 23 17:28:52 UTC 2015 (Ubuntu 3.2.0-80.116-virtual 3.2.68)
[    0.000000] Command line: root=/dev/vda console=tty0 console=ttyS0 no_timer_check
[    0.000000] KERNEL supported cpus:
[    0.000000]   Intel GenuineIntel
[    0.000000]   AMD AuthenticAMD
[    0.000000]   Centaur CentaurHauls
[    0.000000] BIOS-provided physical RAM map:
[    0.000000]  BIOS-e820: 0000000000000000 - 000000000009fc00 (usable)
[    0.000000]  BIOS-e820: 000000000009fc00 - 00000000000a0000 (reserved)
[    0.000000]  BIOS-e820: 00000000000f0000 - 0000000000100000 (reserved)
[    0.000000]  BIOS-e820: 0000000000100000 - 0000000003ffe000 (usable)
[    0.000000]  BIOS-e820: 0000000003ffe000 - 0000000004000000 (reserved)
[    0.000000]  BIOS-e820: 00000000fffc0000 - 0000000100000000 (reserved)
[    0.000000] NX (Execute Disable) protection: active
[    0.000000] SMBIOS 2.4 present.
[    0.000000] No AGP bridge found
[    0.000000] last_pfn = 0x3ffe max_arch_pfn = 0x400000000
[    0.000000] x86 PAT enabled: cpu 0, old 0x7040600070406, new 0x7010600070106
[    0.000000] found SMP MP-table at [ffff8800000f0b00] f0b00
[    0.000000] init_memory_mapping: 0000000000000000-0000000003ffe000
[    0.000000] RAMDISK: 03c5e000 - 03ff0000
[    0.000000] ACPI: RSDP 00000000000f0950 00014 (v00 BOCHS )
[    0.000000] ACPI: RSDT 0000000003fffbc1 00034 (v01 BOCHS  BXPCRSDT 00000001 BXPC 00000001)
[    0.000000] ACPI: FACP 0000000003fff1c0 00074 (v01 BOCHS  BXPCFACP 00000001 BXPC 00000001)
[    0.000000] ACPI: DSDT 0000000003ffe040 01180 (v01 BOCHS  BXPCDSDT 00000001 BXPC 00000001)
[    0.000000] ACPI: FACS 0000000003ffe000 00040
[    0.000000] ACPI: SSDT 0000000003fff234 008DD (v01 BOCHS  BXPCSSDT 00000001 BXPC 00000001)
[    0.000000] ACPI: APIC 0000000003fffb11 00078 (v01 BOCHS  BXPCAPIC 00000001 BXPC 00000001)
[    0.000000] ACPI: HPET 0000000003fffb89 00038 (v01 BOCHS  BXPCHPET 00000001 BXPC 00000001)
[    0.000000] No NUMA configuration found
[    0.000000] Faking a node at 0000000000000000-0000000003ffe000
[    0.000000] Initmem setup node 0 0000000000000000-0000000003ffe000
[    0.000000]   NODE_DATA [0000000003ff6000 - 0000000003ffafff]
[    0.000000] Zone PFN ranges:
[    0.000000]   DMA      0x00000010 -&gt; 0x00001000
[    0.000000]   DMA32    0x00001000 -&gt; 0x00100000
[    0.000000]   Normal   empty
[    0.000000] Movable zone start PFN for each node
[    0.000000] early_node_map[2] active PFN ranges
[    0.000000]     0: 0x00000010 -&gt; 0x0000009f
[    0.000000]     0: 0x00000100 -&gt; 0x00003ffe
[    0.000000] ACPI: PM-Timer IO Port: 0xb008
[    0.000000] ACPI: LAPIC (acpi_id[0x00] lapic_id[0x00] enabled)
[    0.000000] ACPI: LAPIC_NMI (acpi_id[0xff] dfl dfl lint[0x1])
[    0.000000] ACPI: IOAPIC (id[0x00] address[0xfec00000] gsi_base[0])
[    0.000000] IOAPIC[0]: apic_id 0, version 17, address 0xfec00000, GSI 0-23
[    0.000000] ACPI: INT_SRC_OVR (bus 0 bus_irq 0 global_irq 2 dfl dfl)
[    0.000000] ACPI: INT_SRC_OVR (bus 0 bus_irq 5 global_irq 5 high level)
[    0.000000] ACPI: INT_SRC_OVR (bus 0 bus_irq 9 global_irq 9 high level)
[    0.000000] ACPI: INT_SRC_OVR (bus 0 bus_irq 10 global_irq 10 high level)
[    0.000000] ACPI: INT_SRC_OVR (bus 0 bus_irq 11 global_irq 11 high level)
[    0.000000] Using ACPI (MADT) for SMP configuration information
[    0.000000] ACPI: HPET id: 0x8086a201 base: 0xfed00000
[    0.000000] SMP: Allowing 1 CPUs, 0 hotplug CPUs
[    0.000000] PM: Registered nosave memory: 000000000009f000 - 00000000000a0000
[    0.000000] PM: Registered nosave memory: 00000000000a0000 - 00000000000f0000
[    0.000000] PM: Registered nosave memory: 00000000000f0000 - 0000000000100000
[    0.000000] Allocating PCI resources starting at 4000000 (gap: 4000000:fbfc0000)
[    0.000000] Booting paravirtualized kernel on bare hardware
[    0.000000] setup_percpu: NR_CPUS:64 nr_cpumask_bits:64 nr_cpu_ids:1 nr_node_ids:1
[    0.000000] PERCPU: Embedded 27 pages/cpu @ffff880003a00000 s78848 r8192 d23552 u2097152
[    0.000000] Built 1 zonelists in Node order, mobility grouping on.  Total pages: 16008
[    0.000000] Policy zone: DMA32
[    0.000000] Kernel command line: root=/dev/vda console=tty0 console=ttyS0 no_timer_check
[    0.000000] PID hash table entries: 256 (order: -1, 2048 bytes)
[    0.000000] Checking aperture...
[    0.000000] No AGP bridge found
[    0.000000] Memory: 43492k/65528k available (6576k kernel code, 452k absent, 21584k reserved, 6620k data, 928k init)
[    0.000000] SLUB: Genslabs=15, HWalign=64, Order=0-3, MinObjects=0, CPUs=1, Nodes=1
[    0.000000] Hierarchical RCU implementation.
[    0.000000] 	RCU dyntick-idle grace-period acceleration is enabled.
[    0.000000] NR_IRQS:4352 nr_irqs:256 16
[    0.000000] Console: colour VGA+ 80x25
[    0.000000] console [tty0] enabled
[    0.000000] console [ttyS0] enabled
[    0.000000] allocated 1048576 bytes of page_cgroup
[    0.000000] please try 'cgroup_disable=memory' option if you don't want memory cgroups
[    0.000000] Fast TSC calibration failed
[    0.000000] TSC: Unable to calibrate against PIT
[    0.000000] TSC: using HPET reference calibration
[    0.000000] Detected 2293.020 MHz processor.
[    0.037556] Calibrating delay loop (skipped), value calculated using timer frequency.. 4586.04 BogoMIPS (lpj=9172080)
[    0.039669] pid_max: default: 32768 minimum: 301
[    0.046965] Security Framework initialized
[    0.052112] AppArmor: AppArmor initialized
[    0.052728] Yama: becoming mindful.
[    0.059978] Dentry cache hash table entries: 8192 (order: 4, 65536 bytes)
[    0.060689] Inode-cache hash table entries: 4096 (order: 3, 32768 bytes)
[    0.064149] Mount-cache hash table entries: 256
[    0.080577] Initializing cgroup subsys cpuacct
[    0.082592] Initializing cgroup subsys memory
[    0.084426] Initializing cgroup subsys devices
[    0.085334] Initializing cgroup subsys freezer
[    0.086213] Initializing cgroup subsys blkio
[    0.086995] Initializing cgroup subsys perf_event
[    0.093246] mce: CPU supports 10 MCE banks
[    0.097718] SMP alternatives: switching to UP code
[    0.529246] Freeing SMP alternatives: 24k freed
[    0.531011] ACPI: Core revision 20110623
[    0.588480] ftrace: allocating 26610 entries in 105 pages
[    0.620038] ..TIMER: vector=0x30 apic1=0 pin1=2 apic2=-1 pin2=-1
[    0.620155] CPU0: AMD QEMU Virtual CPU version 2.0.0 stepping 03
[    0.628038] Performance Events: Broken PMU hardware detected, using software events only.
[    0.638242] NMI watchdog disabled (cpu0): hardware events not enabled
[    0.641115] Brought up 1 CPUs
[    0.642193] Total of 1 processors activated (4586.04 BogoMIPS).
[    0.670282] devtmpfs: initialized
[    0.705559] EVM: security.selinux
[    0.706110] EVM: security.SMACK64
[    0.706868] EVM: security.capability
[    0.734387] print_constraints: dummy: 
[    0.737098] RTC time:  1:07:05, date: 02/24/16
[    0.740737] NET: Registered protocol family 16
[    0.756583] ACPI: bus type pci registered
[    0.760595] PCI: Using configuration type 1 for base access
[    0.789796] bio: create slab &lt;bio-0&gt; at 0
[    0.794918] ACPI: Added _OSI(Module Device)
[    0.796178] ACPI: Added _OSI(Processor Device)
[    0.796749] ACPI: Added _OSI(3.0 _SCP Extensions)
[    0.797322] ACPI: Added _OSI(Processor Aggregator Device)
[    0.878257] ACPI: Interpreter enabled
[    0.878832] ACPI: (supports S0 S3 S4 S5)
[    0.881518] ACPI: Using IOAPIC for interrupt routing
[    0.962992] ACPI: No dock devices found.
[    0.964203] HEST: Table not found.
[    0.964908] PCI: Using host bridge windows from ACPI; if necessary, use "pci=nocrs" and report a bug
[    0.974729] ACPI: PCI Root Bridge [PCI0] (domain 0000 [bus 00-ff])
[    0.982377] pci_root PNP0A03:00: host bridge window [io  0x0000-0x0cf7]
[    0.984171] pci_root PNP0A03:00: host bridge window [io  0x0d00-0xadff]
[    0.984951] pci_root PNP0A03:00: host bridge window [io  0xae0f-0xaeff]
[    0.986117] pci_root PNP0A03:00: host bridge window [io  0xaf20-0xafdf]
[    0.986904] pci_root PNP0A03:00: host bridge window [io  0xafe4-0xffff]
[    0.988187] pci_root PNP0A03:00: host bridge window [mem 0x000a0000-0x000bffff]
[    0.989055] pci_root PNP0A03:00: host bridge window [mem 0x04000000-0xfebfffff]
[    1.029155] pci 0000:00:01.3: quirk: [io  0xb000-0xb03f] claimed by PIIX4 ACPI
[    1.032169] pci 0000:00:01.3: quirk: [io  0xb100-0xb10f] claimed by PIIX4 SMB
[    1.105441]  pci0000:00: Unable to request _OSC control (_OSC support mask: 0x1e)
[    1.166112] ACPI: PCI Interrupt Link [LNKA] (IRQs 5 *10 11)
[    1.168884] ACPI: PCI Interrupt Link [LNKB] (IRQs 5 *10 11)
[    1.170569] ACPI: PCI Interrupt Link [LNKC] (IRQs 5 10 *11)
[    1.173086] ACPI: PCI Interrupt Link [LNKD] (IRQs 5 10 *11)
[    1.174759] ACPI: PCI Interrupt Link [LNKS] (IRQs *9)
[    1.182407] vgaarb: device added: PCI:0000:00:02.0,decodes=io+mem,owns=io+mem,locks=none
[    1.184213] vgaarb: loaded
[    1.184650] vgaarb: bridge control possible 0000:00:02.0
[    1.189007] i2c-core: driver [aat2870] using legacy suspend method
[    1.189704] i2c-core: driver [aat2870] using legacy resume method
[    1.192954] SCSI subsystem initialized
[    1.196551] usbcore: registered new interface driver usbfs
[    1.197777] usbcore: registered new interface driver hub
[    1.199111] usbcore: registered new device driver usb
[    1.202710] PCI: Using ACPI for IRQ routing
[    1.221708] NetLabel: Initializing
[    1.224157] NetLabel:  domain hash size = 128
[    1.224691] NetLabel:  protocols = UNLABELED CIPSOv4
[    1.226623] NetLabel:  unlabeled traffic allowed by default
[    1.229511] HPET: 3 timers in total, 0 timers will be used for per-cpu timer
[    1.230245] hpet0: at MMIO 0xfed00000, IRQs 2, 8, 0
[    1.232529] hpet0: 3 comparators, 64-bit 100.000000 MHz counter
[    1.253080] Switching to clocksource hpet
[    1.479230] AppArmor: AppArmor Filesystem Enabled
[    1.480458] pnp: PnP ACPI init
[    1.482658] ACPI: bus type pnp registered
[    1.510786] pnp: PnP ACPI: found 9 devices
[    1.511428] ACPI: ACPI bus type pnp unregistered
[    1.574731] NET: Registered protocol family 2
[    1.625235] IP route cache hash table entries: 512 (order: 0, 4096 bytes)
[    1.637775] TCP established hash table entries: 2048 (order: 3, 32768 bytes)
[    1.639462] TCP bind hash table entries: 2048 (order: 3, 32768 bytes)
[    1.641655] TCP: Hash tables configured (established 2048 bind 2048)
[    1.642687] TCP reno registered
[    1.643245] UDP hash table entries: 128 (order: 0, 4096 bytes)
[    1.644539] UDP-Lite hash table entries: 128 (order: 0, 4096 bytes)
[    1.647552] NET: Registered protocol family 1
[    1.649734] pci 0000:00:00.0: Limiting direct PCI/PCI transfers
[    1.650870] pci 0000:00:01.0: PIIX3: Enabling Passive Release
[    1.652132] pci 0000:00:01.0: Activating ISA DMA hang workarounds
[    1.659769] ACPI: PCI Interrupt Link [LNKD] enabled at IRQ 11
[    1.662734] pci 0000:00:01.2: PCI INT D -&gt; Link[LNKD] -&gt; GSI 11 (level, high) -&gt; IRQ 11
[    1.666844] pci 0000:00:01.2: PCI INT D disabled
[    1.694866] Trying to unpack rootfs image as initramfs...
[    1.727640] audit: initializing netlink socket (disabled)
[    1.738561] type=2000 audit(1456276025.736:1): initialized
[    2.063803] HugeTLB registered 2 MB page size, pre-allocated 0 pages
[    2.152071] VFS: Disk quotas dquot_6.5.2
[    2.154279] Dquot-cache hash table entries: 512 (order 0, 4096 bytes)
[    2.170373] fuse init (API version 7.17)
[    2.175259] msgmni has been set to 84
[    2.218643] Block layer SCSI generic (bsg) driver version 0.4 loaded (major 253)
[    2.222374] io scheduler noop registered
[    2.223501] io scheduler deadline registered (default)
[    2.225770] io scheduler cfq registered
[    2.230113] pci_hotplug: PCI Hot Plug PCI Core version: 0.5
[    2.231875] pciehp: PCI Express Hot Plug Controller Driver version: 0.4
[    2.237727] input: Power Button as /devices/LNXSYSTM:00/LNXPWRBN:00/input/input0
[    2.239258] ACPI: Power Button [PWRF]
[    2.306649] ERST: Table is not found!
[    2.307408] GHES: HEST is not enabled!
[    2.323144] ACPI: PCI Interrupt Link [LNKC] enabled at IRQ 10
[    2.325577] virtio-pci 0000:00:03.0: PCI INT A -&gt; Link[LNKC] -&gt; GSI 10 (level, high) -&gt; IRQ 10
[    2.337946] virtio-pci 0000:00:04.0: PCI INT A -&gt; Link[LNKD] -&gt; GSI 11 (level, high) -&gt; IRQ 11
[    2.373973] ACPI: PCI Interrupt Link [LNKA] enabled at IRQ 10
[    2.375380] virtio-pci 0000:00:05.0: PCI INT A -&gt; Link[LNKA] -&gt; GSI 10 (level, high) -&gt; IRQ 10
[    2.391535] Serial: 8250/16550 driver, 32 ports, IRQ sharing enabled
[    2.435570] serial8250: ttyS0 at I/O 0x3f8 (irq = 4) is a 16550A
[    2.526587] serial8250: ttyS1 at I/O 0x2f8 (irq = 3) is a 16550A
[    2.660410] 00:05: ttyS0 at I/O 0x3f8 (irq = 4) is a 16550A
[    2.677231] Refined TSC clocksource calibration: 2293.148 MHz.
[    2.678335] Switching to clocksource tsc
[    2.746745] 00:06: ttyS1 at I/O 0x2f8 (irq = 3) is a 16550A
[    2.793974] Linux agpgart interface v0.103
[    2.861240] brd: module loaded
[    2.895764] loop: module loaded
[    2.948115]  vda: unknown partition table
[    3.006800] scsi0 : ata_piix
[    3.018264] scsi1 : ata_piix
[    3.019596] ata1: PATA max MWDMA2 cmd 0x1f0 ctl 0x3f6 bmdma 0xc0a0 irq 14
[    3.021298] ata2: PATA max MWDMA2 cmd 0x170 ctl 0x376 bmdma 0xc0a8 irq 15
[    3.031317] Fixed MDIO Bus: probed
[    3.032150] tun: Universal TUN/TAP device driver, 1.6
[    3.033135] tun: (C) 1999-2004 Max Krasnyansky &lt;maxk@qualcomm.com&gt;
[    3.046765] PPP generic driver version 2.4.2
[    3.063578] ehci_hcd: USB 2.0 'Enhanced' Host Controller (EHCI) Driver
[    3.065715] ohci_hcd: USB 1.1 'Open' Host Controller (OHCI) Driver
[    3.066684] uhci_hcd: USB Universal Host Controller Interface driver
[    3.067671] uhci_hcd 0000:00:01.2: PCI INT D -&gt; Link[LNKD] -&gt; GSI 11 (level, high) -&gt; IRQ 11
[    3.071124] uhci_hcd 0000:00:01.2: UHCI Host Controller
[    3.086896] uhci_hcd 0000:00:01.2: new USB bus registered, assigned bus number 1
[    3.089285] uhci_hcd 0000:00:01.2: irq 11, io base 0x0000c040
[    3.119644] hub 1-0:1.0: USB hub found
[    3.121677] hub 1-0:1.0: 2 ports detected
[    3.131126] usbcore: registered new interface driver libusual
[    3.135491] i8042: PNP: PS/2 Controller [PNP0303:KBD,PNP0f13:MOU] at 0x60,0x64 irq 1,12
[    3.143787] serio: i8042 KBD port at 0x60,0x64 irq 1
[    3.146391] serio: i8042 AUX port at 0x60,0x64 irq 12
[    3.183758] mousedev: PS/2 mouse device common for all mice
[    3.199764] input: AT Translated Set 2 keyboard as /devices/platform/i8042/serio0/input/input1
[    3.203566] rtc_cmos 00:01: RTC can wake from S4
[    3.208805] rtc_cmos 00:01: rtc core: registered rtc_cmos as rtc0
[    3.212599] rtc0: alarms up to one day, 114 bytes nvram, hpet irqs
[    3.215476] device-mapper: uevent: version 1.0.3
[    3.242733] device-mapper: ioctl: 4.22.0-ioctl (2011-10-19) initialised: dm-devel@redhat.com
[    3.249850] cpuidle: using governor ladder
[    3.251137] cpuidle: using governor menu
[    3.251716] EFI Variables Facility v0.08 2004-May-17
[    3.252449] TCP cubic registered
[    3.252449] NET: Registered protocol family 10
[    3.282201] NET: Registered protocol family 17
[    3.283516] Registering the dns_resolver key type
[    3.292653] ata2.01: ATAPI: QEMU DVD-ROM, 2.0.0, max UDMA/100
[    3.312991] Freeing initrd memory: 3656k freed
[    3.327884] ata2.01: configured for MWDMA2
[    3.353658] scsi 1:0:1:0: CD-ROM            QEMU     QEMU DVD-ROM     2.0. PQ: 0 ANSI: 5
[    3.365927] sr0: scsi3-mmc drive: 4x/4x cd/rw xa/form2 tray
[    3.367735] cdrom: Uniform CD-ROM driver Revision: 3.20
[    3.377023] sr 1:0:1:0: Attached scsi generic sg0 type 5
[    3.389617] registered taskstats version 1
[    3.903434]   Magic number: 4:944:104
[    3.912071] usbmon usbmon0: hash matches
[    3.919243] rtc_cmos 00:01: setting system clock to 2016-02-24 01:07:08 UTC (1456276028)
[    3.922163] powernow-k8: Processor cpuid 663 not supported
[    3.938848] BIOS EDD facility v0.16 2004-Jun-25, 0 devices found
[    3.939834] EDD information not available.
[    4.010975] Freeing unused kernel memory: 928k freed
[    4.015862] Write protecting the kernel read-only data: 12288k
[    4.146269] Freeing unused kernel memory: 1596k freed
[    4.245798] Freeing unused kernel memory: 1184k freed

info: initramfs: up at 4.45
modprobe: module virtio_blk not found in modules.dep
modprobe: module virtio_net not found in modules.dep
info: copying initramfs to /dev/vda
info: initramfs loading root from /dev/vda
info: /etc/init.d/rc.sysinit: up at 9.25
info: container: none
Starting logging: OK
modprobe: module virtio_blk not found in modules.dep
modprobe: module virtio_net not found in modules.dep
WARN: /etc/rc3.d/S10-load-modules failed
Initializing random number generator... done.
Starting acpid: OK
cirros-ds 'local' up at 11.80
found datasource (configdrive, local)
Starting network...
udhcpc (v1.20.1) started
Sending discover...
Sending discover...

2016-02-24 01:09:06,709 27973 INFO     [tempest_lib.common.rest_client] Request (TestNetworkBasicOps:_run_cleanups): 204 DELETE http://10.4.1.3:9696/v2.0/floatingips/a3b73199-43ea-43e9-add7-576b63343ec1 0.519s
2016-02-24 01:09:06,709 27973 DEBUG    [tempest_lib.common.rest_client] Request - Headers: {'Content-Type': 'application/json', 'Accept': 'application/json', 'X-Auth-Token': '&lt;omitted&gt;'}
        Body: None
    Response - Headers: {'date': 'Wed, 24 Feb 2016 01:09:06 GMT', 'status': '204', 'connection': 'close', 'content-length': '0', 'x-openstack-request-id': 'req-ae204cce-d384-48c6-8b20-f21fc3820c27'}
        Body: 
2016-02-24 01:09:07,149 27973 INFO     [tempest_lib.common.rest_client] Request (TestNetworkBasicOps:_run_cleanups): 204 DELETE http://10.4.1.3:8774/v2.1/9443e2f6778947f7a320c898a0aaf6ef/servers/3d1e4769-7a66-493f-abac-bb7dbf8fb31b 0.439s
2016-02-24 01:09:07,150 27973 DEBUG    [tempest_lib.common.rest_client] Request - Headers: {'Content-Type': 'application/json', 'Accept': 'application/json', 'X-Auth-Token': '&lt;omitted&gt;'}
        Body: None
    Response - Headers: {'status': '204', 'content-length': '0', 'x-compute-request-id': 'req-d1050a38-c7d8-464d-ba4c-df4a659c63ba', 'vary': 'X-OpenStack-Nova-API-Version', 'connection': 'close', 'x-openstack-nova-api-version': '2.1', 'date': 'Wed, 24 Feb 2016 01:09:07 GMT', 'content-type': 'application/json'}
        Body: 
2016-02-24 01:09:07,915 27973 INFO     [tempest_lib.common.rest_client] Request (TestNetworkBasicOps:_run_cleanups): 200 GET http://10.4.1.3:8774/v2.1/9443e2f6778947f7a320c898a0aaf6ef/servers/3d1e4769-7a66-493f-abac-bb7dbf8fb31b 0.765s
2016-02-24 01:09:07,916 27973 DEBUG    [tempest_lib.common.rest_client] Request - Headers: {'Content-Type': 'application/json', 'Accept': 'application/json', 'X-Auth-Token': '&lt;omitted&gt;'}
        Body: None
    Response - Headers: {'status': '200', 'content-length': '1759', 'content-location': 'http://10.4.1.3:8774/v2.1/9443e2f6778947f7a320c898a0aaf6ef/servers/3d1e4769-7a66-493f-abac-bb7dbf8fb31b', 'x-compute-request-id': 'req-e5a24921-ee76-488c-9bbf-502d931a66ca', 'vary': 'X-OpenStack-Nova-API-Version', 'connection': 'close', 'x-openstack-nova-api-version': '2.1', 'date': 'Wed, 24 Feb 2016 01:09:07 GMT', 'content-type': 'application/json'}
        Body: {"server": {"status": "ACTIVE", "updated": "2016-02-24T01:09:07Z", "hostId": "e3d9d0ad1e02911ceaf42e03e04a98afb9aa2601aabe4bb57a064769", "addresses": {"tempest-network-smoke--578232351": [{"OS-EXT-IPS-MAC:mac_addr": "fa:16:3e:22:09:fc", "version": 4, "addr": "10.100.0.3", "OS-EXT-IPS:type": "fixed"}, {"OS-EXT-IPS-MAC:mac_addr": "fa:16:3e:22:09:fc", "version": 4, "addr": "172.24.4.4", "OS-EXT-IPS:type": "floating"}]}, "links": [{"href": "http://10.4.1.3:8774/v2.1/9443e2f6778947f7a320c898a0aaf6ef/servers/3d1e4769-7a66-493f-abac-bb7dbf8fb31b", "rel": "self"}, {"href": "http://10.4.1.3:8774/9443e2f6778947f7a320c898a0aaf6ef/servers/3d1e4769-7a66-493f-abac-bb7dbf8fb31b", "rel": "bookmark"}], "key_name": "tempest-TestNetworkBasicOps-1255828231", "image": {"id": "b7bd1091-b9ee-4766-a073-65b95c726130", "links": [{"href": "http://10.4.1.3:8774/9443e2f6778947f7a320c898a0aaf6ef/images/b7bd1091-b9ee-4766-a073-65b95c726130", "rel": "bookmark"}]}, "OS-EXT-STS:task_state": "deleting", "OS-EXT-STS:vm_state": "active", "OS-SRV-USG:launched_at": "2016-02-24T01:07:01.000000", "flavor": {"id": "42", "links": [{"href": "http://10.4.1.3:8774/9443e2f6778947f7a320c898a0aaf6ef/flavors/42", "rel": "bookmark"}]}, "id": "3d1e4769-7a66-493f-abac-bb7dbf8fb31b", "security_groups": [{"name": "tempest-secgroup-smoke-721453150"}], "OS-SRV-USG:terminated_at": null, "OS-EXT-AZ:availability_zone": "nova", "user_id": "78f5a76a2c634fdcbebe59e772d4a714", "name": "tempest-server-smoke-357453889", "created": "2016-02-24T01:06:55Z", "tenant_id": "9443e2f6778947f7a320c898a0aaf6ef", "OS-DCF:diskConfig": "MANUAL", "os-extended-volumes:volumes_attached": [], "accessIPv4": "", "accessIPv6": "", "progress": 0, "OS-EXT-STS:power_state": 1, "config_drive": "True", "metadata": {}}}
2016-02-24 01:09:09,418 27973 INFO     [tempest_lib.common.rest_client] Request (TestNetworkBasicOps:_run_cleanups): 404 GET http://10.4.1.3:8774/v2.1/9443e2f6778947f7a320c898a0aaf6ef/servers/3d1e4769-7a66-493f-abac-bb7dbf8fb31b 0.491s
2016-02-24 01:09:09,419 27973 DEBUG    [tempest_lib.common.rest_client] Request - Headers: {'Content-Type': 'application/json', 'Accept': 'application/json', 'X-Auth-Token': '&lt;omitted&gt;'}
        Body: None
    Response - Headers: {'status': '404', 'content-length': '111', 'x-compute-request-id': 'req-de62b52f-900a-466d-8fa8-1fe042245fac', 'vary': 'X-OpenStack-Nova-API-Version', 'connection': 'close', 'x-openstack-nova-api-version': '2.1', 'date': 'Wed, 24 Feb 2016 01:09:09 GMT', 'content-type': 'application/json; charset=UTF-8'}
        Body: {"itemNotFound": {"message": "Instance 3d1e4769-7a66-493f-abac-bb7dbf8fb31b could not be found.", "code": 404}}
2016-02-24 01:09:09,664 27973 INFO     [tempest_lib.common.rest_client] Request (TestNetworkBasicOps:_run_cleanups): 202 DELETE http://10.4.1.3:8774/v2.1/9443e2f6778947f7a320c898a0aaf6ef/os-keypairs/tempest-TestNetworkBasicOps-1255828231 0.243s
2016-02-24 01:09:09,664 27973 DEBUG    [tempest_lib.common.rest_client] Request - Headers: {'Content-Type': 'application/json', 'Accept': 'application/json', 'X-Auth-Token': '&lt;omitted&gt;'}
        Body: None
    Response - Headers: {'status': '202', 'content-length': '0', 'x-compute-request-id': 'req-00486f80-1847-466f-ad37-0487bd80d801', 'vary': 'X-OpenStack-Nova-API-Version', 'connection': 'close', 'x-openstack-nova-api-version': '2.1', 'date': 'Wed, 24 Feb 2016 01:09:09 GMT', 'content-type': 'application/json'}
        Body: 
2016-02-24 01:09:10,279 27973 INFO     [tempest_lib.common.rest_client] Request (TestNetworkBasicOps:_run_cleanups): 500 PUT http://10.4.1.3:9696/v2.0/routers/46a56fb1-8ee4-45a7-b0aa-74cc3c6a88d5/remove_router_interface 0.613s
2016-02-24 01:09:10,279 27973 DEBUG    [tempest_lib.common.rest_client] Request - Headers: {'Content-Type': 'application/json', 'Accept': 'application/json', 'X-Auth-Token': '&lt;omitted&gt;'}
        Body: {"subnet_id": "ef8f606e-79d4-4fbd-9270-b8899cdf13cf"}
    Response - Headers: {'status': '500', 'content-length': '150', 'connection': 'close', 'date': 'Wed, 24 Feb 2016 01:09:10 GMT', 'content-type': 'application/json; charset=UTF-8', 'x-openstack-request-id': 'req-4fe3826c-d3c3-48c5-bf37-ea50397aa090'}
        Body: {"NeutronError": {"message": "Request Failed: internal server error while processing your request.", "type": "HTTPInternalServerError", "detail": ""}}
2016-02-24 01:09:10,577 27973 INFO     [tempest_lib.common.rest_client] Request (TestNetworkBasicOps:_run_cleanups): 200 GET http://10.4.1.3:9696/v2.0/routers/46a56fb1-8ee4-45a7-b0aa-74cc3c6a88d5 0.294s
2016-02-24 01:09:10,577 27973 DEBUG    [tempest_lib.common.rest_client] Request - Headers: {'Content-Type': 'application/json', 'Accept': 'application/json', 'X-Auth-Token': '&lt;omitted&gt;'}
        Body: None
    Response - Headers: {'status': '200', 'content-length': '500', 'content-location': 'http://10.4.1.3:9696/v2.0/routers/46a56fb1-8ee4-45a7-b0aa-74cc3c6a88d5', 'connection': 'close', 'date': 'Wed, 24 Feb 2016 01:09:10 GMT', 'content-type': 'application/json; charset=UTF-8', 'x-openstack-request-id': 'req-1a8072c9-e878-461b-b9e9-6b01ba39b3d4'}
        Body: {"router": {"status": "ACTIVE", "external_gateway_info": {"network_id": "f8571ca0-ce3a-49e2-a047-f159d3616beb", "enable_snat": true, "external_fixed_ips": [{"subnet_id": "a39a3357-54f4-4989-b0a2-8e8dad893c46", "ip_address": "172.24.4.3"}, {"subnet_id": "e3a45793-15fe-4283-bbc2-de69ba2517a5", "ip_address": "2001:db8::3"}]}, "name": "tempest-router-smoke-410660629", "admin_state_up": true, "tenant_id": "9443e2f6778947f7a320c898a0aaf6ef", "routes": [], "id": "46a56fb1-8ee4-45a7-b0aa-74cc3c6a88d5"}}
2016-02-24 01:09:11,359 27973 INFO     [tempest_lib.common.rest_client] Request (TestNetworkBasicOps:_run_cleanups): 200 PUT http://10.4.1.3:9696/v2.0/routers/46a56fb1-8ee4-45a7-b0aa-74cc3c6a88d5 0.780s
2016-02-24 01:09:11,359 27973 DEBUG    [tempest_lib.common.rest_client] Request - Headers: {'Content-Type': 'application/json', 'Accept': 'application/json', 'X-Auth-Token': '&lt;omitted&gt;'}
        Body: {"router": {"external_gateway_info": {}, "name": "tempest-router-smoke-410660629", "admin_state_up": true}}
    Response - Headers: {'status': '200', 'content-length': '238', 'connection': 'close', 'date': 'Wed, 24 Feb 2016 01:09:11 GMT', 'content-type': 'application/json; charset=UTF-8', 'x-openstack-request-id': 'req-1739b7d9-0252-4324-9059-a05eae66f94d'}
        Body: {"router": {"status": "ACTIVE", "external_gateway_info": null, "name": "tempest-router-smoke-410660629", "admin_state_up": true, "tenant_id": "9443e2f6778947f7a320c898a0aaf6ef", "routes": [], "id": "46a56fb1-8ee4-45a7-b0aa-74cc3c6a88d5"}}
2016-02-24 01:09:11,791 27973 INFO     [tempest_lib.common.rest_client] Request (TestNetworkBasicOps:_run_cleanups): 500 DELETE http://10.4.1.3:9696/v2.0/routers/46a56fb1-8ee4-45a7-b0aa-74cc3c6a88d5 0.431s
2016-02-24 01:09:11,792 27973 DEBUG    [tempest_lib.common.rest_client] Request - Headers: {'Content-Type': 'application/json', 'Accept': 'application/json', 'X-Auth-Token': '&lt;omitted&gt;'}
        Body: None
    Response - Headers: {'status': '500', 'content-length': '150', 'connection': 'close', 'date': 'Wed, 24 Feb 2016 01:09:11 GMT', 'content-type': 'application/json; charset=UTF-8', 'x-openstack-request-id': 'req-943ace70-cd21-4aac-b52c-e1aeecbb6479'}
        Body: {"NeutronError": {"message": "Request Failed: internal server error while processing your request.", "type": "HTTPInternalServerError", "detail": ""}}
2016-02-24 01:09:12,513 27973 INFO     [tempest_lib.common.rest_client] Request (TestNetworkBasicOps:_run_cleanups): 204 DELETE http://10.4.1.3:9696/v2.0/networks/03ebcb31-3106-4a5d-b091-9da11d70bd50 0.719s
2016-02-24 01:09:12,514 27973 DEBUG    [tempest_lib.common.rest_client] Request - Headers: {'Content-Type': 'application/json', 'Accept': 'application/json', 'X-Auth-Token': '&lt;omitted&gt;'}
        Body: None
    Response - Headers: {'date': 'Wed, 24 Feb 2016 01:09:12 GMT', 'status': '204', 'connection': 'close', 'content-length': '0', 'x-openstack-request-id': 'req-75941a47-9705-466b-bd9b-bb1e2c563ddb'}
        Body: 
2016-02-24 01:09:12,831 27973 INFO     [tempest_lib.common.rest_client] Request (TestNetworkBasicOps:_run_cleanups): 204 DELETE http://10.4.1.3:9696/v2.0/security-groups/aa95c67f-ecc4-4fce-a216-e0c80e431d76 0.315s
2016-02-24 01:09:12,831 27973 DEBUG    [tempest_lib.common.rest_client] Request - Headers: {'Content-Type': 'application/json', 'Accept': 'application/json', 'X-Auth-Token': '&lt;omitted&gt;'}
        Body: None
    Response - Headers: {'date': 'Wed, 24 Feb 2016 01:09:12 GMT', 'status': '204', 'connection': 'close', 'content-length': '0', 'x-openstack-request-id': 'req-1359ef62-5561-4224-8210-330fa3937ac8'}
        Body: 
2016-02-24 01:09:13,123 27973 INFO     [tempest_lib.common.rest_client] Request (TestNetworkBasicOps:_run_cleanups): 404 GET http://10.4.1.3:8774/v2.1/9443e2f6778947f7a320c898a0aaf6ef/servers/3d1e4769-7a66-493f-abac-bb7dbf8fb31b 0.291s
2016-02-24 01:09:13,123 27973 DEBUG    [tempest_lib.common.rest_client] Request - Headers: {'Content-Type': 'application/json', 'Accept': 'application/json', 'X-Auth-Token': '&lt;omitted&gt;'}
        Body: None
    Response - Headers: {'status': '404', 'content-length': '111', 'x-compute-request-id': 'req-0451e1ea-ff3f-452f-acee-93d9fceb6bcd', 'vary': 'X-OpenStack-Nova-API-Version', 'connection': 'close', 'x-openstack-nova-api-version': '2.1', 'date': 'Wed, 24 Feb 2016 01:09:13 GMT', 'content-type': 'application/json; charset=UTF-8'}
        Body: {"itemNotFound": {"message": "Instance 3d1e4769-7a66-493f-abac-bb7dbf8fb31b could not be found.", "code": 404}}
}}}

traceback-1: {{{
Traceback (most recent call last):
  File "tempest/scenario/manager.py", line 108, in delete_wrapper
    delete_thing(*args, **kwargs)
  File "tempest/services/network/resources.py", line 98, in delete
    subnet_id=self.id)
  File "tempest/services/network/json/network_client.py", line 199, in remove_router_interface
    return self.update_resource(uri, kwargs)
  File "tempest/services/network/json/base.py", line 68, in update_resource
    resp, body = self.put(req_uri, req_post_data)
  File "/usr/local/lib/python2.7/dist-packages/tempest_lib/common/rest_client.py", line 322, in put
    return self.request('PUT', url, extra_headers, headers, body)
  File "/usr/local/lib/python2.7/dist-packages/tempest_lib/common/rest_client.py", line 642, in request
    resp, resp_body)
  File "/usr/local/lib/python2.7/dist-packages/tempest_lib/common/rest_client.py", line 761, in _error_checker
    message=message)
tempest_lib.exceptions.ServerFault: Got server fault
Details: Request Failed: internal server error while processing your request.
}}}

traceback-2: {{{
Traceback (most recent call last):
  File "tempest/scenario/manager.py", line 108, in delete_wrapper
    delete_thing(*args, **kwargs)
  File "tempest/services/network/resources.py", line 119, in delete
    self.client.delete_router(self.id)
  File "tempest/services/network/json/network_client.py", line 169, in delete_router
    return self.delete_resource(uri)
  File "tempest/services/network/json/base.py", line 41, in delete_resource
    resp, body = self.delete(req_uri)
  File "/usr/local/lib/python2.7/dist-packages/tempest_lib/common/rest_client.py", line 290, in delete
    return self.request('DELETE', url, extra_headers, headers, body)
  File "/usr/local/lib/python2.7/dist-packages/tempest_lib/common/rest_client.py", line 642, in request
    resp, resp_body)
  File "/usr/local/lib/python2.7/dist-packages/tempest_lib/common/rest_client.py", line 761, in _error_checker
    message=message)
tempest_lib.exceptions.ServerFault: Got server fault
Details: Request Failed: internal server error while processing your request.
}}}

Traceback (most recent call last):
  File "tempest/test.py", line 113, in wrapper
    return f(self, *func_args, **func_kwargs)
  File "tempest/scenario/test_network_basic_ops.py", line 445, in test_connectivity_between_vms_on_different_networks
    self.check_public_network_connectivity(should_connect=True)
  File "tempest/scenario/test_network_basic_ops.py", line 212, in check_public_network_connectivity
    self.servers)
  File "tempest/scenario/manager.py", line 598, in check_public_network_connectivity
    should_connect=should_connect)
  File "tempest/scenario/manager.py", line 582, in check_vm_connectivity
    msg=msg)
  File "/usr/local/lib/python2.7/dist-packages/unittest2/case.py", line 702, in assertTrue
    raise self.failureException(msg)
AssertionError: False is not true : Timed out waiting for 172.24.4.4 to become reachable



        </pre>
    </div>
    <!--css div popup end-->

    </td>
</tr>

<tr id='ft1.2' class='none'>
    <td class='failCase'><div class='testcase'>test_hotplug_nic[compute,id-c5adff73-e961-41f1-b4a9-343614f18cfa,network]</div></td>
    <td colspan='7' align='left'>

    <!--css div popup start-->
    <a class="popup_link" onfocus='this.blur();'
    href="javascript:showTestDetail('div_ft1.2')" >
        fail</a>

    <div id='div_ft1.2' class="popup_window">
        <div style='text-align: right; color:red;cursor:pointer'>
        <a onfocus='this.blur();'
onclick="document.getElementById('div_ft1.2').style.display = 'none' " >
           [x]</a>
        </div>
        <pre>
        
ft1.2: tempest.scenario.test_network_basic_ops.TestNetworkBasicOps.test_hotplug_nic[compute,id-c5adff73-e961-41f1-b4a9-343614f18cfa,network]_StringException: Empty attachments:
  stderr
  stdout

pythonlogging:'': {{{
2016-02-24 01:09:13,495 27973 INFO     [tempest_lib.common.rest_client] Request (TestNetworkBasicOps:test_hotplug_nic): 201 POST http://10.4.1.3:9696/v2.0/security-groups 0.350s
