<?xml version="1.0" encoding="UTF-8"?>
<!DOCTYPE html PUBLIC "-//W3C//DTD XHTML 1.0 Strict//EN"
     "http://www.w3.org/TR/xhtml1/DTD/xhtml1-strict.dtd">
<html xmlns="http://www.w3.org/1999/xhtml">
<head>
    <title>Unit Test Report</title>
    <meta name="generator" content="subunit2html 0.1"/>
    <meta http-equiv="Content-Type" content="text/html; charset=UTF-8"/>
    
<style type="text/css" media="screen">
body        { font-family: verdana, arial, helvetica, sans-serif;
    font-size: 80%; }
table       { font-size: 100%; width: 100%;}
pre         { font-size: 80%; }

/* -- heading -------------------------------------------------------------- */
h1 {
        font-size: 16pt;
        color: gray;
}
.heading {
    margin-top: 0ex;
    margin-bottom: 1ex;
}

.heading .attribute {
    margin-top: 1ex;
    margin-bottom: 0;
}

.heading .description {
    margin-top: 4ex;
    margin-bottom: 6ex;
}

/* -- css div popup -------------------------------------------------------- */
a.popup_link {
}

a.popup_link:hover {
    color: red;
}

.popup_window {
    display: none;
    overflow-x: scroll;
    /*border: solid #627173 1px; */
    padding: 10px;
    background-color: #E6E6D6;
    font-family: "Ubuntu Mono", "Lucida Console", "Courier New", monospace;
    text-align: left;
    font-size: 8pt;
}

}
/* -- report --------------------------------------------------------------- */
#show_detail_line {
    margin-top: 3ex;
    margin-bottom: 1ex;
}
#result_table {
    width: 100%;
    border-collapse: collapse;
    border: 1px solid #777;
}
#header_row {
    font-weight: bold;
    color: white;
    background-color: #777;
}
#result_table td {
    border: 1px solid #777;
    padding: 2px;
}
#total_row  { font-weight: bold; }
.passClass  { background-color: #6c6; }
.failClass  { background-color: #c60; }
.errorClass { background-color: #c00; }
.passCase   { color: #6c6; }
.failCase   { color: #c60; font-weight: bold; }
.errorCase  { color: #c00; font-weight: bold; }
.hiddenRow  { display: none; }
.testcase   { margin-left: 2em; }
td.testname {width: 40%}
td.small {width: 40px}

/* -- ending --------------------------------------------------------------- */
#ending {
}

</style>

</head>
<body>
<script language="javascript" type="text/javascript"><!--
output_list = Array();

/* level - 0:Summary; 1:Failed; 2:All */
function showCase(level) {
    trs = document.getElementsByTagName("tr");
    for (var i = 0; i < trs.length; i++) {
        tr = trs[i];
        id = tr.id;
        if (id.substr(0,2) == 'ft') {
            if (level < 1) {
                tr.className = 'hiddenRow';
            }
            else {
                tr.className = '';
            }
        }
        if (id.substr(0,2) == 'pt') {
            if (level > 1) {
                tr.className = '';
            }
            else {
                tr.className = 'hiddenRow';
            }
        }
    }
}


function showClassDetail(cid, count) {
    var id_list = Array(count);
    var toHide = 1;
    for (var i = 0; i < count; i++) {
        tid0 = 't' + cid.substr(1) + '.' + (i+1);
        tid = 'f' + tid0;
        tr = document.getElementById(tid);
        if (!tr) {
            tid = 'p' + tid0;
            tr = document.getElementById(tid);
        }
        id_list[i] = tid;
        if (tr.className) {
            toHide = 0;
        }
    }
    for (var i = 0; i < count; i++) {
        tid = id_list[i];
        if (toHide) {
            document.getElementById('div_'+tid).style.display = 'none'
            document.getElementById(tid).className = 'hiddenRow';
        }
        else {
            document.getElementById(tid).className = '';
        }
    }
}


function showTestDetail(div_id){
    var details_div = document.getElementById(div_id)
    var displayState = details_div.style.display
    // alert(displayState)
    if (displayState != 'block' ) {
        displayState = 'block'
        details_div.style.display = 'block'
    }
    else {
        details_div.style.display = 'none'
    }
}


function html_escape(s) {
    s = s.replace(/&/g,'&amp;');
    s = s.replace(/</g,'&lt;');
    s = s.replace(/>/g,'&gt;');
    return s;
}

/* obsoleted by detail in <div>
function showOutput(id, name) {
    var w = window.open("", //url
                    name,
                    "resizable,scrollbars,status,width=800,height=450");
    d = w.document;
    d.write("<pre>");
    d.write(html_escape(output_list[id]));
    d.write("\n");
    d.write("<a href='javascript:window.close()'>close</a>\n");
    d.write("</pre>\n");
    d.close();
}
*/
--></script>

<div class='heading'>
<h1>Unit Test Report</h1>

<p class='attribute'><strong>Status:</strong> Failure 6</p>

<p class='description'></p>
</div>



<p id='show_detail_line'>Show
<a href='javascript:showCase(0)'>Summary</a>
<a href='javascript:showCase(1)'>Failed</a>
<a href='javascript:showCase(2)'>All</a>
</p>
<table id='result_table'>
<colgroup>
<col align='left' />
<col align='right' />
<col align='right' />
<col align='right' />
<col align='right' />
<col align='right' />
<col align='right' />
<col align='right' />
</colgroup>
<tr id='header_row'>
    <td>Test Group/Test case</td>
    <td>Count</td>
    <td>Pass</td>
    <td>Fail</td>
    <td>Error</td>
    <td>Skip</td>
    <td>View</td>
    <td> </td>
</tr>

<tr class='failClass'>
    <td class="testname">tempest.scenario.test_network_advanced_server_ops.TestNetworkAdvancedServerOps</td>
    <td class="small">6</td>
    <td class="small">0</td>
    <td class="small">6</td>
    <td class="small">0</td>
    <td class="small">0</td>
    <td class="small"><a href="javascript:showClassDetail('c1',6)"
>Detail</a></td>
    <td> </td>
</tr>

<tr id='ft1.1' class='none'>
    <td class='failCase'><div class='testcase'>test_server_connectivity_pause_unpause[compute,id-2b2642db-6568-4b35-b812-eceed3fa20ce,network]</div></td>
    <td colspan='7' align='left'>

    <!--css div popup start-->
    <a class="popup_link" onfocus='this.blur();'
    href="javascript:showTestDetail('div_ft1.1')" >
        fail</a>

    <div id='div_ft1.1' class="popup_window">
        <div style='text-align: right; color:red;cursor:pointer'>
        <a onfocus='this.blur();'
onclick="document.getElementById('div_ft1.1').style.display = 'none' " >
           [x]</a>
        </div>
        <pre>
        
ft1.1: tempest.scenario.test_network_advanced_server_ops.TestNetworkAdvancedServerOps.test_server_connectivity_pause_unpause[compute,id-2b2642db-6568-4b35-b812-eceed3fa20ce,network]_StringException: Empty attachments:
  stderr
  stdout

pythonlogging:'': {{{
2016-02-24 20:24:32,128 650 INFO     [tempest_lib.common.rest_client] Request (TestNetworkAdvancedServerOps:test_server_connectivity_pause_unpause): 200 POST http://10.4.1.3:8774/v2.1/c51512788c29437db6b32e9248510da2/os-keypairs 0.549s
2016-02-24 20:24:32,128 650 DEBUG    [tempest_lib.common.rest_client] Request - Headers: {'Content-Type': 'application/json', 'Accept': 'application/json', 'X-Auth-Token': '&lt;omitted&gt;'}
        Body: {"keypair": {"name": "tempest-TestNetworkAdvancedServerOps-623208670"}}
    Response - Headers: {'status': '200', 'content-length': '2333', 'x-compute-request-id': 'req-2fdbad0d-ce06-4f82-8fd4-7d09aecdf343', 'vary': 'X-OpenStack-Nova-API-Version', 'connection': 'close', 'x-openstack-nova-api-version': '2.1', 'date': 'Wed, 24 Feb 2016 20:24:32 GMT', 'content-type': 'application/json'}
        Body: {"keypair": {"public_key": "ssh-rsa AAAAB3NzaC1yc2EAAAADAQABAAABAQD17xW4SwMo8+n+psTAEOs/0yAtM+dN+nIdW7gyVDXktqh4wJlvYCPCVAg9TqeM5GVHVnuqKCbhR3sH8rVOEFQi3YbkNx10gQOZnqai1a2oKbO608R7J1Q0svcvU2A76FYrLXlMHLJJrbiSzXuVRy3h9kw0cMrbSj1TSVIS8wT3Dp+7jdkit0zGtOUm0pKhNoN1aHwWvU+HOxxWkOP2/dG7GLyro2fzrkx+48BF8taprmqlV5qm6PebSfL2MES09MaBz9E/jNaxqoyYQgheQfqSKKNWWtCyZMbAfibRLNQMGpHtoTx9FwAd35wAiC2B7yPqG+gEIZ+NmONSMz2b+c+X Generated-by-Nova", "private_key": "-----BEGIN RSA PRIVATE KEY-----\nMIIEqgIBAAKCAQEA9e8VuEsDKPPp/qbEwBDrP9MgLTPnTfpyHVu4MlQ15LaoeMCZ\nb2AjwlQIPU6njORlR1Z7qigm4Ud7B/K1ThBUIt2G5DcddIEDmZ6motWtqCmzutPE\neydUNLL3L1NgO+hWKy15TByySa24ks17lUct4fZMNHDK20o9U0lSEvME9w6fu43Z\nIrdMxrTlJtKSoTaDdWh8Fr1PhzscVpDj9v3Ruxi8q6Nn865MfuPARfLWqa5qpVea\npuj3m0ny9jBEtPTGgc/RP4zWsaqMmEIIXkH6kiijVlrQsmTGwH4m0SzUDBqR7aE8\nfRcAHd+cAIgtge8j6hvoBCGfjZjjUjM9m/nPlwIDAQABAoIBAQC8ibe6+zbG9IcU\nxEDdhZrz6SUnwjy3GSLWwvPpEYnnduic+fom2itP1SAj7+KfLpE+KVzQy8tStXvq\nUfUQjZAS0oWQ+3fHUwixgmD5QJrK6n1w4twkFbiGVhUN4PtLsggtPcVZxj4gId/4\nGzN8836HVkyBf17k0ntFGFalVE0gIEM2zKACSoUq9+qJnoh1eg9mt0XmwqfmT1W5\nprwal9EzEdEluuoVHjQKPNUNr3SjceVOaRUEwg6l8BCR7WsNHw5Aj89ei3BJLma6\n+vWL0RXSG6wl7k9qZltSQGauQwtNeQY4Y3/fydkw9RtJ+MwiC9ftUtTUtujWr2ue\nNlrtDnnxAoIAgQD5v4zJluuDy4hnMRXVXBGqBq34PK+Sewj0N+6kQvoVAuZ3GIA9\nZtZxqWAp3rblSOEZ9l/VQ9XdUBUy1SX3IZyELX3wl31ZD1pBvA+6KC1PYlh0sSJn\nRHgJe0+kWg+wAJLzvP/kGn8fWaVo+ZOqQb3Fd3dATvqHK3PoRh15jRDE4wKCAIEA\n/BcXfxlH2/1HGjdHOvEEawsM1QptDGr7umbc6vX/6BOKWUP0myBcqfzlg2pW94dZ\nwl59dydsUJ7L6pqVopqUYIlXc8RtX4xJwB4CbVHGmYpmlcmJn+pS0h4FM7qOoFvE\n/N1Fnh0F3wURsKw3hqunVhsckWmpWDWryAjYMrtj/L0CggCBANIT7UI4/9y53QAo\nStxQ+M7TlY0Exw7pDWwYjFWBvUjlSqUNZ/m+Qk4Tkj9GBwSxHCAxnQUQbZoe3eYH\nY0sQ685HUfOKCjda8anvni8R0qM+73cg9PZ2op4fKqvt0dpTcUkzRvBB1YKybq/x\nl+OULyQmTJo8lQIUbAgKyopPPbbPAoIAgQC1Ape6iZqRmfH+HwckiX9UpWCXcJ8Q\ntZj/JXEnvW/9YlqK8kKnSLuAy7i5fhfoMOYArPyGHGaoFP3y/QDI+xnjn3qOA9NN\nMlyaeHHhsUBba4dxsn8Btq21dhziIejbuElgEDo26DwZAXjMVTyhlIvZRipjN22D\nizZHsiIbe3a2OQKCAIBb8iQ4y2CZZyCV29VygLI+38dDwYYXZlHLZeEo3IL//J4D\nBLBZh3juRz0sZtQlS8JIsg1iOH+4FSMJlqbiGLOUIYpSSwrUYwXXp3TAm+YU9nWB\nLAM0oqG14/3Me2oMKzbP/sczkesa3G4VyEh6bpwE4+XAD60Fy/4CgYOyvlp8RA==\n-----END RSA PRIVATE KEY-----\n", "user_id": "0f13991a9307478daa1cc2c57655c1f4", "name": "tempest-TestNetworkAdvancedServerOps-623208670", "fingerprint": "fb:3e:27:0c:a6:f8:3f:1a:4e:4f:d5:69:ee:6d:70:9e"}}
2016-02-24 20:24:32,567 650 INFO     [tempest_lib.common.rest_client] Request (TestNetworkAdvancedServerOps:test_server_connectivity_pause_unpause): 201 POST http://10.4.1.3:9696/v2.0/security-groups 0.435s
2016-02-24 20:24:32,567 650 DEBUG    [tempest_lib.common.rest_client] Request - Headers: {'Content-Type': 'application/json', 'Accept': 'application/json', 'X-Auth-Token': '&lt;omitted&gt;'}
        Body: {"security_group": {"tenant_id": "c51512788c29437db6b32e9248510da2", "description": "tempest-secgroup-smoke-1071116867 description", "name": "tempest-secgroup-smoke-1071116867"}}
    Response - Headers: {'status': '201', 'content-length': '888', 'connection': 'close', 'date': 'Wed, 24 Feb 2016 20:24:32 GMT', 'content-type': 'application/json; charset=UTF-8', 'x-openstack-request-id': 'req-a6295b5b-bed1-46e4-a69a-d813a4d22db4'}
        Body: {"security_group": {"tenant_id": "c51512788c29437db6b32e9248510da2", "description": "tempest-secgroup-smoke-1071116867 description", "id": "dd38e76f-1c2f-4a8b-8934-702167c397ec", "security_group_rules": [{"remote_group_id": null, "direction": "egress", "remote_ip_prefix": null, "protocol": null, "ethertype": "IPv4", "tenant_id": "c51512788c29437db6b32e9248510da2", "port_range_max": null, "port_range_min": null, "id": "b974791b-24c6-40fe-bbb2-abfc0338650f", "security_group_id": "dd38e76f-1c2f-4a8b-8934-702167c397ec"}, {"remote_group_id": null, "direction": "egress", "remote_ip_prefix": null, "protocol": null, "ethertype": "IPv6", "tenant_id": "c51512788c29437db6b32e9248510da2", "port_range_max": null, "port_range_min": null, "id": "a92dcc50-e015-4805-9608-526f44474dc2", "security_group_id": "dd38e76f-1c2f-4a8b-8934-702167c397ec"}], "name": "tempest-secgroup-smoke-1071116867"}}
2016-02-24 20:24:32,898 650 INFO     [tempest_lib.common.rest_client] Request (TestNetworkAdvancedServerOps:test_server_connectivity_pause_unpause): 201 POST http://10.4.1.3:9696/v2.0/security-group-rules 0.328s
2016-02-24 20:24:32,899 650 DEBUG    [tempest_lib.common.rest_client] Request - Headers: {'Content-Type': 'application/json', 'Accept': 'application/json', 'X-Auth-Token': '&lt;omitted&gt;'}
        Body: {"security_group_rule": {"direction": "ingress", "protocol": "tcp", "tenant_id": "c51512788c29437db6b32e9248510da2", "port_range_max": 22, "security_group_id": "dd38e76f-1c2f-4a8b-8934-702167c397ec", "port_range_min": 22}}
    Response - Headers: {'status': '201', 'content-length': '340', 'connection': 'close', 'date': 'Wed, 24 Feb 2016 20:24:32 GMT', 'content-type': 'application/json; charset=UTF-8', 'x-openstack-request-id': 'req-886aecc3-fe18-4fca-9fdd-651121f68c56'}
        Body: {"security_group_rule": {"remote_group_id": null, "direction": "ingress", "remote_ip_prefix": null, "protocol": "tcp", "ethertype": "IPv4", "tenant_id": "c51512788c29437db6b32e9248510da2", "port_range_max": 22, "port_range_min": 22, "id": "3b2534a2-0b77-4b63-a8df-a817f031ce72", "security_group_id": "dd38e76f-1c2f-4a8b-8934-702167c397ec"}}
2016-02-24 20:24:33,237 650 INFO     [tempest_lib.common.rest_client] Request (TestNetworkAdvancedServerOps:test_server_connectivity_pause_unpause): 201 POST http://10.4.1.3:9696/v2.0/security-group-rules 0.336s
2016-02-24 20:24:33,237 650 DEBUG    [tempest_lib.common.rest_client] Request - Headers: {'Content-Type': 'application/json', 'Accept': 'application/json', 'X-Auth-Token': '&lt;omitted&gt;'}
        Body: {"security_group_rule": {"direction": "egress", "protocol": "tcp", "tenant_id": "c51512788c29437db6b32e9248510da2", "port_range_max": 22, "security_group_id": "dd38e76f-1c2f-4a8b-8934-702167c397ec", "port_range_min": 22}}
    Response - Headers: {'status': '201', 'content-length': '339', 'connection': 'close', 'date': 'Wed, 24 Feb 2016 20:24:33 GMT', 'content-type': 'application/json; charset=UTF-8', 'x-openstack-request-id': 'req-67eb28b7-a21f-4e39-959a-7b25590f871b'}
        Body: {"security_group_rule": {"remote_group_id": null, "direction": "egress", "remote_ip_prefix": null, "protocol": "tcp", "ethertype": "IPv4", "tenant_id": "c51512788c29437db6b32e9248510da2", "port_range_max": 22, "port_range_min": 22, "id": "af169037-c138-476a-bb31-feb901c535f2", "security_group_id": "dd38e76f-1c2f-4a8b-8934-702167c397ec"}}
2016-02-24 20:24:33,573 650 INFO     [tempest_lib.common.rest_client] Request (TestNetworkAdvancedServerOps:test_server_connectivity_pause_unpause): 201 POST http://10.4.1.3:9696/v2.0/security-group-rules 0.334s
2016-02-24 20:24:33,573 650 DEBUG    [tempest_lib.common.rest_client] Request - Headers: {'Content-Type': 'application/json', 'Accept': 'application/json', 'X-Auth-Token': '&lt;omitted&gt;'}
        Body: {"security_group_rule": {"tenant_id": "c51512788c29437db6b32e9248510da2", "direction": "ingress", "protocol": "icmp", "security_group_id": "dd38e76f-1c2f-4a8b-8934-702167c397ec"}}
    Response - Headers: {'status': '201', 'content-length': '345', 'connection': 'close', 'date': 'Wed, 24 Feb 2016 20:24:33 GMT', 'content-type': 'application/json; charset=UTF-8', 'x-openstack-request-id': 'req-3b252194-374f-44bc-a8cd-5594aaf09d7d'}
        Body: {"security_group_rule": {"remote_group_id": null, "direction": "ingress", "remote_ip_prefix": null, "protocol": "icmp", "ethertype": "IPv4", "tenant_id": "c51512788c29437db6b32e9248510da2", "port_range_max": null, "port_range_min": null, "id": "c0aeb740-7740-416e-ba7c-47ec77bb7b19", "security_group_id": "dd38e76f-1c2f-4a8b-8934-702167c397ec"}}
2016-02-24 20:24:33,909 650 INFO     [tempest_lib.common.rest_client] Request (TestNetworkAdvancedServerOps:test_server_connectivity_pause_unpause): 201 POST http://10.4.1.3:9696/v2.0/security-group-rules 0.334s
2016-02-24 20:24:33,909 650 DEBUG    [tempest_lib.common.rest_client] Request - Headers: {'Content-Type': 'application/json', 'Accept': 'application/json', 'X-Auth-Token': '&lt;omitted&gt;'}
        Body: {"security_group_rule": {"tenant_id": "c51512788c29437db6b32e9248510da2", "direction": "egress", "protocol": "icmp", "security_group_id": "dd38e76f-1c2f-4a8b-8934-702167c397ec"}}
    Response - Headers: {'status': '201', 'content-length': '344', 'connection': 'close', 'date': 'Wed, 24 Feb 2016 20:24:33 GMT', 'content-type': 'application/json; charset=UTF-8', 'x-openstack-request-id': 'req-d3f5b363-edf7-4aec-b45e-b416ed0d8e03'}
        Body: {"security_group_rule": {"remote_group_id": null, "direction": "egress", "remote_ip_prefix": null, "protocol": "icmp", "ethertype": "IPv4", "tenant_id": "c51512788c29437db6b32e9248510da2", "port_range_max": null, "port_range_min": null, "id": "e36dca45-e1aa-4788-9e1d-2dd2879ead90", "security_group_id": "dd38e76f-1c2f-4a8b-8934-702167c397ec"}}
2016-02-24 20:24:34,251 650 INFO     [tempest_lib.common.rest_client] Request (TestNetworkAdvancedServerOps:test_server_connectivity_pause_unpause): 201 POST http://10.4.1.3:9696/v2.0/security-group-rules 0.340s
2016-02-24 20:24:34,251 650 DEBUG    [tempest_lib.common.rest_client] Request - Headers: {'Content-Type': 'application/json', 'Accept': 'application/json', 'X-Auth-Token': '&lt;omitted&gt;'}
        Body: {"security_group_rule": {"tenant_id": "c51512788c29437db6b32e9248510da2", "direction": "ingress", "security_group_id": "dd38e76f-1c2f-4a8b-8934-702167c397ec", "protocol": "icmp", "ethertype": "IPv6"}}
    Response - Headers: {'status': '201', 'content-length': '345', 'connection': 'close', 'date': 'Wed, 24 Feb 2016 20:24:34 GMT', 'content-type': 'application/json; charset=UTF-8', 'x-openstack-request-id': 'req-1a433e52-7bc7-4d3a-99ed-f41b96c4ae26'}
        Body: {"security_group_rule": {"remote_group_id": null, "direction": "ingress", "remote_ip_prefix": null, "protocol": "icmp", "ethertype": "IPv6", "tenant_id": "c51512788c29437db6b32e9248510da2", "port_range_max": null, "port_range_min": null, "id": "14a89ef1-2a97-4623-92f9-02d3d20c1806", "security_group_id": "dd38e76f-1c2f-4a8b-8934-702167c397ec"}}
2016-02-24 20:24:34,578 650 INFO     [tempest_lib.common.rest_client] Request (TestNetworkAdvancedServerOps:test_server_connectivity_pause_unpause): 201 POST http://10.4.1.3:9696/v2.0/security-group-rules 0.325s
2016-02-24 20:24:34,578 650 DEBUG    [tempest_lib.common.rest_client] Request - Headers: {'Content-Type': 'application/json', 'Accept': 'application/json', 'X-Auth-Token': '&lt;omitted&gt;'}
        Body: {"security_group_rule": {"tenant_id": "c51512788c29437db6b32e9248510da2", "direction": "egress", "security_group_id": "dd38e76f-1c2f-4a8b-8934-702167c397ec", "protocol": "icmp", "ethertype": "IPv6"}}
    Response - Headers: {'status': '201', 'content-length': '344', 'connection': 'close', 'date': 'Wed, 24 Feb 2016 20:24:34 GMT', 'content-type': 'application/json; charset=UTF-8', 'x-openstack-request-id': 'req-8b8c2fd6-0428-46f1-88f1-4052e88d6174'}
        Body: {"security_group_rule": {"remote_group_id": null, "direction": "egress", "remote_ip_prefix": null, "protocol": "icmp", "ethertype": "IPv6", "tenant_id": "c51512788c29437db6b32e9248510da2", "port_range_max": null, "port_range_min": null, "id": "850e8a29-281c-45d3-ba6b-bd67b18be845", "security_group_id": "dd38e76f-1c2f-4a8b-8934-702167c397ec"}}
2016-02-24 20:24:35,084 650 INFO     [tempest_lib.common.rest_client] Request (TestNetworkAdvancedServerOps:test_server_connectivity_pause_unpause): 201 POST http://10.4.1.3:9696/v2.0/networks 0.504s
2016-02-24 20:24:35,084 650 DEBUG    [tempest_lib.common.rest_client] Request - Headers: {'Content-Type': 'application/json', 'Accept': 'application/json', 'X-Auth-Token': '&lt;omitted&gt;'}
        Body: {"network": {"tenant_id": "c51512788c29437db6b32e9248510da2", "name": "tempest-network-smoke--1023414183"}}
    Response - Headers: {'status': '201', 'content-length': '356', 'connection': 'close', 'date': 'Wed, 24 Feb 2016 20:24:35 GMT', 'content-type': 'application/json; charset=UTF-8', 'x-openstack-request-id': 'req-da1a8d2e-bdfb-4d5c-8b9d-c370c3608969'}
        Body: {"network": {"status": "ACTIVE", "subnets": [], "availability_zone_hints": [], "availability_zones": [], "name": "tempest-network-smoke--1023414183", "admin_state_up": true, "tenant_id": "c51512788c29437db6b32e9248510da2", "mtu": 1450, "router:external": false, "shared": false, "port_security_enabled": true, "id": "e1de0e00-2683-4e6e-942c-c533c3020b98"}}
2016-02-24 20:24:35,345 650 INFO     [tempest_lib.common.rest_client] Request (TestNetworkAdvancedServerOps:test_server_connectivity_pause_unpause): 201 POST http://10.4.1.3:9696/v2.0/routers 0.260s
2016-02-24 20:24:35,346 650 DEBUG    [tempest_lib.common.rest_client] Request - Headers: {'Content-Type': 'application/json', 'Accept': 'application/json', 'X-Auth-Token': '&lt;omitted&gt;'}
        Body: {"router": {"tenant_id": "c51512788c29437db6b32e9248510da2", "name": "tempest-router-smoke-1023303839", "admin_state_up": true}}
    Response - Headers: {'status': '201', 'content-length': '239', 'connection': 'close', 'date': 'Wed, 24 Feb 2016 20:24:35 GMT', 'content-type': 'application/json; charset=UTF-8', 'x-openstack-request-id': 'req-47acd587-cfb8-430a-a613-fe1df36fb7ea'}
        Body: {"router": {"status": "ACTIVE", "external_gateway_info": null, "name": "tempest-router-smoke-1023303839", "admin_state_up": true, "tenant_id": "c51512788c29437db6b32e9248510da2", "routes": [], "id": "9e90e29d-5702-428d-96b4-509632d68eb3"}}
2016-02-24 20:24:35,595 650 INFO     [tempest_lib.common.rest_client] Request (TestNetworkAdvancedServerOps:test_server_connectivity_pause_unpause): 200 GET http://10.4.1.3:9696/v2.0/routers/9e90e29d-5702-428d-96b4-509632d68eb3 0.248s
2016-02-24 20:24:35,595 650 DEBUG    [tempest_lib.common.rest_client] Request - Headers: {'Content-Type': 'application/json', 'Accept': 'application/json', 'X-Auth-Token': '&lt;omitted&gt;'}
        Body: None
    Response - Headers: {'status': '200', 'content-length': '239', 'content-location': 'http://10.4.1.3:9696/v2.0/routers/9e90e29d-5702-428d-96b4-509632d68eb3', 'connection': 'close', 'date': 'Wed, 24 Feb 2016 20:24:35 GMT', 'content-type': 'application/json; charset=UTF-8', 'x-openstack-request-id': 'req-90529427-60ba-4d74-a848-c342d8ca27ac'}
        Body: {"router": {"status": "ACTIVE", "external_gateway_info": null, "name": "tempest-router-smoke-1023303839", "admin_state_up": true, "tenant_id": "c51512788c29437db6b32e9248510da2", "routes": [], "id": "9e90e29d-5702-428d-96b4-509632d68eb3"}}
2016-02-24 20:24:36,478 650 INFO     [tempest_lib.common.rest_client] Request (TestNetworkAdvancedServerOps:test_server_connectivity_pause_unpause): 200 PUT http://10.4.1.3:9696/v2.0/routers/9e90e29d-5702-428d-96b4-509632d68eb3 0.881s
2016-02-24 20:24:36,479 650 DEBUG    [tempest_lib.common.rest_client] Request - Headers: {'Content-Type': 'application/json', 'Accept': 'application/json', 'X-Auth-Token': '&lt;omitted&gt;'}
        Body: {"router": {"external_gateway_info": {"network_id": "5bbd6abe-deff-4c94-94cb-8d28f3a1d0fe"}, "name": "tempest-router-smoke-1023303839", "admin_state_up": true}}
    Response - Headers: {'status': '200', 'content-length': '501', 'connection': 'close', 'date': 'Wed, 24 Feb 2016 20:24:36 GMT', 'content-type': 'application/json; charset=UTF-8', 'x-openstack-request-id': 'req-de3edbb6-d328-4928-9ac8-b86e748e0505'}
        Body: {"router": {"status": "ACTIVE", "external_gateway_info": {"network_id": "5bbd6abe-deff-4c94-94cb-8d28f3a1d0fe", "enable_snat": true, "external_fixed_ips": [{"subnet_id": "a660e20d-cc5b-40af-883d-0a5550795bd5", "ip_address": "172.24.4.3"}, {"subnet_id": "cd5c107f-da4d-47b9-8c5c-ede6f5dfe13c", "ip_address": "2001:db8::4"}]}, "name": "tempest-router-smoke-1023303839", "admin_state_up": true, "tenant_id": "c51512788c29437db6b32e9248510da2", "routes": [], "id": "9e90e29d-5702-428d-96b4-509632d68eb3"}}
2016-02-24 20:24:36,690 650 INFO     [tempest_lib.common.rest_client] Request (TestNetworkAdvancedServerOps:test_server_connectivity_pause_unpause): 200 GET http://10.4.1.3:9696/v2.0/subnets?tenant_id=c51512788c29437db6b32e9248510da2&amp;cidr=10.100.0.0%2F28 0.210s
2016-02-24 20:24:36,691 650 DEBUG    [tempest_lib.common.rest_client] Request - Headers: {'Content-Type': 'application/json', 'Accept': 'application/json', 'X-Auth-Token': '&lt;omitted&gt;'}
        Body: None
    Response - Headers: {'status': '200', 'content-length': '15', 'content-location': 'http://10.4.1.3:9696/v2.0/subnets?tenant_id=c51512788c29437db6b32e9248510da2&amp;cidr=10.100.0.0%2F28', 'connection': 'close', 'date': 'Wed, 24 Feb 2016 20:24:36 GMT', 'content-type': 'application/json; charset=UTF-8', 'x-openstack-request-id': 'req-00946267-5ee8-4286-ac7e-be16f968c7b8'}
        Body: {"subnets": []}
2016-02-24 20:24:37,150 650 INFO     [tempest_lib.common.rest_client] Request (TestNetworkAdvancedServerOps:test_server_connectivity_pause_unpause): 201 POST http://10.4.1.3:9696/v2.0/subnets 0.454s
2016-02-24 20:24:37,151 650 DEBUG    [tempest_lib.common.rest_client] Request - Headers: {'Content-Type': 'application/json', 'Accept': 'application/json', 'X-Auth-Token': '&lt;omitted&gt;'}
        Body: {"subnet": {"ip_version": 4, "tenant_id": "c51512788c29437db6b32e9248510da2", "cidr": "10.100.0.0/28", "network_id": "e1de0e00-2683-4e6e-942c-c533c3020b98", "name": "tempest-subnet-smoke-1476843615"}}
    Response - Headers: {'status': '201', 'content-length': '478', 'connection': 'close', 'date': 'Wed, 24 Feb 2016 20:24:37 GMT', 'content-type': 'application/json; charset=UTF-8', 'x-openstack-request-id': 'req-bf739a0a-ae88-40ca-b52a-ed98a64bae86'}
        Body: {"subnet": {"name": "tempest-subnet-smoke-1476843615", "enable_dhcp": true, "network_id": "e1de0e00-2683-4e6e-942c-c533c3020b98", "tenant_id": "c51512788c29437db6b32e9248510da2", "dns_nameservers": [], "gateway_ip": "10.100.0.1", "ipv6_ra_mode": null, "allocation_pools": [{"start": "10.100.0.2", "end": "10.100.0.14"}], "host_routes": [], "ip_version": 4, "ipv6_address_mode": null, "cidr": "10.100.0.0/28", "id": "2f146480-a4b0-440c-8a05-dc9639b148d1", "subnetpool_id": null}}
2016-02-24 20:24:37,926 650 INFO     [tempest_lib.common.rest_client] Request (TestNetworkAdvancedServerOps:test_server_connectivity_pause_unpause): 200 PUT http://10.4.1.3:9696/v2.0/routers/9e90e29d-5702-428d-96b4-509632d68eb3/add_router_interface 0.774s
2016-02-24 20:24:37,926 650 DEBUG    [tempest_lib.common.rest_client] Request - Headers: {'Content-Type': 'application/json', 'Accept': 'application/json', 'X-Auth-Token': '&lt;omitted&gt;'}
        Body: {"subnet_id": "2f146480-a4b0-440c-8a05-dc9639b148d1"}
    Response - Headers: {'status': '200', 'content-length': '309', 'connection': 'close', 'date': 'Wed, 24 Feb 2016 20:24:37 GMT', 'content-type': 'application/json; charset=UTF-8', 'x-openstack-request-id': 'req-6bb17509-4f1d-4114-a270-c812cc384624'}
        Body: {"network_id": "e1de0e00-2683-4e6e-942c-c533c3020b98", "tenant_id": "c51512788c29437db6b32e9248510da2", "subnet_id": "2f146480-a4b0-440c-8a05-dc9639b148d1", "subnet_ids": ["2f146480-a4b0-440c-8a05-dc9639b148d1"], "port_id": "927e0758-36ef-49df-ab9e-ab279c692e81", "id": "9e90e29d-5702-428d-96b4-509632d68eb3"}
2016-02-24 20:24:38,130 650 INFO     [tempest_lib.common.rest_client] Request (TestNetworkAdvancedServerOps:test_server_connectivity_pause_unpause): 200 POST http://10.4.1.3:5000/v2.0/tokens
2016-02-24 20:24:38,130 650 DEBUG    [tempest_lib.common.rest_client] Request - Headers: {'Content-Type': 'application/json', 'Accept': 'application/json'}
        Body: &lt;omitted&gt;
    Response - Headers: {'status': '200', 'content-length': '2294', 'vary': 'X-Auth-Token', 'server': 'Apache/2.4.7 (Ubuntu)', 'connection': 'close', 'date': 'Wed, 24 Feb 2016 20:24:37 GMT', 'content-type': 'application/json', 'x-openstack-request-id': 'req-aa142b29-e3c2-4db3-a37c-e8c77bc53ddb'}
        Body: {"access": {"token": {"issued_at": "2016-02-24T20:24:38.115103", "expires": "2016-02-24T21:24:38Z", "id": "1ae310bd1d9e4a719a9992dca2140c93", "tenant": {"description": "tempest-TestNetworkAdvancedServerOps-1968846602-desc", "enabled": true, "id": "c51512788c29437db6b32e9248510da2", "name": "tempest-TestNetworkAdvancedServerOps-1968846602"}, "audit_ids": ["KkyGamdIS2uGDCDITmLiLg"]}, "serviceCatalog": [{"endpoints": [{"adminURL": "http://10.4.1.3:9292", "region": "RegionOne", "internalURL": "http://10.4.1.3:9292", "id": "2b38c344bfda4223b53063c839214bad", "publicURL": "http://10.4.1.3:9292"}], "endpoints_links": [], "type": "image", "name": "glance"}, {"endpoints": [{"adminURL": "http://10.4.1.3:8774/v2.1/c51512788c29437db6b32e9248510da2", "region": "RegionOne", "internalURL": "http://10.4.1.3:8774/v2.1/c51512788c29437db6b32e9248510da2", "id": "0e10300e35db4fe7925a2d071e092267", "publicURL": "http://10.4.1.3:8774/v2.1/c51512788c29437db6b32e9248510da2"}], "endpoints_links": [], "type": "compute", "name": "nova"}, {"endpoints": [{"adminURL": "http://10.4.1.3:9696/", "region": "RegionOne", "internalURL": "http://10.4.1.3:9696/", "id": "5ef8fdcd93d847799fd41dbbb69a701f", "publicURL": "http://10.4.1.3:9696/"}], "endpoints_links": [], "type": "network", "name": "neutron"}, {"endpoints": [{"adminURL": "http://10.4.1.3:35357/v2.0", "region": "RegionOne", "internalURL": "http://10.4.1.3:5000/v2.0", "id": "2b270ba354c14187ae19fa2776cc7db5", "publicURL": "http://10.4.1.3:5000/v2.0"}], "endpoints_links": [], "type": "identity", "name": "keystone"}, {"endpoints": [{"adminURL": "http://10.4.1.3:8774/v2/c51512788c29437db6b32e9248510da2", "region": "RegionOne", "internalURL": "http://10.4.1.3:8774/v2/c51512788c29437db6b32e9248510da2", "id": "cbb112b513c84fb6bffa61b8c7a6b824", "publicURL": "http://10.4.1.3:8774/v2/c51512788c29437db6b32e9248510da2"}], "endpoints_links": [], "type": "compute_legacy", "name": "nova_legacy"}], "user": {"username": "tempest-TestNetworkAdvancedServerOps-575485579", "roles_links": [], "id": "0f13991a9307478daa1cc2c57655c1f4", "roles": [{"name": "_member_"}, {"name": "Member"}], "name": "tempest-TestNetworkAdvancedServerOps-575485579"}, "metadata": {"is_admin": 0, "roles": ["9fe2ff9ee4384b1894a90878d3e92bab", "9b1ff4bf5dc24ff8a08cceda46992847"]}}}
2016-02-24 20:24:38,135 650 DEBUG    [tempest.common.fixed_network] (TestNetworkAdvancedServerOps:test_server_connectivity_pause_unpause) No valid network provided or created, defaulting to fixed_network_name
2016-02-24 20:24:38,602 650 INFO     [tempest_lib.common.rest_client] Request (TestNetworkAdvancedServerOps:test_server_connectivity_pause_unpause): 200 GET http://10.4.1.3:8774/v2.1/c51512788c29437db6b32e9248510da2/os-networks 0.467s
2016-02-24 20:24:38,603 650 DEBUG    [tempest_lib.common.rest_client] Request - Headers: {'Content-Type': 'application/json', 'Accept': 'application/json', 'X-Auth-Token': '&lt;omitted&gt;'}
        Body: None
    Response - Headers: {'status': '200', 'content-length': '479', 'content-location': 'http://10.4.1.3:8774/v2.1/c51512788c29437db6b32e9248510da2/os-networks', 'x-compute-request-id': 'req-e16f10eb-bb8c-4c7a-a089-502d52fb4da1', 'vary': 'X-OpenStack-Nova-API-Version', 'connection': 'close', 'x-openstack-nova-api-version': '2.1', 'date': 'Wed, 24 Feb 2016 20:24:38 GMT', 'content-type': 'application/json'}
        Body: {"networks": [{"cidr_v6": null, "dns2": null, "dns1": null, "gateway": null, "broadcast": null, "netmask": null, "gateway_v6": null, "cidr": null, "label": "tempest-network-smoke--1023414183", "id": "e1de0e00-2683-4e6e-942c-c533c3020b98", "netmask_v6": null}, {"cidr_v6": null, "dns2": null, "dns1": null, "gateway": null, "broadcast": null, "netmask": null, "gateway_v6": null, "cidr": null, "label": "public", "id": "5bbd6abe-deff-4c94-94cb-8d28f3a1d0fe", "netmask_v6": null}]}
2016-02-24 20:24:38,604 650 WARNING  [tempest.common.fixed_network] (TestNetworkAdvancedServerOps:test_server_connectivity_pause_unpause) Network with name: private not found
2016-02-24 20:24:38,604 650 INFO     [tempest.common.fixed_network] (TestNetworkAdvancedServerOps:test_server_connectivity_pause_unpause) Found network {} available for tenant
2016-02-24 20:24:42,125 650 INFO     [tempest_lib.common.rest_client] Request (TestNetworkAdvancedServerOps:test_server_connectivity_pause_unpause): 202 POST http://10.4.1.3:8774/v2.1/c51512788c29437db6b32e9248510da2/servers 3.519s
2016-02-24 20:24:42,126 650 DEBUG    [tempest_lib.common.rest_client] Request - Headers: {'Content-Type': 'application/json', 'Accept': 'application/json', 'X-Auth-Token': '&lt;omitted&gt;'}
        Body: {"server": {"name": "tempest-server-smoke-2083213090", "imageRef": "0ad50ad8-141a-4c38-b105-e00b13f54ca3", "key_name": "tempest-TestNetworkAdvancedServerOps-623208670", "flavorRef": "42", "networks": [{"uuid": "e1de0e00-2683-4e6e-942c-c533c3020b98"}], "security_groups": [{"name": "tempest-secgroup-smoke-1071116867"}]}}
    Response - Headers: {'status': '202', 'content-length': '460', 'x-compute-request-id': 'req-fad96288-6b8a-4393-ae41-7260b978173a', 'vary': 'X-OpenStack-Nova-API-Version', 'connection': 'close', 'location': 'http://10.4.1.3:8774/v2.1/c51512788c29437db6b32e9248510da2/servers/4a49270e-c17b-4445-9526-c252af22f1a7', 'x-openstack-nova-api-version': '2.1', 'date': 'Wed, 24 Feb 2016 20:24:42 GMT', 'content-type': 'application/json'}
        Body: {"server": {"security_groups": [{"name": "tempest-secgroup-smoke-1071116867"}], "OS-DCF:diskConfig": "MANUAL", "id": "4a49270e-c17b-4445-9526-c252af22f1a7", "links": [{"href": "http://10.4.1.3:8774/v2.1/c51512788c29437db6b32e9248510da2/servers/4a49270e-c17b-4445-9526-c252af22f1a7", "rel": "self"}, {"href": "http://10.4.1.3:8774/c51512788c29437db6b32e9248510da2/servers/4a49270e-c17b-4445-9526-c252af22f1a7", "rel": "bookmark"}], "adminPass": "rHd73DT3Povk"}}
2016-02-24 20:24:42,636 650 INFO     [tempest_lib.common.rest_client] Request (TestNetworkAdvancedServerOps:test_server_connectivity_pause_unpause): 200 GET http://10.4.1.3:8774/v2.1/c51512788c29437db6b32e9248510da2/servers/4a49270e-c17b-4445-9526-c252af22f1a7 0.505s
2016-02-24 20:24:42,636 650 DEBUG    [tempest_lib.common.rest_client] Request - Headers: {'Content-Type': 'application/json', 'Accept': 'application/json', 'X-Auth-Token': '&lt;omitted&gt;'}
        Body: None
    Response - Headers: {'status': '200', 'content-length': '1349', 'content-location': 'http://10.4.1.3:8774/v2.1/c51512788c29437db6b32e9248510da2/servers/4a49270e-c17b-4445-9526-c252af22f1a7', 'x-compute-request-id': 'req-b501e58e-8b96-40f8-855e-220b432cc839', 'vary': 'X-OpenStack-Nova-API-Version', 'connection': 'close', 'x-openstack-nova-api-version': '2.1', 'date': 'Wed, 24 Feb 2016 20:24:42 GMT', 'content-type': 'application/json'}
        Body: {"server": {"status": "BUILD", "updated": "2016-02-24T20:24:42Z", "hostId": "", "addresses": {}, "links": [{"href": "http://10.4.1.3:8774/v2.1/c51512788c29437db6b32e9248510da2/servers/4a49270e-c17b-4445-9526-c252af22f1a7", "rel": "self"}, {"href": "http://10.4.1.3:8774/c51512788c29437db6b32e9248510da2/servers/4a49270e-c17b-4445-9526-c252af22f1a7", "rel": "bookmark"}], "key_name": "tempest-TestNetworkAdvancedServerOps-623208670", "image": {"id": "0ad50ad8-141a-4c38-b105-e00b13f54ca3", "links": [{"href": "http://10.4.1.3:8774/c51512788c29437db6b32e9248510da2/images/0ad50ad8-141a-4c38-b105-e00b13f54ca3", "rel": "bookmark"}]}, "OS-EXT-STS:task_state": "scheduling", "OS-EXT-STS:vm_state": "building", "OS-SRV-USG:launched_at": null, "flavor": {"id": "42", "links": [{"href": "http://10.4.1.3:8774/c51512788c29437db6b32e9248510da2/flavors/42", "rel": "bookmark"}]}, "id": "4a49270e-c17b-4445-9526-c252af22f1a7", "OS-SRV-USG:terminated_at": null, "OS-EXT-AZ:availability_zone": "", "user_id": "0f13991a9307478daa1cc2c57655c1f4", "name": "tempest-server-smoke-2083213090", "created": "2016-02-24T20:24:42Z", "tenant_id": "c51512788c29437db6b32e9248510da2", "OS-DCF:diskConfig": "MANUAL", "os-extended-volumes:volumes_attached": [], "accessIPv4": "", "accessIPv6": "", "progress": 0, "OS-EXT-STS:power_state": 0, "config_drive": "", "metadata": {}}}
2016-02-24 20:24:44,342 650 INFO     [tempest_lib.common.rest_client] Request (TestNetworkAdvancedServerOps:test_server_connectivity_pause_unpause): 200 GET http://10.4.1.3:8774/v2.1/c51512788c29437db6b32e9248510da2/servers/4a49270e-c17b-4445-9526-c252af22f1a7 0.691s
2016-02-24 20:24:44,343 650 DEBUG    [tempest_lib.common.rest_client] Request - Headers: {'Content-Type': 'application/json', 'Accept': 'application/json', 'X-Auth-Token': '&lt;omitted&gt;'}
        Body: None
    Response - Headers: {'status': '200', 'content-length': '1407', 'content-location': 'http://10.4.1.3:8774/v2.1/c51512788c29437db6b32e9248510da2/servers/4a49270e-c17b-4445-9526-c252af22f1a7', 'x-compute-request-id': 'req-01820193-57cf-46ec-b411-aacf6f8009ed', 'vary': 'X-OpenStack-Nova-API-Version', 'connection': 'close', 'x-openstack-nova-api-version': '2.1', 'date': 'Wed, 24 Feb 2016 20:24:44 GMT', 'content-type': 'application/json'}
        Body: {"server": {"status": "BUILD", "updated": "2016-02-24T20:24:43Z", "hostId": "50af0c0d23a83e0428166d63005173a462a6c94f4ac1f964d71d3a11", "addresses": {}, "links": [{"href": "http://10.4.1.3:8774/v2.1/c51512788c29437db6b32e9248510da2/servers/4a49270e-c17b-4445-9526-c252af22f1a7", "rel": "self"}, {"href": "http://10.4.1.3:8774/c51512788c29437db6b32e9248510da2/servers/4a49270e-c17b-4445-9526-c252af22f1a7", "rel": "bookmark"}], "key_name": "tempest-TestNetworkAdvancedServerOps-623208670", "image": {"id": "0ad50ad8-141a-4c38-b105-e00b13f54ca3", "links": [{"href": "http://10.4.1.3:8774/c51512788c29437db6b32e9248510da2/images/0ad50ad8-141a-4c38-b105-e00b13f54ca3", "rel": "bookmark"}]}, "OS-EXT-STS:task_state": "spawning", "OS-EXT-STS:vm_state": "building", "OS-SRV-USG:launched_at": null, "flavor": {"id": "42", "links": [{"href": "http://10.4.1.3:8774/c51512788c29437db6b32e9248510da2/flavors/42", "rel": "bookmark"}]}, "id": "4a49270e-c17b-4445-9526-c252af22f1a7", "OS-SRV-USG:terminated_at": null, "OS-EXT-AZ:availability_zone": "nova", "user_id": "0f13991a9307478daa1cc2c57655c1f4", "name": "tempest-server-smoke-2083213090", "created": "2016-02-24T20:24:42Z", "tenant_id": "c51512788c29437db6b32e9248510da2", "OS-DCF:diskConfig": "MANUAL", "os-extended-volumes:volumes_attached": [], "accessIPv4": "", "accessIPv6": "", "progress": 0, "OS-EXT-STS:power_state": 0, "config_drive": "", "metadata": {}}}
2016-02-24 20:24:44,353 650 INFO     [tempest.common.waiters] State transition "BUILD/scheduling" ==&gt; "BUILD/spawning" after 2 second wait
2016-02-24 20:24:46,217 650 INFO     [tempest_lib.common.rest_client] Request (TestNetworkAdvancedServerOps:test_server_connectivity_pause_unpause): 200 GET http://10.4.1.3:8774/v2.1/c51512788c29437db6b32e9248510da2/servers/4a49270e-c17b-4445-9526-c252af22f1a7 0.862s
2016-02-24 20:24:46,217 650 DEBUG    [tempest_lib.common.rest_client] Request - Headers: {'Content-Type': 'application/json', 'Accept': 'application/json', 'X-Auth-Token': '&lt;omitted&gt;'}
        Body: None
    Response - Headers: {'status': '200', 'content-length': '1475', 'content-location': 'http://10.4.1.3:8774/v2.1/c51512788c29437db6b32e9248510da2/servers/4a49270e-c17b-4445-9526-c252af22f1a7', 'x-compute-request-id': 'req-c2b7597d-467e-4033-90f4-16e1c2b3d264', 'vary': 'X-OpenStack-Nova-API-Version', 'connection': 'close', 'x-openstack-nova-api-version': '2.1', 'date': 'Wed, 24 Feb 2016 20:24:46 GMT', 'content-type': 'application/json'}
        Body: {"server": {"status": "BUILD", "updated": "2016-02-24T20:24:43Z", "hostId": "50af0c0d23a83e0428166d63005173a462a6c94f4ac1f964d71d3a11", "addresses": {}, "links": [{"href": "http://10.4.1.3:8774/v2.1/c51512788c29437db6b32e9248510da2/servers/4a49270e-c17b-4445-9526-c252af22f1a7", "rel": "self"}, {"href": "http://10.4.1.3:8774/c51512788c29437db6b32e9248510da2/servers/4a49270e-c17b-4445-9526-c252af22f1a7", "rel": "bookmark"}], "key_name": "tempest-TestNetworkAdvancedServerOps-623208670", "image": {"id": "0ad50ad8-141a-4c38-b105-e00b13f54ca3", "links": [{"href": "http://10.4.1.3:8774/c51512788c29437db6b32e9248510da2/images/0ad50ad8-141a-4c38-b105-e00b13f54ca3", "rel": "bookmark"}]}, "OS-EXT-STS:task_state": "spawning", "OS-EXT-STS:vm_state": "building", "OS-SRV-USG:launched_at": null, "flavor": {"id": "42", "links": [{"href": "http://10.4.1.3:8774/c51512788c29437db6b32e9248510da2/flavors/42", "rel": "bookmark"}]}, "id": "4a49270e-c17b-4445-9526-c252af22f1a7", "security_groups": [{"name": "tempest-secgroup-smoke-1071116867"}], "OS-SRV-USG:terminated_at": null, "OS-EXT-AZ:availability_zone": "nova", "user_id": "0f13991a9307478daa1cc2c57655c1f4", "name": "tempest-server-smoke-2083213090", "created": "2016-02-24T20:24:42Z", "tenant_id": "c51512788c29437db6b32e9248510da2", "OS-DCF:diskConfig": "MANUAL", "os-extended-volumes:volumes_attached": [], "accessIPv4": "", "accessIPv6": "", "progress": 0, "OS-EXT-STS:power_state": 0, "config_drive": "", "metadata": {}}}
2016-02-24 20:24:47,962 650 INFO     [tempest_lib.common.rest_client] Request (TestNetworkAdvancedServerOps:test_server_connectivity_pause_unpause): 200 GET http://10.4.1.3:8774/v2.1/c51512788c29437db6b32e9248510da2/servers/4a49270e-c17b-4445-9526-c252af22f1a7 0.733s
2016-02-24 20:24:47,962 650 DEBUG    [tempest_lib.common.rest_client] Request - Headers: {'Content-Type': 'application/json', 'Accept': 'application/json', 'X-Auth-Token': '&lt;omitted&gt;'}
        Body: None
    Response - Headers: {'status': '200', 'content-length': '1475', 'content-location': 'http://10.4.1.3:8774/v2.1/c51512788c29437db6b32e9248510da2/servers/4a49270e-c17b-4445-9526-c252af22f1a7', 'x-compute-request-id': 'req-32f62c4c-5684-4d05-8301-ba9a239b8d13', 'vary': 'X-OpenStack-Nova-API-Version', 'connection': 'close', 'x-openstack-nova-api-version': '2.1', 'date': 'Wed, 24 Feb 2016 20:24:47 GMT', 'content-type': 'application/json'}
        Body: {"server": {"status": "BUILD", "updated": "2016-02-24T20:24:43Z", "hostId": "50af0c0d23a83e0428166d63005173a462a6c94f4ac1f964d71d3a11", "addresses": {}, "links": [{"href": "http://10.4.1.3:8774/v2.1/c51512788c29437db6b32e9248510da2/servers/4a49270e-c17b-4445-9526-c252af22f1a7", "rel": "self"}, {"href": "http://10.4.1.3:8774/c51512788c29437db6b32e9248510da2/servers/4a49270e-c17b-4445-9526-c252af22f1a7", "rel": "bookmark"}], "key_name": "tempest-TestNetworkAdvancedServerOps-623208670", "image": {"id": "0ad50ad8-141a-4c38-b105-e00b13f54ca3", "links": [{"href": "http://10.4.1.3:8774/c51512788c29437db6b32e9248510da2/images/0ad50ad8-141a-4c38-b105-e00b13f54ca3", "rel": "bookmark"}]}, "OS-EXT-STS:task_state": "spawning", "OS-EXT-STS:vm_state": "building", "OS-SRV-USG:launched_at": null, "flavor": {"id": "42", "links": [{"href": "http://10.4.1.3:8774/c51512788c29437db6b32e9248510da2/flavors/42", "rel": "bookmark"}]}, "id": "4a49270e-c17b-4445-9526-c252af22f1a7", "security_groups": [{"name": "tempest-secgroup-smoke-1071116867"}], "OS-SRV-USG:terminated_at": null, "OS-EXT-AZ:availability_zone": "nova", "user_id": "0f13991a9307478daa1cc2c57655c1f4", "name": "tempest-server-smoke-2083213090", "created": "2016-02-24T20:24:42Z", "tenant_id": "c51512788c29437db6b32e9248510da2", "OS-DCF:diskConfig": "MANUAL", "os-extended-volumes:volumes_attached": [], "accessIPv4": "", "accessIPv6": "", "progress": 0, "OS-EXT-STS:power_state": 0, "config_drive": "", "metadata": {}}}
2016-02-24 20:24:49,630 650 INFO     [tempest_lib.common.rest_client] Request (TestNetworkAdvancedServerOps:test_server_connectivity_pause_unpause): 200 GET http://10.4.1.3:8774/v2.1/c51512788c29437db6b32e9248510da2/servers/4a49270e-c17b-4445-9526-c252af22f1a7 0.657s
2016-02-24 20:24:49,630 650 DEBUG    [tempest_lib.common.rest_client] Request - Headers: {'Content-Type': 'application/json', 'Accept': 'application/json', 'X-Auth-Token': '&lt;omitted&gt;'}
        Body: None
    Response - Headers: {'status': '200', 'content-length': '1647', 'content-location': 'http://10.4.1.3:8774/v2.1/c51512788c29437db6b32e9248510da2/servers/4a49270e-c17b-4445-9526-c252af22f1a7', 'x-compute-request-id': 'req-999c3d56-6ae3-4863-81f2-87e9fd78a264', 'vary': 'X-OpenStack-Nova-API-Version', 'connection': 'close', 'x-openstack-nova-api-version': '2.1', 'date': 'Wed, 24 Feb 2016 20:24:49 GMT', 'content-type': 'application/json'}
        Body: {"server": {"status": "ACTIVE", "updated": "2016-02-24T20:24:47Z", "hostId": "50af0c0d23a83e0428166d63005173a462a6c94f4ac1f964d71d3a11", "addresses": {"tempest-network-smoke--1023414183": [{"OS-EXT-IPS-MAC:mac_addr": "fa:16:3e:97:90:e6", "version": 4, "addr": "10.100.0.3", "OS-EXT-IPS:type": "fixed"}]}, "links": [{"href": "http://10.4.1.3:8774/v2.1/c51512788c29437db6b32e9248510da2/servers/4a49270e-c17b-4445-9526-c252af22f1a7", "rel": "self"}, {"href": "http://10.4.1.3:8774/c51512788c29437db6b32e9248510da2/servers/4a49270e-c17b-4445-9526-c252af22f1a7", "rel": "bookmark"}], "key_name": "tempest-TestNetworkAdvancedServerOps-623208670", "image": {"id": "0ad50ad8-141a-4c38-b105-e00b13f54ca3", "links": [{"href": "http://10.4.1.3:8774/c51512788c29437db6b32e9248510da2/images/0ad50ad8-141a-4c38-b105-e00b13f54ca3", "rel": "bookmark"}]}, "OS-EXT-STS:task_state": null, "OS-EXT-STS:vm_state": "active", "OS-SRV-USG:launched_at": "2016-02-24T20:24:47.000000", "flavor": {"id": "42", "links": [{"href": "http://10.4.1.3:8774/c51512788c29437db6b32e9248510da2/flavors/42", "rel": "bookmark"}]}, "id": "4a49270e-c17b-4445-9526-c252af22f1a7", "security_groups": [{"name": "tempest-secgroup-smoke-1071116867"}], "OS-SRV-USG:terminated_at": null, "OS-EXT-AZ:availability_zone": "nova", "user_id": "0f13991a9307478daa1cc2c57655c1f4", "name": "tempest-server-smoke-2083213090", "created": "2016-02-24T20:24:42Z", "tenant_id": "c51512788c29437db6b32e9248510da2", "OS-DCF:diskConfig": "MANUAL", "os-extended-volumes:volumes_attached": [], "accessIPv4": "", "accessIPv6": "", "progress": 0, "OS-EXT-STS:power_state": 1, "config_drive": "True", "metadata": {}}}
2016-02-24 20:24:49,640 650 INFO     [tempest.common.waiters] State transition "BUILD/spawning" ==&gt; "ACTIVE/None" after 7 second wait
2016-02-24 20:24:50,329 650 INFO     [tempest_lib.common.rest_client] Request (TestNetworkAdvancedServerOps:test_server_connectivity_pause_unpause): 200 GET http://10.4.1.3:8774/v2.1/c51512788c29437db6b32e9248510da2/servers/4a49270e-c17b-4445-9526-c252af22f1a7 0.689s
2016-02-24 20:24:50,329 650 DEBUG    [tempest_lib.common.rest_client] Request - Headers: {'Content-Type': 'application/json', 'Accept': 'application/json', 'X-Auth-Token': '&lt;omitted&gt;'}
        Body: None
    Response - Headers: {'status': '200', 'content-length': '1647', 'content-location': 'http://10.4.1.3:8774/v2.1/c51512788c29437db6b32e9248510da2/servers/4a49270e-c17b-4445-9526-c252af22f1a7', 'x-compute-request-id': 'req-2298d212-307f-40c6-a909-218101a1d528', 'vary': 'X-OpenStack-Nova-API-Version', 'connection': 'close', 'x-openstack-nova-api-version': '2.1', 'date': 'Wed, 24 Feb 2016 20:24:50 GMT', 'content-type': 'application/json'}
        Body: {"server": {"status": "ACTIVE", "updated": "2016-02-24T20:24:47Z", "hostId": "50af0c0d23a83e0428166d63005173a462a6c94f4ac1f964d71d3a11", "addresses": {"tempest-network-smoke--1023414183": [{"OS-EXT-IPS-MAC:mac_addr": "fa:16:3e:97:90:e6", "version": 4, "addr": "10.100.0.3", "OS-EXT-IPS:type": "fixed"}]}, "links": [{"href": "http://10.4.1.3:8774/v2.1/c51512788c29437db6b32e9248510da2/servers/4a49270e-c17b-4445-9526-c252af22f1a7", "rel": "self"}, {"href": "http://10.4.1.3:8774/c51512788c29437db6b32e9248510da2/servers/4a49270e-c17b-4445-9526-c252af22f1a7", "rel": "bookmark"}], "key_name": "tempest-TestNetworkAdvancedServerOps-623208670", "image": {"id": "0ad50ad8-141a-4c38-b105-e00b13f54ca3", "links": [{"href": "http://10.4.1.3:8774/c51512788c29437db6b32e9248510da2/images/0ad50ad8-141a-4c38-b105-e00b13f54ca3", "rel": "bookmark"}]}, "OS-EXT-STS:task_state": null, "OS-EXT-STS:vm_state": "active", "OS-SRV-USG:launched_at": "2016-02-24T20:24:47.000000", "flavor": {"id": "42", "links": [{"href": "http://10.4.1.3:8774/c51512788c29437db6b32e9248510da2/flavors/42", "rel": "bookmark"}]}, "id": "4a49270e-c17b-4445-9526-c252af22f1a7", "security_groups": [{"name": "tempest-secgroup-smoke-1071116867"}], "OS-SRV-USG:terminated_at": null, "OS-EXT-AZ:availability_zone": "nova", "user_id": "0f13991a9307478daa1cc2c57655c1f4", "name": "tempest-server-smoke-2083213090", "created": "2016-02-24T20:24:42Z", "tenant_id": "c51512788c29437db6b32e9248510da2", "OS-DCF:diskConfig": "MANUAL", "os-extended-volumes:volumes_attached": [], "accessIPv4": "", "accessIPv6": "", "progress": 0, "OS-EXT-STS:power_state": 1, "config_drive": "True", "metadata": {}}}
2016-02-24 20:24:50,536 650 INFO     [tempest_lib.common.rest_client] Request (TestNetworkAdvancedServerOps:test_server_connectivity_pause_unpause): 200 GET http://10.4.1.3:9696/v2.0/ports?fixed_ip=None&amp;device_id=4a49270e-c17b-4445-9526-c252af22f1a7 0.198s
2016-02-24 20:24:50,537 650 DEBUG    [tempest_lib.common.rest_client] Request - Headers: {'Content-Type': 'application/json', 'Accept': 'application/json', 'X-Auth-Token': '&lt;omitted&gt;'}
        Body: None
    Response - Headers: {'status': '200', 'content-length': '755', 'content-location': 'http://10.4.1.3:9696/v2.0/ports?fixed_ip=None&amp;device_id=4a49270e-c17b-4445-9526-c252af22f1a7', 'connection': 'close', 'date': 'Wed, 24 Feb 2016 20:24:50 GMT', 'content-type': 'application/json; charset=UTF-8', 'x-openstack-request-id': 'req-987474b7-7131-4c0d-8d34-49a594a7dda9'}
        Body: {"ports": [{"status": "ACTIVE", "binding:host_id": "vagrant-ubuntu-trusty-64", "name": "", "allowed_address_pairs": [], "admin_state_up": true, "network_id": "e1de0e00-2683-4e6e-942c-c533c3020b98", "tenant_id": "c51512788c29437db6b32e9248510da2", "extra_dhcp_opts": [], "mac_address": "fa:16:3e:97:90:e6", "binding:vif_details": {"port_filter": true}, "binding:vif_type": "ovs", "device_owner": "compute:None", "binding:profile": {}, "port_security_enabled": true, "binding:vnic_type": "normal", "fixed_ips": [{"subnet_id": "2f146480-a4b0-440c-8a05-dc9639b148d1", "ip_address": "10.100.0.3"}], "id": "5b315ef1-4024-46f5-99c7-64079997e8d6", "security_groups": ["dd38e76f-1c2f-4a8b-8934-702167c397ec"], "device_id": "4a49270e-c17b-4445-9526-c252af22f1a7"}]}
2016-02-24 20:24:51,266 650 INFO     [tempest_lib.common.rest_client] Request (TestNetworkAdvancedServerOps:test_server_connectivity_pause_unpause): 201 POST http://10.4.1.3:9696/v2.0/floatingips 0.729s
2016-02-24 20:24:51,267 650 DEBUG    [tempest_lib.common.rest_client] Request - Headers: {'Content-Type': 'application/json', 'Accept': 'application/json', 'X-Auth-Token': '&lt;omitted&gt;'}
        Body: {"floatingip": {"floating_network_id": "5bbd6abe-deff-4c94-94cb-8d28f3a1d0fe", "tenant_id": "c51512788c29437db6b32e9248510da2", "fixed_ip_address": "10.100.0.3", "port_id": "5b315ef1-4024-46f5-99c7-64079997e8d6"}}
    Response - Headers: {'status': '201', 'content-length': '369', 'connection': 'close', 'date': 'Wed, 24 Feb 2016 20:24:51 GMT', 'content-type': 'application/json; charset=UTF-8', 'x-openstack-request-id': 'req-4ffe8090-66a4-41c3-8ed2-fc0a0c171f39'}
        Body: {"floatingip": {"floating_network_id": "5bbd6abe-deff-4c94-94cb-8d28f3a1d0fe", "router_id": "9e90e29d-5702-428d-96b4-509632d68eb3", "fixed_ip_address": "10.100.0.3", "floating_ip_address": "172.24.4.4", "tenant_id": "c51512788c29437db6b32e9248510da2", "status": "ACTIVE", "port_id": "5b315ef1-4024-46f5-99c7-64079997e8d6", "id": "5238f5b7-6eb4-4647-8c3f-9cfa6377dc67"}}
2016-02-24 20:24:51,959 650 INFO     [tempest_lib.common.rest_client] Request (TestNetworkAdvancedServerOps:test_server_connectivity_pause_unpause): 200 GET http://10.4.1.3:8774/v2.1/c51512788c29437db6b32e9248510da2/servers/4a49270e-c17b-4445-9526-c252af22f1a7 0.691s
2016-02-24 20:24:51,959 650 DEBUG    [tempest_lib.common.rest_client] Request - Headers: {'Content-Type': 'application/json', 'Accept': 'application/json', 'X-Auth-Token': '&lt;omitted&gt;'}
        Body: None
    Response - Headers: {'status': '200', 'content-length': '1647', 'content-location': 'http://10.4.1.3:8774/v2.1/c51512788c29437db6b32e9248510da2/servers/4a49270e-c17b-4445-9526-c252af22f1a7', 'x-compute-request-id': 'req-deaca903-b669-4991-a595-05c567ce0498', 'vary': 'X-OpenStack-Nova-API-Version', 'connection': 'close', 'x-openstack-nova-api-version': '2.1', 'date': 'Wed, 24 Feb 2016 20:24:51 GMT', 'content-type': 'application/json'}
        Body: {"server": {"status": "ACTIVE", "updated": "2016-02-24T20:24:47Z", "hostId": "50af0c0d23a83e0428166d63005173a462a6c94f4ac1f964d71d3a11", "addresses": {"tempest-network-smoke--1023414183": [{"OS-EXT-IPS-MAC:mac_addr": "fa:16:3e:97:90:e6", "version": 4, "addr": "10.100.0.3", "OS-EXT-IPS:type": "fixed"}]}, "links": [{"href": "http://10.4.1.3:8774/v2.1/c51512788c29437db6b32e9248510da2/servers/4a49270e-c17b-4445-9526-c252af22f1a7", "rel": "self"}, {"href": "http://10.4.1.3:8774/c51512788c29437db6b32e9248510da2/servers/4a49270e-c17b-4445-9526-c252af22f1a7", "rel": "bookmark"}], "key_name": "tempest-TestNetworkAdvancedServerOps-623208670", "image": {"id": "0ad50ad8-141a-4c38-b105-e00b13f54ca3", "links": [{"href": "http://10.4.1.3:8774/c51512788c29437db6b32e9248510da2/images/0ad50ad8-141a-4c38-b105-e00b13f54ca3", "rel": "bookmark"}]}, "OS-EXT-STS:task_state": null, "OS-EXT-STS:vm_state": "active", "OS-SRV-USG:launched_at": "2016-02-24T20:24:47.000000", "flavor": {"id": "42", "links": [{"href": "http://10.4.1.3:8774/c51512788c29437db6b32e9248510da2/flavors/42", "rel": "bookmark"}]}, "id": "4a49270e-c17b-4445-9526-c252af22f1a7", "security_groups": [{"name": "tempest-secgroup-smoke-1071116867"}], "OS-SRV-USG:terminated_at": null, "OS-EXT-AZ:availability_zone": "nova", "user_id": "0f13991a9307478daa1cc2c57655c1f4", "name": "tempest-server-smoke-2083213090", "created": "2016-02-24T20:24:42Z", "tenant_id": "c51512788c29437db6b32e9248510da2", "OS-DCF:diskConfig": "MANUAL", "os-extended-volumes:volumes_attached": [], "accessIPv4": "", "accessIPv6": "", "progress": 0, "OS-EXT-STS:power_state": 1, "config_drive": "True", "metadata": {}}}
2016-02-24 20:24:51,970 650 INFO     [tempest.scenario.manager] Tenant networks not configured to be reachable.
2016-02-24 20:24:52,160 650 INFO     [tempest_lib.common.rest_client] Request (TestNetworkAdvancedServerOps:test_server_connectivity_pause_unpause): 200 GET http://10.4.1.3:9696/v2.0/floatingips/5238f5b7-6eb4-4647-8c3f-9cfa6377dc67 0.189s
2016-02-24 20:24:52,160 650 DEBUG    [tempest_lib.common.rest_client] Request - Headers: {'Content-Type': 'application/json', 'Accept': 'application/json', 'X-Auth-Token': '&lt;omitted&gt;'}
        Body: None
    Response - Headers: {'status': '200', 'content-length': '369', 'content-location': 'http://10.4.1.3:9696/v2.0/floatingips/5238f5b7-6eb4-4647-8c3f-9cfa6377dc67', 'connection': 'close', 'date': 'Wed, 24 Feb 2016 20:24:52 GMT', 'content-type': 'application/json; charset=UTF-8', 'x-openstack-request-id': 'req-3c289035-ca8e-4e36-bde2-59da5efa2649'}
        Body: {"floatingip": {"floating_network_id": "5bbd6abe-deff-4c94-94cb-8d28f3a1d0fe", "router_id": "9e90e29d-5702-428d-96b4-509632d68eb3", "fixed_ip_address": "10.100.0.3", "floating_ip_address": "172.24.4.4", "tenant_id": "c51512788c29437db6b32e9248510da2", "status": "ACTIVE", "port_id": "5b315ef1-4024-46f5-99c7-64079997e8d6", "id": "5238f5b7-6eb4-4647-8c3f-9cfa6377dc67"}}
2016-02-24 20:24:52,161 650 INFO     [tempest.scenario.manager] FloatingIP: &lt;"FloatingIP" addr="172.24.4.4" id="5238f5b7-6eb4-4647-8c3f-9cfa6377dc67"&gt; is at status: ACTIVE
2016-02-24 20:24:52,161 650 DEBUG    [tempest.scenario.manager] checking network connections to IP 172.24.4.4 with user: cirros
2016-02-24 20:24:52,162 650 DEBUG    [tempest.scenario.manager] TestNetworkAdvancedServerOps:test_server_connectivity_pause_unpause begins to ping 172.24.4.4 in 120 sec and the expected result is reachable
2016-02-24 20:26:53,740 650 DEBUG    [tempest.scenario.manager] TestNetworkAdvancedServerOps:test_server_connectivity_pause_unpause finishes ping 172.24.4.4 in 120 sec and the ping result is unexpected
2016-02-24 20:26:53,742 650 ERROR    [tempest.scenario.manager] Public network connectivity check failed
2016-02-24 20:26:53.742 650 ERROR tempest.scenario.manager Traceback (most recent call last):
2016-02-24 20:26:53.742 650 ERROR tempest.scenario.manager   File "tempest/scenario/manager.py", line 598, in check_public_network_connectivity
2016-02-24 20:26:53.742 650 ERROR tempest.scenario.manager     should_connect=should_connect)
2016-02-24 20:26:53.742 650 ERROR tempest.scenario.manager   File "tempest/scenario/manager.py", line 582, in check_vm_connectivity
2016-02-24 20:26:53.742 650 ERROR tempest.scenario.manager     msg=msg)
2016-02-24 20:26:53.742 650 ERROR tempest.scenario.manager   File "/usr/local/lib/python2.7/dist-packages/unittest2/case.py", line 702, in assertTrue
2016-02-24 20:26:53.742 650 ERROR tempest.scenario.manager     raise self.failureException(msg)
2016-02-24 20:26:53.742 650 ERROR tempest.scenario.manager AssertionError: False is not true : Timed out waiting for 172.24.4.4 to become reachable
2016-02-24 20:26:53.742 650 ERROR tempest.scenario.manager 
2016-02-24 20:26:54,168 650 INFO     [tempest_lib.common.rest_client] Request (TestNetworkAdvancedServerOps:test_server_connectivity_pause_unpause): 200 POST http://10.4.1.3:8774/v2.1/c51512788c29437db6b32e9248510da2/servers/4a49270e-c17b-4445-9526-c252af22f1a7/action 0.422s
2016-02-24 20:26:54,168 650 DEBUG    [tempest_lib.common.rest_client] Request - Headers: {'Content-Type': 'application/json', 'Accept': 'application/json', 'X-Auth-Token': '&lt;omitted&gt;'}
        Body: {"os-getConsoleOutput": {}}
    Response - Headers: {'status': '200', 'content-length': '17428', 'x-compute-request-id': 'req-59c34cc8-bd50-4f5d-a9f2-465083def0f2', 'vary': 'X-OpenStack-Nova-API-Version', 'connection': 'close', 'x-openstack-nova-api-version': '2.1', 'date': 'Wed, 24 Feb 2016 20:26:54 GMT', 'content-type': 'application/json'}
        Body: {"output": "[    0.000000] Initializing cgroup subsys cpuset\n[    0.000000] Initializing cgroup subsys cpu\n[    0.000000] Linux version 3.2.0-80-virtual (buildd@batsu) (gcc version 4.6.3 (Ubuntu/Linaro 4.6.3-1ubuntu5) ) #116-Ubuntu SMP Mon Mar 23 17:28:52 UTC 2015 (Ubuntu 3.2.0-80.116-virtual 3.2.68)\n[    0.000000] Command line: root=/dev/vda console=tty0 console=ttyS0 no_timer_check\n[    0.000000] KERNEL supported cpus:\n[    0.000000]   Intel GenuineIntel\n[    0.000000]   AMD AuthenticAMD\n[    0.000000]   Centaur CentaurHauls\n[    0.000000] BIOS-provided physical RAM map:\n[    0.000000]  BIOS-e820: 0000000000000000 - 000000000009fc00 (usable)\n[    0.000000]  BIOS-e820: 000000000009fc00 - 00000000000a0000 (reserved)\n[    0.000000]  BIOS-e820: 00000000000f0000 - 0000000000100000 (reserved)\n[    0.000000]  BIOS-e820: 0000000000100000 - 0000000003ffe000 (usable)\n[    0.000000]  BIOS-e820: 0000000003ffe000 - 0000000004000000 (reserved)\n[    0.000000]  BIOS-e820: 00000000fffc0000 - 0000000100000000 (reserved)\n[    0.000000] NX (Execute Disable) protection: active\n[    0.000000] SMBIOS 2.4 present.\n[    0.000000] No AGP bridge found\n[    0.000000] last_pfn = 0x3ffe max_arch_pfn = 0x400000000\n[    0.000000] x86 PAT enabled: cpu 0, old 0x7040600070406, new 0x7010600070106\n[    0.000000] found SMP MP-table at [ffff8800000f0b00] f0b00\n[    0.000000] init_memory_mapping: 0000000000000000-0000000003ffe000\n[    0.000000] RAMDISK: 03c5e000 - 03ff0000\n[    0.000000] ACPI: RSDP 00000000000f0950 00014 (v00 BOCHS )\n[    0.000000] ACPI: RSDT 0000000003fffbc1 00034 (v01 BOCHS  BXPCRSDT 00000001 BXPC 00000001)\n[    0.000000] ACPI: FACP 0000000003fff1c0 00074 (v01 BOCHS  BXPCFACP 00000001 BXPC 00000001)\n[    0.000000] ACPI: DSDT 0000000003ffe040 01180 (v01 BOCHS  BXPCDSDT 00000001 BXPC 00000001)\n[    0.000000] ACPI: FACS 0000000003ffe000 00040\n[    0.000000] ACPI: SSDT 0000000003fff234 008DD (v01 BOCHS  BXPCSSDT 00000001 BXPC 00000001)\n[    0.000000] ACPI: APIC 0000000003fffb11 00078 (v01 BOCHS  BXPCAPIC 00000001 BXPC 00000001)\n[    0.000000] ACPI: HPET 0000000003fffb89 00038 (v01 BOCHS  BXPCHPET 00000001 BXPC 00000001)\n[    0.000000] No NUMA configuration found\n[    0.000000] Faking a node at 0000000000000000-0000000003ffe000\n[    0.000000] Initmem setup node 0 0000000000000000-0000000003ffe000\n[    0.000000]   NODE_DATA [0000000003ff6000 - 0000000003ffafff]\n[    0.000000] Zone PFN ranges:\n[    0.000000]   DMA      0x00000010 -&gt; 0x00001000\n[    0.000000]   DMA32    0x00001000 -&gt; 0x00100000\n[    0.000000]   Normal   empty\n[    0.000000] Movable zone start PFN for each node\n[    0.000000] early_node_map[2] active PFN ranges\n[    0.000000]     0: 0x00000010 -&gt; 0x0000009f\n[    0.000000]     0: 0x00000100 -&gt; 0x00003ffe\n[    0.000000] ACPI: PM-Timer IO Port: 0xb008\n[    0.000000] ACPI: LAPIC (acpi_id[0x00] lapic_id[0x00] enabled)\n[    0.000000] ACPI: LAPIC_NMI (acpi_id[0xff] dfl dfl lint[0x1])\n[    0.000000] ACPI: IOAPIC (id[0x00] address[0xfec00000] gsi_base[0])\n[    0.000000] IOAPIC[0]: apic_id 0, version 17, address 0xfec00000, GSI 0-23\n[    0.000000] ACPI: INT_SRC_OVR (bus 0 bus_irq 0 global_irq 2 dfl dfl)\n[    0.000000] ACPI: INT_SRC_OVR (bus 0 bus_irq 5 global_irq 5 high level)\n[    0.000000] ACPI: INT_SRC_OVR (bus 0 bus_irq 9 global_irq 9 high level)\n[    0.000000] ACPI: INT_SRC_OVR (bus 0 bus_irq 10 global_irq 10 high level)\n[    0.000000] ACPI: INT_SRC_OVR (bus 0 bus_irq 11 global_irq 11 high level)\n[    0.000000] Using ACPI (MADT) for SMP configuration information\n[    0.000000] ACPI: HPET id: 0x8086a201 base: 0xfed00000\n[    0.000000] SMP: Allowing 1 CPUs, 0 hotplug CPUs\n[    0.000000] PM: Registered nosave memory: 000000000009f000 - 00000000000a0000\n[    0.000000] PM: Registered nosave memory: 00000000000a0000 - 00000000000f0000\n[    0.000000] PM: Registered nosave memory: 00000000000f0000 - 0000000000100000\n[    0.000000] Allocating PCI resources starting at 4000000 (gap: 4000000:fbfc0000)\n[    0.000000] Booting paravirtualized kernel on bare hardware\n[    0.000000] setup_pe
2016-02-24 20:26:54,171 650 DEBUG    [tempest.scenario.manager] Console output for 4a49270e-c17b-4445-9526-c252af22f1a7
body=
[    0.000000] Initializing cgroup subsys cpuset
[    0.000000] Initializing cgroup subsys cpu
[    0.000000] Linux version 3.2.0-80-virtual (buildd@batsu) (gcc version 4.6.3 (Ubuntu/Linaro 4.6.3-1ubuntu5) ) #116-Ubuntu SMP Mon Mar 23 17:28:52 UTC 2015 (Ubuntu 3.2.0-80.116-virtual 3.2.68)
[    0.000000] Command line: root=/dev/vda console=tty0 console=ttyS0 no_timer_check
[    0.000000] KERNEL supported cpus:
[    0.000000]   Intel GenuineIntel
[    0.000000]   AMD AuthenticAMD
[    0.000000]   Centaur CentaurHauls
[    0.000000] BIOS-provided physical RAM map:
[    0.000000]  BIOS-e820: 0000000000000000 - 000000000009fc00 (usable)
[    0.000000]  BIOS-e820: 000000000009fc00 - 00000000000a0000 (reserved)
[    0.000000]  BIOS-e820: 00000000000f0000 - 0000000000100000 (reserved)
[    0.000000]  BIOS-e820: 0000000000100000 - 0000000003ffe000 (usable)
[    0.000000]  BIOS-e820: 0000000003ffe000 - 0000000004000000 (reserved)
[    0.000000]  BIOS-e820: 00000000fffc0000 - 0000000100000000 (reserved)
[    0.000000] NX (Execute Disable) protection: active
[    0.000000] SMBIOS 2.4 present.
[    0.000000] No AGP bridge found
[    0.000000] last_pfn = 0x3ffe max_arch_pfn = 0x400000000
[    0.000000] x86 PAT enabled: cpu 0, old 0x7040600070406, new 0x7010600070106
[    0.000000] found SMP MP-table at [ffff8800000f0b00] f0b00
[    0.000000] init_memory_mapping: 0000000000000000-0000000003ffe000
[    0.000000] RAMDISK: 03c5e000 - 03ff0000
[    0.000000] ACPI: RSDP 00000000000f0950 00014 (v00 BOCHS )
[    0.000000] ACPI: RSDT 0000000003fffbc1 00034 (v01 BOCHS  BXPCRSDT 00000001 BXPC 00000001)
[    0.000000] ACPI: FACP 0000000003fff1c0 00074 (v01 BOCHS  BXPCFACP 00000001 BXPC 00000001)
[    0.000000] ACPI: DSDT 0000000003ffe040 01180 (v01 BOCHS  BXPCDSDT 00000001 BXPC 00000001)
[    0.000000] ACPI: FACS 0000000003ffe000 00040
[    0.000000] ACPI: SSDT 0000000003fff234 008DD (v01 BOCHS  BXPCSSDT 00000001 BXPC 00000001)
[    0.000000] ACPI: APIC 0000000003fffb11 00078 (v01 BOCHS  BXPCAPIC 00000001 BXPC 00000001)
[    0.000000] ACPI: HPET 0000000003fffb89 00038 (v01 BOCHS  BXPCHPET 00000001 BXPC 00000001)
[    0.000000] No NUMA configuration found
[    0.000000] Faking a node at 0000000000000000-0000000003ffe000
[    0.000000] Initmem setup node 0 0000000000000000-0000000003ffe000
[    0.000000]   NODE_DATA [0000000003ff6000 - 0000000003ffafff]
[    0.000000] Zone PFN ranges:
[    0.000000]   DMA      0x00000010 -&gt; 0x00001000
[    0.000000]   DMA32    0x00001000 -&gt; 0x00100000
[    0.000000]   Normal   empty
[    0.000000] Movable zone start PFN for each node
[    0.000000] early_node_map[2] active PFN ranges
[    0.000000]     0: 0x00000010 -&gt; 0x0000009f
[    0.000000]     0: 0x00000100 -&gt; 0x00003ffe
[    0.000000] ACPI: PM-Timer IO Port: 0xb008
[    0.000000] ACPI: LAPIC (acpi_id[0x00] lapic_id[0x00] enabled)
[    0.000000] ACPI: LAPIC_NMI (acpi_id[0xff] dfl dfl lint[0x1])
[    0.000000] ACPI: IOAPIC (id[0x00] address[0xfec00000] gsi_base[0])
[    0.000000] IOAPIC[0]: apic_id 0, version 17, address 0xfec00000, GSI 0-23
[    0.000000] ACPI: INT_SRC_OVR (bus 0 bus_irq 0 global_irq 2 dfl dfl)
[    0.000000] ACPI: INT_SRC_OVR (bus 0 bus_irq 5 global_irq 5 high level)
[    0.000000] ACPI: INT_SRC_OVR (bus 0 bus_irq 9 global_irq 9 high level)
[    0.000000] ACPI: INT_SRC_OVR (bus 0 bus_irq 10 global_irq 10 high level)
[    0.000000] ACPI: INT_SRC_OVR (bus 0 bus_irq 11 global_irq 11 high level)
[    0.000000] Using ACPI (MADT) for SMP configuration information
[    0.000000] ACPI: HPET id: 0x8086a201 base: 0xfed00000
[    0.000000] SMP: Allowing 1 CPUs, 0 hotplug CPUs
[    0.000000] PM: Registered nosave memory: 000000000009f000 - 00000000000a0000
[    0.000000] PM: Registered nosave memory: 00000000000a0000 - 00000000000f0000
[    0.000000] PM: Registered nosave memory: 00000000000f0000 - 0000000000100000
[    0.000000] Allocating PCI resources starting at 4000000 (gap: 4000000:fbfc0000)
[    0.000000] Booting paravirtualized kernel on bare hardware
[    0.000000] setup_percpu: NR_CPUS:64 nr_cpumask_bits:64 nr_cpu_ids:1 nr_node_ids:1
[    0.000000] PERCPU: Embedded 27 pages/cpu @ffff880003a00000 s78848 r8192 d23552 u2097152
[    0.000000] Built 1 zonelists in Node order, mobility grouping on.  Total pages: 16008
[    0.000000] Policy zone: DMA32
[    0.000000] Kernel command line: root=/dev/vda console=tty0 console=ttyS0 no_timer_check
[    0.000000] PID hash table entries: 256 (order: -1, 2048 bytes)
[    0.000000] Checking aperture...
[    0.000000] No AGP bridge found
[    0.000000] Memory: 43492k/65528k available (6576k kernel code, 452k absent, 21584k reserved, 6620k data, 928k init)
[    0.000000] SLUB: Genslabs=15, HWalign=64, Order=0-3, MinObjects=0, CPUs=1, Nodes=1
[    0.000000] Hierarchical RCU implementation.
[    0.000000] 	RCU dyntick-idle grace-period acceleration is enabled.
[    0.000000] NR_IRQS:4352 nr_irqs:256 16
[    0.000000] Console: colour VGA+ 80x25
[    0.000000] console [tty0] enabled
[    0.000000] console [ttyS0] enabled
[    0.000000] allocated 1048576 bytes of page_cgroup
[    0.000000] please try 'cgroup_disable=memory' option if you don't want memory cgroups
[    0.000000] Fast TSC calibration failed
[    0.000000] TSC: Unable to calibrate against PIT
[    0.000000] TSC: using HPET reference calibration
[    0.000000] Detected 2290.604 MHz processor.
[    0.033292] Calibrating delay loop (skipped), value calculated using timer frequency.. 4581.20 BogoMIPS (lpj=9162416)
[    0.036245] pid_max: default: 32768 minimum: 301
[    0.044467] Security Framework initialized
[    0.048828] AppArmor: AppArmor initialized
[    0.049468] Yama: becoming mindful.
[    0.056407] Dentry cache hash table entries: 8192 (order: 4, 65536 bytes)
[    0.057797] Inode-cache hash table entries: 4096 (order: 3, 32768 bytes)
[    0.059253] Mount-cache hash table entries: 256
[    0.073740] Initializing cgroup subsys cpuacct
[    0.074695] Initializing cgroup subsys memory
[    0.076576] Initializing cgroup subsys devices
[    0.077302] Initializing cgroup subsys freezer
[    0.077935] Initializing cgroup subsys blkio
[    0.078680] Initializing cgroup subsys perf_event
[    0.083256] mce: CPU supports 10 MCE banks
[    0.086377] SMP alternatives: switching to UP code
[    0.443316] Freeing SMP alternatives: 24k freed
[    0.444755] ACPI: Core revision 20110623
[    0.501216] ftrace: allocating 26610 entries in 105 pages
[    0.541457] ..TIMER: vector=0x30 apic1=0 pin1=2 apic2=-1 pin2=-1
[    0.542975] CPU0: AMD QEMU Virtual CPU version 2.0.0 stepping 03
[    0.548033] Performance Events: Broken PMU hardware detected, using software events only.
[    0.556367] NMI watchdog disabled (cpu0): hardware events not enabled
[    0.557902] Brought up 1 CPUs
[    0.558463] Total of 1 processors activated (4581.20 BogoMIPS).
[    0.586063] devtmpfs: initialized
[    0.623440] EVM: security.selinux
[    0.624081] EVM: security.SMACK64
[    0.624524] EVM: security.capability
[    0.644964] print_constraints: dummy: 
[    0.646683] RTC time: 20:24:51, date: 02/24/16
[    0.649607] NET: Registered protocol family 16
[    0.658172] ACPI: bus type pci registered
[    0.661926] PCI: Using configuration type 1 for base access
[    0.694728] bio: create slab &lt;bio-0&gt; at 0
[    0.700875] ACPI: Added _OSI(Module Device)
[    0.701507] ACPI: Added _OSI(Processor Device)
[    0.702108] ACPI: Added _OSI(3.0 _SCP Extensions)
[    0.702703] ACPI: Added _OSI(Processor Aggregator Device)
[    0.784092] ACPI: Interpreter enabled
[    0.784858] ACPI: (supports S0 S3 S4 S5)
[    0.786587] ACPI: Using IOAPIC for interrupt routing
[    0.862762] ACPI: No dock devices found.
[    0.863406] HEST: Table not found.
[    0.864260] PCI: Using host bridge windows from ACPI; if necessary, use "pci=nocrs" and report a bug
[    0.870556] ACPI: PCI Root Bridge [PCI0] (domain 0000 [bus 00-ff])
[    0.877442] pci_root PNP0A03:00: host bridge window [io  0x0000-0x0cf7]
[    0.878325] pci_root PNP0A03:00: host bridge window [io  0x0d00-0xadff]
[    0.879123] pci_root PNP0A03:00: host bridge window [io  0xae0f-0xaeff]
[    0.880111] pci_root PNP0A03:00: host bridge window [io  0xaf20-0xafdf]
[    0.880925] pci_root PNP0A03:00: host bridge window [io  0xafe4-0xffff]
[    0.881856] pci_root PNP0A03:00: host bridge window [mem 0x000a0000-0x000bffff]
[    0.882865] pci_root PNP0A03:00: host bridge window [mem 0x04000000-0xfebfffff]
[    0.905319] pci 0000:00:01.3: quirk: [io  0xb000-0xb03f] claimed by PIIX4 ACPI
[    0.906282] pci 0000:00:01.3: quirk: [io  0xb100-0xb10f] claimed by PIIX4 SMB
[    0.969093]  pci0000:00: Unable to request _OSC control (_OSC support mask: 0x1e)
[    1.037796] ACPI: PCI Interrupt Link [LNKA] (IRQs 5 *10 11)
[    1.040874] ACPI: PCI Interrupt Link [LNKB] (IRQs 5 *10 11)
[    1.042893] ACPI: PCI Interrupt Link [LNKC] (IRQs 5 10 *11)
[    1.045080] ACPI: PCI Interrupt Link [LNKD] (IRQs 5 10 *11)
[    1.046399] ACPI: PCI Interrupt Link [LNKS] (IRQs *9)
[    1.052734] vgaarb: device added: PCI:0000:00:02.0,decodes=io+mem,owns=io+mem,locks=none
[    1.053715] vgaarb: loaded
[    1.054077] vgaarb: bridge control possible 0000:00:02.0
[    1.058027] i2c-core: driver [aat2870] using legacy suspend method
[    1.058739] i2c-core: driver [aat2870] using legacy resume method
[    1.061708] SCSI subsystem initialized
[    1.065201] usbcore: registered new interface driver usbfs
[    1.066490] usbcore: registered new interface driver hub
[    1.068273] usbcore: registered new device driver usb
[    1.071529] PCI: Using ACPI for IRQ routing
[    1.082423] NetLabel: Initializing
[    1.082866] NetLabel:  domain hash size = 128
[    1.083439] NetLabel:  protocols = UNLABELED CIPSOv4
[    1.085346] NetLabel:  unlabeled traffic allowed by default
[    1.088672] HPET: 3 timers in total, 0 timers will be used for per-cpu timer
[    1.089713] hpet0: at MMIO 0xfed00000, IRQs 2, 8, 0
[    1.090510] hpet0: 3 comparators, 64-bit 100.000000 MHz counter
[    1.106062] Switching to clocksource hpet
[    1.342985] AppArmor: AppArmor Filesystem Enabled
[    1.345275] pnp: PnP ACPI init
[    1.346115] ACPI: bus type pnp registered
[    1.365915] pnp: PnP ACPI: found 9 devices
[    1.367001] ACPI: ACPI bus type pnp unregistered
[    1.439217] NET: Registered protocol family 2
[    1.476004] IP route cache hash table entries: 512 (order: 0, 4096 bytes)
[    1.485148] TCP established hash table entries: 2048 (order: 3, 32768 bytes)
[    1.489989] TCP bind hash table entries: 2048 (order: 3, 32768 bytes)
[    1.491507] TCP: Hash tables configured (established 2048 bind 2048)
[    1.494317] TCP reno registered
[    1.495607] UDP hash table entries: 128 (order: 0, 4096 bytes)
[    1.497236] UDP-Lite hash table entries: 128 (order: 0, 4096 bytes)
[    1.499725] NET: Registered protocol family 1
[    1.501232] pci 0000:00:00.0: Limiting direct PCI/PCI transfers
[    1.502034] pci 0000:00:01.0: PIIX3: Enabling Passive Release
[    1.502935] pci 0000:00:01.0: Activating ISA DMA hang workarounds
[    1.511424] ACPI: PCI Interrupt Link [LNKD] enabled at IRQ 11
[    1.514351] pci 0000:00:01.2: PCI INT D -&gt; Link[LNKD] -&gt; GSI 11 (level, high) -&gt; IRQ 11
[    1.518924] pci 0000:00:01.2: PCI INT D disabled
[    1.537280] Trying to unpack rootfs image as initramfs...
[    1.553838] audit: initializing netlink socket (disabled)
[    1.554753] type=2000 audit(1456345491.552:1): initialized
[    1.794303] HugeTLB registered 2 MB page size, pre-allocated 0 pages
[    1.863517] VFS: Disk quotas dquot_6.5.2
[    1.865608] Dquot-cache hash table entries: 512 (order 0, 4096 bytes)
[    1.887290] fuse init (API version 7.17)
[    1.890792] msgmni has been set to 84
[    1.934441] Block layer SCSI generic (bsg) driver version 0.4 loaded (major 253)
[    1.938502] io scheduler noop registered
[    1.939086] io scheduler deadline registered (default)
[    1.941171] io scheduler cfq registered
[    1.944745] pci_hotplug: PCI Hot Plug PCI Core version: 0.5
[    1.946630] pciehp: PCI Express Hot Plug Controller Driver version: 0.4
[    1.953811] input: Power Button as /devices/LNXSYSTM:00/LNXPWRBN:00/input/input0
[    1.955103] ACPI: Power Button [PWRF]
[    2.012666] ERST: Table is not found!
[    2.013206] GHES: HEST is not enabled!
[    2.030259] ACPI: PCI Interrupt Link [LNKC] enabled at IRQ 10
[    2.031796] virtio-pci 0000:00:03.0: PCI INT A -&gt; Link[LNKC] -&gt; GSI 10 (level, high) -&gt; IRQ 10
[    2.038314] virtio-pci 0000:00:04.0: PCI INT A -&gt; Link[LNKD] -&gt; GSI 11 (level, high) -&gt; IRQ 11
[    2.294107] ACPI: PCI Interrupt Link [LNKA] enabled at IRQ 10
[    2.294892] virtio-pci 0000:00:05.0: PCI INT A -&gt; Link[LNKA] -&gt; GSI 10 (level, high) -&gt; IRQ 10
[    2.302263] Serial: 8250/16550 driver, 32 ports, IRQ sharing enabled
[    2.338252] serial8250: ttyS0 at I/O 0x3f8 (irq = 4) is a 16550A
[    2.390418] serial8250: ttyS1 at I/O 0x2f8 (irq = 3) is a 16550A
[    2.481400] 00:05: ttyS0 at I/O 0x3f8 (irq = 4) is a 16550A
[    2.518690] 00:06: ttyS1 at I/O 0x2f8 (irq = 3) is a 16550A
[    2.525645] Linux agpgart interface v0.103
[    2.534010] Refined TSC clocksource calibration: 2293.468 MHz.
[    2.534820] Switching to clocksource tsc
[    2.559229] brd: module loaded
[    2.591509] loop: module loaded
[    2.652112]  vda: unknown partition table
[    2.711103] scsi0 : ata_piix
[    2.713786] scsi1 : ata_piix
[    2.714977] ata1: PATA max MWDMA2 cmd 0x1f0 ctl 0x3f6 bmdma 0xc0a0 irq 14
[    2.715881] ata2: PATA max MWDMA2 cmd 0x170 ctl 0x376 bmdma 0xc0a8 irq 15
[    2.727522] Fixed MDIO Bus: probed
[    2.729242] tun: Universal TUN/TAP device driver, 1.6
[    2.729903] tun: (C) 1999-2004 Max Krasnyansky &lt;maxk@qualcomm.com&gt;
[    2.753795] PPP generic driver version 2.4.2
[    2.786122] ehci_hcd: USB 2.0 'Enhanced' Host Controller (EHCI) Driver
[    2.787267] ohci_hcd: USB 1.1 'Open' Host Controller (OHCI) Driver
[    2.788099] uhci_hcd: USB Universal Host Controller Interface driver
[    2.790357] uhci_hcd 0000:00:01.2: PCI INT D -&gt; Link[LNKD] -&gt; GSI 11 (level, high) -&gt; IRQ 11
[    2.793924] uhci_hcd 0000:00:01.2: UHCI Host Controller
[    2.807647] Freeing initrd memory: 3656k freed
[    2.817855] uhci_hcd 0000:00:01.2: new USB bus registered, assigned bus number 1
[    2.820107] uhci_hcd 0000:00:01.2: irq 11, io base 0x0000c040
[    2.836109] hub 1-0:1.0: USB hub found
[    2.838620] hub 1-0:1.0: 2 ports detected
[    2.847259] usbcore: registered new interface driver libusual
[    2.850213] i8042: PNP: PS/2 Controller [PNP0303:KBD,PNP0f13:MOU] at 0x60,0x64 irq 1,12
[    2.859495] serio: i8042 KBD port at 0x60,0x64 irq 1
[    2.861824] serio: i8042 AUX port at 0x60,0x64 irq 12
[    2.868831] mousedev: PS/2 mouse device common for all mice
[    2.883334] input: AT Translated Set 2 keyboard as /devices/platform/i8042/serio0/input/input1
[    2.891034] rtc_cmos 00:01: RTC can wake from S4
[    2.898734] rtc_cmos 00:01: rtc core: registered rtc_cmos as rtc0
[    2.904545] rtc0: alarms up to one day, 114 bytes nvram, hpet irqs
[    2.907779] device-mapper: uevent: version 1.0.3
[    2.919979] device-mapper: ioctl: 4.22.0-ioctl (2011-10-19) initialised: dm-devel@redhat.com
[    2.925263] cpuidle: using governor ladder
[    2.926622] cpuidle: using governor menu
[    2.927458] EFI Variables Facility v0.08 2004-May-17
[    2.938516] TCP cubic registered
[    2.943043] NET: Registered protocol family 10
[    2.995438] NET: Registered protocol family 17
[    2.997941] Registering the dns_resolver key type
[    3.021981] registered taskstats version 1
[    3.027383] ata2.01: ATAPI: QEMU DVD-ROM, 2.0.0, max UDMA/100
[    3.057824] ata2.01: configured for MWDMA2
[    3.088831] scsi 1:0:1:0: CD-ROM            QEMU     QEMU DVD-ROM     2.0. PQ: 0 ANSI: 5
[    3.246497] sr0: scsi3-mmc drive: 4x/4x cd/rw xa/form2 tray
[    3.249093] cdrom: Uniform CD-ROM driver Revision: 3.20
[    3.320901] sr 1:0:1:0: Attached scsi generic sg0 type 5
[    3.760026]   Magic number: 4:276:448
[    3.766729] rtc_cmos 00:01: setting system clock to 2016-02-24 20:24:54 UTC (1456345494)
[    3.768916] powernow-k8: Processor cpuid 663 not supported
[    3.774378] BIOS EDD facility v0.16 2004-Jun-25, 0 devices found
[    3.775800] EDD information not available.
[    3.848812] Freeing unused kernel memory: 928k freed
[    3.854120] Write protecting the kernel read-only data: 12288k
[    3.937586] Freeing unused kernel memory: 1596k freed
[    4.001762] Freeing unused kernel memory: 1184k freed

info: initramfs: up at 4.19
modprobe: module virtio_blk not found in modules.dep
modprobe: module virtio_net not found in modules.dep
info: copying initramfs to /dev/vda
info: initramfs loading root from /dev/vda
info: /etc/init.d/rc.sysinit: up at 8.90
info: container: none
Starting logging: OK
modprobe: module virtio_blk not found in modules.dep
modprobe: module virtio_net not found in modules.dep
WARN: /etc/rc3.d/S10-load-modules failed
Initializing random number generator... done.
Starting acpid: OK
cirros-ds 'local' up at 11.53
found datasource (configdrive, local)
Starting network...
udhcpc (v1.20.1) started
Sending discover...
Sending discover...

2016-02-24 20:26:54,635 650 INFO     [tempest_lib.common.rest_client] Request (TestNetworkAdvancedServerOps:_run_cleanups): 204 DELETE http://10.4.1.3:9696/v2.0/floatingips/5238f5b7-6eb4-4647-8c3f-9cfa6377dc67 0.458s
2016-02-24 20:26:54,635 650 DEBUG    [tempest_lib.common.rest_client] Request - Headers: {'Content-Type': 'application/json', 'Accept': 'application/json', 'X-Auth-Token': '&lt;omitted&gt;'}
        Body: None
    Response - Headers: {'date': 'Wed, 24 Feb 2016 20:26:54 GMT', 'status': '204', 'connection': 'close', 'content-length': '0', 'x-openstack-request-id': 'req-9c621527-d132-4d33-945a-abe75eb979f1'}
        Body: 
2016-02-24 20:26:55,188 650 INFO     [tempest_lib.common.rest_client] Request (TestNetworkAdvancedServerOps:_run_cleanups): 204 DELETE http://10.4.1.3:8774/v2.1/c51512788c29437db6b32e9248510da2/servers/4a49270e-c17b-4445-9526-c252af22f1a7 0.551s
2016-02-24 20:26:55,188 650 DEBUG    [tempest_lib.common.rest_client] Request - Headers: {'Content-Type': 'application/json', 'Accept': 'application/json', 'X-Auth-Token': '&lt;omitted&gt;'}
        Body: None
    Response - Headers: {'status': '204', 'content-length': '0', 'x-compute-request-id': 'req-c2639a0e-98ca-41cd-ad96-1f0b3ccce878', 'vary': 'X-OpenStack-Nova-API-Version', 'connection': 'close', 'x-openstack-nova-api-version': '2.1', 'date': 'Wed, 24 Feb 2016 20:26:55 GMT', 'content-type': 'application/json'}
        Body: 
2016-02-24 20:26:55,904 650 INFO     [tempest_lib.common.rest_client] Request (TestNetworkAdvancedServerOps:_run_cleanups): 200 GET http://10.4.1.3:8774/v2.1/c51512788c29437db6b32e9248510da2/servers/4a49270e-c17b-4445-9526-c252af22f1a7 0.714s
2016-02-24 20:26:55,904 650 DEBUG    [tempest_lib.common.rest_client] Request - Headers: {'Content-Type': 'application/json', 'Accept': 'application/json', 'X-Auth-Token': '&lt;omitted&gt;'}
        Body: None
    Response - Headers: {'status': '200', 'content-length': '1770', 'content-location': 'http://10.4.1.3:8774/v2.1/c51512788c29437db6b32e9248510da2/servers/4a49270e-c17b-4445-9526-c252af22f1a7', 'x-compute-request-id': 'req-5154055e-e2f5-4e30-8313-f6fcf290bbcd', 'vary': 'X-OpenStack-Nova-API-Version', 'connection': 'close', 'x-openstack-nova-api-version': '2.1', 'date': 'Wed, 24 Feb 2016 20:26:55 GMT', 'content-type': 'application/json'}
        Body: {"server": {"status": "ACTIVE", "updated": "2016-02-24T20:26:55Z", "hostId": "50af0c0d23a83e0428166d63005173a462a6c94f4ac1f964d71d3a11", "addresses": {"tempest-network-smoke--1023414183": [{"OS-EXT-IPS-MAC:mac_addr": "fa:16:3e:97:90:e6", "version": 4, "addr": "10.100.0.3", "OS-EXT-IPS:type": "fixed"}, {"OS-EXT-IPS-MAC:mac_addr": "fa:16:3e:97:90:e6", "version": 4, "addr": "172.24.4.4", "OS-EXT-IPS:type": "floating"}]}, "links": [{"href": "http://10.4.1.3:8774/v2.1/c51512788c29437db6b32e9248510da2/servers/4a49270e-c17b-4445-9526-c252af22f1a7", "rel": "self"}, {"href": "http://10.4.1.3:8774/c51512788c29437db6b32e9248510da2/servers/4a49270e-c17b-4445-9526-c252af22f1a7", "rel": "bookmark"}], "key_name": "tempest-TestNetworkAdvancedServerOps-623208670", "image": {"id": "0ad50ad8-141a-4c38-b105-e00b13f54ca3", "links": [{"href": "http://10.4.1.3:8774/c51512788c29437db6b32e9248510da2/images/0ad50ad8-141a-4c38-b105-e00b13f54ca3", "rel": "bookmark"}]}, "OS-EXT-STS:task_state": "deleting", "OS-EXT-STS:vm_state": "active", "OS-SRV-USG:launched_at": "2016-02-24T20:24:47.000000", "flavor": {"id": "42", "links": [{"href": "http://10.4.1.3:8774/c51512788c29437db6b32e9248510da2/flavors/42", "rel": "bookmark"}]}, "id": "4a49270e-c17b-4445-9526-c252af22f1a7", "security_groups": [{"name": "tempest-secgroup-smoke-1071116867"}], "OS-SRV-USG:terminated_at": null, "OS-EXT-AZ:availability_zone": "nova", "user_id": "0f13991a9307478daa1cc2c57655c1f4", "name": "tempest-server-smoke-2083213090", "created": "2016-02-24T20:24:42Z", "tenant_id": "c51512788c29437db6b32e9248510da2", "OS-DCF:diskConfig": "MANUAL", "os-extended-volumes:volumes_attached": [], "accessIPv4": "", "accessIPv6": "", "progress": 0, "OS-EXT-STS:power_state": 1, "config_drive": "True", "metadata": {}}}
2016-02-24 20:26:57,433 650 INFO     [tempest_lib.common.rest_client] Request (TestNetworkAdvancedServerOps:_run_cleanups): 200 GET http://10.4.1.3:8774/v2.1/c51512788c29437db6b32e9248510da2/servers/4a49270e-c17b-4445-9526-c252af22f1a7 0.518s
2016-02-24 20:26:57,434 650 DEBUG    [tempest_lib.common.rest_client] Request - Headers: {'Content-Type': 'application/json', 'Accept': 'application/json', 'X-Auth-Token': '&lt;omitted&gt;'}
        Body: None
    Response - Headers: {'status': '200', 'content-length': '1439', 'content-location': 'http://10.4.1.3:8774/v2.1/c51512788c29437db6b32e9248510da2/servers/4a49270e-c17b-4445-9526-c252af22f1a7', 'x-compute-request-id': 'req-0cc59e2d-1d13-4880-90f9-168926ffb338', 'vary': 'X-OpenStack-Nova-API-Version', 'connection': 'close', 'x-openstack-nova-api-version': '2.1', 'date': 'Wed, 24 Feb 2016 20:26:57 GMT', 'content-type': 'application/json'}
        Body: {"server": {"status": "DELETED", "updated": "2016-02-24T20:26:57Z", "hostId": "50af0c0d23a83e0428166d63005173a462a6c94f4ac1f964d71d3a11", "addresses": {}, "links": [{"href": "http://10.4.1.3:8774/v2.1/c51512788c29437db6b32e9248510da2/servers/4a49270e-c17b-4445-9526-c252af22f1a7", "rel": "self"}, {"href": "http://10.4.1.3:8774/c51512788c29437db6b32e9248510da2/servers/4a49270e-c17b-4445-9526-c252af22f1a7", "rel": "bookmark"}], "key_name": "tempest-TestNetworkAdvancedServerOps-623208670", "image": {"id": "0ad50ad8-141a-4c38-b105-e00b13f54ca3", "links": [{"href": "http://10.4.1.3:8774/c51512788c29437db6b32e9248510da2/images/0ad50ad8-141a-4c38-b105-e00b13f54ca3", "rel": "bookmark"}]}, "OS-EXT-STS:task_state": null, "OS-EXT-STS:vm_state": "deleted", "OS-SRV-USG:launched_at": "2016-02-24T20:24:47.000000", "flavor": {"id": "42", "links": [{"href": "http://10.4.1.3:8774/c51512788c29437db6b32e9248510da2/flavors/42", "rel": "bookmark"}]}, "id": "4a49270e-c17b-4445-9526-c252af22f1a7", "OS-SRV-USG:terminated_at": "2016-02-24T20:26:56.000000", "OS-EXT-AZ:availability_zone": "nova", "user_id": "0f13991a9307478daa1cc2c57655c1f4", "name": "tempest-server-smoke-2083213090", "created": "2016-02-24T20:24:42Z", "tenant_id": "c51512788c29437db6b32e9248510da2", "OS-DCF:diskConfig": "MANUAL", "os-extended-volumes:volumes_attached": [], "accessIPv4": "", "accessIPv6": "", "OS-EXT-STS:power_state": 0, "config_drive": "True", "metadata": {}}}
2016-02-24 20:26:58,751 650 INFO     [tempest_lib.common.rest_client] Request (TestNetworkAdvancedServerOps:_run_cleanups): 404 GET http://10.4.1.3:8774/v2.1/c51512788c29437db6b32e9248510da2/servers/4a49270e-c17b-4445-9526-c252af22f1a7 0.303s
2016-02-24 20:26:58,752 650 DEBUG    [tempest_lib.common.rest_client] Request - Headers: {'Content-Type': 'application/json', 'Accept': 'application/json', 'X-Auth-Token': '&lt;omitted&gt;'}
        Body: None
    Response - Headers: {'status': '404', 'content-length': '111', 'x-compute-request-id': 'req-0a58405d-164e-4f6e-9fb0-70048bde6aa0', 'vary': 'X-OpenStack-Nova-API-Version', 'connection': 'close', 'x-openstack-nova-api-version': '2.1', 'date': 'Wed, 24 Feb 2016 20:26:58 GMT', 'content-type': 'application/json; charset=UTF-8'}
        Body: {"itemNotFound": {"message": "Instance 4a49270e-c17b-4445-9526-c252af22f1a7 could not be found.", "code": 404}}
2016-02-24 20:26:59,426 650 INFO     [tempest_lib.common.rest_client] Request (TestNetworkAdvancedServerOps:_run_cleanups): 500 PUT http://10.4.1.3:9696/v2.0/routers/9e90e29d-5702-428d-96b4-509632d68eb3/remove_router_interface 0.672s
2016-02-24 20:26:59,427 650 DEBUG    [tempest_lib.common.rest_client] Request - Headers: {'Content-Type': 'application/json', 'Accept': 'application/json', 'X-Auth-Token': '&lt;omitted&gt;'}
        Body: {"subnet_id": "2f146480-a4b0-440c-8a05-dc9639b148d1"}
    Response - Headers: {'status': '500', 'content-length': '150', 'connection': 'close', 'date': 'Wed, 24 Feb 2016 20:26:59 GMT', 'content-type': 'application/json; charset=UTF-8', 'x-openstack-request-id': 'req-a81e4d63-a49f-4cb1-a695-2efd11aded2d'}
        Body: {"NeutronError": {"message": "Request Failed: internal server error while processing your request.", "type": "HTTPInternalServerError", "detail": ""}}
2016-02-24 20:26:59,749 650 INFO     [tempest_lib.common.rest_client] Request (TestNetworkAdvancedServerOps:_run_cleanups): 200 GET http://10.4.1.3:9696/v2.0/routers/9e90e29d-5702-428d-96b4-509632d68eb3 0.319s
2016-02-24 20:26:59,750 650 DEBUG    [tempest_lib.common.rest_client] Request - Headers: {'Content-Type': 'application/json', 'Accept': 'application/json', 'X-Auth-Token': '&lt;omitted&gt;'}
        Body: None
    Response - Headers: {'status': '200', 'content-length': '501', 'content-location': 'http://10.4.1.3:9696/v2.0/routers/9e90e29d-5702-428d-96b4-509632d68eb3', 'connection': 'close', 'date': 'Wed, 24 Feb 2016 20:26:59 GMT', 'content-type': 'application/json; charset=UTF-8', 'x-openstack-request-id': 'req-cd97b03a-4bf4-4ef9-bef6-745fcaa189c1'}
        Body: {"router": {"status": "ACTIVE", "external_gateway_info": {"network_id": "5bbd6abe-deff-4c94-94cb-8d28f3a1d0fe", "enable_snat": true, "external_fixed_ips": [{"subnet_id": "a660e20d-cc5b-40af-883d-0a5550795bd5", "ip_address": "172.24.4.3"}, {"subnet_id": "cd5c107f-da4d-47b9-8c5c-ede6f5dfe13c", "ip_address": "2001:db8::4"}]}, "name": "tempest-router-smoke-1023303839", "admin_state_up": true, "tenant_id": "c51512788c29437db6b32e9248510da2", "routes": [], "id": "9e90e29d-5702-428d-96b4-509632d68eb3"}}
2016-02-24 20:27:00,326 650 INFO     [tempest_lib.common.rest_client] Request (TestNetworkAdvancedServerOps:_run_cleanups): 200 PUT http://10.4.1.3:9696/v2.0/routers/9e90e29d-5702-428d-96b4-509632d68eb3 0.574s
2016-02-24 20:27:00,326 650 DEBUG    [tempest_lib.common.rest_client] Request - Headers: {'Content-Type': 'application/json', 'Accept': 'application/json', 'X-Auth-Token': '&lt;omitted&gt;'}
        Body: {"router": {"external_gateway_info": {}, "name": "tempest-router-smoke-1023303839", "admin_state_up": true}}
    Response - Headers: {'status': '200', 'content-length': '239', 'connection': 'close', 'date': 'Wed, 24 Feb 2016 20:27:00 GMT', 'content-type': 'application/json; charset=UTF-8', 'x-openstack-request-id': 'req-eb8d0f1f-e4e6-4524-96bf-e15891354e12'}
        Body: {"router": {"status": "ACTIVE", "external_gateway_info": null, "name": "tempest-router-smoke-1023303839", "admin_state_up": true, "tenant_id": "c51512788c29437db6b32e9248510da2", "routes": [], "id": "9e90e29d-5702-428d-96b4-509632d68eb3"}}
2016-02-24 20:27:00,783 650 INFO     [tempest_lib.common.rest_client] Request (TestNetworkAdvancedServerOps:_run_cleanups): 500 DELETE http://10.4.1.3:9696/v2.0/routers/9e90e29d-5702-428d-96b4-509632d68eb3 0.456s
2016-02-24 20:27:00,783 650 DEBUG    [tempest_lib.common.rest_client] Request - Headers: {'Content-Type': 'application/json', 'Accept': 'application/json', 'X-Auth-Token': '&lt;omitted&gt;'}
        Body: None
    Response - Headers: {'status': '500', 'content-length': '150', 'connection': 'close', 'date': 'Wed, 24 Feb 2016 20:27:00 GMT', 'content-type': 'application/json; charset=UTF-8', 'x-openstack-request-id': 'req-2bb205cc-338e-494c-829b-ece7f1afa52f'}
        Body: {"NeutronError": {"message": "Request Failed: internal server error while processing your request.", "type": "HTTPInternalServerError", "detail": ""}}
2016-02-24 20:27:01,470 650 INFO     [tempest_lib.common.rest_client] Request (TestNetworkAdvancedServerOps:_run_cleanups): 204 DELETE http://10.4.1.3:9696/v2.0/networks/e1de0e00-2683-4e6e-942c-c533c3020b98 0.685s
2016-02-24 20:27:01,471 650 DEBUG    [tempest_lib.common.rest_client] Request - Headers: {'Content-Type': 'application/json', 'Accept': 'application/json', 'X-Auth-Token': '&lt;omitted&gt;'}
        Body: None
    Response - Headers: {'date': 'Wed, 24 Feb 2016 20:27:01 GMT', 'status': '204', 'connection': 'close', 'content-length': '0', 'x-openstack-request-id': 'req-6b4c619b-176a-4f29-a247-c477ac8700e0'}
        Body: 
2016-02-24 20:27:01,792 650 INFO     [tempest_lib.common.rest_client] Request (TestNetworkAdvancedServerOps:_run_cleanups): 204 DELETE http://10.4.1.3:9696/v2.0/security-groups/dd38e76f-1c2f-4a8b-8934-702167c397ec 0.320s
2016-02-24 20:27:01,793 650 DEBUG    [tempest_lib.common.rest_client] Request - Headers: {'Content-Type': 'application/json', 'Accept': 'application/json', 'X-Auth-Token': '&lt;omitted&gt;'}
        Body: None
    Response - Headers: {'date': 'Wed, 24 Feb 2016 20:27:01 GMT', 'status': '204', 'connection': 'close', 'content-length': '0', 'x-openstack-request-id': 'req-09f911e2-f667-4208-87d0-86ea986ba92e'}
        Body: 
2016-02-24 20:27:02,027 650 INFO     [tempest_lib.common.rest_client] Request (TestNetworkAdvancedServerOps:_run_cleanups): 202 DELETE http://10.4.1.3:8774/v2.1/c51512788c29437db6b32e9248510da2/os-keypairs/tempest-TestNetworkAdvancedServerOps-623208670 0.232s
2016-02-24 20:27:02,028 650 DEBUG    [tempest_lib.common.rest_client] Request - Headers: {'Content-Type': 'application/json', 'Accept': 'application/json', 'X-Auth-Token': '&lt;omitted&gt;'}
        Body: None
    Response - Headers: {'status': '202', 'content-length': '0', 'x-compute-request-id': 'req-6e8e56a2-106f-47a4-a44e-052ef7125506', 'vary': 'X-OpenStack-Nova-API-Version', 'connection': 'close', 'x-openstack-nova-api-version': '2.1', 'date': 'Wed, 24 Feb 2016 20:27:02 GMT', 'content-type': 'application/json'}
        Body: 
2016-02-24 20:27:02,320 650 INFO     [tempest_lib.common.rest_client] Request (TestNetworkAdvancedServerOps:_run_cleanups): 404 GET http://10.4.1.3:8774/v2.1/c51512788c29437db6b32e9248510da2/servers/4a49270e-c17b-4445-9526-c252af22f1a7 0.291s
2016-02-24 20:27:02,322 650 DEBUG    [tempest_lib.common.rest_client] Request - Headers: {'Content-Type': 'application/json', 'Accept': 'application/json', 'X-Auth-Token': '&lt;omitted&gt;'}
        Body: None
    Response - Headers: {'status': '404', 'content-length': '111', 'x-compute-request-id': 'req-364094e5-ec4b-4d80-852a-f935d5eeb17e', 'vary': 'X-OpenStack-Nova-API-Version', 'connection': 'close', 'x-openstack-nova-api-version': '2.1', 'date': 'Wed, 24 Feb 2016 20:27:02 GMT', 'content-type': 'application/json; charset=UTF-8'}
        Body: {"itemNotFound": {"message": "Instance 4a49270e-c17b-4445-9526-c252af22f1a7 could not be found.", "code": 404}}
}}}

traceback-1: {{{
Traceback (most recent call last):
  File "tempest/scenario/manager.py", line 108, in delete_wrapper
    delete_thing(*args, **kwargs)
  File "tempest/services/network/resources.py", line 98, in delete
    subnet_id=self.id)
  File "tempest/services/network/json/network_client.py", line 199, in remove_router_interface
    return self.update_resource(uri, kwargs)
  File "tempest/services/network/json/base.py", line 68, in update_resource
    resp, body = self.put(req_uri, req_post_data)
  File "/usr/local/lib/python2.7/dist-packages/tempest_lib/common/rest_client.py", line 322, in put
    return self.request('PUT', url, extra_headers, headers, body)
  File "/usr/local/lib/python2.7/dist-packages/tempest_lib/common/rest_client.py", line 642, in request
    resp, resp_body)
  File "/usr/local/lib/python2.7/dist-packages/tempest_lib/common/rest_client.py", line 761, in _error_checker
    message=message)
tempest_lib.exceptions.ServerFault: Got server fault
Details: Request Failed: internal server error while processing your request.
}}}

traceback-2: {{{
Traceback (most recent call last):
  File "tempest/scenario/manager.py", line 108, in delete_wrapper
    delete_thing(*args, **kwargs)
  File "tempest/services/network/resources.py", line 119, in delete
    self.client.delete_router(self.id)
  File "tempest/services/network/json/network_client.py", line 169, in delete_router
    return self.delete_resource(uri)
  File "tempest/services/network/json/base.py", line 41, in delete_resource
    resp, body = self.delete(req_uri)
  File "/usr/local/lib/python2.7/dist-packages/tempest_lib/common/rest_client.py", line 290, in delete
    return self.request('DELETE', url, extra_headers, headers, body)
  File "/usr/local/lib/python2.7/dist-packages/tempest_lib/common/rest_client.py", line 642, in request
    resp, resp_body)
  File "/usr/local/lib/python2.7/dist-packages/tempest_lib/common/rest_client.py", line 761, in _error_checker
    message=message)
tempest_lib.exceptions.ServerFault: Got server fault
Details: Request Failed: internal server error while processing your request.
}}}

Traceback (most recent call last):
  File "tempest/test.py", line 113, in wrapper
    return f(self, *func_args, **func_kwargs)
  File "tempest/scenario/test_network_advanced_server_ops.py", line 132, in test_server_connectivity_pause_unpause
    server, keypair, floating_ip = self._setup_network_and_servers()
  File "tempest/scenario/test_network_advanced_server_ops.py", line 69, in _setup_network_and_servers
    server, keypair, floating_ip)
  File "tempest/scenario/test_network_advanced_server_ops.py", line 93, in _wait_server_status_and_check_network_connectivity
    self._check_network_connectivity(server, keypair, floating_ip)
  File "tempest/scenario/test_network_advanced_server_ops.py", line 86, in _check_network_connectivity
    servers=[server])
  File "tempest/scenario/manager.py", line 598, in check_public_network_connectivity
    should_connect=should_connect)
  File "tempest/scenario/manager.py", line 582, in check_vm_connectivity
    msg=msg)
  File "/usr/local/lib/python2.7/dist-packages/unittest2/case.py", line 702, in assertTrue
    raise self.failureException(msg)
AssertionError: False is not true : Timed out waiting for 172.24.4.4 to become reachable



        </pre>
    </div>
    <!--css div popup end-->

    </td>
</tr>

<tr id='ft1.2' class='none'>
    <td class='failCase'><div class='testcase'>test_server_connectivity_reboot[compute,id-7b6860c2-afa3-4846-9522-adeb38dfbe08,network]</div></td>
    <td colspan='7' align='left'>

    <!--css div popup start-->
    <a class="popup_link" onfocus='this.blur();'
    href="javascript:showTestDetail('div_ft1.2')" >
        fail</a>

    <div id='div_ft1.2' class="popup_window">
        <div style='text-align: right; color:red;cursor:pointer'>
        <a onfocus='this.blur();'
onclick="document.getElementById('div_ft1.2').style.display = 'none' " >
           [x]</a>
        </div>
        <pre>
        
ft1.2: tempest.scenario.test_network_advanced_server_ops.TestNetworkAdvancedServerOps.test_server_connectivity_reboot[compute,id-7b6860c2-afa3-4846-9522-adeb38dfbe08,network]_StringException: Empty attachments:
  stderr
  stdout

pythonlogging:'': {{{
2016-02-24 20:27:02,956 650 INFO     [tempest_lib.common.rest_client] Request (TestNetworkAdvancedServerOps:test_server_connectivity_reboot): 200 POST http://10.4.1.3:8774/v2.1/c51512788c29437db6b32e9248510da2/os-keypairs 0.602s
2016-02-24 20:27:02,957 650 DEBUG    [tempest_lib.common.rest_client] Request - Headers: {'Content-Type': 'application/json', 'Accept': 'application/json', 'X-Auth-Token': '&lt;omitted&gt;'}
        Body: {"keypair": {"name": "tempest-TestNetworkAdvancedServerOps-445797684"}}
    Response - Headers: {'status': '200', 'content-length': '2329', 'x-compute-request-id': 'req-65d724fc-3b58-4d56-9683-0693a78f757c', 'vary': 'X-OpenStack-Nova-API-Version', 'connection': 'close', 'x-openstack-nova-api-version': '2.1', 'date': 'Wed, 24 Feb 2016 20:27:02 GMT', 'content-type': 'application/json'}
